select m.name, m.rate, s.name, s.rate, m.rate + s.rate total from menucard m, softdrink s;


select m.name, m.rate, s.name, s.rate, m.rate + s.rate total from menucard m cross join softdrink s;



select 1 from emp,dept where ename='smith'; 1
select 1 from dept;

select ename, dname from emp, dept where  emp.dpetno= dept.deptno;


mysql> select ename, job from emp where ename ='supriya';
+---------+---------+
| ename   | job     |
+---------+---------+
| SUPRIYA | ANALYST |
+---------+---------+
1 row in set (0.00 sec)

mysql> select ename, job from emp where ename ='supriya';
ERROR 2013 (HY000): Lost connection to MySQL server during query
No connection. Trying to reconnect...
ERROR 2003 (HY000): Can't connect to MySQL server on 'localhost:3306' (10061)
ERROR:
Can't connect to the server

mysql> \r
Connection id:    8
Current database: db1

mysql> select ename, job from emp where ename ='supriya';
+---------+---------+
| ename   | job     |
+---------+---------+
| SUPRIYA | ANALYST |
+---------+---------+
1 row in set (0.02 sec)

mysql> explain select ename, job from emp where ename ='supriya';
+----+-------------+-------+------------+------+---------------+------+---------+------+------+----------+-------------+
| id | select_type | table | partitions | type | possible_keys | key  | key_len | ref  | rows | filtered | Extra       |
+----+-------------+-------+------------+------+---------------+------+---------+------+------+----------+-------------+
|  1 | SIMPLE      | emp   | NULL       | ALL  | NULL          | NULL | NULL    | NULL |   28 |    10.00 | Using where |
+----+-------------+-------+------------+------+---------------+------+---------+------+------+----------+-------------+
1 row in set, 1 warning (0.01 sec)

mysql> select ename, job from emp where empno =7788;
+-------+---------+
| ename | job     |
+-------+---------+
| SCOTT | ANALYST |
+-------+---------+
1 row in set (0.00 sec)

mysql> explain select ename, job from emp where empno =7788;
+----+-------------+-------+------------+-------+---------------+---------+---------+-------+------+----------+-------+
| id | select_type | table | partitions | type  | possible_keys | key     | key_len | ref   | rows | filtered | Extra |
+----+-------------+-------+------------+-------+---------------+---------+---------+-------+------+----------+-------+
|  1 | SIMPLE      | emp   | NULL       | const | PRIMARY       | PRIMARY | 4       | const |    1 |   100.00 | NULL  |
+----+-------------+-------+------------+-------+---------------+---------+---------+-------+------+----------+-------+
1 row in set, 1 warning (0.00 sec)

mysql>
mysql>
mysql>
mysql>
mysql>
mysql>
mysql>
mysql>
mysql>
mysql>
mysql>
mysql>
mysql>
mysql>
mysql> select ename, deptno from emp;
+----------+--------+
| ename    | deptno |
+----------+--------+
| GITA     |     30 |
| VRUSHALI |     50 |
| SHARMIN  |     20 |
| BANDISH  |     20 |
| SMITH    |     20 |
| AARAV    |     10 |
| THOMAS   |     10 |
| ALLEN    |     30 |
| WARD     |     30 |
| JONES    |     20 |
| MARTIN   |     30 |
| BLAKE    |     30 |
| CLARK    |     10 |
| SCOTT    |     20 |
| KING     |     10 |
| FRED     |     20 |
| TURNER   |     30 |
| ADAMS    |     20 |
| JAMES    |     30 |
| FORD     |     20 |
| HOFFMAN  |     30 |
| GRASS    |     30 |
| MILLER   |     10 |
| AARUSH   |     30 |
| ALEX     |     30 |
| NATASHA  |     30 |
| SANGITA  |     50 |
| SUPRIYA  |     50 |
+----------+--------+
28 rows in set (0.00 sec)

mysql> select dname, deptno from dept;
+------------+--------+
| dname      | deptno |
+------------+--------+
| ACCOUNTING |     10 |
| RESEARCH   |     20 |
| SALES      |     30 |
| OPERATIONS |     40 |
| HR         |     50 |
| saleel     |     51 |
| saleel     |     52 |
| saleel     |     53 |
| saleel     |     54 |
| saleel     |     58 |
| saleel     |     62 |
| SALEEL     |     66 |
+------------+--------+
12 rows in set (0.00 sec)

mysql> delete from dept where deptno>50;
Query OK, 7 rows affected (0.01 sec)

mysql> commit;
Query OK, 0 rows affected (0.00 sec)

mysql> select dname, deptno from dept;
+------------+--------+
| dname      | deptno |
+------------+--------+
| ACCOUNTING |     10 |
| RESEARCH   |     20 |
| SALES      |     30 |
| OPERATIONS |     40 |
| HR         |     50 |
+------------+--------+
5 rows in set (0.00 sec)

mysql> select ename, deptno from emp;
+----------+--------+
| ename    | deptno |
+----------+--------+
| GITA     |     30 |
| VRUSHALI |     50 |
| SHARMIN  |     20 |
| BANDISH  |     20 |
| SMITH    |     20 |
| AARAV    |     10 |
| THOMAS   |     10 |
| ALLEN    |     30 |
| WARD     |     30 |
| JONES    |     20 |
| MARTIN   |     30 |
| BLAKE    |     30 |
| CLARK    |     10 |
| SCOTT    |     20 |
| KING     |     10 |
| FRED     |     20 |
| TURNER   |     30 |
| ADAMS    |     20 |
| JAMES    |     30 |
| FORD     |     20 |
| HOFFMAN  |     30 |
| GRASS    |     30 |
| MILLER   |     10 |
| AARUSH   |     30 |
| ALEX     |     30 |
| NATASHA  |     30 |
| SANGITA  |     50 |
| SUPRIYA  |     50 |
+----------+--------+
28 rows in set (0.00 sec)

mysql> select distinct deptno from emp;
+--------+
| deptno |
+--------+
|     10 |
|     20 |
|     30 |
|     50 |
+--------+
4 rows in set (0.01 sec)

mysql> select distinct deptno from dept;
+--------+
| deptno |
+--------+
|     10 |
|     20 |
|     30 |
|     40 |
|     50 |
+--------+
5 rows in set (0.00 sec)

mysql> select dname from dept where exists (select from emp dept.deptno= emp.deptno);
ERROR 1064 (42000): You have an error in your SQL syntax; check the manual that corresponds to your MySQL server version for the right syntax to use near 'from emp dept.deptno= emp.deptno)' at line 1
mysql> select dname from dept where exists (select deptno from emp dept.deptno= emp.deptno);
ERROR 1064 (42000): You have an error in your SQL syntax; check the manual that corresponds to your MySQL server version for the right syntax to use near '.deptno= emp.deptno)' at line 1
mysql> select dname from dept where exists (select deptno from emp where dept.deptno= emp.deptno);
+------------+
| dname      |
+------------+
| ACCOUNTING |
| RESEARCH   |
| SALES      |
| HR         |
+------------+
4 rows in set (0.00 sec)

mysql> select dname from dept where exists (select 1 from emp where dept.deptno= emp.deptno);
+------------+
| dname      |
+------------+
| ACCOUNTING |
| RESEARCH   |
| SALES      |
| HR         |
+------------+
4 rows in set (0.00 sec)

mysql> select dname from dept where exists (select true from emp where dept.deptno= emp.deptno);
+------------+
| dname      |
+------------+
| ACCOUNTING |
| RESEARCH   |
| SALES      |
| HR         |
+------------+
4 rows in set (0.00 sec)

mysql> select dname from dept where exists (select * from emp where dept.deptno=emp.deptno);
+------------+
| dname      |
+------------+
| ACCOUNTING |
| RESEARCH   |
| SALES      |
| HR         |
+------------+
4 rows in set (0.00 sec)

mysql> select dname from dept where not exists (select true from emp where dept.deptno=emp.deptno);
+------------+
| dname      |
+------------+
| OPERATIONS |
+------------+
1 row in set (0.00 sec)

mysql> select * from books;
+----+------------+-----------+------+
| ID | bookName   | Type      | Cost |
+----+------------+-----------+------+
|  1 | DS         | Hardcover |  950 |
|  2 | DS         | Hardcover |  950 |
|  3 | JavaScript | Paperback |  700 |
|  4 | JavaScript | Paperback |  700 |
|  5 | Hbase      | Paperback |  760 |
|  6 | Python     | Hardcover |  980 |
|  8 | SQL        | Hardcover |  980 |
+----+------------+-----------+------+
7 rows in set (0.01 sec)

mysql> select * from newbooks;
+----+------------+-----------+------+
| ID | bookName   | Type      | Cost |
+----+------------+-----------+------+
|  1 | Redis      | Paperback |  850 |
|  2 | Redis      | Paperback |  850 |
|  3 | JavaScript | Paperback |  700 |
|  4 | JavaScript | Paperback |  700 |
|  5 | Hbase      | Paperback |  760 |
|  7 | HTML       | Paperback |  900 |
|  9 | CSS        | Paperback |  740 |
+----+------------+-----------+------+
7 rows in set (0.01 sec)

mysql> select * from newbooks a where exists (select true from books b where a.bookname=b.bookname);
+----+------------+-----------+------+
| ID | bookName   | Type      | Cost |
+----+------------+-----------+------+
|  3 | JavaScript | Paperback |  700 |
|  4 | JavaScript | Paperback |  700 |
|  5 | Hbase      | Paperback |  760 |
+----+------------+-----------+------+
3 rows in set (0.00 sec)

mysql> select * from newbooks a where not exists (select true from books b where a.bookname=b.bookname);
+----+----------+-----------+------+
| ID | bookName | Type      | Cost |
+----+----------+-----------+------+
|  1 | Redis    | Paperback |  850 |
|  2 | Redis    | Paperback |  850 |
|  7 | HTML     | Paperback |  900 |
|  9 | CSS      | Paperback |  740 |
+----+----------+-----------+------+
4 rows in set (0.00 sec)

mysql> select ename, gender, deptno from emp order by deptno;
+----------+--------+--------+
| ename    | gender | deptno |
+----------+--------+--------+
| AARAV    | M      |     10 |
| THOMAS   | M      |     10 |
| CLARK    | M      |     10 |
| KING     | M      |     10 |
| MILLER   | M      |     10 |
| SHARMIN  | F      |     20 |
| BANDISH  | F      |     20 |
| SMITH    | M      |     20 |
| JONES    | M      |     20 |
| SCOTT    | M      |     20 |
| FRED     | M      |     20 |
| ADAMS    | M      |     20 |
| FORD     | M      |     20 |
| GITA     | F      |     30 |
| ALLEN    | M      |     30 |
| WARD     | M      |     30 |
| MARTIN   | M      |     30 |
| BLAKE    | M      |     30 |
| TURNER   | M      |     30 |
| JAMES    | M      |     30 |
| HOFFMAN  | M      |     30 |
| GRASS    | M      |     30 |
| AARUSH   | M      |     30 |
| ALEX     | M      |     30 |
| NATASHA  | F      |     30 |
| VRUSHALI | F      |     50 |
| SANGITA  | F      |     50 |
| SUPRIYA  | F      |     50 |
+----------+--------+--------+
28 rows in set (0.00 sec)

mysql> select a.ename, a.gender, a.deptno, '                ', a.ename, a.gender, a.deptno from emp a, emp b;
+----------+--------+--------+------------------+----------+--------+--------+
| ename    | gender | deptno |                  | ename    | gender | deptno |
+----------+--------+--------+------------------+----------+--------+--------+
| SUPRIYA  | F      |     50 |                  | SUPRIYA  | F      |     50 |
| SANGITA  | F      |     50 |                  | SANGITA  | F      |     50 |
| NATASHA  | F      |     30 |                  | NATASHA  | F      |     30 |
| ALEX     | M      |     30 |                  | ALEX     | M      |     30 |
| AARUSH   | M      |     30 |                  | AARUSH   | M      |     30 |
| MILLER   | M      |     10 |                  | MILLER   | M      |     10 |
| GRASS    | M      |     30 |                  | GRASS    | M      |     30 |
| HOFFMAN  | M      |     30 |                  | HOFFMAN  | M      |     30 |
| FORD     | M      |     20 |                  | FORD     | M      |     20 |
| JAMES    | M      |     30 |                  | JAMES    | M      |     30 |
| ADAMS    | M      |     20 |                  | ADAMS    | M      |     20 |
| TURNER   | M      |     30 |                  | TURNER   | M      |     30 |
| FRED     | M      |     20 |                  | FRED     | M      |     20 |
| KING     | M      |     10 |                  | KING     | M      |     10 |
| SCOTT    | M      |     20 |                  | SCOTT    | M      |     20 |
| CLARK    | M      |     10 |                  | CLARK    | M      |     10 |
| BLAKE    | M      |     30 |                  | BLAKE    | M      |     30 |
| MARTIN   | M      |     30 |                  | MARTIN   | M      |     30 |
| JONES    | M      |     20 |                  | JONES    | M      |     20 |
| WARD     | M      |     30 |                  | WARD     | M      |     30 |
| ALLEN    | M      |     30 |                  | ALLEN    | M      |     30 |
| THOMAS   | M      |     10 |                  | THOMAS   | M      |     10 |
| AARAV    | M      |     10 |                  | AARAV    | M      |     10 |
| SMITH    | M      |     20 |                  | SMITH    | M      |     20 |
| BANDISH  | F      |     20 |                  | BANDISH  | F      |     20 |
| SHARMIN  | F      |     20 |                  | SHARMIN  | F      |     20 |
| VRUSHALI | F      |     50 |                  | VRUSHALI | F      |     50 |
| GITA     | F      |     30 |                  | GITA     | F      |     30 |
| SUPRIYA  | F      |     50 |                  | SUPRIYA  | F      |     50 |
| SANGITA  | F      |     50 |                  | SANGITA  | F      |     50 |
| NATASHA  | F      |     30 |                  | NATASHA  | F      |     30 |
| ALEX     | M      |     30 |                  | ALEX     | M      |     30 |
| AARUSH   | M      |     30 |                  | AARUSH   | M      |     30 |
| MILLER   | M      |     10 |                  | MILLER   | M      |     10 |
| GRASS    | M      |     30 |                  | GRASS    | M      |     30 |
| HOFFMAN  | M      |     30 |                  | HOFFMAN  | M      |     30 |
| FORD     | M      |     20 |                  | FORD     | M      |     20 |
| JAMES    | M      |     30 |                  | JAMES    | M      |     30 |
| ADAMS    | M      |     20 |                  | ADAMS    | M      |     20 |
| TURNER   | M      |     30 |                  | TURNER   | M      |     30 |
| FRED     | M      |     20 |                  | FRED     | M      |     20 |
| KING     | M      |     10 |                  | KING     | M      |     10 |
| SCOTT    | M      |     20 |                  | SCOTT    | M      |     20 |
| CLARK    | M      |     10 |                  | CLARK    | M      |     10 |
| BLAKE    | M      |     30 |                  | BLAKE    | M      |     30 |
| MARTIN   | M      |     30 |                  | MARTIN   | M      |     30 |
| JONES    | M      |     20 |                  | JONES    | M      |     20 |
| WARD     | M      |     30 |                  | WARD     | M      |     30 |
| ALLEN    | M      |     30 |                  | ALLEN    | M      |     30 |
| THOMAS   | M      |     10 |                  | THOMAS   | M      |     10 |
| AARAV    | M      |     10 |                  | AARAV    | M      |     10 |
| SMITH    | M      |     20 |                  | SMITH    | M      |     20 |
| BANDISH  | F      |     20 |                  | BANDISH  | F      |     20 |
| SHARMIN  | F      |     20 |                  | SHARMIN  | F      |     20 |
| VRUSHALI | F      |     50 |                  | VRUSHALI | F      |     50 |
| GITA     | F      |     30 |                  | GITA     | F      |     30 |
| SUPRIYA  | F      |     50 |                  | SUPRIYA  | F      |     50 |
| SANGITA  | F      |     50 |                  | SANGITA  | F      |     50 |
| NATASHA  | F      |     30 |                  | NATASHA  | F      |     30 |
| ALEX     | M      |     30 |                  | ALEX     | M      |     30 |
| AARUSH   | M      |     30 |                  | AARUSH   | M      |     30 |
| MILLER   | M      |     10 |                  | MILLER   | M      |     10 |
| GRASS    | M      |     30 |                  | GRASS    | M      |     30 |
| HOFFMAN  | M      |     30 |                  | HOFFMAN  | M      |     30 |
| FORD     | M      |     20 |                  | FORD     | M      |     20 |
| JAMES    | M      |     30 |                  | JAMES    | M      |     30 |
| ADAMS    | M      |     20 |                  | ADAMS    | M      |     20 |
| TURNER   | M      |     30 |                  | TURNER   | M      |     30 |
| FRED     | M      |     20 |                  | FRED     | M      |     20 |
| KING     | M      |     10 |                  | KING     | M      |     10 |
| SCOTT    | M      |     20 |                  | SCOTT    | M      |     20 |
| CLARK    | M      |     10 |                  | CLARK    | M      |     10 |
| BLAKE    | M      |     30 |                  | BLAKE    | M      |     30 |
| MARTIN   | M      |     30 |                  | MARTIN   | M      |     30 |
| JONES    | M      |     20 |                  | JONES    | M      |     20 |
| WARD     | M      |     30 |                  | WARD     | M      |     30 |
| ALLEN    | M      |     30 |                  | ALLEN    | M      |     30 |
| THOMAS   | M      |     10 |                  | THOMAS   | M      |     10 |
| AARAV    | M      |     10 |                  | AARAV    | M      |     10 |
| SMITH    | M      |     20 |                  | SMITH    | M      |     20 |
| BANDISH  | F      |     20 |                  | BANDISH  | F      |     20 |
| SHARMIN  | F      |     20 |                  | SHARMIN  | F      |     20 |
| VRUSHALI | F      |     50 |                  | VRUSHALI | F      |     50 |
| GITA     | F      |     30 |                  | GITA     | F      |     30 |
| SUPRIYA  | F      |     50 |                  | SUPRIYA  | F      |     50 |
| SANGITA  | F      |     50 |                  | SANGITA  | F      |     50 |
| NATASHA  | F      |     30 |                  | NATASHA  | F      |     30 |
| ALEX     | M      |     30 |                  | ALEX     | M      |     30 |
| AARUSH   | M      |     30 |                  | AARUSH   | M      |     30 |
| MILLER   | M      |     10 |                  | MILLER   | M      |     10 |
| GRASS    | M      |     30 |                  | GRASS    | M      |     30 |
| HOFFMAN  | M      |     30 |                  | HOFFMAN  | M      |     30 |
| FORD     | M      |     20 |                  | FORD     | M      |     20 |
| JAMES    | M      |     30 |                  | JAMES    | M      |     30 |
| ADAMS    | M      |     20 |                  | ADAMS    | M      |     20 |
| TURNER   | M      |     30 |                  | TURNER   | M      |     30 |
| FRED     | M      |     20 |                  | FRED     | M      |     20 |
| KING     | M      |     10 |                  | KING     | M      |     10 |
| SCOTT    | M      |     20 |                  | SCOTT    | M      |     20 |
| CLARK    | M      |     10 |                  | CLARK    | M      |     10 |
| BLAKE    | M      |     30 |                  | BLAKE    | M      |     30 |
| MARTIN   | M      |     30 |                  | MARTIN   | M      |     30 |
| JONES    | M      |     20 |                  | JONES    | M      |     20 |
| WARD     | M      |     30 |                  | WARD     | M      |     30 |
| ALLEN    | M      |     30 |                  | ALLEN    | M      |     30 |
| THOMAS   | M      |     10 |                  | THOMAS   | M      |     10 |
| AARAV    | M      |     10 |                  | AARAV    | M      |     10 |
| SMITH    | M      |     20 |                  | SMITH    | M      |     20 |
| BANDISH  | F      |     20 |                  | BANDISH  | F      |     20 |
| SHARMIN  | F      |     20 |                  | SHARMIN  | F      |     20 |
| VRUSHALI | F      |     50 |                  | VRUSHALI | F      |     50 |
| GITA     | F      |     30 |                  | GITA     | F      |     30 |
| SUPRIYA  | F      |     50 |                  | SUPRIYA  | F      |     50 |
| SANGITA  | F      |     50 |                  | SANGITA  | F      |     50 |
| NATASHA  | F      |     30 |                  | NATASHA  | F      |     30 |
| ALEX     | M      |     30 |                  | ALEX     | M      |     30 |
| AARUSH   | M      |     30 |                  | AARUSH   | M      |     30 |
| MILLER   | M      |     10 |                  | MILLER   | M      |     10 |
| GRASS    | M      |     30 |                  | GRASS    | M      |     30 |
| HOFFMAN  | M      |     30 |                  | HOFFMAN  | M      |     30 |
| FORD     | M      |     20 |                  | FORD     | M      |     20 |
| JAMES    | M      |     30 |                  | JAMES    | M      |     30 |
| ADAMS    | M      |     20 |                  | ADAMS    | M      |     20 |
| TURNER   | M      |     30 |                  | TURNER   | M      |     30 |
| FRED     | M      |     20 |                  | FRED     | M      |     20 |
| KING     | M      |     10 |                  | KING     | M      |     10 |
| SCOTT    | M      |     20 |                  | SCOTT    | M      |     20 |
| CLARK    | M      |     10 |                  | CLARK    | M      |     10 |
| BLAKE    | M      |     30 |                  | BLAKE    | M      |     30 |
| MARTIN   | M      |     30 |                  | MARTIN   | M      |     30 |
| JONES    | M      |     20 |                  | JONES    | M      |     20 |
| WARD     | M      |     30 |                  | WARD     | M      |     30 |
| ALLEN    | M      |     30 |                  | ALLEN    | M      |     30 |
| THOMAS   | M      |     10 |                  | THOMAS   | M      |     10 |
| AARAV    | M      |     10 |                  | AARAV    | M      |     10 |
| SMITH    | M      |     20 |                  | SMITH    | M      |     20 |
| BANDISH  | F      |     20 |                  | BANDISH  | F      |     20 |
| SHARMIN  | F      |     20 |                  | SHARMIN  | F      |     20 |
| VRUSHALI | F      |     50 |                  | VRUSHALI | F      |     50 |
| GITA     | F      |     30 |                  | GITA     | F      |     30 |
| SUPRIYA  | F      |     50 |                  | SUPRIYA  | F      |     50 |
| SANGITA  | F      |     50 |                  | SANGITA  | F      |     50 |
| NATASHA  | F      |     30 |                  | NATASHA  | F      |     30 |
| ALEX     | M      |     30 |                  | ALEX     | M      |     30 |
| AARUSH   | M      |     30 |                  | AARUSH   | M      |     30 |
| MILLER   | M      |     10 |                  | MILLER   | M      |     10 |
| GRASS    | M      |     30 |                  | GRASS    | M      |     30 |
| HOFFMAN  | M      |     30 |                  | HOFFMAN  | M      |     30 |
| FORD     | M      |     20 |                  | FORD     | M      |     20 |
| JAMES    | M      |     30 |                  | JAMES    | M      |     30 |
| ADAMS    | M      |     20 |                  | ADAMS    | M      |     20 |
| TURNER   | M      |     30 |                  | TURNER   | M      |     30 |
| FRED     | M      |     20 |                  | FRED     | M      |     20 |
| KING     | M      |     10 |                  | KING     | M      |     10 |
| SCOTT    | M      |     20 |                  | SCOTT    | M      |     20 |
| CLARK    | M      |     10 |                  | CLARK    | M      |     10 |
| BLAKE    | M      |     30 |                  | BLAKE    | M      |     30 |
| MARTIN   | M      |     30 |                  | MARTIN   | M      |     30 |
| JONES    | M      |     20 |                  | JONES    | M      |     20 |
| WARD     | M      |     30 |                  | WARD     | M      |     30 |
| ALLEN    | M      |     30 |                  | ALLEN    | M      |     30 |
| THOMAS   | M      |     10 |                  | THOMAS   | M      |     10 |
| AARAV    | M      |     10 |                  | AARAV    | M      |     10 |
| SMITH    | M      |     20 |                  | SMITH    | M      |     20 |
| BANDISH  | F      |     20 |                  | BANDISH  | F      |     20 |
| SHARMIN  | F      |     20 |                  | SHARMIN  | F      |     20 |
| VRUSHALI | F      |     50 |                  | VRUSHALI | F      |     50 |
| GITA     | F      |     30 |                  | GITA     | F      |     30 |
| SUPRIYA  | F      |     50 |                  | SUPRIYA  | F      |     50 |
| SANGITA  | F      |     50 |                  | SANGITA  | F      |     50 |
| NATASHA  | F      |     30 |                  | NATASHA  | F      |     30 |
| ALEX     | M      |     30 |                  | ALEX     | M      |     30 |
| AARUSH   | M      |     30 |                  | AARUSH   | M      |     30 |
| MILLER   | M      |     10 |                  | MILLER   | M      |     10 |
| GRASS    | M      |     30 |                  | GRASS    | M      |     30 |
| HOFFMAN  | M      |     30 |                  | HOFFMAN  | M      |     30 |
| FORD     | M      |     20 |                  | FORD     | M      |     20 |
| JAMES    | M      |     30 |                  | JAMES    | M      |     30 |
| ADAMS    | M      |     20 |                  | ADAMS    | M      |     20 |
| TURNER   | M      |     30 |                  | TURNER   | M      |     30 |
| FRED     | M      |     20 |                  | FRED     | M      |     20 |
| KING     | M      |     10 |                  | KING     | M      |     10 |
| SCOTT    | M      |     20 |                  | SCOTT    | M      |     20 |
| CLARK    | M      |     10 |                  | CLARK    | M      |     10 |
| BLAKE    | M      |     30 |                  | BLAKE    | M      |     30 |
| MARTIN   | M      |     30 |                  | MARTIN   | M      |     30 |
| JONES    | M      |     20 |                  | JONES    | M      |     20 |
| WARD     | M      |     30 |                  | WARD     | M      |     30 |
| ALLEN    | M      |     30 |                  | ALLEN    | M      |     30 |
| THOMAS   | M      |     10 |                  | THOMAS   | M      |     10 |
| AARAV    | M      |     10 |                  | AARAV    | M      |     10 |
| SMITH    | M      |     20 |                  | SMITH    | M      |     20 |
| BANDISH  | F      |     20 |                  | BANDISH  | F      |     20 |
| SHARMIN  | F      |     20 |                  | SHARMIN  | F      |     20 |
| VRUSHALI | F      |     50 |                  | VRUSHALI | F      |     50 |
| GITA     | F      |     30 |                  | GITA     | F      |     30 |
| SUPRIYA  | F      |     50 |                  | SUPRIYA  | F      |     50 |
| SANGITA  | F      |     50 |                  | SANGITA  | F      |     50 |
| NATASHA  | F      |     30 |                  | NATASHA  | F      |     30 |
| ALEX     | M      |     30 |                  | ALEX     | M      |     30 |
| AARUSH   | M      |     30 |                  | AARUSH   | M      |     30 |
| MILLER   | M      |     10 |                  | MILLER   | M      |     10 |
| GRASS    | M      |     30 |                  | GRASS    | M      |     30 |
| HOFFMAN  | M      |     30 |                  | HOFFMAN  | M      |     30 |
| FORD     | M      |     20 |                  | FORD     | M      |     20 |
| JAMES    | M      |     30 |                  | JAMES    | M      |     30 |
| ADAMS    | M      |     20 |                  | ADAMS    | M      |     20 |
| TURNER   | M      |     30 |                  | TURNER   | M      |     30 |
| FRED     | M      |     20 |                  | FRED     | M      |     20 |
| KING     | M      |     10 |                  | KING     | M      |     10 |
| SCOTT    | M      |     20 |                  | SCOTT    | M      |     20 |
| CLARK    | M      |     10 |                  | CLARK    | M      |     10 |
| BLAKE    | M      |     30 |                  | BLAKE    | M      |     30 |
| MARTIN   | M      |     30 |                  | MARTIN   | M      |     30 |
| JONES    | M      |     20 |                  | JONES    | M      |     20 |
| WARD     | M      |     30 |                  | WARD     | M      |     30 |
| ALLEN    | M      |     30 |                  | ALLEN    | M      |     30 |
| THOMAS   | M      |     10 |                  | THOMAS   | M      |     10 |
| AARAV    | M      |     10 |                  | AARAV    | M      |     10 |
| SMITH    | M      |     20 |                  | SMITH    | M      |     20 |
| BANDISH  | F      |     20 |                  | BANDISH  | F      |     20 |
| SHARMIN  | F      |     20 |                  | SHARMIN  | F      |     20 |
| VRUSHALI | F      |     50 |                  | VRUSHALI | F      |     50 |
| GITA     | F      |     30 |                  | GITA     | F      |     30 |
| SUPRIYA  | F      |     50 |                  | SUPRIYA  | F      |     50 |
| SANGITA  | F      |     50 |                  | SANGITA  | F      |     50 |
| NATASHA  | F      |     30 |                  | NATASHA  | F      |     30 |
| ALEX     | M      |     30 |                  | ALEX     | M      |     30 |
| AARUSH   | M      |     30 |                  | AARUSH   | M      |     30 |
| MILLER   | M      |     10 |                  | MILLER   | M      |     10 |
| GRASS    | M      |     30 |                  | GRASS    | M      |     30 |
| HOFFMAN  | M      |     30 |                  | HOFFMAN  | M      |     30 |
| FORD     | M      |     20 |                  | FORD     | M      |     20 |
| JAMES    | M      |     30 |                  | JAMES    | M      |     30 |
| ADAMS    | M      |     20 |                  | ADAMS    | M      |     20 |
| TURNER   | M      |     30 |                  | TURNER   | M      |     30 |
| FRED     | M      |     20 |                  | FRED     | M      |     20 |
| KING     | M      |     10 |                  | KING     | M      |     10 |
| SCOTT    | M      |     20 |                  | SCOTT    | M      |     20 |
| CLARK    | M      |     10 |                  | CLARK    | M      |     10 |
| BLAKE    | M      |     30 |                  | BLAKE    | M      |     30 |
| MARTIN   | M      |     30 |                  | MARTIN   | M      |     30 |
| JONES    | M      |     20 |                  | JONES    | M      |     20 |
| WARD     | M      |     30 |                  | WARD     | M      |     30 |
| ALLEN    | M      |     30 |                  | ALLEN    | M      |     30 |
| THOMAS   | M      |     10 |                  | THOMAS   | M      |     10 |
| AARAV    | M      |     10 |                  | AARAV    | M      |     10 |
| SMITH    | M      |     20 |                  | SMITH    | M      |     20 |
| BANDISH  | F      |     20 |                  | BANDISH  | F      |     20 |
| SHARMIN  | F      |     20 |                  | SHARMIN  | F      |     20 |
| VRUSHALI | F      |     50 |                  | VRUSHALI | F      |     50 |
| GITA     | F      |     30 |                  | GITA     | F      |     30 |
| SUPRIYA  | F      |     50 |                  | SUPRIYA  | F      |     50 |
| SANGITA  | F      |     50 |                  | SANGITA  | F      |     50 |
| NATASHA  | F      |     30 |                  | NATASHA  | F      |     30 |
| ALEX     | M      |     30 |                  | ALEX     | M      |     30 |
| AARUSH   | M      |     30 |                  | AARUSH   | M      |     30 |
| MILLER   | M      |     10 |                  | MILLER   | M      |     10 |
| GRASS    | M      |     30 |                  | GRASS    | M      |     30 |
| HOFFMAN  | M      |     30 |                  | HOFFMAN  | M      |     30 |
| FORD     | M      |     20 |                  | FORD     | M      |     20 |
| JAMES    | M      |     30 |                  | JAMES    | M      |     30 |
| ADAMS    | M      |     20 |                  | ADAMS    | M      |     20 |
| TURNER   | M      |     30 |                  | TURNER   | M      |     30 |
| FRED     | M      |     20 |                  | FRED     | M      |     20 |
| KING     | M      |     10 |                  | KING     | M      |     10 |
| SCOTT    | M      |     20 |                  | SCOTT    | M      |     20 |
| CLARK    | M      |     10 |                  | CLARK    | M      |     10 |
| BLAKE    | M      |     30 |                  | BLAKE    | M      |     30 |
| MARTIN   | M      |     30 |                  | MARTIN   | M      |     30 |
| JONES    | M      |     20 |                  | JONES    | M      |     20 |
| WARD     | M      |     30 |                  | WARD     | M      |     30 |
| ALLEN    | M      |     30 |                  | ALLEN    | M      |     30 |
| THOMAS   | M      |     10 |                  | THOMAS   | M      |     10 |
| AARAV    | M      |     10 |                  | AARAV    | M      |     10 |
| SMITH    | M      |     20 |                  | SMITH    | M      |     20 |
| BANDISH  | F      |     20 |                  | BANDISH  | F      |     20 |
| SHARMIN  | F      |     20 |                  | SHARMIN  | F      |     20 |
| VRUSHALI | F      |     50 |                  | VRUSHALI | F      |     50 |
| GITA     | F      |     30 |                  | GITA     | F      |     30 |
| SUPRIYA  | F      |     50 |                  | SUPRIYA  | F      |     50 |
| SANGITA  | F      |     50 |                  | SANGITA  | F      |     50 |
| NATASHA  | F      |     30 |                  | NATASHA  | F      |     30 |
| ALEX     | M      |     30 |                  | ALEX     | M      |     30 |
| AARUSH   | M      |     30 |                  | AARUSH   | M      |     30 |
| MILLER   | M      |     10 |                  | MILLER   | M      |     10 |
| GRASS    | M      |     30 |                  | GRASS    | M      |     30 |
| HOFFMAN  | M      |     30 |                  | HOFFMAN  | M      |     30 |
| FORD     | M      |     20 |                  | FORD     | M      |     20 |
| JAMES    | M      |     30 |                  | JAMES    | M      |     30 |
| ADAMS    | M      |     20 |                  | ADAMS    | M      |     20 |
| TURNER   | M      |     30 |                  | TURNER   | M      |     30 |
| FRED     | M      |     20 |                  | FRED     | M      |     20 |
| KING     | M      |     10 |                  | KING     | M      |     10 |
| SCOTT    | M      |     20 |                  | SCOTT    | M      |     20 |
| CLARK    | M      |     10 |                  | CLARK    | M      |     10 |
| BLAKE    | M      |     30 |                  | BLAKE    | M      |     30 |
| MARTIN   | M      |     30 |                  | MARTIN   | M      |     30 |
| JONES    | M      |     20 |                  | JONES    | M      |     20 |
| WARD     | M      |     30 |                  | WARD     | M      |     30 |
| ALLEN    | M      |     30 |                  | ALLEN    | M      |     30 |
| THOMAS   | M      |     10 |                  | THOMAS   | M      |     10 |
| AARAV    | M      |     10 |                  | AARAV    | M      |     10 |
| SMITH    | M      |     20 |                  | SMITH    | M      |     20 |
| BANDISH  | F      |     20 |                  | BANDISH  | F      |     20 |
| SHARMIN  | F      |     20 |                  | SHARMIN  | F      |     20 |
| VRUSHALI | F      |     50 |                  | VRUSHALI | F      |     50 |
| GITA     | F      |     30 |                  | GITA     | F      |     30 |
| SUPRIYA  | F      |     50 |                  | SUPRIYA  | F      |     50 |
| SANGITA  | F      |     50 |                  | SANGITA  | F      |     50 |
| NATASHA  | F      |     30 |                  | NATASHA  | F      |     30 |
| ALEX     | M      |     30 |                  | ALEX     | M      |     30 |
| AARUSH   | M      |     30 |                  | AARUSH   | M      |     30 |
| MILLER   | M      |     10 |                  | MILLER   | M      |     10 |
| GRASS    | M      |     30 |                  | GRASS    | M      |     30 |
| HOFFMAN  | M      |     30 |                  | HOFFMAN  | M      |     30 |
| FORD     | M      |     20 |                  | FORD     | M      |     20 |
| JAMES    | M      |     30 |                  | JAMES    | M      |     30 |
| ADAMS    | M      |     20 |                  | ADAMS    | M      |     20 |
| TURNER   | M      |     30 |                  | TURNER   | M      |     30 |
| FRED     | M      |     20 |                  | FRED     | M      |     20 |
| KING     | M      |     10 |                  | KING     | M      |     10 |
| SCOTT    | M      |     20 |                  | SCOTT    | M      |     20 |
| CLARK    | M      |     10 |                  | CLARK    | M      |     10 |
| BLAKE    | M      |     30 |                  | BLAKE    | M      |     30 |
| MARTIN   | M      |     30 |                  | MARTIN   | M      |     30 |
| JONES    | M      |     20 |                  | JONES    | M      |     20 |
| WARD     | M      |     30 |                  | WARD     | M      |     30 |
| ALLEN    | M      |     30 |                  | ALLEN    | M      |     30 |
| THOMAS   | M      |     10 |                  | THOMAS   | M      |     10 |
| AARAV    | M      |     10 |                  | AARAV    | M      |     10 |
| SMITH    | M      |     20 |                  | SMITH    | M      |     20 |
| BANDISH  | F      |     20 |                  | BANDISH  | F      |     20 |
| SHARMIN  | F      |     20 |                  | SHARMIN  | F      |     20 |
| VRUSHALI | F      |     50 |                  | VRUSHALI | F      |     50 |
| GITA     | F      |     30 |                  | GITA     | F      |     30 |
| SUPRIYA  | F      |     50 |                  | SUPRIYA  | F      |     50 |
| SANGITA  | F      |     50 |                  | SANGITA  | F      |     50 |
| NATASHA  | F      |     30 |                  | NATASHA  | F      |     30 |
| ALEX     | M      |     30 |                  | ALEX     | M      |     30 |
| AARUSH   | M      |     30 |                  | AARUSH   | M      |     30 |
| MILLER   | M      |     10 |                  | MILLER   | M      |     10 |
| GRASS    | M      |     30 |                  | GRASS    | M      |     30 |
| HOFFMAN  | M      |     30 |                  | HOFFMAN  | M      |     30 |
| FORD     | M      |     20 |                  | FORD     | M      |     20 |
| JAMES    | M      |     30 |                  | JAMES    | M      |     30 |
| ADAMS    | M      |     20 |                  | ADAMS    | M      |     20 |
| TURNER   | M      |     30 |                  | TURNER   | M      |     30 |
| FRED     | M      |     20 |                  | FRED     | M      |     20 |
| KING     | M      |     10 |                  | KING     | M      |     10 |
| SCOTT    | M      |     20 |                  | SCOTT    | M      |     20 |
| CLARK    | M      |     10 |                  | CLARK    | M      |     10 |
| BLAKE    | M      |     30 |                  | BLAKE    | M      |     30 |
| MARTIN   | M      |     30 |                  | MARTIN   | M      |     30 |
| JONES    | M      |     20 |                  | JONES    | M      |     20 |
| WARD     | M      |     30 |                  | WARD     | M      |     30 |
| ALLEN    | M      |     30 |                  | ALLEN    | M      |     30 |
| THOMAS   | M      |     10 |                  | THOMAS   | M      |     10 |
| AARAV    | M      |     10 |                  | AARAV    | M      |     10 |
| SMITH    | M      |     20 |                  | SMITH    | M      |     20 |
| BANDISH  | F      |     20 |                  | BANDISH  | F      |     20 |
| SHARMIN  | F      |     20 |                  | SHARMIN  | F      |     20 |
| VRUSHALI | F      |     50 |                  | VRUSHALI | F      |     50 |
| GITA     | F      |     30 |                  | GITA     | F      |     30 |
| SUPRIYA  | F      |     50 |                  | SUPRIYA  | F      |     50 |
| SANGITA  | F      |     50 |                  | SANGITA  | F      |     50 |
| NATASHA  | F      |     30 |                  | NATASHA  | F      |     30 |
| ALEX     | M      |     30 |                  | ALEX     | M      |     30 |
| AARUSH   | M      |     30 |                  | AARUSH   | M      |     30 |
| MILLER   | M      |     10 |                  | MILLER   | M      |     10 |
| GRASS    | M      |     30 |                  | GRASS    | M      |     30 |
| HOFFMAN  | M      |     30 |                  | HOFFMAN  | M      |     30 |
| FORD     | M      |     20 |                  | FORD     | M      |     20 |
| JAMES    | M      |     30 |                  | JAMES    | M      |     30 |
| ADAMS    | M      |     20 |                  | ADAMS    | M      |     20 |
| TURNER   | M      |     30 |                  | TURNER   | M      |     30 |
| FRED     | M      |     20 |                  | FRED     | M      |     20 |
| KING     | M      |     10 |                  | KING     | M      |     10 |
| SCOTT    | M      |     20 |                  | SCOTT    | M      |     20 |
| CLARK    | M      |     10 |                  | CLARK    | M      |     10 |
| BLAKE    | M      |     30 |                  | BLAKE    | M      |     30 |
| MARTIN   | M      |     30 |                  | MARTIN   | M      |     30 |
| JONES    | M      |     20 |                  | JONES    | M      |     20 |
| WARD     | M      |     30 |                  | WARD     | M      |     30 |
| ALLEN    | M      |     30 |                  | ALLEN    | M      |     30 |
| THOMAS   | M      |     10 |                  | THOMAS   | M      |     10 |
| AARAV    | M      |     10 |                  | AARAV    | M      |     10 |
| SMITH    | M      |     20 |                  | SMITH    | M      |     20 |
| BANDISH  | F      |     20 |                  | BANDISH  | F      |     20 |
| SHARMIN  | F      |     20 |                  | SHARMIN  | F      |     20 |
| VRUSHALI | F      |     50 |                  | VRUSHALI | F      |     50 |
| GITA     | F      |     30 |                  | GITA     | F      |     30 |
| SUPRIYA  | F      |     50 |                  | SUPRIYA  | F      |     50 |
| SANGITA  | F      |     50 |                  | SANGITA  | F      |     50 |
| NATASHA  | F      |     30 |                  | NATASHA  | F      |     30 |
| ALEX     | M      |     30 |                  | ALEX     | M      |     30 |
| AARUSH   | M      |     30 |                  | AARUSH   | M      |     30 |
| MILLER   | M      |     10 |                  | MILLER   | M      |     10 |
| GRASS    | M      |     30 |                  | GRASS    | M      |     30 |
| HOFFMAN  | M      |     30 |                  | HOFFMAN  | M      |     30 |
| FORD     | M      |     20 |                  | FORD     | M      |     20 |
| JAMES    | M      |     30 |                  | JAMES    | M      |     30 |
| ADAMS    | M      |     20 |                  | ADAMS    | M      |     20 |
| TURNER   | M      |     30 |                  | TURNER   | M      |     30 |
| FRED     | M      |     20 |                  | FRED     | M      |     20 |
| KING     | M      |     10 |                  | KING     | M      |     10 |
| SCOTT    | M      |     20 |                  | SCOTT    | M      |     20 |
| CLARK    | M      |     10 |                  | CLARK    | M      |     10 |
| BLAKE    | M      |     30 |                  | BLAKE    | M      |     30 |
| MARTIN   | M      |     30 |                  | MARTIN   | M      |     30 |
| JONES    | M      |     20 |                  | JONES    | M      |     20 |
| WARD     | M      |     30 |                  | WARD     | M      |     30 |
| ALLEN    | M      |     30 |                  | ALLEN    | M      |     30 |
| THOMAS   | M      |     10 |                  | THOMAS   | M      |     10 |
| AARAV    | M      |     10 |                  | AARAV    | M      |     10 |
| SMITH    | M      |     20 |                  | SMITH    | M      |     20 |
| BANDISH  | F      |     20 |                  | BANDISH  | F      |     20 |
| SHARMIN  | F      |     20 |                  | SHARMIN  | F      |     20 |
| VRUSHALI | F      |     50 |                  | VRUSHALI | F      |     50 |
| GITA     | F      |     30 |                  | GITA     | F      |     30 |
| SUPRIYA  | F      |     50 |                  | SUPRIYA  | F      |     50 |
| SANGITA  | F      |     50 |                  | SANGITA  | F      |     50 |
| NATASHA  | F      |     30 |                  | NATASHA  | F      |     30 |
| ALEX     | M      |     30 |                  | ALEX     | M      |     30 |
| AARUSH   | M      |     30 |                  | AARUSH   | M      |     30 |
| MILLER   | M      |     10 |                  | MILLER   | M      |     10 |
| GRASS    | M      |     30 |                  | GRASS    | M      |     30 |
| HOFFMAN  | M      |     30 |                  | HOFFMAN  | M      |     30 |
| FORD     | M      |     20 |                  | FORD     | M      |     20 |
| JAMES    | M      |     30 |                  | JAMES    | M      |     30 |
| ADAMS    | M      |     20 |                  | ADAMS    | M      |     20 |
| TURNER   | M      |     30 |                  | TURNER   | M      |     30 |
| FRED     | M      |     20 |                  | FRED     | M      |     20 |
| KING     | M      |     10 |                  | KING     | M      |     10 |
| SCOTT    | M      |     20 |                  | SCOTT    | M      |     20 |
| CLARK    | M      |     10 |                  | CLARK    | M      |     10 |
| BLAKE    | M      |     30 |                  | BLAKE    | M      |     30 |
| MARTIN   | M      |     30 |                  | MARTIN   | M      |     30 |
| JONES    | M      |     20 |                  | JONES    | M      |     20 |
| WARD     | M      |     30 |                  | WARD     | M      |     30 |
| ALLEN    | M      |     30 |                  | ALLEN    | M      |     30 |
| THOMAS   | M      |     10 |                  | THOMAS   | M      |     10 |
| AARAV    | M      |     10 |                  | AARAV    | M      |     10 |
| SMITH    | M      |     20 |                  | SMITH    | M      |     20 |
| BANDISH  | F      |     20 |                  | BANDISH  | F      |     20 |
| SHARMIN  | F      |     20 |                  | SHARMIN  | F      |     20 |
| VRUSHALI | F      |     50 |                  | VRUSHALI | F      |     50 |
| GITA     | F      |     30 |                  | GITA     | F      |     30 |
| SUPRIYA  | F      |     50 |                  | SUPRIYA  | F      |     50 |
| SANGITA  | F      |     50 |                  | SANGITA  | F      |     50 |
| NATASHA  | F      |     30 |                  | NATASHA  | F      |     30 |
| ALEX     | M      |     30 |                  | ALEX     | M      |     30 |
| AARUSH   | M      |     30 |                  | AARUSH   | M      |     30 |
| MILLER   | M      |     10 |                  | MILLER   | M      |     10 |
| GRASS    | M      |     30 |                  | GRASS    | M      |     30 |
| HOFFMAN  | M      |     30 |                  | HOFFMAN  | M      |     30 |
| FORD     | M      |     20 |                  | FORD     | M      |     20 |
| JAMES    | M      |     30 |                  | JAMES    | M      |     30 |
| ADAMS    | M      |     20 |                  | ADAMS    | M      |     20 |
| TURNER   | M      |     30 |                  | TURNER   | M      |     30 |
| FRED     | M      |     20 |                  | FRED     | M      |     20 |
| KING     | M      |     10 |                  | KING     | M      |     10 |
| SCOTT    | M      |     20 |                  | SCOTT    | M      |     20 |
| CLARK    | M      |     10 |                  | CLARK    | M      |     10 |
| BLAKE    | M      |     30 |                  | BLAKE    | M      |     30 |
| MARTIN   | M      |     30 |                  | MARTIN   | M      |     30 |
| JONES    | M      |     20 |                  | JONES    | M      |     20 |
| WARD     | M      |     30 |                  | WARD     | M      |     30 |
| ALLEN    | M      |     30 |                  | ALLEN    | M      |     30 |
| THOMAS   | M      |     10 |                  | THOMAS   | M      |     10 |
| AARAV    | M      |     10 |                  | AARAV    | M      |     10 |
| SMITH    | M      |     20 |                  | SMITH    | M      |     20 |
| BANDISH  | F      |     20 |                  | BANDISH  | F      |     20 |
| SHARMIN  | F      |     20 |                  | SHARMIN  | F      |     20 |
| VRUSHALI | F      |     50 |                  | VRUSHALI | F      |     50 |
| GITA     | F      |     30 |                  | GITA     | F      |     30 |
| SUPRIYA  | F      |     50 |                  | SUPRIYA  | F      |     50 |
| SANGITA  | F      |     50 |                  | SANGITA  | F      |     50 |
| NATASHA  | F      |     30 |                  | NATASHA  | F      |     30 |
| ALEX     | M      |     30 |                  | ALEX     | M      |     30 |
| AARUSH   | M      |     30 |                  | AARUSH   | M      |     30 |
| MILLER   | M      |     10 |                  | MILLER   | M      |     10 |
| GRASS    | M      |     30 |                  | GRASS    | M      |     30 |
| HOFFMAN  | M      |     30 |                  | HOFFMAN  | M      |     30 |
| FORD     | M      |     20 |                  | FORD     | M      |     20 |
| JAMES    | M      |     30 |                  | JAMES    | M      |     30 |
| ADAMS    | M      |     20 |                  | ADAMS    | M      |     20 |
| TURNER   | M      |     30 |                  | TURNER   | M      |     30 |
| FRED     | M      |     20 |                  | FRED     | M      |     20 |
| KING     | M      |     10 |                  | KING     | M      |     10 |
| SCOTT    | M      |     20 |                  | SCOTT    | M      |     20 |
| CLARK    | M      |     10 |                  | CLARK    | M      |     10 |
| BLAKE    | M      |     30 |                  | BLAKE    | M      |     30 |
| MARTIN   | M      |     30 |                  | MARTIN   | M      |     30 |
| JONES    | M      |     20 |                  | JONES    | M      |     20 |
| WARD     | M      |     30 |                  | WARD     | M      |     30 |
| ALLEN    | M      |     30 |                  | ALLEN    | M      |     30 |
| THOMAS   | M      |     10 |                  | THOMAS   | M      |     10 |
| AARAV    | M      |     10 |                  | AARAV    | M      |     10 |
| SMITH    | M      |     20 |                  | SMITH    | M      |     20 |
| BANDISH  | F      |     20 |                  | BANDISH  | F      |     20 |
| SHARMIN  | F      |     20 |                  | SHARMIN  | F      |     20 |
| VRUSHALI | F      |     50 |                  | VRUSHALI | F      |     50 |
| GITA     | F      |     30 |                  | GITA     | F      |     30 |
| SUPRIYA  | F      |     50 |                  | SUPRIYA  | F      |     50 |
| SANGITA  | F      |     50 |                  | SANGITA  | F      |     50 |
| NATASHA  | F      |     30 |                  | NATASHA  | F      |     30 |
| ALEX     | M      |     30 |                  | ALEX     | M      |     30 |
| AARUSH   | M      |     30 |                  | AARUSH   | M      |     30 |
| MILLER   | M      |     10 |                  | MILLER   | M      |     10 |
| GRASS    | M      |     30 |                  | GRASS    | M      |     30 |
| HOFFMAN  | M      |     30 |                  | HOFFMAN  | M      |     30 |
| FORD     | M      |     20 |                  | FORD     | M      |     20 |
| JAMES    | M      |     30 |                  | JAMES    | M      |     30 |
| ADAMS    | M      |     20 |                  | ADAMS    | M      |     20 |
| TURNER   | M      |     30 |                  | TURNER   | M      |     30 |
| FRED     | M      |     20 |                  | FRED     | M      |     20 |
| KING     | M      |     10 |                  | KING     | M      |     10 |
| SCOTT    | M      |     20 |                  | SCOTT    | M      |     20 |
| CLARK    | M      |     10 |                  | CLARK    | M      |     10 |
| BLAKE    | M      |     30 |                  | BLAKE    | M      |     30 |
| MARTIN   | M      |     30 |                  | MARTIN   | M      |     30 |
| JONES    | M      |     20 |                  | JONES    | M      |     20 |
| WARD     | M      |     30 |                  | WARD     | M      |     30 |
| ALLEN    | M      |     30 |                  | ALLEN    | M      |     30 |
| THOMAS   | M      |     10 |                  | THOMAS   | M      |     10 |
| AARAV    | M      |     10 |                  | AARAV    | M      |     10 |
| SMITH    | M      |     20 |                  | SMITH    | M      |     20 |
| BANDISH  | F      |     20 |                  | BANDISH  | F      |     20 |
| SHARMIN  | F      |     20 |                  | SHARMIN  | F      |     20 |
| VRUSHALI | F      |     50 |                  | VRUSHALI | F      |     50 |
| GITA     | F      |     30 |                  | GITA     | F      |     30 |
| SUPRIYA  | F      |     50 |                  | SUPRIYA  | F      |     50 |
| SANGITA  | F      |     50 |                  | SANGITA  | F      |     50 |
| NATASHA  | F      |     30 |                  | NATASHA  | F      |     30 |
| ALEX     | M      |     30 |                  | ALEX     | M      |     30 |
| AARUSH   | M      |     30 |                  | AARUSH   | M      |     30 |
| MILLER   | M      |     10 |                  | MILLER   | M      |     10 |
| GRASS    | M      |     30 |                  | GRASS    | M      |     30 |
| HOFFMAN  | M      |     30 |                  | HOFFMAN  | M      |     30 |
| FORD     | M      |     20 |                  | FORD     | M      |     20 |
| JAMES    | M      |     30 |                  | JAMES    | M      |     30 |
| ADAMS    | M      |     20 |                  | ADAMS    | M      |     20 |
| TURNER   | M      |     30 |                  | TURNER   | M      |     30 |
| FRED     | M      |     20 |                  | FRED     | M      |     20 |
| KING     | M      |     10 |                  | KING     | M      |     10 |
| SCOTT    | M      |     20 |                  | SCOTT    | M      |     20 |
| CLARK    | M      |     10 |                  | CLARK    | M      |     10 |
| BLAKE    | M      |     30 |                  | BLAKE    | M      |     30 |
| MARTIN   | M      |     30 |                  | MARTIN   | M      |     30 |
| JONES    | M      |     20 |                  | JONES    | M      |     20 |
| WARD     | M      |     30 |                  | WARD     | M      |     30 |
| ALLEN    | M      |     30 |                  | ALLEN    | M      |     30 |
| THOMAS   | M      |     10 |                  | THOMAS   | M      |     10 |
| AARAV    | M      |     10 |                  | AARAV    | M      |     10 |
| SMITH    | M      |     20 |                  | SMITH    | M      |     20 |
| BANDISH  | F      |     20 |                  | BANDISH  | F      |     20 |
| SHARMIN  | F      |     20 |                  | SHARMIN  | F      |     20 |
| VRUSHALI | F      |     50 |                  | VRUSHALI | F      |     50 |
| GITA     | F      |     30 |                  | GITA     | F      |     30 |
| SUPRIYA  | F      |     50 |                  | SUPRIYA  | F      |     50 |
| SANGITA  | F      |     50 |                  | SANGITA  | F      |     50 |
| NATASHA  | F      |     30 |                  | NATASHA  | F      |     30 |
| ALEX     | M      |     30 |                  | ALEX     | M      |     30 |
| AARUSH   | M      |     30 |                  | AARUSH   | M      |     30 |
| MILLER   | M      |     10 |                  | MILLER   | M      |     10 |
| GRASS    | M      |     30 |                  | GRASS    | M      |     30 |
| HOFFMAN  | M      |     30 |                  | HOFFMAN  | M      |     30 |
| FORD     | M      |     20 |                  | FORD     | M      |     20 |
| JAMES    | M      |     30 |                  | JAMES    | M      |     30 |
| ADAMS    | M      |     20 |                  | ADAMS    | M      |     20 |
| TURNER   | M      |     30 |                  | TURNER   | M      |     30 |
| FRED     | M      |     20 |                  | FRED     | M      |     20 |
| KING     | M      |     10 |                  | KING     | M      |     10 |
| SCOTT    | M      |     20 |                  | SCOTT    | M      |     20 |
| CLARK    | M      |     10 |                  | CLARK    | M      |     10 |
| BLAKE    | M      |     30 |                  | BLAKE    | M      |     30 |
| MARTIN   | M      |     30 |                  | MARTIN   | M      |     30 |
| JONES    | M      |     20 |                  | JONES    | M      |     20 |
| WARD     | M      |     30 |                  | WARD     | M      |     30 |
| ALLEN    | M      |     30 |                  | ALLEN    | M      |     30 |
| THOMAS   | M      |     10 |                  | THOMAS   | M      |     10 |
| AARAV    | M      |     10 |                  | AARAV    | M      |     10 |
| SMITH    | M      |     20 |                  | SMITH    | M      |     20 |
| BANDISH  | F      |     20 |                  | BANDISH  | F      |     20 |
| SHARMIN  | F      |     20 |                  | SHARMIN  | F      |     20 |
| VRUSHALI | F      |     50 |                  | VRUSHALI | F      |     50 |
| GITA     | F      |     30 |                  | GITA     | F      |     30 |
| SUPRIYA  | F      |     50 |                  | SUPRIYA  | F      |     50 |
| SANGITA  | F      |     50 |                  | SANGITA  | F      |     50 |
| NATASHA  | F      |     30 |                  | NATASHA  | F      |     30 |
| ALEX     | M      |     30 |                  | ALEX     | M      |     30 |
| AARUSH   | M      |     30 |                  | AARUSH   | M      |     30 |
| MILLER   | M      |     10 |                  | MILLER   | M      |     10 |
| GRASS    | M      |     30 |                  | GRASS    | M      |     30 |
| HOFFMAN  | M      |     30 |                  | HOFFMAN  | M      |     30 |
| FORD     | M      |     20 |                  | FORD     | M      |     20 |
| JAMES    | M      |     30 |                  | JAMES    | M      |     30 |
| ADAMS    | M      |     20 |                  | ADAMS    | M      |     20 |
| TURNER   | M      |     30 |                  | TURNER   | M      |     30 |
| FRED     | M      |     20 |                  | FRED     | M      |     20 |
| KING     | M      |     10 |                  | KING     | M      |     10 |
| SCOTT    | M      |     20 |                  | SCOTT    | M      |     20 |
| CLARK    | M      |     10 |                  | CLARK    | M      |     10 |
| BLAKE    | M      |     30 |                  | BLAKE    | M      |     30 |
| MARTIN   | M      |     30 |                  | MARTIN   | M      |     30 |
| JONES    | M      |     20 |                  | JONES    | M      |     20 |
| WARD     | M      |     30 |                  | WARD     | M      |     30 |
| ALLEN    | M      |     30 |                  | ALLEN    | M      |     30 |
| THOMAS   | M      |     10 |                  | THOMAS   | M      |     10 |
| AARAV    | M      |     10 |                  | AARAV    | M      |     10 |
| SMITH    | M      |     20 |                  | SMITH    | M      |     20 |
| BANDISH  | F      |     20 |                  | BANDISH  | F      |     20 |
| SHARMIN  | F      |     20 |                  | SHARMIN  | F      |     20 |
| VRUSHALI | F      |     50 |                  | VRUSHALI | F      |     50 |
| GITA     | F      |     30 |                  | GITA     | F      |     30 |
| SUPRIYA  | F      |     50 |                  | SUPRIYA  | F      |     50 |
| SANGITA  | F      |     50 |                  | SANGITA  | F      |     50 |
| NATASHA  | F      |     30 |                  | NATASHA  | F      |     30 |
| ALEX     | M      |     30 |                  | ALEX     | M      |     30 |
| AARUSH   | M      |     30 |                  | AARUSH   | M      |     30 |
| MILLER   | M      |     10 |                  | MILLER   | M      |     10 |
| GRASS    | M      |     30 |                  | GRASS    | M      |     30 |
| HOFFMAN  | M      |     30 |                  | HOFFMAN  | M      |     30 |
| FORD     | M      |     20 |                  | FORD     | M      |     20 |
| JAMES    | M      |     30 |                  | JAMES    | M      |     30 |
| ADAMS    | M      |     20 |                  | ADAMS    | M      |     20 |
| TURNER   | M      |     30 |                  | TURNER   | M      |     30 |
| FRED     | M      |     20 |                  | FRED     | M      |     20 |
| KING     | M      |     10 |                  | KING     | M      |     10 |
| SCOTT    | M      |     20 |                  | SCOTT    | M      |     20 |
| CLARK    | M      |     10 |                  | CLARK    | M      |     10 |
| BLAKE    | M      |     30 |                  | BLAKE    | M      |     30 |
| MARTIN   | M      |     30 |                  | MARTIN   | M      |     30 |
| JONES    | M      |     20 |                  | JONES    | M      |     20 |
| WARD     | M      |     30 |                  | WARD     | M      |     30 |
| ALLEN    | M      |     30 |                  | ALLEN    | M      |     30 |
| THOMAS   | M      |     10 |                  | THOMAS   | M      |     10 |
| AARAV    | M      |     10 |                  | AARAV    | M      |     10 |
| SMITH    | M      |     20 |                  | SMITH    | M      |     20 |
| BANDISH  | F      |     20 |                  | BANDISH  | F      |     20 |
| SHARMIN  | F      |     20 |                  | SHARMIN  | F      |     20 |
| VRUSHALI | F      |     50 |                  | VRUSHALI | F      |     50 |
| GITA     | F      |     30 |                  | GITA     | F      |     30 |
| SUPRIYA  | F      |     50 |                  | SUPRIYA  | F      |     50 |
| SANGITA  | F      |     50 |                  | SANGITA  | F      |     50 |
| NATASHA  | F      |     30 |                  | NATASHA  | F      |     30 |
| ALEX     | M      |     30 |                  | ALEX     | M      |     30 |
| AARUSH   | M      |     30 |                  | AARUSH   | M      |     30 |
| MILLER   | M      |     10 |                  | MILLER   | M      |     10 |
| GRASS    | M      |     30 |                  | GRASS    | M      |     30 |
| HOFFMAN  | M      |     30 |                  | HOFFMAN  | M      |     30 |
| FORD     | M      |     20 |                  | FORD     | M      |     20 |
| JAMES    | M      |     30 |                  | JAMES    | M      |     30 |
| ADAMS    | M      |     20 |                  | ADAMS    | M      |     20 |
| TURNER   | M      |     30 |                  | TURNER   | M      |     30 |
| FRED     | M      |     20 |                  | FRED     | M      |     20 |
| KING     | M      |     10 |                  | KING     | M      |     10 |
| SCOTT    | M      |     20 |                  | SCOTT    | M      |     20 |
| CLARK    | M      |     10 |                  | CLARK    | M      |     10 |
| BLAKE    | M      |     30 |                  | BLAKE    | M      |     30 |
| MARTIN   | M      |     30 |                  | MARTIN   | M      |     30 |
| JONES    | M      |     20 |                  | JONES    | M      |     20 |
| WARD     | M      |     30 |                  | WARD     | M      |     30 |
| ALLEN    | M      |     30 |                  | ALLEN    | M      |     30 |
| THOMAS   | M      |     10 |                  | THOMAS   | M      |     10 |
| AARAV    | M      |     10 |                  | AARAV    | M      |     10 |
| SMITH    | M      |     20 |                  | SMITH    | M      |     20 |
| BANDISH  | F      |     20 |                  | BANDISH  | F      |     20 |
| SHARMIN  | F      |     20 |                  | SHARMIN  | F      |     20 |
| VRUSHALI | F      |     50 |                  | VRUSHALI | F      |     50 |
| GITA     | F      |     30 |                  | GITA     | F      |     30 |
| SUPRIYA  | F      |     50 |                  | SUPRIYA  | F      |     50 |
| SANGITA  | F      |     50 |                  | SANGITA  | F      |     50 |
| NATASHA  | F      |     30 |                  | NATASHA  | F      |     30 |
| ALEX     | M      |     30 |                  | ALEX     | M      |     30 |
| AARUSH   | M      |     30 |                  | AARUSH   | M      |     30 |
| MILLER   | M      |     10 |                  | MILLER   | M      |     10 |
| GRASS    | M      |     30 |                  | GRASS    | M      |     30 |
| HOFFMAN  | M      |     30 |                  | HOFFMAN  | M      |     30 |
| FORD     | M      |     20 |                  | FORD     | M      |     20 |
| JAMES    | M      |     30 |                  | JAMES    | M      |     30 |
| ADAMS    | M      |     20 |                  | ADAMS    | M      |     20 |
| TURNER   | M      |     30 |                  | TURNER   | M      |     30 |
| FRED     | M      |     20 |                  | FRED     | M      |     20 |
| KING     | M      |     10 |                  | KING     | M      |     10 |
| SCOTT    | M      |     20 |                  | SCOTT    | M      |     20 |
| CLARK    | M      |     10 |                  | CLARK    | M      |     10 |
| BLAKE    | M      |     30 |                  | BLAKE    | M      |     30 |
| MARTIN   | M      |     30 |                  | MARTIN   | M      |     30 |
| JONES    | M      |     20 |                  | JONES    | M      |     20 |
| WARD     | M      |     30 |                  | WARD     | M      |     30 |
| ALLEN    | M      |     30 |                  | ALLEN    | M      |     30 |
| THOMAS   | M      |     10 |                  | THOMAS   | M      |     10 |
| AARAV    | M      |     10 |                  | AARAV    | M      |     10 |
| SMITH    | M      |     20 |                  | SMITH    | M      |     20 |
| BANDISH  | F      |     20 |                  | BANDISH  | F      |     20 |
| SHARMIN  | F      |     20 |                  | SHARMIN  | F      |     20 |
| VRUSHALI | F      |     50 |                  | VRUSHALI | F      |     50 |
| GITA     | F      |     30 |                  | GITA     | F      |     30 |
| SUPRIYA  | F      |     50 |                  | SUPRIYA  | F      |     50 |
| SANGITA  | F      |     50 |                  | SANGITA  | F      |     50 |
| NATASHA  | F      |     30 |                  | NATASHA  | F      |     30 |
| ALEX     | M      |     30 |                  | ALEX     | M      |     30 |
| AARUSH   | M      |     30 |                  | AARUSH   | M      |     30 |
| MILLER   | M      |     10 |                  | MILLER   | M      |     10 |
| GRASS    | M      |     30 |                  | GRASS    | M      |     30 |
| HOFFMAN  | M      |     30 |                  | HOFFMAN  | M      |     30 |
| FORD     | M      |     20 |                  | FORD     | M      |     20 |
| JAMES    | M      |     30 |                  | JAMES    | M      |     30 |
| ADAMS    | M      |     20 |                  | ADAMS    | M      |     20 |
| TURNER   | M      |     30 |                  | TURNER   | M      |     30 |
| FRED     | M      |     20 |                  | FRED     | M      |     20 |
| KING     | M      |     10 |                  | KING     | M      |     10 |
| SCOTT    | M      |     20 |                  | SCOTT    | M      |     20 |
| CLARK    | M      |     10 |                  | CLARK    | M      |     10 |
| BLAKE    | M      |     30 |                  | BLAKE    | M      |     30 |
| MARTIN   | M      |     30 |                  | MARTIN   | M      |     30 |
| JONES    | M      |     20 |                  | JONES    | M      |     20 |
| WARD     | M      |     30 |                  | WARD     | M      |     30 |
| ALLEN    | M      |     30 |                  | ALLEN    | M      |     30 |
| THOMAS   | M      |     10 |                  | THOMAS   | M      |     10 |
| AARAV    | M      |     10 |                  | AARAV    | M      |     10 |
| SMITH    | M      |     20 |                  | SMITH    | M      |     20 |
| BANDISH  | F      |     20 |                  | BANDISH  | F      |     20 |
| SHARMIN  | F      |     20 |                  | SHARMIN  | F      |     20 |
| VRUSHALI | F      |     50 |                  | VRUSHALI | F      |     50 |
| GITA     | F      |     30 |                  | GITA     | F      |     30 |
| SUPRIYA  | F      |     50 |                  | SUPRIYA  | F      |     50 |
| SANGITA  | F      |     50 |                  | SANGITA  | F      |     50 |
| NATASHA  | F      |     30 |                  | NATASHA  | F      |     30 |
| ALEX     | M      |     30 |                  | ALEX     | M      |     30 |
| AARUSH   | M      |     30 |                  | AARUSH   | M      |     30 |
| MILLER   | M      |     10 |                  | MILLER   | M      |     10 |
| GRASS    | M      |     30 |                  | GRASS    | M      |     30 |
| HOFFMAN  | M      |     30 |                  | HOFFMAN  | M      |     30 |
| FORD     | M      |     20 |                  | FORD     | M      |     20 |
| JAMES    | M      |     30 |                  | JAMES    | M      |     30 |
| ADAMS    | M      |     20 |                  | ADAMS    | M      |     20 |
| TURNER   | M      |     30 |                  | TURNER   | M      |     30 |
| FRED     | M      |     20 |                  | FRED     | M      |     20 |
| KING     | M      |     10 |                  | KING     | M      |     10 |
| SCOTT    | M      |     20 |                  | SCOTT    | M      |     20 |
| CLARK    | M      |     10 |                  | CLARK    | M      |     10 |
| BLAKE    | M      |     30 |                  | BLAKE    | M      |     30 |
| MARTIN   | M      |     30 |                  | MARTIN   | M      |     30 |
| JONES    | M      |     20 |                  | JONES    | M      |     20 |
| WARD     | M      |     30 |                  | WARD     | M      |     30 |
| ALLEN    | M      |     30 |                  | ALLEN    | M      |     30 |
| THOMAS   | M      |     10 |                  | THOMAS   | M      |     10 |
| AARAV    | M      |     10 |                  | AARAV    | M      |     10 |
| SMITH    | M      |     20 |                  | SMITH    | M      |     20 |
| BANDISH  | F      |     20 |                  | BANDISH  | F      |     20 |
| SHARMIN  | F      |     20 |                  | SHARMIN  | F      |     20 |
| VRUSHALI | F      |     50 |                  | VRUSHALI | F      |     50 |
| GITA     | F      |     30 |                  | GITA     | F      |     30 |
| SUPRIYA  | F      |     50 |                  | SUPRIYA  | F      |     50 |
| SANGITA  | F      |     50 |                  | SANGITA  | F      |     50 |
| NATASHA  | F      |     30 |                  | NATASHA  | F      |     30 |
| ALEX     | M      |     30 |                  | ALEX     | M      |     30 |
| AARUSH   | M      |     30 |                  | AARUSH   | M      |     30 |
| MILLER   | M      |     10 |                  | MILLER   | M      |     10 |
| GRASS    | M      |     30 |                  | GRASS    | M      |     30 |
| HOFFMAN  | M      |     30 |                  | HOFFMAN  | M      |     30 |
| FORD     | M      |     20 |                  | FORD     | M      |     20 |
| JAMES    | M      |     30 |                  | JAMES    | M      |     30 |
| ADAMS    | M      |     20 |                  | ADAMS    | M      |     20 |
| TURNER   | M      |     30 |                  | TURNER   | M      |     30 |
| FRED     | M      |     20 |                  | FRED     | M      |     20 |
| KING     | M      |     10 |                  | KING     | M      |     10 |
| SCOTT    | M      |     20 |                  | SCOTT    | M      |     20 |
| CLARK    | M      |     10 |                  | CLARK    | M      |     10 |
| BLAKE    | M      |     30 |                  | BLAKE    | M      |     30 |
| MARTIN   | M      |     30 |                  | MARTIN   | M      |     30 |
| JONES    | M      |     20 |                  | JONES    | M      |     20 |
| WARD     | M      |     30 |                  | WARD     | M      |     30 |
| ALLEN    | M      |     30 |                  | ALLEN    | M      |     30 |
| THOMAS   | M      |     10 |                  | THOMAS   | M      |     10 |
| AARAV    | M      |     10 |                  | AARAV    | M      |     10 |
| SMITH    | M      |     20 |                  | SMITH    | M      |     20 |
| BANDISH  | F      |     20 |                  | BANDISH  | F      |     20 |
| SHARMIN  | F      |     20 |                  | SHARMIN  | F      |     20 |
| VRUSHALI | F      |     50 |                  | VRUSHALI | F      |     50 |
| GITA     | F      |     30 |                  | GITA     | F      |     30 |
+----------+--------+--------+------------------+----------+--------+--------+
784 rows in set (0.01 sec)

mysql> ^C
mysql> select a.ename, a.gender, a.deptno, '                ', a.ename, a.gender, a.deptno from emp a;
+----------+--------+--------+------------------+----------+--------+--------+
| ename    | gender | deptno |                  | ename    | gender | deptno |
+----------+--------+--------+------------------+----------+--------+--------+
| GITA     | F      |     30 |                  | GITA     | F      |     30 |
| VRUSHALI | F      |     50 |                  | VRUSHALI | F      |     50 |
| SHARMIN  | F      |     20 |                  | SHARMIN  | F      |     20 |
| BANDISH  | F      |     20 |                  | BANDISH  | F      |     20 |
| SMITH    | M      |     20 |                  | SMITH    | M      |     20 |
| AARAV    | M      |     10 |                  | AARAV    | M      |     10 |
| THOMAS   | M      |     10 |                  | THOMAS   | M      |     10 |
| ALLEN    | M      |     30 |                  | ALLEN    | M      |     30 |
| WARD     | M      |     30 |                  | WARD     | M      |     30 |
| JONES    | M      |     20 |                  | JONES    | M      |     20 |
| MARTIN   | M      |     30 |                  | MARTIN   | M      |     30 |
| BLAKE    | M      |     30 |                  | BLAKE    | M      |     30 |
| CLARK    | M      |     10 |                  | CLARK    | M      |     10 |
| SCOTT    | M      |     20 |                  | SCOTT    | M      |     20 |
| KING     | M      |     10 |                  | KING     | M      |     10 |
| FRED     | M      |     20 |                  | FRED     | M      |     20 |
| TURNER   | M      |     30 |                  | TURNER   | M      |     30 |
| ADAMS    | M      |     20 |                  | ADAMS    | M      |     20 |
| JAMES    | M      |     30 |                  | JAMES    | M      |     30 |
| FORD     | M      |     20 |                  | FORD     | M      |     20 |
| HOFFMAN  | M      |     30 |                  | HOFFMAN  | M      |     30 |
| GRASS    | M      |     30 |                  | GRASS    | M      |     30 |
| MILLER   | M      |     10 |                  | MILLER   | M      |     10 |
| AARUSH   | M      |     30 |                  | AARUSH   | M      |     30 |
| ALEX     | M      |     30 |                  | ALEX     | M      |     30 |
| NATASHA  | F      |     30 |                  | NATASHA  | F      |     30 |
| SANGITA  | F      |     50 |                  | SANGITA  | F      |     50 |
| SUPRIYA  | F      |     50 |                  | SUPRIYA  | F      |     50 |
+----------+--------+--------+------------------+----------+--------+--------+
28 rows in set (0.00 sec)

mysql> select a.ename, a.gender, a.deptno, ' <---- M employees     F Employees  ---->    ', a.ename, a.gender, a.deptno from emp a;
+----------+--------+--------+-----------------------------------------------+----------+--------+--------+
| ename    | gender | deptno | <---- M employees     F Employees  ---->      | ename    | gender | deptno |
+----------+--------+--------+-----------------------------------------------+----------+--------+--------+
| GITA     | F      |     30 |  <---- M employees     F Employees  ---->     | GITA     | F      |     30 |
| VRUSHALI | F      |     50 |  <---- M employees     F Employees  ---->     | VRUSHALI | F      |     50 |
| SHARMIN  | F      |     20 |  <---- M employees     F Employees  ---->     | SHARMIN  | F      |     20 |
| BANDISH  | F      |     20 |  <---- M employees     F Employees  ---->     | BANDISH  | F      |     20 |
| SMITH    | M      |     20 |  <---- M employees     F Employees  ---->     | SMITH    | M      |     20 |
| AARAV    | M      |     10 |  <---- M employees     F Employees  ---->     | AARAV    | M      |     10 |
| THOMAS   | M      |     10 |  <---- M employees     F Employees  ---->     | THOMAS   | M      |     10 |
| ALLEN    | M      |     30 |  <---- M employees     F Employees  ---->     | ALLEN    | M      |     30 |
| WARD     | M      |     30 |  <---- M employees     F Employees  ---->     | WARD     | M      |     30 |
| JONES    | M      |     20 |  <---- M employees     F Employees  ---->     | JONES    | M      |     20 |
| MARTIN   | M      |     30 |  <---- M employees     F Employees  ---->     | MARTIN   | M      |     30 |
| BLAKE    | M      |     30 |  <---- M employees     F Employees  ---->     | BLAKE    | M      |     30 |
| CLARK    | M      |     10 |  <---- M employees     F Employees  ---->     | CLARK    | M      |     10 |
| SCOTT    | M      |     20 |  <---- M employees     F Employees  ---->     | SCOTT    | M      |     20 |
| KING     | M      |     10 |  <---- M employees     F Employees  ---->     | KING     | M      |     10 |
| FRED     | M      |     20 |  <---- M employees     F Employees  ---->     | FRED     | M      |     20 |
| TURNER   | M      |     30 |  <---- M employees     F Employees  ---->     | TURNER   | M      |     30 |
| ADAMS    | M      |     20 |  <---- M employees     F Employees  ---->     | ADAMS    | M      |     20 |
| JAMES    | M      |     30 |  <---- M employees     F Employees  ---->     | JAMES    | M      |     30 |
| FORD     | M      |     20 |  <---- M employees     F Employees  ---->     | FORD     | M      |     20 |
| HOFFMAN  | M      |     30 |  <---- M employees     F Employees  ---->     | HOFFMAN  | M      |     30 |
| GRASS    | M      |     30 |  <---- M employees     F Employees  ---->     | GRASS    | M      |     30 |
| MILLER   | M      |     10 |  <---- M employees     F Employees  ---->     | MILLER   | M      |     10 |
| AARUSH   | M      |     30 |  <---- M employees     F Employees  ---->     | AARUSH   | M      |     30 |
| ALEX     | M      |     30 |  <---- M employees     F Employees  ---->     | ALEX     | M      |     30 |
| NATASHA  | F      |     30 |  <---- M employees     F Employees  ---->     | NATASHA  | F      |     30 |
| SANGITA  | F      |     50 |  <---- M employees     F Employees  ---->     | SANGITA  | F      |     50 |
| SUPRIYA  | F      |     50 |  <---- M employees     F Employees  ---->     | SUPRIYA  | F      |     50 |
+----------+--------+--------+-----------------------------------------------+----------+--------+--------+
28 rows in set (0.00 sec)

mysql>
mysql>
mysql>
mysql>
mysql>
mysql>
mysql>
mysql>
mysql>
mysql>
mysql>
mysql>
mysql>
mysql>
mysql>
mysql>
mysql>
mysql>
mysql>
mysql>
mysql>
mysql>
mysql> select ename, gender, deptno from emp f where not exists (select true from emp m where f.deptno=m.deptno and f.gendrt='m' );
ERROR 1054 (42S22): Unknown column 'f.gendrt' in 'where clause'
mysql> select ename, gender, deptno from emp f where not exists (select true from emp m where f.deptno=m.deptno and f.gendet='m' );
ERROR 1054 (42S22): Unknown column 'f.gendet' in 'where clause'
mysql> select ename, gender, deptno from emp f where not exists (select true from emp m where f.deptno=m.deptno and f.gender='m' );
+----------+--------+--------+
| ename    | gender | deptno |
+----------+--------+--------+
| GITA     | F      |     30 |
| VRUSHALI | F      |     50 |
| SHARMIN  | F      |     20 |
| BANDISH  | F      |     20 |
| NATASHA  | F      |     30 |
| SANGITA  | F      |     50 |
| SUPRIYA  | F      |     50 |
+----------+--------+--------+
7 rows in set (0.00 sec)

mysql> select ename, gender, deptno from emp f where exists (select true from emp m where f.deptno=m.deptno and f.gender='m' );
+---------+--------+--------+
| ename   | gender | deptno |
+---------+--------+--------+
| SMITH   | M      |     20 |
| AARAV   | M      |     10 |
| THOMAS  | M      |     10 |
| ALLEN   | M      |     30 |
| WARD    | M      |     30 |
| JONES   | M      |     20 |
| MARTIN  | M      |     30 |
| BLAKE   | M      |     30 |
| CLARK   | M      |     10 |
| SCOTT   | M      |     20 |
| KING    | M      |     10 |
| FRED    | M      |     20 |
| TURNER  | M      |     30 |
| ADAMS   | M      |     20 |
| JAMES   | M      |     30 |
| FORD    | M      |     20 |
| HOFFMAN | M      |     30 |
| GRASS   | M      |     30 |
| MILLER  | M      |     10 |
| AARUSH  | M      |     30 |
| ALEX    | M      |     30 |
+---------+--------+--------+
21 rows in set (0.01 sec)

mysql> select ename, gender, deptno from emp f where exists (select true from emp m where f.deptno=m.deptno and f.gender='m' ) order by deptno;
+---------+--------+--------+
| ename   | gender | deptno |
+---------+--------+--------+
| AARAV   | M      |     10 |
| THOMAS  | M      |     10 |
| CLARK   | M      |     10 |
| KING    | M      |     10 |
| MILLER  | M      |     10 |
| SMITH   | M      |     20 |
| JONES   | M      |     20 |
| SCOTT   | M      |     20 |
| FRED    | M      |     20 |
| ADAMS   | M      |     20 |
| FORD    | M      |     20 |
| ALLEN   | M      |     30 |
| WARD    | M      |     30 |
| MARTIN  | M      |     30 |
| BLAKE   | M      |     30 |
| TURNER  | M      |     30 |
| JAMES   | M      |     30 |
| HOFFMAN | M      |     30 |
| GRASS   | M      |     30 |
| AARUSH  | M      |     30 |
| ALEX    | M      |     30 |
+---------+--------+--------+
21 rows in set (0.00 sec)

mysql>
mysql> select ename, gender, deptno from emp f where not exists (select true from emp m where f.deptno=m.deptno and f.gender<>'m' );
+---------+--------+--------+
| ename   | gender | deptno |
+---------+--------+--------+
| SMITH   | M      |     20 |
| AARAV   | M      |     10 |
| THOMAS  | M      |     10 |
| ALLEN   | M      |     30 |
| WARD    | M      |     30 |
| JONES   | M      |     20 |
| MARTIN  | M      |     30 |
| BLAKE   | M      |     30 |
| CLARK   | M      |     10 |
| SCOTT   | M      |     20 |
| KING    | M      |     10 |
| FRED    | M      |     20 |
| TURNER  | M      |     30 |
| ADAMS   | M      |     20 |
| JAMES   | M      |     30 |
| FORD    | M      |     20 |
| HOFFMAN | M      |     30 |
| GRASS   | M      |     30 |
| MILLER  | M      |     10 |
| AARUSH  | M      |     30 |
| ALEX    | M      |     30 |
+---------+--------+--------+
21 rows in set (0.00 sec)

mysql> select ename, gender, deptno from emp f where not exists (select true from emp m where f.deptno<>m.deptno and f.gender='m' );
+----------+--------+--------+
| ename    | gender | deptno |
+----------+--------+--------+
| GITA     | F      |     30 |
| VRUSHALI | F      |     50 |
| SHARMIN  | F      |     20 |
| BANDISH  | F      |     20 |
| NATASHA  | F      |     30 |
| SANGITA  | F      |     50 |
| SUPRIYA  | F      |     50 |
+----------+--------+--------+
7 rows in set (0.00 sec)

mysql> select ename, gender, deptno from emp f where exists (select true from emp m where f.deptno<>m.deptno and f.gender='m' );
+---------+--------+--------+
| ename   | gender | deptno |
+---------+--------+--------+
| SMITH   | M      |     20 |
| AARAV   | M      |     10 |
| THOMAS  | M      |     10 |
| ALLEN   | M      |     30 |
| WARD    | M      |     30 |
| JONES   | M      |     20 |
| MARTIN  | M      |     30 |
| BLAKE   | M      |     30 |
| CLARK   | M      |     10 |
| SCOTT   | M      |     20 |
| KING    | M      |     10 |
| FRED    | M      |     20 |
| TURNER  | M      |     30 |
| ADAMS   | M      |     20 |
| JAMES   | M      |     30 |
| FORD    | M      |     20 |
| HOFFMAN | M      |     30 |
| GRASS   | M      |     30 |
| MILLER  | M      |     10 |
| AARUSH  | M      |     30 |
| ALEX    | M      |     30 |
+---------+--------+--------+
21 rows in set (0.00 sec)

mysql>
mysql>
mysql> select ename, gender, deptno from emp f where exists (select true from emp m where f.deptno=m.deptno and m.gender='m' );
+---------+--------+--------+
| ename   | gender | deptno |
+---------+--------+--------+
| SHARMIN | F      |     20 |
| BANDISH | F      |     20 |
| SMITH   | M      |     20 |
| JONES   | M      |     20 |
| SCOTT   | M      |     20 |
| FRED    | M      |     20 |
| ADAMS   | M      |     20 |
| FORD    | M      |     20 |
| AARAV   | M      |     10 |
| THOMAS  | M      |     10 |
| CLARK   | M      |     10 |
| KING    | M      |     10 |
| MILLER  | M      |     10 |
| GITA    | F      |     30 |
| ALLEN   | M      |     30 |
| WARD    | M      |     30 |
| MARTIN  | M      |     30 |
| BLAKE   | M      |     30 |
| TURNER  | M      |     30 |
| JAMES   | M      |     30 |
| HOFFMAN | M      |     30 |
| GRASS   | M      |     30 |
| AARUSH  | M      |     30 |
| ALEX    | M      |     30 |
| NATASHA | F      |     30 |
+---------+--------+--------+
25 rows in set (0.00 sec)

mysql>
mysql>
mysql> select ename, gender, deptno from emp f where not exists (select true from emp m where f.deptno=m.deptno and m.gender='m');
+----------+--------+--------+
| ename    | gender | deptno |
+----------+--------+--------+
| VRUSHALI | F      |     50 |
| SANGITA  | F      |     50 |
| SUPRIYA  | F      |     50 |
+----------+--------+--------+
3 rows in set (0.00 sec)

mysql> select ename, gender, deptno from emp f where not exists (select true from emp m where f.deptno=m.deptno and m.gender='f');
+--------+--------+--------+
| ename  | gender | deptno |
+--------+--------+--------+
| AARAV  | M      |     10 |
| THOMAS | M      |     10 |
| CLARK  | M      |     10 |
| KING   | M      |     10 |
| MILLER | M      |     10 |
+--------+--------+--------+
5 rows in set (0.00 sec)

mysql> select ename, job, hiredate, sal from emp;
+----------+---------------------+------------+------+
| ename    | job                 | hiredate   | sal  |
+----------+---------------------+------------+------+
| GITA     | Compliance officers | 1981-07-19 | 1750 |
| VRUSHALI | Compliance officers | 1981-07-19 | 1750 |
| SHARMIN  | Public Relation     | 1981-07-19 | 1750 |
| BANDISH  | Public Relation     | 1981-07-19 | 1750 |
| SMITH    | CLERK               | 1980-12-17 |  800 |
| AARAV    | CLERK               | 1981-12-31 | 3350 |
| THOMAS   | CLERK               | 1981-07-19 | 1750 |
| ALLEN    | SALESMAN            | 1981-02-20 | 1600 |
| WARD     | SALESMAN            | 1981-02-22 | 1250 |
| JONES    | MANAGER             | 1981-04-02 | 2975 |
| MARTIN   | SALESMAN            | 1981-09-28 | 1250 |
| BLAKE    | MANAGER             | 1981-05-01 | 2850 |
| CLARK    | MANAGER             | 1981-06-09 | 2450 |
| SCOTT    | ANALYST             | 1982-12-09 | 3000 |
| KING     | PRESIDENT           | 1981-11-17 | 5000 |
| FRED     | vice PRESIDENT      | 1983-08-09 | 5000 |
| TURNER   | SALESMAN            | 1981-09-08 | 1500 |
| ADAMS    | CLERK               | 1983-01-12 | 1100 |
| JAMES    | CLERK               | 1981-12-03 |  950 |
| FORD     | ANALYST             | 1981-12-03 | 3000 |
| HOFFMAN  | MANAGER             | 1982-03-24 | 4150 |
| GRASS    | SALESMAN            | 1980-02-14 | 2575 |
| MILLER   | CLERK               | 1982-01-23 | 1300 |
| AARUSH   | SALESMAN            | 1980-02-14 | 1350 |
| ALEX     | MANAGER             | 1982-01-24 | 1250 |
| NATASHA  | CLERK               | 1981-07-19 | 1750 |
| SANGITA  | Compliance officers | 1981-07-19 | 1750 |
| SUPRIYA  | ANALYST             | 1981-07-19 | 1750 |
+----------+---------------------+------------+------+
28 rows in set (0.00 sec)

mysql> select ename, job, hiredate, sal from emp order by 3;
+----------+---------------------+------------+------+
| ename    | job                 | hiredate   | sal  |
+----------+---------------------+------------+------+
| GRASS    | SALESMAN            | 1980-02-14 | 2575 |
| AARUSH   | SALESMAN            | 1980-02-14 | 1350 |
| SMITH    | CLERK               | 1980-12-17 |  800 |
| ALLEN    | SALESMAN            | 1981-02-20 | 1600 |
| WARD     | SALESMAN            | 1981-02-22 | 1250 |
| JONES    | MANAGER             | 1981-04-02 | 2975 |
| BLAKE    | MANAGER             | 1981-05-01 | 2850 |
| CLARK    | MANAGER             | 1981-06-09 | 2450 |
| GITA     | Compliance officers | 1981-07-19 | 1750 |
| VRUSHALI | Compliance officers | 1981-07-19 | 1750 |
| SHARMIN  | Public Relation     | 1981-07-19 | 1750 |
| BANDISH  | Public Relation     | 1981-07-19 | 1750 |
| THOMAS   | CLERK               | 1981-07-19 | 1750 |
| NATASHA  | CLERK               | 1981-07-19 | 1750 |
| SANGITA  | Compliance officers | 1981-07-19 | 1750 |
| SUPRIYA  | ANALYST             | 1981-07-19 | 1750 |
| TURNER   | SALESMAN            | 1981-09-08 | 1500 |
| MARTIN   | SALESMAN            | 1981-09-28 | 1250 |
| KING     | PRESIDENT           | 1981-11-17 | 5000 |
| JAMES    | CLERK               | 1981-12-03 |  950 |
| FORD     | ANALYST             | 1981-12-03 | 3000 |
| AARAV    | CLERK               | 1981-12-31 | 3350 |
| MILLER   | CLERK               | 1982-01-23 | 1300 |
| ALEX     | MANAGER             | 1982-01-24 | 1250 |
| HOFFMAN  | MANAGER             | 1982-03-24 | 4150 |
| SCOTT    | ANALYST             | 1982-12-09 | 3000 |
| ADAMS    | CLERK               | 1983-01-12 | 1100 |
| FRED     | vice PRESIDENT      | 1983-08-09 | 5000 |
+----------+---------------------+------------+------+
28 rows in set (0.00 sec)

mysql>
mysql>
mysql>
mysql>
mysql>
mysql> select ename, hiredate from emp a where a.hiredate = (select hiredate from emp b where a.hiredate=b.hiredate) order by 2;
ERROR 1242 (21000): Subquery returns more than 1 row
mysql> select ename, hiredate from emp a where a.hiredate in (select hiredate from emp b where a.hiredate=b.hiredate) order by 2;
+----------+------------+
| ename    | hiredate   |
+----------+------------+
| GRASS    | 1980-02-14 |
| AARUSH   | 1980-02-14 |
| SMITH    | 1980-12-17 |
| ALLEN    | 1981-02-20 |
| WARD     | 1981-02-22 |
| JONES    | 1981-04-02 |
| BLAKE    | 1981-05-01 |
| CLARK    | 1981-06-09 |
| GITA     | 1981-07-19 |
| VRUSHALI | 1981-07-19 |
| SHARMIN  | 1981-07-19 |
| BANDISH  | 1981-07-19 |
| THOMAS   | 1981-07-19 |
| NATASHA  | 1981-07-19 |
| SANGITA  | 1981-07-19 |
| SUPRIYA  | 1981-07-19 |
| TURNER   | 1981-09-08 |
| MARTIN   | 1981-09-28 |
| KING     | 1981-11-17 |
| JAMES    | 1981-12-03 |
| FORD     | 1981-12-03 |
| AARAV    | 1981-12-31 |
| MILLER   | 1982-01-23 |
| ALEX     | 1982-01-24 |
| HOFFMAN  | 1982-03-24 |
| SCOTT    | 1982-12-09 |
| ADAMS    | 1983-01-12 |
| FRED     | 1983-08-09 |
+----------+------------+
28 rows in set (0.00 sec)

mysql> select empno, ename, job, hiredate, sal from emp order by 3;
+-------+----------+---------------------+------------+------+
| empno | ename    | job                 | hiredate   | sal  |
+-------+----------+---------------------+------------+------+
|  7788 | SCOTT    | ANALYST             | 1982-12-09 | 3000 |
|  7902 | FORD     | ANALYST             | 1981-12-03 | 3000 |
|  9473 | SUPRIYA  | ANALYST             | 1981-07-19 | 1750 |
|  7369 | SMITH    | CLERK               | 1980-12-17 |  800 |
|  7415 | AARAV    | CLERK               | 1981-12-31 | 3350 |
|  7421 | THOMAS   | CLERK               | 1981-07-19 | 1750 |
|  7876 | ADAMS    | CLERK               | 1983-01-12 | 1100 |
|  7900 | JAMES    | CLERK               | 1981-12-03 |  950 |
|  7934 | MILLER   | CLERK               | 1982-01-23 | 1300 |
|  8433 | NATASHA  | CLERK               | 1981-07-19 | 1750 |
|  6001 | GITA     | Compliance officers | 1981-07-19 | 1750 |
|  6129 | VRUSHALI | Compliance officers | 1981-07-19 | 1750 |
|  9400 | SANGITA  | Compliance officers | 1981-07-19 | 1750 |
|  7566 | JONES    | MANAGER             | 1981-04-02 | 2975 |
|  7698 | BLAKE    | MANAGER             | 1981-05-01 | 2850 |
|  7782 | CLARK    | MANAGER             | 1981-06-09 | 2450 |
|  7919 | HOFFMAN  | MANAGER             | 1982-03-24 | 4150 |
|  7949 | ALEX     | MANAGER             | 1982-01-24 | 1250 |
|  7839 | KING     | PRESIDENT           | 1981-11-17 | 5000 |
|  6473 | SHARMIN  | Public Relation     | 1981-07-19 | 1750 |
|  6781 | BANDISH  | Public Relation     | 1981-07-19 | 1750 |
|  7499 | ALLEN    | SALESMAN            | 1981-02-20 | 1600 |
|  7521 | WARD     | SALESMAN            | 1981-02-22 | 1250 |
|  7654 | MARTIN   | SALESMAN            | 1981-09-28 | 1250 |
|  7844 | TURNER   | SALESMAN            | 1981-09-08 | 1500 |
|  7920 | GRASS    | SALESMAN            | 1980-02-14 | 2575 |
|  7945 | AARUSH   | SALESMAN            | 1980-02-14 | 1350 |
|  7840 | FRED     | vice PRESIDENT      | 1983-08-09 | 5000 |
+-------+----------+---------------------+------------+------+
28 rows in set (0.00 sec)

mysql> select ename, hiredate from emp a where a.hiredate in (select hiredate from emp b where a.hiredate=b.hiredate) order by 2;
+----------+------------+
| ename    | hiredate   |
+----------+------------+
| GRASS    | 1980-02-14 |
| AARUSH   | 1980-02-14 |
| SMITH    | 1980-12-17 |
| ALLEN    | 1981-02-20 |
| WARD     | 1981-02-22 |
| JONES    | 1981-04-02 |
| BLAKE    | 1981-05-01 |
| CLARK    | 1981-06-09 |
| GITA     | 1981-07-19 |
| VRUSHALI | 1981-07-19 |
| SHARMIN  | 1981-07-19 |
| BANDISH  | 1981-07-19 |
| THOMAS   | 1981-07-19 |
| NATASHA  | 1981-07-19 |
| SANGITA  | 1981-07-19 |
| SUPRIYA  | 1981-07-19 |
| TURNER   | 1981-09-08 |
| MARTIN   | 1981-09-28 |
| KING     | 1981-11-17 |
| JAMES    | 1981-12-03 |
| FORD     | 1981-12-03 |
| AARAV    | 1981-12-31 |
| MILLER   | 1982-01-23 |
| ALEX     | 1982-01-24 |
| HOFFMAN  | 1982-03-24 |
| SCOTT    | 1982-12-09 |
| ADAMS    | 1983-01-12 |
| FRED     | 1983-08-09 |
+----------+------------+
28 rows in set (0.00 sec)

mysql> select ename, hiredate from emp a where a.hiredate in (select hiredate from emp b where a.hiredate=b.hiredate and a.empno<>b.empno) order by 2;
+----------+------------+
| ename    | hiredate   |
+----------+------------+
| GRASS    | 1980-02-14 |
| AARUSH   | 1980-02-14 |
| GITA     | 1981-07-19 |
| VRUSHALI | 1981-07-19 |
| SHARMIN  | 1981-07-19 |
| BANDISH  | 1981-07-19 |
| THOMAS   | 1981-07-19 |
| NATASHA  | 1981-07-19 |
| SANGITA  | 1981-07-19 |
| SUPRIYA  | 1981-07-19 |
| JAMES    | 1981-12-03 |
| FORD     | 1981-12-03 |
+----------+------------+
12 rows in set (0.00 sec)

mysql> select ename, hiredate from emp a where a.hiredate in (select hiredate from emp b where a.sal=b.sal and a.empno<>b.empno) order by 2;
+----------+------------+
| ename    | hiredate   |
+----------+------------+
| GITA     | 1981-07-19 |
| VRUSHALI | 1981-07-19 |
| SHARMIN  | 1981-07-19 |
| BANDISH  | 1981-07-19 |
| THOMAS   | 1981-07-19 |
| NATASHA  | 1981-07-19 |
| SANGITA  | 1981-07-19 |
| SUPRIYA  | 1981-07-19 |
+----------+------------+
8 rows in set (0.00 sec)

mysql> select ename, hiredate,sal from emp a where a.hiredate in (select hiredate from emp b where a.sal=b.sal and a.empno<>b.empno) order by 2;
+----------+------------+------+
| ename    | hiredate   | sal  |
+----------+------------+------+
| GITA     | 1981-07-19 | 1750 |
| VRUSHALI | 1981-07-19 | 1750 |
| SHARMIN  | 1981-07-19 | 1750 |
| BANDISH  | 1981-07-19 | 1750 |
| THOMAS   | 1981-07-19 | 1750 |
| NATASHA  | 1981-07-19 | 1750 |
| SANGITA  | 1981-07-19 | 1750 |
| SUPRIYA  | 1981-07-19 | 1750 |
+----------+------------+------+
8 rows in set (0.00 sec)

mysql> select job, sal from emp group by job,sal;
+---------------------+------+
| job                 | sal  |
+---------------------+------+
| Compliance officers | 1750 |
| Public Relation     | 1750 |
| CLERK               |  800 |
| CLERK               | 3350 |
| CLERK               | 1750 |
| SALESMAN            | 1600 |
| SALESMAN            | 1250 |
| MANAGER             | 2975 |
| MANAGER             | 2850 |
| MANAGER             | 2450 |
| ANALYST             | 3000 |
| PRESIDENT           | 5000 |
| vice PRESIDENT      | 5000 |
| SALESMAN            | 1500 |
| CLERK               | 1100 |
| CLERK               |  950 |
| MANAGER             | 4150 |
| SALESMAN            | 2575 |
| CLERK               | 1300 |
| SALESMAN            | 1350 |
| MANAGER             | 1250 |
| ANALYST             | 1750 |
+---------------------+------+
22 rows in set (0.00 sec)

mysql> select job, sal, count(*) R! from emp group by job,sal;
ERROR 1064 (42000): You have an error in your SQL syntax; check the manual that corresponds to your MySQL server version for the right syntax to use near '! from emp group by job,sal' at line 1
mysql> select job, sal, count(*) R1 from emp group by job,sal;
+---------------------+------+----+
| job                 | sal  | R1 |
+---------------------+------+----+
| Compliance officers | 1750 |  3 |
| Public Relation     | 1750 |  2 |
| CLERK               |  800 |  1 |
| CLERK               | 3350 |  1 |
| CLERK               | 1750 |  2 |
| SALESMAN            | 1600 |  1 |
| SALESMAN            | 1250 |  2 |
| MANAGER             | 2975 |  1 |
| MANAGER             | 2850 |  1 |
| MANAGER             | 2450 |  1 |
| ANALYST             | 3000 |  2 |
| PRESIDENT           | 5000 |  1 |
| vice PRESIDENT      | 5000 |  1 |
| SALESMAN            | 1500 |  1 |
| CLERK               | 1100 |  1 |
| CLERK               |  950 |  1 |
| MANAGER             | 4150 |  1 |
| SALESMAN            | 2575 |  1 |
| CLERK               | 1300 |  1 |
| SALESMAN            | 1350 |  1 |
| MANAGER             | 1250 |  1 |
| ANALYST             | 1750 |  1 |
+---------------------+------+----+
22 rows in set (0.00 sec)

mysql> select job, sal, count(*) R1 from emp group by job,sal having count(*)>1;
+---------------------+------+----+
| job                 | sal  | R1 |
+---------------------+------+----+
| Compliance officers | 1750 |  3 |
| Public Relation     | 1750 |  2 |
| CLERK               | 1750 |  2 |
| SALESMAN            | 1250 |  2 |
| ANALYST             | 3000 |  2 |
+---------------------+------+----+
5 rows in set (0.00 sec)

mysql> select ename, job, sal, count(*) R1 from emp group by job,sal having count(*)>1;
ERROR 1055 (42000): Expression #1 of SELECT list is not in GROUP BY clause and contains nonaggregated column 'db1.emp.ENAME' which is not functionally dependent on columns in GROUP BY clause; this is incompatible with sql_mode=only_full_group_by
mysql> select ename, job, sal, count(*) R1 from emp group by job,sal having count(*)>1;
ERROR 1055 (42000): Expression #1 of SELECT list is not in GROUP BY clause and contains nonaggregated column 'db1.emp.ENAME' which is not functionally dependent on columns in GROUP BY clause; this is incompatible with sql_mode=only_full_group_by
mysql>
mysql>
mysql>
mysql>
mysql>
mysql> select ename, job, sal, count(*) R1 from emp group by job,sal having count(*)>1;       select ename, job, sal, count(*) R1 from emp group by job,sal having count(*)>1;
ERROR 1055 (42000): Expression #1 of SELECT list is not in GROUP BY clause and contains nonaggregated column 'db1.emp.ENAME' which is not functionally dependent on columns in GROUP BY clause; this is incompatible with sql_mode=only_full_group_by
mysql>
mysql> select ename, job, sal, count(*) R1 from emp group by ename, job, sal having count(*)>1;
Empty set (0.00 sec)

mysql> select ename, job, sal, count(*) R1 from emp group by ename, job, sal;
+----------+---------------------+------+----+
| ename    | job                 | sal  | R1 |
+----------+---------------------+------+----+
| GITA     | Compliance officers | 1750 |  1 |
| VRUSHALI | Compliance officers | 1750 |  1 |
| SHARMIN  | Public Relation     | 1750 |  1 |
| BANDISH  | Public Relation     | 1750 |  1 |
| SMITH    | CLERK               |  800 |  1 |
| AARAV    | CLERK               | 3350 |  1 |
| THOMAS   | CLERK               | 1750 |  1 |
| ALLEN    | SALESMAN            | 1600 |  1 |
| WARD     | SALESMAN            | 1250 |  1 |
| JONES    | MANAGER             | 2975 |  1 |
| MARTIN   | SALESMAN            | 1250 |  1 |
| BLAKE    | MANAGER             | 2850 |  1 |
| CLARK    | MANAGER             | 2450 |  1 |
| SCOTT    | ANALYST             | 3000 |  1 |
| KING     | PRESIDENT           | 5000 |  1 |
| FRED     | vice PRESIDENT      | 5000 |  1 |
| TURNER   | SALESMAN            | 1500 |  1 |
| ADAMS    | CLERK               | 1100 |  1 |
| JAMES    | CLERK               |  950 |  1 |
| FORD     | ANALYST             | 3000 |  1 |
| HOFFMAN  | MANAGER             | 4150 |  1 |
| GRASS    | SALESMAN            | 2575 |  1 |
| MILLER   | CLERK               | 1300 |  1 |
| AARUSH   | SALESMAN            | 1350 |  1 |
| ALEX     | MANAGER             | 1250 |  1 |
| NATASHA  | CLERK               | 1750 |  1 |
| SANGITA  | Compliance officers | 1750 |  1 |
| SUPRIYA  | ANALYST             | 1750 |  1 |
+----------+---------------------+------+----+
28 rows in set (0.00 sec)

mysql> select job, sal, count(*) R1 from emp group by job,sal having count(*)>1;
+---------------------+------+----+
| job                 | sal  | R1 |
+---------------------+------+----+
| Compliance officers | 1750 |  3 |
| Public Relation     | 1750 |  2 |
| CLERK               | 1750 |  2 |
| SALESMAN            | 1250 |  2 |
| ANALYST             | 3000 |  2 |
+---------------------+------+----+
5 rows in set (0.00 sec)

mysql> select * from emp, dept;
+-------+----------+--------+---------------------+------+------------+------+------+--------+---------+--------------+------------+------------+----------+--------+------------+----------+------------+------------+
| EMPNO | ENAME    | GENDER | JOB                 | MGR  | HIREDATE   | SAL  | COMM | DEPTNO | BONUSID | USER NAME    | PWD        | PHONE      | isActive | DEPTNO | DNAME      | LOC      | PWD        | STARTEDON  |
+-------+----------+--------+---------------------+------+------------+------+------+--------+---------+--------------+------------+------------+----------+--------+------------+----------+------------+------------+
|  6001 | GITA     | F      | Compliance officers | 7920 | 1981-07-19 | 1750 | NULL |     30 |       1 | GITA         | sales@2017 | NULL       |        1 |     50 | HR         | PUNE     | PUN@8877   | 22/12/1989 |
|  6001 | GITA     | F      | Compliance officers | 7920 | 1981-07-19 | 1750 | NULL |     30 |       1 | GITA         | sales@2017 | NULL       |        1 |     40 | OPERATIONS | BOSTON   | opr@123    | 12/07/1989 |
|  6001 | GITA     | F      | Compliance officers | 7920 | 1981-07-19 | 1750 | NULL |     30 |       1 | GITA         | sales@2017 | NULL       |        1 |     30 | SALES      | CHICAGO  | sales@2017 | 13/04/1989 |
|  6001 | GITA     | F      | Compliance officers | 7920 | 1981-07-19 | 1750 | NULL |     30 |       1 | GITA         | sales@2017 | NULL       |        1 |     20 | RESEARCH   | DALLAS   | a12recmpm  | 12/04/1989 |
|  6001 | GITA     | F      | Compliance officers | 7920 | 1981-07-19 | 1750 | NULL |     30 |       1 | GITA         | sales@2017 | NULL       |        1 |     10 | ACCOUNTING | NEW YORK | r50mpm     | 24/03/1989 |
|  6129 | VRUSHALI | F      | Compliance officers | 7920 | 1981-07-19 | 1750 | NULL |     50 |       1 | VRUSHALI     | PUN@8877   | NULL       |        1 |     50 | HR         | PUNE     | PUN@8877   | 22/12/1989 |
|  6129 | VRUSHALI | F      | Compliance officers | 7920 | 1981-07-19 | 1750 | NULL |     50 |       1 | VRUSHALI     | PUN@8877   | NULL       |        1 |     40 | OPERATIONS | BOSTON   | opr@123    | 12/07/1989 |
|  6129 | VRUSHALI | F      | Compliance officers | 7920 | 1981-07-19 | 1750 | NULL |     50 |       1 | VRUSHALI     | PUN@8877   | NULL       |        1 |     30 | SALES      | CHICAGO  | sales@2017 | 13/04/1989 |
|  6129 | VRUSHALI | F      | Compliance officers | 7920 | 1981-07-19 | 1750 | NULL |     50 |       1 | VRUSHALI     | PUN@8877   | NULL       |        1 |     20 | RESEARCH   | DALLAS   | a12recmpm  | 12/04/1989 |
|  6129 | VRUSHALI | F      | Compliance officers | 7920 | 1981-07-19 | 1750 | NULL |     50 |       1 | VRUSHALI     | PUN@8877   | NULL       |        1 |     10 | ACCOUNTING | NEW YORK | r50mpm     | 24/03/1989 |
|  6473 | SHARMIN  | F      | Public Relation     | 7920 | 1981-07-19 | 1750 | NULL |     20 |       1 | SHARMIN      | a12recmpm  | NULL       |        1 |     50 | HR         | PUNE     | PUN@8877   | 22/12/1989 |
|  6473 | SHARMIN  | F      | Public Relation     | 7920 | 1981-07-19 | 1750 | NULL |     20 |       1 | SHARMIN      | a12recmpm  | NULL       |        1 |     40 | OPERATIONS | BOSTON   | opr@123    | 12/07/1989 |
|  6473 | SHARMIN  | F      | Public Relation     | 7920 | 1981-07-19 | 1750 | NULL |     20 |       1 | SHARMIN      | a12recmpm  | NULL       |        1 |     30 | SALES      | CHICAGO  | sales@2017 | 13/04/1989 |
|  6473 | SHARMIN  | F      | Public Relation     | 7920 | 1981-07-19 | 1750 | NULL |     20 |       1 | SHARMIN      | a12recmpm  | NULL       |        1 |     20 | RESEARCH   | DALLAS   | a12recmpm  | 12/04/1989 |
|  6473 | SHARMIN  | F      | Public Relation     | 7920 | 1981-07-19 | 1750 | NULL |     20 |       1 | SHARMIN      | a12recmpm  | NULL       |        1 |     10 | ACCOUNTING | NEW YORK | r50mpm     | 24/03/1989 |
|  6781 | BANDISH  | F      | Public Relation     | 7920 | 1981-07-19 | 1750 | NULL |     20 |       1 | BANDISH      | a12recmpm  | NULL       |        1 |     50 | HR         | PUNE     | PUN@8877   | 22/12/1989 |
|  6781 | BANDISH  | F      | Public Relation     | 7920 | 1981-07-19 | 1750 | NULL |     20 |       1 | BANDISH      | a12recmpm  | NULL       |        1 |     40 | OPERATIONS | BOSTON   | opr@123    | 12/07/1989 |
|  6781 | BANDISH  | F      | Public Relation     | 7920 | 1981-07-19 | 1750 | NULL |     20 |       1 | BANDISH      | a12recmpm  | NULL       |        1 |     30 | SALES      | CHICAGO  | sales@2017 | 13/04/1989 |
|  6781 | BANDISH  | F      | Public Relation     | 7920 | 1981-07-19 | 1750 | NULL |     20 |       1 | BANDISH      | a12recmpm  | NULL       |        1 |     20 | RESEARCH   | DALLAS   | a12recmpm  | 12/04/1989 |
|  6781 | BANDISH  | F      | Public Relation     | 7920 | 1981-07-19 | 1750 | NULL |     20 |       1 | BANDISH      | a12recmpm  | NULL       |        1 |     10 | ACCOUNTING | NEW YORK | r50mpm     | 24/03/1989 |
|  7369 | SMITH    | M      | CLERK               | 7902 | 1980-12-17 |  800 | NULL |     20 |       2 | TRITONE      | a12recmpm  | 7032300023 |        0 |     50 | HR         | PUNE     | PUN@8877   | 22/12/1989 |
|  7369 | SMITH    | M      | CLERK               | 7902 | 1980-12-17 |  800 | NULL |     20 |       2 | TRITONE      | a12recmpm  | 7032300023 |        0 |     40 | OPERATIONS | BOSTON   | opr@123    | 12/07/1989 |
|  7369 | SMITH    | M      | CLERK               | 7902 | 1980-12-17 |  800 | NULL |     20 |       2 | TRITONE      | a12recmpm  | 7032300023 |        0 |     30 | SALES      | CHICAGO  | sales@2017 | 13/04/1989 |
|  7369 | SMITH    | M      | CLERK               | 7902 | 1980-12-17 |  800 | NULL |     20 |       2 | TRITONE      | a12recmpm  | 7032300023 |        0 |     20 | RESEARCH   | DALLAS   | a12recmpm  | 12/04/1989 |
|  7369 | SMITH    | M      | CLERK               | 7902 | 1980-12-17 |  800 | NULL |     20 |       2 | TRITONE      | a12recmpm  | 7032300023 |        0 |     10 | ACCOUNTING | NEW YORK | r50mpm     | 24/03/1989 |
|  7415 | AARAV    | M      | CLERK               | 7902 | 1981-12-31 | 3350 | NULL |     10 |    NULL | AARAV        | NULL       | 7032300084 |        0 |     50 | HR         | PUNE     | PUN@8877   | 22/12/1989 |
|  7415 | AARAV    | M      | CLERK               | 7902 | 1981-12-31 | 3350 | NULL |     10 |    NULL | AARAV        | NULL       | 7032300084 |        0 |     40 | OPERATIONS | BOSTON   | opr@123    | 12/07/1989 |
|  7415 | AARAV    | M      | CLERK               | 7902 | 1981-12-31 | 3350 | NULL |     10 |    NULL | AARAV        | NULL       | 7032300084 |        0 |     30 | SALES      | CHICAGO  | sales@2017 | 13/04/1989 |
|  7415 | AARAV    | M      | CLERK               | 7902 | 1981-12-31 | 3350 | NULL |     10 |    NULL | AARAV        | NULL       | 7032300084 |        0 |     20 | RESEARCH   | DALLAS   | a12recmpm  | 12/04/1989 |
|  7415 | AARAV    | M      | CLERK               | 7902 | 1981-12-31 | 3350 | NULL |     10 |    NULL | AARAV        | NULL       | 7032300084 |        0 |     10 | ACCOUNTING | NEW YORK | r50mpm     | 24/03/1989 |
|  7421 | THOMAS   | M      | CLERK               | 7920 | 1981-07-19 | 1750 | NULL |     10 |       1 | THOMAS       | r50mpm     | 7032300011 |        0 |     50 | HR         | PUNE     | PUN@8877   | 22/12/1989 |
|  7421 | THOMAS   | M      | CLERK               | 7920 | 1981-07-19 | 1750 | NULL |     10 |       1 | THOMAS       | r50mpm     | 7032300011 |        0 |     40 | OPERATIONS | BOSTON   | opr@123    | 12/07/1989 |
|  7421 | THOMAS   | M      | CLERK               | 7920 | 1981-07-19 | 1750 | NULL |     10 |       1 | THOMAS       | r50mpm     | 7032300011 |        0 |     30 | SALES      | CHICAGO  | sales@2017 | 13/04/1989 |
|  7421 | THOMAS   | M      | CLERK               | 7920 | 1981-07-19 | 1750 | NULL |     10 |       1 | THOMAS       | r50mpm     | 7032300011 |        0 |     20 | RESEARCH   | DALLAS   | a12recmpm  | 12/04/1989 |
|  7421 | THOMAS   | M      | CLERK               | 7920 | 1981-07-19 | 1750 | NULL |     10 |       1 | THOMAS       | r50mpm     | 7032300011 |        0 |     10 | ACCOUNTING | NEW YORK | r50mpm     | 24/03/1989 |
|  7499 | ALLEN    | M      | SALESMAN            | 7698 | 1981-02-20 | 1600 |  300 |     30 |       4 | ALWAYS TESTE | sales@2017 | 7032300096 |        1 |     50 | HR         | PUNE     | PUN@8877   | 22/12/1989 |
|  7499 | ALLEN    | M      | SALESMAN            | 7698 | 1981-02-20 | 1600 |  300 |     30 |       4 | ALWAYS TESTE | sales@2017 | 7032300096 |        1 |     40 | OPERATIONS | BOSTON   | opr@123    | 12/07/1989 |
|  7499 | ALLEN    | M      | SALESMAN            | 7698 | 1981-02-20 | 1600 |  300 |     30 |       4 | ALWAYS TESTE | sales@2017 | 7032300096 |        1 |     30 | SALES      | CHICAGO  | sales@2017 | 13/04/1989 |
|  7499 | ALLEN    | M      | SALESMAN            | 7698 | 1981-02-20 | 1600 |  300 |     30 |       4 | ALWAYS TESTE | sales@2017 | 7032300096 |        1 |     20 | RESEARCH   | DALLAS   | a12recmpm  | 12/04/1989 |
|  7499 | ALLEN    | M      | SALESMAN            | 7698 | 1981-02-20 | 1600 |  300 |     30 |       4 | ALWAYS TESTE | sales@2017 | 7032300096 |        1 |     10 | ACCOUNTING | NEW YORK | r50mpm     | 24/03/1989 |
|  7521 | WARD     | M      | SALESMAN            | 7698 | 1981-02-22 | 1250 |  500 |     30 |       1 | WARD         | sales@2017 | 7132300034 |        1 |     50 | HR         | PUNE     | PUN@8877   | 22/12/1989 |
|  7521 | WARD     | M      | SALESMAN            | 7698 | 1981-02-22 | 1250 |  500 |     30 |       1 | WARD         | sales@2017 | 7132300034 |        1 |     40 | OPERATIONS | BOSTON   | opr@123    | 12/07/1989 |
|  7521 | WARD     | M      | SALESMAN            | 7698 | 1981-02-22 | 1250 |  500 |     30 |       1 | WARD         | sales@2017 | 7132300034 |        1 |     30 | SALES      | CHICAGO  | sales@2017 | 13/04/1989 |
|  7521 | WARD     | M      | SALESMAN            | 7698 | 1981-02-22 | 1250 |  500 |     30 |       1 | WARD         | sales@2017 | 7132300034 |        1 |     20 | RESEARCH   | DALLAS   | a12recmpm  | 12/04/1989 |
|  7521 | WARD     | M      | SALESMAN            | 7698 | 1981-02-22 | 1250 |  500 |     30 |       1 | WARD         | sales@2017 | 7132300034 |        1 |     10 | ACCOUNTING | NEW YORK | r50mpm     | 24/03/1989 |
|  7566 | JONES    | M      | MANAGER             | 7839 | 1981-04-02 | 2975 | NULL |     20 |       4 | HONEYCOMB    | a12recmpm  | 7132300039 |        1 |     50 | HR         | PUNE     | PUN@8877   | 22/12/1989 |
|  7566 | JONES    | M      | MANAGER             | 7839 | 1981-04-02 | 2975 | NULL |     20 |       4 | HONEYCOMB    | a12recmpm  | 7132300039 |        1 |     40 | OPERATIONS | BOSTON   | opr@123    | 12/07/1989 |
|  7566 | JONES    | M      | MANAGER             | 7839 | 1981-04-02 | 2975 | NULL |     20 |       4 | HONEYCOMB    | a12recmpm  | 7132300039 |        1 |     30 | SALES      | CHICAGO  | sales@2017 | 13/04/1989 |
|  7566 | JONES    | M      | MANAGER             | 7839 | 1981-04-02 | 2975 | NULL |     20 |       4 | HONEYCOMB    | a12recmpm  | 7132300039 |        1 |     20 | RESEARCH   | DALLAS   | a12recmpm  | 12/04/1989 |
|  7566 | JONES    | M      | MANAGER             | 7839 | 1981-04-02 | 2975 | NULL |     20 |       4 | HONEYCOMB    | a12recmpm  | 7132300039 |        1 |     10 | ACCOUNTING | NEW YORK | r50mpm     | 24/03/1989 |
|  7654 | MARTIN   | M      | SALESMAN            | 7698 | 1981-09-28 | 1250 | 1400 |     30 |       6 | LIFE RACER   | sales@2017 | 7132300050 |        1 |     50 | HR         | PUNE     | PUN@8877   | 22/12/1989 |
|  7654 | MARTIN   | M      | SALESMAN            | 7698 | 1981-09-28 | 1250 | 1400 |     30 |       6 | LIFE RACER   | sales@2017 | 7132300050 |        1 |     40 | OPERATIONS | BOSTON   | opr@123    | 12/07/1989 |
|  7654 | MARTIN   | M      | SALESMAN            | 7698 | 1981-09-28 | 1250 | 1400 |     30 |       6 | LIFE RACER   | sales@2017 | 7132300050 |        1 |     30 | SALES      | CHICAGO  | sales@2017 | 13/04/1989 |
|  7654 | MARTIN   | M      | SALESMAN            | 7698 | 1981-09-28 | 1250 | 1400 |     30 |       6 | LIFE RACER   | sales@2017 | 7132300050 |        1 |     20 | RESEARCH   | DALLAS   | a12recmpm  | 12/04/1989 |
|  7654 | MARTIN   | M      | SALESMAN            | 7698 | 1981-09-28 | 1250 | 1400 |     30 |       6 | LIFE RACER   | sales@2017 | 7132300050 |        1 |     10 | ACCOUNTING | NEW YORK | r50mpm     | 24/03/1989 |
|  7698 | BLAKE    | M      | MANAGER             | 7839 | 1981-05-01 | 2850 | NULL |     30 |       1 | BIG BEN      | sales@2017 | 7132300027 |        1 |     50 | HR         | PUNE     | PUN@8877   | 22/12/1989 |
|  7698 | BLAKE    | M      | MANAGER             | 7839 | 1981-05-01 | 2850 | NULL |     30 |       1 | BIG BEN      | sales@2017 | 7132300027 |        1 |     40 | OPERATIONS | BOSTON   | opr@123    | 12/07/1989 |
|  7698 | BLAKE    | M      | MANAGER             | 7839 | 1981-05-01 | 2850 | NULL |     30 |       1 | BIG BEN      | sales@2017 | 7132300027 |        1 |     30 | SALES      | CHICAGO  | sales@2017 | 13/04/1989 |
|  7698 | BLAKE    | M      | MANAGER             | 7839 | 1981-05-01 | 2850 | NULL |     30 |       1 | BIG BEN      | sales@2017 | 7132300027 |        1 |     20 | RESEARCH   | DALLAS   | a12recmpm  | 12/04/1989 |
|  7698 | BLAKE    | M      | MANAGER             | 7839 | 1981-05-01 | 2850 | NULL |     30 |       1 | BIG BEN      | sales@2017 | 7132300027 |        1 |     10 | ACCOUNTING | NEW YORK | r50mpm     | 24/03/1989 |
|  7782 | CLARK    | M      | MANAGER             | 7839 | 1981-06-09 | 2450 | NULL |     10 |       3 | CLARK        | r50mpm     | 7032300001 |        1 |     50 | HR         | PUNE     | PUN@8877   | 22/12/1989 |
|  7782 | CLARK    | M      | MANAGER             | 7839 | 1981-06-09 | 2450 | NULL |     10 |       3 | CLARK        | r50mpm     | 7032300001 |        1 |     40 | OPERATIONS | BOSTON   | opr@123    | 12/07/1989 |
|  7782 | CLARK    | M      | MANAGER             | 7839 | 1981-06-09 | 2450 | NULL |     10 |       3 | CLARK        | r50mpm     | 7032300001 |        1 |     30 | SALES      | CHICAGO  | sales@2017 | 13/04/1989 |
|  7782 | CLARK    | M      | MANAGER             | 7839 | 1981-06-09 | 2450 | NULL |     10 |       3 | CLARK        | r50mpm     | 7032300001 |        1 |     20 | RESEARCH   | DALLAS   | a12recmpm  | 12/04/1989 |
|  7782 | CLARK    | M      | MANAGER             | 7839 | 1981-06-09 | 2450 | NULL |     10 |       3 | CLARK        | r50mpm     | 7032300001 |        1 |     10 | ACCOUNTING | NEW YORK | r50mpm     | 24/03/1989 |
|  7788 | SCOTT    | M      | ANALYST             | 7566 | 1982-12-09 | 3000 | NULL |     20 |       3 | WHITE SAND   | a12recmpm  | NULL       |        1 |     50 | HR         | PUNE     | PUN@8877   | 22/12/1989 |
|  7788 | SCOTT    | M      | ANALYST             | 7566 | 1982-12-09 | 3000 | NULL |     20 |       3 | WHITE SAND   | a12recmpm  | NULL       |        1 |     40 | OPERATIONS | BOSTON   | opr@123    | 12/07/1989 |
|  7788 | SCOTT    | M      | ANALYST             | 7566 | 1982-12-09 | 3000 | NULL |     20 |       3 | WHITE SAND   | a12recmpm  | NULL       |        1 |     30 | SALES      | CHICAGO  | sales@2017 | 13/04/1989 |
|  7788 | SCOTT    | M      | ANALYST             | 7566 | 1982-12-09 | 3000 | NULL |     20 |       3 | WHITE SAND   | a12recmpm  | NULL       |        1 |     20 | RESEARCH   | DALLAS   | a12recmpm  | 12/04/1989 |
|  7788 | SCOTT    | M      | ANALYST             | 7566 | 1982-12-09 | 3000 | NULL |     20 |       3 | WHITE SAND   | a12recmpm  | NULL       |        1 |     10 | ACCOUNTING | NEW YORK | r50mpm     | 24/03/1989 |
|  7839 | KING     | M      | PRESIDENT           | NULL | 1981-11-17 | 5000 | NULL |     10 |       1 | KING         | r50mpm     | 7132300081 |        1 |     50 | HR         | PUNE     | PUN@8877   | 22/12/1989 |
|  7839 | KING     | M      | PRESIDENT           | NULL | 1981-11-17 | 5000 | NULL |     10 |       1 | KING         | r50mpm     | 7132300081 |        1 |     40 | OPERATIONS | BOSTON   | opr@123    | 12/07/1989 |
|  7839 | KING     | M      | PRESIDENT           | NULL | 1981-11-17 | 5000 | NULL |     10 |       1 | KING         | r50mpm     | 7132300081 |        1 |     30 | SALES      | CHICAGO  | sales@2017 | 13/04/1989 |
|  7839 | KING     | M      | PRESIDENT           | NULL | 1981-11-17 | 5000 | NULL |     10 |       1 | KING         | r50mpm     | 7132300081 |        1 |     20 | RESEARCH   | DALLAS   | a12recmpm  | 12/04/1989 |
|  7839 | KING     | M      | PRESIDENT           | NULL | 1981-11-17 | 5000 | NULL |     10 |       1 | KING         | r50mpm     | 7132300081 |        1 |     10 | ACCOUNTING | NEW YORK | r50mpm     | 24/03/1989 |
|  7840 | FRED     | M      | vice PRESIDENT      | 7839 | 1983-08-09 | 5000 | NULL |     20 |       1 | SAND STONE   | a12recmpm  | NULL       |        1 |     50 | HR         | PUNE     | PUN@8877   | 22/12/1989 |
|  7840 | FRED     | M      | vice PRESIDENT      | 7839 | 1983-08-09 | 5000 | NULL |     20 |       1 | SAND STONE   | a12recmpm  | NULL       |        1 |     40 | OPERATIONS | BOSTON   | opr@123    | 12/07/1989 |
|  7840 | FRED     | M      | vice PRESIDENT      | 7839 | 1983-08-09 | 5000 | NULL |     20 |       1 | SAND STONE   | a12recmpm  | NULL       |        1 |     30 | SALES      | CHICAGO  | sales@2017 | 13/04/1989 |
|  7840 | FRED     | M      | vice PRESIDENT      | 7839 | 1983-08-09 | 5000 | NULL |     20 |       1 | SAND STONE   | a12recmpm  | NULL       |        1 |     20 | RESEARCH   | DALLAS   | a12recmpm  | 12/04/1989 |
|  7840 | FRED     | M      | vice PRESIDENT      | 7839 | 1983-08-09 | 5000 | NULL |     20 |       1 | SAND STONE   | a12recmpm  | NULL       |        1 |     10 | ACCOUNTING | NEW YORK | r50mpm     | 24/03/1989 |
|  7844 | TURNER   | M      | SALESMAN            | 7698 | 1981-09-08 | 1500 |    0 |     30 |       5 | SAND DUST    | sales@2017 | NULL       |        1 |     50 | HR         | PUNE     | PUN@8877   | 22/12/1989 |
|  7844 | TURNER   | M      | SALESMAN            | 7698 | 1981-09-08 | 1500 |    0 |     30 |       5 | SAND DUST    | sales@2017 | NULL       |        1 |     40 | OPERATIONS | BOSTON   | opr@123    | 12/07/1989 |
|  7844 | TURNER   | M      | SALESMAN            | 7698 | 1981-09-08 | 1500 |    0 |     30 |       5 | SAND DUST    | sales@2017 | NULL       |        1 |     30 | SALES      | CHICAGO  | sales@2017 | 13/04/1989 |
|  7844 | TURNER   | M      | SALESMAN            | 7698 | 1981-09-08 | 1500 |    0 |     30 |       5 | SAND DUST    | sales@2017 | NULL       |        1 |     20 | RESEARCH   | DALLAS   | a12recmpm  | 12/04/1989 |
|  7844 | TURNER   | M      | SALESMAN            | 7698 | 1981-09-08 | 1500 |    0 |     30 |       5 | SAND DUST    | sales@2017 | NULL       |        1 |     10 | ACCOUNTING | NEW YORK | r50mpm     | 24/03/1989 |
|  7876 | ADAMS    | M      | CLERK               | 7788 | 1983-01-12 | 1100 | NULL |     20 |       1 | CRAZY ANYONE | a12recmpm  | 7132300086 |        1 |     50 | HR         | PUNE     | PUN@8877   | 22/12/1989 |
|  7876 | ADAMS    | M      | CLERK               | 7788 | 1983-01-12 | 1100 | NULL |     20 |       1 | CRAZY ANYONE | a12recmpm  | 7132300086 |        1 |     40 | OPERATIONS | BOSTON   | opr@123    | 12/07/1989 |
|  7876 | ADAMS    | M      | CLERK               | 7788 | 1983-01-12 | 1100 | NULL |     20 |       1 | CRAZY ANYONE | a12recmpm  | 7132300086 |        1 |     30 | SALES      | CHICAGO  | sales@2017 | 13/04/1989 |
|  7876 | ADAMS    | M      | CLERK               | 7788 | 1983-01-12 | 1100 | NULL |     20 |       1 | CRAZY ANYONE | a12recmpm  | 7132300086 |        1 |     20 | RESEARCH   | DALLAS   | a12recmpm  | 12/04/1989 |
|  7876 | ADAMS    | M      | CLERK               | 7788 | 1983-01-12 | 1100 | NULL |     20 |       1 | CRAZY ANYONE | a12recmpm  | 7132300086 |        1 |     10 | ACCOUNTING | NEW YORK | r50mpm     | 24/03/1989 |
|  7900 | JAMES    | M      | CLERK               | 7698 | 1981-12-03 |  950 | NULL |     30 |       2 | CRAZY LEADER | sales@2017 | 7132300042 |        1 |     50 | HR         | PUNE     | PUN@8877   | 22/12/1989 |
|  7900 | JAMES    | M      | CLERK               | 7698 | 1981-12-03 |  950 | NULL |     30 |       2 | CRAZY LEADER | sales@2017 | 7132300042 |        1 |     40 | OPERATIONS | BOSTON   | opr@123    | 12/07/1989 |
|  7900 | JAMES    | M      | CLERK               | 7698 | 1981-12-03 |  950 | NULL |     30 |       2 | CRAZY LEADER | sales@2017 | 7132300042 |        1 |     30 | SALES      | CHICAGO  | sales@2017 | 13/04/1989 |
|  7900 | JAMES    | M      | CLERK               | 7698 | 1981-12-03 |  950 | NULL |     30 |       2 | CRAZY LEADER | sales@2017 | 7132300042 |        1 |     20 | RESEARCH   | DALLAS   | a12recmpm  | 12/04/1989 |
|  7900 | JAMES    | M      | CLERK               | 7698 | 1981-12-03 |  950 | NULL |     30 |       2 | CRAZY LEADER | sales@2017 | 7132300042 |        1 |     10 | ACCOUNTING | NEW YORK | r50mpm     | 24/03/1989 |
|  7902 | FORD     | M      | ANALYST             | 7566 | 1981-12-03 | 3000 | NULL |     20 |       4 | CONBRIO      | a12recmpm  | NULL       |        0 |     50 | HR         | PUNE     | PUN@8877   | 22/12/1989 |
|  7902 | FORD     | M      | ANALYST             | 7566 | 1981-12-03 | 3000 | NULL |     20 |       4 | CONBRIO      | a12recmpm  | NULL       |        0 |     40 | OPERATIONS | BOSTON   | opr@123    | 12/07/1989 |
|  7902 | FORD     | M      | ANALYST             | 7566 | 1981-12-03 | 3000 | NULL |     20 |       4 | CONBRIO      | a12recmpm  | NULL       |        0 |     30 | SALES      | CHICAGO  | sales@2017 | 13/04/1989 |
|  7902 | FORD     | M      | ANALYST             | 7566 | 1981-12-03 | 3000 | NULL |     20 |       4 | CONBRIO      | a12recmpm  | NULL       |        0 |     20 | RESEARCH   | DALLAS   | a12recmpm  | 12/04/1989 |
|  7902 | FORD     | M      | ANALYST             | 7566 | 1981-12-03 | 3000 | NULL |     20 |       4 | CONBRIO      | a12recmpm  | NULL       |        0 |     10 | ACCOUNTING | NEW YORK | r50mpm     | 24/03/1989 |
|  7919 | HOFFMAN  | M      | MANAGER             | 7566 | 1982-03-24 | 4150 | NULL |     30 |       3 | INTERVAL     | sales@2017 | NULL       |        1 |     50 | HR         | PUNE     | PUN@8877   | 22/12/1989 |
|  7919 | HOFFMAN  | M      | MANAGER             | 7566 | 1982-03-24 | 4150 | NULL |     30 |       3 | INTERVAL     | sales@2017 | NULL       |        1 |     40 | OPERATIONS | BOSTON   | opr@123    | 12/07/1989 |
|  7919 | HOFFMAN  | M      | MANAGER             | 7566 | 1982-03-24 | 4150 | NULL |     30 |       3 | INTERVAL     | sales@2017 | NULL       |        1 |     30 | SALES      | CHICAGO  | sales@2017 | 13/04/1989 |
|  7919 | HOFFMAN  | M      | MANAGER             | 7566 | 1982-03-24 | 4150 | NULL |     30 |       3 | INTERVAL     | sales@2017 | NULL       |        1 |     20 | RESEARCH   | DALLAS   | a12recmpm  | 12/04/1989 |
|  7919 | HOFFMAN  | M      | MANAGER             | 7566 | 1982-03-24 | 4150 | NULL |     30 |       3 | INTERVAL     | sales@2017 | NULL       |        1 |     10 | ACCOUNTING | NEW YORK | r50mpm     | 24/03/1989 |
|  7920 | GRASS    | M      | SALESMAN            | 7919 | 1980-02-14 | 2575 | 2700 |     30 |       5 | GRASS        | sales@2017 | NULL       |        1 |     50 | HR         | PUNE     | PUN@8877   | 22/12/1989 |
|  7920 | GRASS    | M      | SALESMAN            | 7919 | 1980-02-14 | 2575 | 2700 |     30 |       5 | GRASS        | sales@2017 | NULL       |        1 |     40 | OPERATIONS | BOSTON   | opr@123    | 12/07/1989 |
|  7920 | GRASS    | M      | SALESMAN            | 7919 | 1980-02-14 | 2575 | 2700 |     30 |       5 | GRASS        | sales@2017 | NULL       |        1 |     30 | SALES      | CHICAGO  | sales@2017 | 13/04/1989 |
|  7920 | GRASS    | M      | SALESMAN            | 7919 | 1980-02-14 | 2575 | 2700 |     30 |       5 | GRASS        | sales@2017 | NULL       |        1 |     20 | RESEARCH   | DALLAS   | a12recmpm  | 12/04/1989 |
|  7920 | GRASS    | M      | SALESMAN            | 7919 | 1980-02-14 | 2575 | 2700 |     30 |       5 | GRASS        | sales@2017 | NULL       |        1 |     10 | ACCOUNTING | NEW YORK | r50mpm     | 24/03/1989 |
|  7934 | MILLER   | M      | CLERK               | 7782 | 1982-01-23 | 1300 | NULL |     10 |       2 | QUARTERNOTE  | r50mpm     | 7132300055 |        0 |     50 | HR         | PUNE     | PUN@8877   | 22/12/1989 |
|  7934 | MILLER   | M      | CLERK               | 7782 | 1982-01-23 | 1300 | NULL |     10 |       2 | QUARTERNOTE  | r50mpm     | 7132300055 |        0 |     40 | OPERATIONS | BOSTON   | opr@123    | 12/07/1989 |
|  7934 | MILLER   | M      | CLERK               | 7782 | 1982-01-23 | 1300 | NULL |     10 |       2 | QUARTERNOTE  | r50mpm     | 7132300055 |        0 |     30 | SALES      | CHICAGO  | sales@2017 | 13/04/1989 |
|  7934 | MILLER   | M      | CLERK               | 7782 | 1982-01-23 | 1300 | NULL |     10 |       2 | QUARTERNOTE  | r50mpm     | 7132300055 |        0 |     20 | RESEARCH   | DALLAS   | a12recmpm  | 12/04/1989 |
|  7934 | MILLER   | M      | CLERK               | 7782 | 1982-01-23 | 1300 | NULL |     10 |       2 | QUARTERNOTE  | r50mpm     | 7132300055 |        0 |     10 | ACCOUNTING | NEW YORK | r50mpm     | 24/03/1989 |
|  7945 | AARUSH   | M      | SALESMAN            | 7902 | 1980-02-14 | 1350 | 2700 |     30 |    NULL | AARUSH       | ABCDEF     | NULL       |        0 |     50 | HR         | PUNE     | PUN@8877   | 22/12/1989 |
|  7945 | AARUSH   | M      | SALESMAN            | 7902 | 1980-02-14 | 1350 | 2700 |     30 |    NULL | AARUSH       | ABCDEF     | NULL       |        0 |     40 | OPERATIONS | BOSTON   | opr@123    | 12/07/1989 |
|  7945 | AARUSH   | M      | SALESMAN            | 7902 | 1980-02-14 | 1350 | 2700 |     30 |    NULL | AARUSH       | ABCDEF     | NULL       |        0 |     30 | SALES      | CHICAGO  | sales@2017 | 13/04/1989 |
|  7945 | AARUSH   | M      | SALESMAN            | 7902 | 1980-02-14 | 1350 | 2700 |     30 |    NULL | AARUSH       | ABCDEF     | NULL       |        0 |     20 | RESEARCH   | DALLAS   | a12recmpm  | 12/04/1989 |
|  7945 | AARUSH   | M      | SALESMAN            | 7902 | 1980-02-14 | 1350 | 2700 |     30 |    NULL | AARUSH       | ABCDEF     | NULL       |        0 |     10 | ACCOUNTING | NEW YORK | r50mpm     | 24/03/1989 |
|  7949 | ALEX     | M      | MANAGER             | 7698 | 1982-01-24 | 1250 |  500 |     30 |       5 | QUARTERREST  | sales@2017 | 7156567183 |        1 |     50 | HR         | PUNE     | PUN@8877   | 22/12/1989 |
|  7949 | ALEX     | M      | MANAGER             | 7698 | 1982-01-24 | 1250 |  500 |     30 |       5 | QUARTERREST  | sales@2017 | 7156567183 |        1 |     40 | OPERATIONS | BOSTON   | opr@123    | 12/07/1989 |
|  7949 | ALEX     | M      | MANAGER             | 7698 | 1982-01-24 | 1250 |  500 |     30 |       5 | QUARTERREST  | sales@2017 | 7156567183 |        1 |     30 | SALES      | CHICAGO  | sales@2017 | 13/04/1989 |
|  7949 | ALEX     | M      | MANAGER             | 7698 | 1982-01-24 | 1250 |  500 |     30 |       5 | QUARTERREST  | sales@2017 | 7156567183 |        1 |     20 | RESEARCH   | DALLAS   | a12recmpm  | 12/04/1989 |
|  7949 | ALEX     | M      | MANAGER             | 7698 | 1982-01-24 | 1250 |  500 |     30 |       5 | QUARTERREST  | sales@2017 | 7156567183 |        1 |     10 | ACCOUNTING | NEW YORK | r50mpm     | 24/03/1989 |
|  8433 | NATASHA  | F      | CLERK               | 7920 | 1981-07-19 | 1750 | NULL |     30 |       1 | NATASHA      | sales@2017 | NULL       |        1 |     50 | HR         | PUNE     | PUN@8877   | 22/12/1989 |
|  8433 | NATASHA  | F      | CLERK               | 7920 | 1981-07-19 | 1750 | NULL |     30 |       1 | NATASHA      | sales@2017 | NULL       |        1 |     40 | OPERATIONS | BOSTON   | opr@123    | 12/07/1989 |
|  8433 | NATASHA  | F      | CLERK               | 7920 | 1981-07-19 | 1750 | NULL |     30 |       1 | NATASHA      | sales@2017 | NULL       |        1 |     30 | SALES      | CHICAGO  | sales@2017 | 13/04/1989 |
|  8433 | NATASHA  | F      | CLERK               | 7920 | 1981-07-19 | 1750 | NULL |     30 |       1 | NATASHA      | sales@2017 | NULL       |        1 |     20 | RESEARCH   | DALLAS   | a12recmpm  | 12/04/1989 |
|  8433 | NATASHA  | F      | CLERK               | 7920 | 1981-07-19 | 1750 | NULL |     30 |       1 | NATASHA      | sales@2017 | NULL       |        1 |     10 | ACCOUNTING | NEW YORK | r50mpm     | 24/03/1989 |
|  9400 | SANGITA  | F      | Compliance officers | 7920 | 1981-07-19 | 1750 | NULL |     50 |       1 | SANGITA      | NULL       | NULL       |        1 |     50 | HR         | PUNE     | PUN@8877   | 22/12/1989 |
|  9400 | SANGITA  | F      | Compliance officers | 7920 | 1981-07-19 | 1750 | NULL |     50 |       1 | SANGITA      | NULL       | NULL       |        1 |     40 | OPERATIONS | BOSTON   | opr@123    | 12/07/1989 |
|  9400 | SANGITA  | F      | Compliance officers | 7920 | 1981-07-19 | 1750 | NULL |     50 |       1 | SANGITA      | NULL       | NULL       |        1 |     30 | SALES      | CHICAGO  | sales@2017 | 13/04/1989 |
|  9400 | SANGITA  | F      | Compliance officers | 7920 | 1981-07-19 | 1750 | NULL |     50 |       1 | SANGITA      | NULL       | NULL       |        1 |     20 | RESEARCH   | DALLAS   | a12recmpm  | 12/04/1989 |
|  9400 | SANGITA  | F      | Compliance officers | 7920 | 1981-07-19 | 1750 | NULL |     50 |       1 | SANGITA      | NULL       | NULL       |        1 |     10 | ACCOUNTING | NEW YORK | r50mpm     | 24/03/1989 |
|  9473 | SUPRIYA  | F      | ANALYST             | 7920 | 1981-07-19 | 1750 | NULL |     50 |       1 | SUPRIYA      | XYZ@1234   | NULL       |        1 |     50 | HR         | PUNE     | PUN@8877   | 22/12/1989 |
|  9473 | SUPRIYA  | F      | ANALYST             | 7920 | 1981-07-19 | 1750 | NULL |     50 |       1 | SUPRIYA      | XYZ@1234   | NULL       |        1 |     40 | OPERATIONS | BOSTON   | opr@123    | 12/07/1989 |
|  9473 | SUPRIYA  | F      | ANALYST             | 7920 | 1981-07-19 | 1750 | NULL |     50 |       1 | SUPRIYA      | XYZ@1234   | NULL       |        1 |     30 | SALES      | CHICAGO  | sales@2017 | 13/04/1989 |
|  9473 | SUPRIYA  | F      | ANALYST             | 7920 | 1981-07-19 | 1750 | NULL |     50 |       1 | SUPRIYA      | XYZ@1234   | NULL       |        1 |     20 | RESEARCH   | DALLAS   | a12recmpm  | 12/04/1989 |
|  9473 | SUPRIYA  | F      | ANALYST             | 7920 | 1981-07-19 | 1750 | NULL |     50 |       1 | SUPRIYA      | XYZ@1234   | NULL       |        1 |     10 | ACCOUNTING | NEW YORK | r50mpm     | 24/03/1989 |
+-------+----------+--------+---------------------+------+------------+------+------+--------+---------+--------------+------------+------------+----------+--------+------------+----------+------------+------------+
140 rows in set (0.00 sec)

mysql> select ename, deptno, dname from emp, dept;
ERROR 1052 (23000): Column 'deptno' in field list is ambiguous
mysql>
mysql> select ename, emp.deptno, dname from emp, dept;
+----------+--------+------------+
| ename    | deptno | dname      |
+----------+--------+------------+
| GITA     |     30 | HR         |
| GITA     |     30 | OPERATIONS |
| GITA     |     30 | SALES      |
| GITA     |     30 | RESEARCH   |
| GITA     |     30 | ACCOUNTING |
| VRUSHALI |     50 | HR         |
| VRUSHALI |     50 | OPERATIONS |
| VRUSHALI |     50 | SALES      |
| VRUSHALI |     50 | RESEARCH   |
| VRUSHALI |     50 | ACCOUNTING |
| SHARMIN  |     20 | HR         |
| SHARMIN  |     20 | OPERATIONS |
| SHARMIN  |     20 | SALES      |
| SHARMIN  |     20 | RESEARCH   |
| SHARMIN  |     20 | ACCOUNTING |
| BANDISH  |     20 | HR         |
| BANDISH  |     20 | OPERATIONS |
| BANDISH  |     20 | SALES      |
| BANDISH  |     20 | RESEARCH   |
| BANDISH  |     20 | ACCOUNTING |
| SMITH    |     20 | HR         |
| SMITH    |     20 | OPERATIONS |
| SMITH    |     20 | SALES      |
| SMITH    |     20 | RESEARCH   |
| SMITH    |     20 | ACCOUNTING |
| AARAV    |     10 | HR         |
| AARAV    |     10 | OPERATIONS |
| AARAV    |     10 | SALES      |
| AARAV    |     10 | RESEARCH   |
| AARAV    |     10 | ACCOUNTING |
| THOMAS   |     10 | HR         |
| THOMAS   |     10 | OPERATIONS |
| THOMAS   |     10 | SALES      |
| THOMAS   |     10 | RESEARCH   |
| THOMAS   |     10 | ACCOUNTING |
| ALLEN    |     30 | HR         |
| ALLEN    |     30 | OPERATIONS |
| ALLEN    |     30 | SALES      |
| ALLEN    |     30 | RESEARCH   |
| ALLEN    |     30 | ACCOUNTING |
| WARD     |     30 | HR         |
| WARD     |     30 | OPERATIONS |
| WARD     |     30 | SALES      |
| WARD     |     30 | RESEARCH   |
| WARD     |     30 | ACCOUNTING |
| JONES    |     20 | HR         |
| JONES    |     20 | OPERATIONS |
| JONES    |     20 | SALES      |
| JONES    |     20 | RESEARCH   |
| JONES    |     20 | ACCOUNTING |
| MARTIN   |     30 | HR         |
| MARTIN   |     30 | OPERATIONS |
| MARTIN   |     30 | SALES      |
| MARTIN   |     30 | RESEARCH   |
| MARTIN   |     30 | ACCOUNTING |
| BLAKE    |     30 | HR         |
| BLAKE    |     30 | OPERATIONS |
| BLAKE    |     30 | SALES      |
| BLAKE    |     30 | RESEARCH   |
| BLAKE    |     30 | ACCOUNTING |
| CLARK    |     10 | HR         |
| CLARK    |     10 | OPERATIONS |
| CLARK    |     10 | SALES      |
| CLARK    |     10 | RESEARCH   |
| CLARK    |     10 | ACCOUNTING |
| SCOTT    |     20 | HR         |
| SCOTT    |     20 | OPERATIONS |
| SCOTT    |     20 | SALES      |
| SCOTT    |     20 | RESEARCH   |
| SCOTT    |     20 | ACCOUNTING |
| KING     |     10 | HR         |
| KING     |     10 | OPERATIONS |
| KING     |     10 | SALES      |
| KING     |     10 | RESEARCH   |
| KING     |     10 | ACCOUNTING |
| FRED     |     20 | HR         |
| FRED     |     20 | OPERATIONS |
| FRED     |     20 | SALES      |
| FRED     |     20 | RESEARCH   |
| FRED     |     20 | ACCOUNTING |
| TURNER   |     30 | HR         |
| TURNER   |     30 | OPERATIONS |
| TURNER   |     30 | SALES      |
| TURNER   |     30 | RESEARCH   |
| TURNER   |     30 | ACCOUNTING |
| ADAMS    |     20 | HR         |
| ADAMS    |     20 | OPERATIONS |
| ADAMS    |     20 | SALES      |
| ADAMS    |     20 | RESEARCH   |
| ADAMS    |     20 | ACCOUNTING |
| JAMES    |     30 | HR         |
| JAMES    |     30 | OPERATIONS |
| JAMES    |     30 | SALES      |
| JAMES    |     30 | RESEARCH   |
| JAMES    |     30 | ACCOUNTING |
| FORD     |     20 | HR         |
| FORD     |     20 | OPERATIONS |
| FORD     |     20 | SALES      |
| FORD     |     20 | RESEARCH   |
| FORD     |     20 | ACCOUNTING |
| HOFFMAN  |     30 | HR         |
| HOFFMAN  |     30 | OPERATIONS |
| HOFFMAN  |     30 | SALES      |
| HOFFMAN  |     30 | RESEARCH   |
| HOFFMAN  |     30 | ACCOUNTING |
| GRASS    |     30 | HR         |
| GRASS    |     30 | OPERATIONS |
| GRASS    |     30 | SALES      |
| GRASS    |     30 | RESEARCH   |
| GRASS    |     30 | ACCOUNTING |
| MILLER   |     10 | HR         |
| MILLER   |     10 | OPERATIONS |
| MILLER   |     10 | SALES      |
| MILLER   |     10 | RESEARCH   |
| MILLER   |     10 | ACCOUNTING |
| AARUSH   |     30 | HR         |
| AARUSH   |     30 | OPERATIONS |
| AARUSH   |     30 | SALES      |
| AARUSH   |     30 | RESEARCH   |
| AARUSH   |     30 | ACCOUNTING |
| ALEX     |     30 | HR         |
| ALEX     |     30 | OPERATIONS |
| ALEX     |     30 | SALES      |
| ALEX     |     30 | RESEARCH   |
| ALEX     |     30 | ACCOUNTING |
| NATASHA  |     30 | HR         |
| NATASHA  |     30 | OPERATIONS |
| NATASHA  |     30 | SALES      |
| NATASHA  |     30 | RESEARCH   |
| NATASHA  |     30 | ACCOUNTING |
| SANGITA  |     50 | HR         |
| SANGITA  |     50 | OPERATIONS |
| SANGITA  |     50 | SALES      |
| SANGITA  |     50 | RESEARCH   |
| SANGITA  |     50 | ACCOUNTING |
| SUPRIYA  |     50 | HR         |
| SUPRIYA  |     50 | OPERATIONS |
| SUPRIYA  |     50 | SALES      |
| SUPRIYA  |     50 | RESEARCH   |
| SUPRIYA  |     50 | ACCOUNTING |
+----------+--------+------------+
140 rows in set (0.00 sec)

mysql> show tables;
+---------------------+
| Tables_in_db1       |
+---------------------+
| a                   |
| abc                 |
| agent               |
| andor               |
| b                   |
| blanktablea         |
| blanktableb         |
| blog                |
| bonus               |
| books               |
| candidate           |
| client              |
| coalesce            |
| comments            |
| company             |
| customer            |
| customers           |
| d                   |
| d1                  |
| dbk1                |
| dbk2                |
| demodept1           |
| demodept2           |
| dept                |
| dept1               |
| docs                |
| doctor              |
| doctorvisits        |
| dummy               |
| duplicate           |
| e10                 |
| e20                 |
| emp                 |
| emp1                |
| emp2                |
| emp_attendance      |
| emp_cards           |
| emp_phone           |
| empj                |
| envelope            |
| food                |
| fullname            |
| hobby               |
| icc_world_cup       |
| item                |
| job_list            |
| key_parts           |
| labtestlist         |
| leading_zeroes      |
| leadtable           |
| licence             |
| location            |
| log                 |
| mass_table          |
| medicinelist        |
| menucard            |
| nearest             |
| new                 |
| newbooks            |
| nullif              |
| numbers             |
| numberstring        |
| ord                 |
| orderdetails        |
| orders              |
| overtime            |
| patient             |
| phonecall           |
| pivot_table         |
| plumber             |
| plumber_service_map |
| points              |
| price               |
| product             |
| product_sales       |
| products            |
| quarterly_revenue   |
| r                   |
| r1                  |
| r2                  |
| races               |
| regexpr             |
| replacedept         |
| revenue             |
| rockets             |
| runners             |
| runningserver       |
| sales               |
| sales_channel       |
| salespeople         |
| salesperson         |
| salgrade            |
| server              |
| service             |
| seta                |
| setb                |
| shop                |
| softdrink           |
| sort                |
| sourcenames         |
| stadium             |
| states              |
| station             |
| status              |
| stringnumber        |
| t1                  |
| t3                  |
| t3log               |
| tablea              |
| tableaa             |
| tableb              |
| tablebb             |
| targetnames         |
| tasks               |
| temp1               |
| traintimetable      |
| transactions        |
| vote_response       |
| votes               |
| warehouse           |
| xyz                 |
| yearly_revenue      |
| z                   |
+---------------------+
123 rows in set (0.02 sec)

mysql> select * from server;
+----+------------+
| id | serverName |
+----+------------+
|  1 | server-1   |
|  2 | server-2   |
|  3 | server-3   |
|  4 | server-4   |
|  5 | server-5   |
|  6 | server-6   |
|  7 | server-7   |
|  8 | server-8   |
|  9 | server-9   |
| 10 | server-10  |
| 11 | server-11  |
| 12 | server-12  |
| 13 | server-13  |
| 14 | server-14  |
| 15 | server-15  |
| 16 | server-16  |
| 17 | server-17  |
| 18 | server-18  |
| 19 | server-19  |
| 20 | server-20  |
| 21 | server-21  |
| 22 | server-22  |
+----+------------+
22 rows in set (0.01 sec)

mysql> select * from runningserver;
+----+------------+
| id | serverName |
+----+------------+
|  6 | server-6   |
|  7 | server-7   |
|  9 | server-9   |
| 10 | server-10  |
| 14 | server-14  |
| 17 | server-17  |
+----+------------+
6 rows in set (0.01 sec)

mysql> select * from menucard;
+------+------------------------------+------+
| ID   | NAME                         | RATE |
+------+------------------------------+------+
|   14 | Onion Hamburger              |  115 |
|    6 | Extra Long Cheeseburger      |  100 |
|    2 | Double Stacker               |  125 |
|    8 | Double Cheeseburger          |  100 |
|   13 | Cheese Hamburger             |  125 |
|    4 | Hamburger                    |   85 |
|   11 | Classic Grilled Dog          |   95 |
|    1 | Chili Cheese Grilled Dog     |  115 |
|    7 | Flame Grilled Chicken Burger |  135 |
|    3 | Original Chicken Sandwich    |   55 |
|    9 | McALLO TIKKI                 |   45 |
|   12 | Veg Maharaja Mac             |   75 |
|    5 | Big Spicy Chicken Wrap       |  100 |
|   15 | Cheese Onion Hamburger       |  145 |
|   10 | McVeggie Schezwan            |   85 |
+------+------------------------------+------+
15 rows in set (0.01 sec)

mysql> select * from softdrink;
+------+----------------------+------+
| ID   | NAME                 | RATE |
+------+----------------------+------+
|    1 | Coca-Cola            |   45 |
|    2 | Mello Yello          |   75 |
|    3 | Diet Coke            |   60 |
|    4 | Frozen Fanta Cherry  |   65 |
|    5 | Iced Tea             |   35 |
+------+----------------------+------+
5 rows in set (0.01 sec)

mysql> select * from menucard, softdrink;
+------+------------------------------+------+------+----------------------+------+
| ID   | NAME                         | RATE | ID   | NAME                 | RATE |
+------+------------------------------+------+------+----------------------+------+
|   14 | Onion Hamburger              |  115 |    5 | Iced Tea             |   35 |
|   14 | Onion Hamburger              |  115 |    4 | Frozen Fanta Cherry  |   65 |
|   14 | Onion Hamburger              |  115 |    3 | Diet Coke            |   60 |
|   14 | Onion Hamburger              |  115 |    2 | Mello Yello          |   75 |
|   14 | Onion Hamburger              |  115 |    1 | Coca-Cola            |   45 |
|    6 | Extra Long Cheeseburger      |  100 |    5 | Iced Tea             |   35 |
|    6 | Extra Long Cheeseburger      |  100 |    4 | Frozen Fanta Cherry  |   65 |
|    6 | Extra Long Cheeseburger      |  100 |    3 | Diet Coke            |   60 |
|    6 | Extra Long Cheeseburger      |  100 |    2 | Mello Yello          |   75 |
|    6 | Extra Long Cheeseburger      |  100 |    1 | Coca-Cola            |   45 |
|    2 | Double Stacker               |  125 |    5 | Iced Tea             |   35 |
|    2 | Double Stacker               |  125 |    4 | Frozen Fanta Cherry  |   65 |
|    2 | Double Stacker               |  125 |    3 | Diet Coke            |   60 |
|    2 | Double Stacker               |  125 |    2 | Mello Yello          |   75 |
|    2 | Double Stacker               |  125 |    1 | Coca-Cola            |   45 |
|    8 | Double Cheeseburger          |  100 |    5 | Iced Tea             |   35 |
|    8 | Double Cheeseburger          |  100 |    4 | Frozen Fanta Cherry  |   65 |
|    8 | Double Cheeseburger          |  100 |    3 | Diet Coke            |   60 |
|    8 | Double Cheeseburger          |  100 |    2 | Mello Yello          |   75 |
|    8 | Double Cheeseburger          |  100 |    1 | Coca-Cola            |   45 |
|   13 | Cheese Hamburger             |  125 |    5 | Iced Tea             |   35 |
|   13 | Cheese Hamburger             |  125 |    4 | Frozen Fanta Cherry  |   65 |
|   13 | Cheese Hamburger             |  125 |    3 | Diet Coke            |   60 |
|   13 | Cheese Hamburger             |  125 |    2 | Mello Yello          |   75 |
|   13 | Cheese Hamburger             |  125 |    1 | Coca-Cola            |   45 |
|    4 | Hamburger                    |   85 |    5 | Iced Tea             |   35 |
|    4 | Hamburger                    |   85 |    4 | Frozen Fanta Cherry  |   65 |
|    4 | Hamburger                    |   85 |    3 | Diet Coke            |   60 |
|    4 | Hamburger                    |   85 |    2 | Mello Yello          |   75 |
|    4 | Hamburger                    |   85 |    1 | Coca-Cola            |   45 |
|   11 | Classic Grilled Dog          |   95 |    5 | Iced Tea             |   35 |
|   11 | Classic Grilled Dog          |   95 |    4 | Frozen Fanta Cherry  |   65 |
|   11 | Classic Grilled Dog          |   95 |    3 | Diet Coke            |   60 |
|   11 | Classic Grilled Dog          |   95 |    2 | Mello Yello          |   75 |
|   11 | Classic Grilled Dog          |   95 |    1 | Coca-Cola            |   45 |
|    1 | Chili Cheese Grilled Dog     |  115 |    5 | Iced Tea             |   35 |
|    1 | Chili Cheese Grilled Dog     |  115 |    4 | Frozen Fanta Cherry  |   65 |
|    1 | Chili Cheese Grilled Dog     |  115 |    3 | Diet Coke            |   60 |
|    1 | Chili Cheese Grilled Dog     |  115 |    2 | Mello Yello          |   75 |
|    1 | Chili Cheese Grilled Dog     |  115 |    1 | Coca-Cola            |   45 |
|    7 | Flame Grilled Chicken Burger |  135 |    5 | Iced Tea             |   35 |
|    7 | Flame Grilled Chicken Burger |  135 |    4 | Frozen Fanta Cherry  |   65 |
|    7 | Flame Grilled Chicken Burger |  135 |    3 | Diet Coke            |   60 |
|    7 | Flame Grilled Chicken Burger |  135 |    2 | Mello Yello          |   75 |
|    7 | Flame Grilled Chicken Burger |  135 |    1 | Coca-Cola            |   45 |
|    3 | Original Chicken Sandwich    |   55 |    5 | Iced Tea             |   35 |
|    3 | Original Chicken Sandwich    |   55 |    4 | Frozen Fanta Cherry  |   65 |
|    3 | Original Chicken Sandwich    |   55 |    3 | Diet Coke            |   60 |
|    3 | Original Chicken Sandwich    |   55 |    2 | Mello Yello          |   75 |
|    3 | Original Chicken Sandwich    |   55 |    1 | Coca-Cola            |   45 |
|    9 | McALLO TIKKI                 |   45 |    5 | Iced Tea             |   35 |
|    9 | McALLO TIKKI                 |   45 |    4 | Frozen Fanta Cherry  |   65 |
|    9 | McALLO TIKKI                 |   45 |    3 | Diet Coke            |   60 |
|    9 | McALLO TIKKI                 |   45 |    2 | Mello Yello          |   75 |
|    9 | McALLO TIKKI                 |   45 |    1 | Coca-Cola            |   45 |
|   12 | Veg Maharaja Mac             |   75 |    5 | Iced Tea             |   35 |
|   12 | Veg Maharaja Mac             |   75 |    4 | Frozen Fanta Cherry  |   65 |
|   12 | Veg Maharaja Mac             |   75 |    3 | Diet Coke            |   60 |
|   12 | Veg Maharaja Mac             |   75 |    2 | Mello Yello          |   75 |
|   12 | Veg Maharaja Mac             |   75 |    1 | Coca-Cola            |   45 |
|    5 | Big Spicy Chicken Wrap       |  100 |    5 | Iced Tea             |   35 |
|    5 | Big Spicy Chicken Wrap       |  100 |    4 | Frozen Fanta Cherry  |   65 |
|    5 | Big Spicy Chicken Wrap       |  100 |    3 | Diet Coke            |   60 |
|    5 | Big Spicy Chicken Wrap       |  100 |    2 | Mello Yello          |   75 |
|    5 | Big Spicy Chicken Wrap       |  100 |    1 | Coca-Cola            |   45 |
|   15 | Cheese Onion Hamburger       |  145 |    5 | Iced Tea             |   35 |
|   15 | Cheese Onion Hamburger       |  145 |    4 | Frozen Fanta Cherry  |   65 |
|   15 | Cheese Onion Hamburger       |  145 |    3 | Diet Coke            |   60 |
|   15 | Cheese Onion Hamburger       |  145 |    2 | Mello Yello          |   75 |
|   15 | Cheese Onion Hamburger       |  145 |    1 | Coca-Cola            |   45 |
|   10 | McVeggie Schezwan            |   85 |    5 | Iced Tea             |   35 |
|   10 | McVeggie Schezwan            |   85 |    4 | Frozen Fanta Cherry  |   65 |
|   10 | McVeggie Schezwan            |   85 |    3 | Diet Coke            |   60 |
|   10 | McVeggie Schezwan            |   85 |    2 | Mello Yello          |   75 |
|   10 | McVeggie Schezwan            |   85 |    1 | Coca-Cola            |   45 |
+------+------------------------------+------+------+----------------------+------+
75 rows in set (0.00 sec)

mysql>
mysql> select *, m.rate + s.rate R1 from menucard m, softdrink s;
+------+------------------------------+------+------+----------------------+------+------+
| ID   | NAME                         | RATE | ID   | NAME                 | RATE | R1   |
+------+------------------------------+------+------+----------------------+------+------+
|   14 | Onion Hamburger              |  115 |    5 | Iced Tea             |   35 |  150 |
|   14 | Onion Hamburger              |  115 |    4 | Frozen Fanta Cherry  |   65 |  180 |
|   14 | Onion Hamburger              |  115 |    3 | Diet Coke            |   60 |  175 |
|   14 | Onion Hamburger              |  115 |    2 | Mello Yello          |   75 |  190 |
|   14 | Onion Hamburger              |  115 |    1 | Coca-Cola            |   45 |  160 |
|    6 | Extra Long Cheeseburger      |  100 |    5 | Iced Tea             |   35 |  135 |
|    6 | Extra Long Cheeseburger      |  100 |    4 | Frozen Fanta Cherry  |   65 |  165 |
|    6 | Extra Long Cheeseburger      |  100 |    3 | Diet Coke            |   60 |  160 |
|    6 | Extra Long Cheeseburger      |  100 |    2 | Mello Yello          |   75 |  175 |
|    6 | Extra Long Cheeseburger      |  100 |    1 | Coca-Cola            |   45 |  145 |
|    2 | Double Stacker               |  125 |    5 | Iced Tea             |   35 |  160 |
|    2 | Double Stacker               |  125 |    4 | Frozen Fanta Cherry  |   65 |  190 |
|    2 | Double Stacker               |  125 |    3 | Diet Coke            |   60 |  185 |
|    2 | Double Stacker               |  125 |    2 | Mello Yello          |   75 |  200 |
|    2 | Double Stacker               |  125 |    1 | Coca-Cola            |   45 |  170 |
|    8 | Double Cheeseburger          |  100 |    5 | Iced Tea             |   35 |  135 |
|    8 | Double Cheeseburger          |  100 |    4 | Frozen Fanta Cherry  |   65 |  165 |
|    8 | Double Cheeseburger          |  100 |    3 | Diet Coke            |   60 |  160 |
|    8 | Double Cheeseburger          |  100 |    2 | Mello Yello          |   75 |  175 |
|    8 | Double Cheeseburger          |  100 |    1 | Coca-Cola            |   45 |  145 |
|   13 | Cheese Hamburger             |  125 |    5 | Iced Tea             |   35 |  160 |
|   13 | Cheese Hamburger             |  125 |    4 | Frozen Fanta Cherry  |   65 |  190 |
|   13 | Cheese Hamburger             |  125 |    3 | Diet Coke            |   60 |  185 |
|   13 | Cheese Hamburger             |  125 |    2 | Mello Yello          |   75 |  200 |
|   13 | Cheese Hamburger             |  125 |    1 | Coca-Cola            |   45 |  170 |
|    4 | Hamburger                    |   85 |    5 | Iced Tea             |   35 |  120 |
|    4 | Hamburger                    |   85 |    4 | Frozen Fanta Cherry  |   65 |  150 |
|    4 | Hamburger                    |   85 |    3 | Diet Coke            |   60 |  145 |
|    4 | Hamburger                    |   85 |    2 | Mello Yello          |   75 |  160 |
|    4 | Hamburger                    |   85 |    1 | Coca-Cola            |   45 |  130 |
|   11 | Classic Grilled Dog          |   95 |    5 | Iced Tea             |   35 |  130 |
|   11 | Classic Grilled Dog          |   95 |    4 | Frozen Fanta Cherry  |   65 |  160 |
|   11 | Classic Grilled Dog          |   95 |    3 | Diet Coke            |   60 |  155 |
|   11 | Classic Grilled Dog          |   95 |    2 | Mello Yello          |   75 |  170 |
|   11 | Classic Grilled Dog          |   95 |    1 | Coca-Cola            |   45 |  140 |
|    1 | Chili Cheese Grilled Dog     |  115 |    5 | Iced Tea             |   35 |  150 |
|    1 | Chili Cheese Grilled Dog     |  115 |    4 | Frozen Fanta Cherry  |   65 |  180 |
|    1 | Chili Cheese Grilled Dog     |  115 |    3 | Diet Coke            |   60 |  175 |
|    1 | Chili Cheese Grilled Dog     |  115 |    2 | Mello Yello          |   75 |  190 |
|    1 | Chili Cheese Grilled Dog     |  115 |    1 | Coca-Cola            |   45 |  160 |
|    7 | Flame Grilled Chicken Burger |  135 |    5 | Iced Tea             |   35 |  170 |
|    7 | Flame Grilled Chicken Burger |  135 |    4 | Frozen Fanta Cherry  |   65 |  200 |
|    7 | Flame Grilled Chicken Burger |  135 |    3 | Diet Coke            |   60 |  195 |
|    7 | Flame Grilled Chicken Burger |  135 |    2 | Mello Yello          |   75 |  210 |
|    7 | Flame Grilled Chicken Burger |  135 |    1 | Coca-Cola            |   45 |  180 |
|    3 | Original Chicken Sandwich    |   55 |    5 | Iced Tea             |   35 |   90 |
|    3 | Original Chicken Sandwich    |   55 |    4 | Frozen Fanta Cherry  |   65 |  120 |
|    3 | Original Chicken Sandwich    |   55 |    3 | Diet Coke            |   60 |  115 |
|    3 | Original Chicken Sandwich    |   55 |    2 | Mello Yello          |   75 |  130 |
|    3 | Original Chicken Sandwich    |   55 |    1 | Coca-Cola            |   45 |  100 |
|    9 | McALLO TIKKI                 |   45 |    5 | Iced Tea             |   35 |   80 |
|    9 | McALLO TIKKI                 |   45 |    4 | Frozen Fanta Cherry  |   65 |  110 |
|    9 | McALLO TIKKI                 |   45 |    3 | Diet Coke            |   60 |  105 |
|    9 | McALLO TIKKI                 |   45 |    2 | Mello Yello          |   75 |  120 |
|    9 | McALLO TIKKI                 |   45 |    1 | Coca-Cola            |   45 |   90 |
|   12 | Veg Maharaja Mac             |   75 |    5 | Iced Tea             |   35 |  110 |
|   12 | Veg Maharaja Mac             |   75 |    4 | Frozen Fanta Cherry  |   65 |  140 |
|   12 | Veg Maharaja Mac             |   75 |    3 | Diet Coke            |   60 |  135 |
|   12 | Veg Maharaja Mac             |   75 |    2 | Mello Yello          |   75 |  150 |
|   12 | Veg Maharaja Mac             |   75 |    1 | Coca-Cola            |   45 |  120 |
|    5 | Big Spicy Chicken Wrap       |  100 |    5 | Iced Tea             |   35 |  135 |
|    5 | Big Spicy Chicken Wrap       |  100 |    4 | Frozen Fanta Cherry  |   65 |  165 |
|    5 | Big Spicy Chicken Wrap       |  100 |    3 | Diet Coke            |   60 |  160 |
|    5 | Big Spicy Chicken Wrap       |  100 |    2 | Mello Yello          |   75 |  175 |
|    5 | Big Spicy Chicken Wrap       |  100 |    1 | Coca-Cola            |   45 |  145 |
|   15 | Cheese Onion Hamburger       |  145 |    5 | Iced Tea             |   35 |  180 |
|   15 | Cheese Onion Hamburger       |  145 |    4 | Frozen Fanta Cherry  |   65 |  210 |
|   15 | Cheese Onion Hamburger       |  145 |    3 | Diet Coke            |   60 |  205 |
|   15 | Cheese Onion Hamburger       |  145 |    2 | Mello Yello          |   75 |  220 |
|   15 | Cheese Onion Hamburger       |  145 |    1 | Coca-Cola            |   45 |  190 |
|   10 | McVeggie Schezwan            |   85 |    5 | Iced Tea             |   35 |  120 |
|   10 | McVeggie Schezwan            |   85 |    4 | Frozen Fanta Cherry  |   65 |  150 |
|   10 | McVeggie Schezwan            |   85 |    3 | Diet Coke            |   60 |  145 |
|   10 | McVeggie Schezwan            |   85 |    2 | Mello Yello          |   75 |  160 |
|   10 | McVeggie Schezwan            |   85 |    1 | Coca-Cola            |   45 |  130 |
+------+------------------------------+------+------+----------------------+------+------+
75 rows in set (0.00 sec)

mysql> select m.name, m.rate, s.name, s.rate, m.rate + s.rate total from menucard m, softdrink s;
+------------------------------+------+----------------------+------+-------+
| name                         | rate | name                 | rate | total |
+------------------------------+------+----------------------+------+-------+
| Onion Hamburger              |  115 | Iced Tea             |   35 |   150 |
| Onion Hamburger              |  115 | Frozen Fanta Cherry  |   65 |   180 |
| Onion Hamburger              |  115 | Diet Coke            |   60 |   175 |
| Onion Hamburger              |  115 | Mello Yello          |   75 |   190 |
| Onion Hamburger              |  115 | Coca-Cola            |   45 |   160 |
| Extra Long Cheeseburger      |  100 | Iced Tea             |   35 |   135 |
| Extra Long Cheeseburger      |  100 | Frozen Fanta Cherry  |   65 |   165 |
| Extra Long Cheeseburger      |  100 | Diet Coke            |   60 |   160 |
| Extra Long Cheeseburger      |  100 | Mello Yello          |   75 |   175 |
| Extra Long Cheeseburger      |  100 | Coca-Cola            |   45 |   145 |
| Double Stacker               |  125 | Iced Tea             |   35 |   160 |
| Double Stacker               |  125 | Frozen Fanta Cherry  |   65 |   190 |
| Double Stacker               |  125 | Diet Coke            |   60 |   185 |
| Double Stacker               |  125 | Mello Yello          |   75 |   200 |
| Double Stacker               |  125 | Coca-Cola            |   45 |   170 |
| Double Cheeseburger          |  100 | Iced Tea             |   35 |   135 |
| Double Cheeseburger          |  100 | Frozen Fanta Cherry  |   65 |   165 |
| Double Cheeseburger          |  100 | Diet Coke            |   60 |   160 |
| Double Cheeseburger          |  100 | Mello Yello          |   75 |   175 |
| Double Cheeseburger          |  100 | Coca-Cola            |   45 |   145 |
| Cheese Hamburger             |  125 | Iced Tea             |   35 |   160 |
| Cheese Hamburger             |  125 | Frozen Fanta Cherry  |   65 |   190 |
| Cheese Hamburger             |  125 | Diet Coke            |   60 |   185 |
| Cheese Hamburger             |  125 | Mello Yello          |   75 |   200 |
| Cheese Hamburger             |  125 | Coca-Cola            |   45 |   170 |
| Hamburger                    |   85 | Iced Tea             |   35 |   120 |
| Hamburger                    |   85 | Frozen Fanta Cherry  |   65 |   150 |
| Hamburger                    |   85 | Diet Coke            |   60 |   145 |
| Hamburger                    |   85 | Mello Yello          |   75 |   160 |
| Hamburger                    |   85 | Coca-Cola            |   45 |   130 |
| Classic Grilled Dog          |   95 | Iced Tea             |   35 |   130 |
| Classic Grilled Dog          |   95 | Frozen Fanta Cherry  |   65 |   160 |
| Classic Grilled Dog          |   95 | Diet Coke            |   60 |   155 |
| Classic Grilled Dog          |   95 | Mello Yello          |   75 |   170 |
| Classic Grilled Dog          |   95 | Coca-Cola            |   45 |   140 |
| Chili Cheese Grilled Dog     |  115 | Iced Tea             |   35 |   150 |
| Chili Cheese Grilled Dog     |  115 | Frozen Fanta Cherry  |   65 |   180 |
| Chili Cheese Grilled Dog     |  115 | Diet Coke            |   60 |   175 |
| Chili Cheese Grilled Dog     |  115 | Mello Yello          |   75 |   190 |
| Chili Cheese Grilled Dog     |  115 | Coca-Cola            |   45 |   160 |
| Flame Grilled Chicken Burger |  135 | Iced Tea             |   35 |   170 |
| Flame Grilled Chicken Burger |  135 | Frozen Fanta Cherry  |   65 |   200 |
| Flame Grilled Chicken Burger |  135 | Diet Coke            |   60 |   195 |
| Flame Grilled Chicken Burger |  135 | Mello Yello          |   75 |   210 |
| Flame Grilled Chicken Burger |  135 | Coca-Cola            |   45 |   180 |
| Original Chicken Sandwich    |   55 | Iced Tea             |   35 |    90 |
| Original Chicken Sandwich    |   55 | Frozen Fanta Cherry  |   65 |   120 |
| Original Chicken Sandwich    |   55 | Diet Coke            |   60 |   115 |
| Original Chicken Sandwich    |   55 | Mello Yello          |   75 |   130 |
| Original Chicken Sandwich    |   55 | Coca-Cola            |   45 |   100 |
| McALLO TIKKI                 |   45 | Iced Tea             |   35 |    80 |
| McALLO TIKKI                 |   45 | Frozen Fanta Cherry  |   65 |   110 |
| McALLO TIKKI                 |   45 | Diet Coke            |   60 |   105 |
| McALLO TIKKI                 |   45 | Mello Yello          |   75 |   120 |
| McALLO TIKKI                 |   45 | Coca-Cola            |   45 |    90 |
| Veg Maharaja Mac             |   75 | Iced Tea             |   35 |   110 |
| Veg Maharaja Mac             |   75 | Frozen Fanta Cherry  |   65 |   140 |
| Veg Maharaja Mac             |   75 | Diet Coke            |   60 |   135 |
| Veg Maharaja Mac             |   75 | Mello Yello          |   75 |   150 |
| Veg Maharaja Mac             |   75 | Coca-Cola            |   45 |   120 |
| Big Spicy Chicken Wrap       |  100 | Iced Tea             |   35 |   135 |
| Big Spicy Chicken Wrap       |  100 | Frozen Fanta Cherry  |   65 |   165 |
| Big Spicy Chicken Wrap       |  100 | Diet Coke            |   60 |   160 |
| Big Spicy Chicken Wrap       |  100 | Mello Yello          |   75 |   175 |
| Big Spicy Chicken Wrap       |  100 | Coca-Cola            |   45 |   145 |
| Cheese Onion Hamburger       |  145 | Iced Tea             |   35 |   180 |
| Cheese Onion Hamburger       |  145 | Frozen Fanta Cherry  |   65 |   210 |
| Cheese Onion Hamburger       |  145 | Diet Coke            |   60 |   205 |
| Cheese Onion Hamburger       |  145 | Mello Yello          |   75 |   220 |
| Cheese Onion Hamburger       |  145 | Coca-Cola            |   45 |   190 |
| McVeggie Schezwan            |   85 | Iced Tea             |   35 |   120 |
| McVeggie Schezwan            |   85 | Frozen Fanta Cherry  |   65 |   150 |
| McVeggie Schezwan            |   85 | Diet Coke            |   60 |   145 |
| McVeggie Schezwan            |   85 | Mello Yello          |   75 |   160 |
| McVeggie Schezwan            |   85 | Coca-Cola            |   45 |   130 |
+------------------------------+------+----------------------+------+-------+
75 rows in set (0.00 sec)

mysql> desc emp1;
+----------+-------------+------+-----+---------+-------+
| Field    | Type        | Null | Key | Default | Extra |
+----------+-------------+------+-----+---------+-------+
| EMPNO    | int         | NO   | PRI | NULL    |       |
| ENAME    | varchar(12) | YES  |     | NULL    |       |
| JOB      | varchar(20) | YES  |     | NULL    |       |
| MGR      | int         | YES  | MUL | NULL    |       |
| HIREDATE | datetime    | YES  |     | NULL    |       |
| SAL      | float(7,2)  | YES  |     | NULL    |       |
| COMM     | float(7,2)  | YES  |     | NULL    |       |
| DEPTNO   | int         | NO   | MUL | NULL    |       |
| HOBBYID  | int         | YES  |     | NULL    |       |
| BONUSID  | int         | YES  |     | NULL    |       |
+----------+-------------+------+-----+---------+-------+
10 rows in set (0.02 sec)

mysql> select s.rate, s.rate from softdrink s;
+------+------+
| rate | rate |
+------+------+
|   45 |   45 |
|   75 |   75 |
|   60 |   60 |
|   65 |   65 |
|   35 |   35 |
+------+------+
5 rows in set (0.00 sec)

mysql> select s.name, s.rate from softdrink s;
+----------------------+------+
| name                 | rate |
+----------------------+------+
| Coca-Cola            |   45 |
| Mello Yello          |   75 |
| Diet Coke            |   60 |
| Frozen Fanta Cherry  |   65 |
| Iced Tea             |   35 |
+----------------------+------+
5 rows in set (0.00 sec)

mysql> select count(*), s.name, s.rate from softdrink s, emp e;
ERROR 1140 (42000): In aggregated query without GROUP BY, expression #2 of SELECT list contains nonaggregated column 'db1.s.NAME'; this is incompatible with sql_mode=only_full_group_by
mysql>
mysql>
mysql>
mysql> select count(*), s.name, s.rate from softdrink s, emp e group by s.name, s.rate;
+----------+----------------------+------+
| count(*) | name                 | rate |
+----------+----------------------+------+
|       28 | Iced Tea             |   35 |
|       28 | Frozen Fanta Cherry  |   65 |
|       28 | Diet Coke            |   60 |
|       28 | Mello Yello          |   75 |
|       28 | Coca-Cola            |   45 |
+----------+----------------------+------+
5 rows in set (0.00 sec)

mysql> select ename,  s.name, s.rate from softdrink s, emp e;
+----------+----------------------+------+
| ename    | name                 | rate |
+----------+----------------------+------+
| GITA     | Iced Tea             |   35 |
| GITA     | Frozen Fanta Cherry  |   65 |
| GITA     | Diet Coke            |   60 |
| GITA     | Mello Yello          |   75 |
| GITA     | Coca-Cola            |   45 |
| VRUSHALI | Iced Tea             |   35 |
| VRUSHALI | Frozen Fanta Cherry  |   65 |
| VRUSHALI | Diet Coke            |   60 |
| VRUSHALI | Mello Yello          |   75 |
| VRUSHALI | Coca-Cola            |   45 |
| SHARMIN  | Iced Tea             |   35 |
| SHARMIN  | Frozen Fanta Cherry  |   65 |
| SHARMIN  | Diet Coke            |   60 |
| SHARMIN  | Mello Yello          |   75 |
| SHARMIN  | Coca-Cola            |   45 |
| BANDISH  | Iced Tea             |   35 |
| BANDISH  | Frozen Fanta Cherry  |   65 |
| BANDISH  | Diet Coke            |   60 |
| BANDISH  | Mello Yello          |   75 |
| BANDISH  | Coca-Cola            |   45 |
| SMITH    | Iced Tea             |   35 |
| SMITH    | Frozen Fanta Cherry  |   65 |
| SMITH    | Diet Coke            |   60 |
| SMITH    | Mello Yello          |   75 |
| SMITH    | Coca-Cola            |   45 |
| AARAV    | Iced Tea             |   35 |
| AARAV    | Frozen Fanta Cherry  |   65 |
| AARAV    | Diet Coke            |   60 |
| AARAV    | Mello Yello          |   75 |
| AARAV    | Coca-Cola            |   45 |
| THOMAS   | Iced Tea             |   35 |
| THOMAS   | Frozen Fanta Cherry  |   65 |
| THOMAS   | Diet Coke            |   60 |
| THOMAS   | Mello Yello          |   75 |
| THOMAS   | Coca-Cola            |   45 |
| ALLEN    | Iced Tea             |   35 |
| ALLEN    | Frozen Fanta Cherry  |   65 |
| ALLEN    | Diet Coke            |   60 |
| ALLEN    | Mello Yello          |   75 |
| ALLEN    | Coca-Cola            |   45 |
| WARD     | Iced Tea             |   35 |
| WARD     | Frozen Fanta Cherry  |   65 |
| WARD     | Diet Coke            |   60 |
| WARD     | Mello Yello          |   75 |
| WARD     | Coca-Cola            |   45 |
| JONES    | Iced Tea             |   35 |
| JONES    | Frozen Fanta Cherry  |   65 |
| JONES    | Diet Coke            |   60 |
| JONES    | Mello Yello          |   75 |
| JONES    | Coca-Cola            |   45 |
| MARTIN   | Iced Tea             |   35 |
| MARTIN   | Frozen Fanta Cherry  |   65 |
| MARTIN   | Diet Coke            |   60 |
| MARTIN   | Mello Yello          |   75 |
| MARTIN   | Coca-Cola            |   45 |
| BLAKE    | Iced Tea             |   35 |
| BLAKE    | Frozen Fanta Cherry  |   65 |
| BLAKE    | Diet Coke            |   60 |
| BLAKE    | Mello Yello          |   75 |
| BLAKE    | Coca-Cola            |   45 |
| CLARK    | Iced Tea             |   35 |
| CLARK    | Frozen Fanta Cherry  |   65 |
| CLARK    | Diet Coke            |   60 |
| CLARK    | Mello Yello          |   75 |
| CLARK    | Coca-Cola            |   45 |
| SCOTT    | Iced Tea             |   35 |
| SCOTT    | Frozen Fanta Cherry  |   65 |
| SCOTT    | Diet Coke            |   60 |
| SCOTT    | Mello Yello          |   75 |
| SCOTT    | Coca-Cola            |   45 |
| KING     | Iced Tea             |   35 |
| KING     | Frozen Fanta Cherry  |   65 |
| KING     | Diet Coke            |   60 |
| KING     | Mello Yello          |   75 |
| KING     | Coca-Cola            |   45 |
| FRED     | Iced Tea             |   35 |
| FRED     | Frozen Fanta Cherry  |   65 |
| FRED     | Diet Coke            |   60 |
| FRED     | Mello Yello          |   75 |
| FRED     | Coca-Cola            |   45 |
| TURNER   | Iced Tea             |   35 |
| TURNER   | Frozen Fanta Cherry  |   65 |
| TURNER   | Diet Coke            |   60 |
| TURNER   | Mello Yello          |   75 |
| TURNER   | Coca-Cola            |   45 |
| ADAMS    | Iced Tea             |   35 |
| ADAMS    | Frozen Fanta Cherry  |   65 |
| ADAMS    | Diet Coke            |   60 |
| ADAMS    | Mello Yello          |   75 |
| ADAMS    | Coca-Cola            |   45 |
| JAMES    | Iced Tea             |   35 |
| JAMES    | Frozen Fanta Cherry  |   65 |
| JAMES    | Diet Coke            |   60 |
| JAMES    | Mello Yello          |   75 |
| JAMES    | Coca-Cola            |   45 |
| FORD     | Iced Tea             |   35 |
| FORD     | Frozen Fanta Cherry  |   65 |
| FORD     | Diet Coke            |   60 |
| FORD     | Mello Yello          |   75 |
| FORD     | Coca-Cola            |   45 |
| HOFFMAN  | Iced Tea             |   35 |
| HOFFMAN  | Frozen Fanta Cherry  |   65 |
| HOFFMAN  | Diet Coke            |   60 |
| HOFFMAN  | Mello Yello          |   75 |
| HOFFMAN  | Coca-Cola            |   45 |
| GRASS    | Iced Tea             |   35 |
| GRASS    | Frozen Fanta Cherry  |   65 |
| GRASS    | Diet Coke            |   60 |
| GRASS    | Mello Yello          |   75 |
| GRASS    | Coca-Cola            |   45 |
| MILLER   | Iced Tea             |   35 |
| MILLER   | Frozen Fanta Cherry  |   65 |
| MILLER   | Diet Coke            |   60 |
| MILLER   | Mello Yello          |   75 |
| MILLER   | Coca-Cola            |   45 |
| AARUSH   | Iced Tea             |   35 |
| AARUSH   | Frozen Fanta Cherry  |   65 |
| AARUSH   | Diet Coke            |   60 |
| AARUSH   | Mello Yello          |   75 |
| AARUSH   | Coca-Cola            |   45 |
| ALEX     | Iced Tea             |   35 |
| ALEX     | Frozen Fanta Cherry  |   65 |
| ALEX     | Diet Coke            |   60 |
| ALEX     | Mello Yello          |   75 |
| ALEX     | Coca-Cola            |   45 |
| NATASHA  | Iced Tea             |   35 |
| NATASHA  | Frozen Fanta Cherry  |   65 |
| NATASHA  | Diet Coke            |   60 |
| NATASHA  | Mello Yello          |   75 |
| NATASHA  | Coca-Cola            |   45 |
| SANGITA  | Iced Tea             |   35 |
| SANGITA  | Frozen Fanta Cherry  |   65 |
| SANGITA  | Diet Coke            |   60 |
| SANGITA  | Mello Yello          |   75 |
| SANGITA  | Coca-Cola            |   45 |
| SUPRIYA  | Iced Tea             |   35 |
| SUPRIYA  | Frozen Fanta Cherry  |   65 |
| SUPRIYA  | Diet Coke            |   60 |
| SUPRIYA  | Mello Yello          |   75 |
| SUPRIYA  | Coca-Cola            |   45 |
+----------+----------------------+------+
140 rows in set (0.00 sec)

mysql> select count(*), s.name, s.rate from softdrink s, emp e group by s.name, s.rate;
+----------+----------------------+------+
| count(*) | name                 | rate |
+----------+----------------------+------+
|       28 | Iced Tea             |   35 |
|       28 | Frozen Fanta Cherry  |   65 |
|       28 | Diet Coke            |   60 |
|       28 | Mello Yello          |   75 |
|       28 | Coca-Cola            |   45 |
+----------+----------------------+------+
5 rows in set (0.00 sec)

mysql> select count(*) 'Total Employees', s.name, s.rate from softdrink s, emp e group by s.name, s.rate;
+-----------------+----------------------+------+
| Total Employees | name                 | rate |
+-----------------+----------------------+------+
|              28 | Iced Tea             |   35 |
|              28 | Frozen Fanta Cherry  |   65 |
|              28 | Diet Coke            |   60 |
|              28 | Mello Yello          |   75 |
|              28 | Coca-Cola            |   45 |
+-----------------+----------------------+------+
5 rows in set (0.00 sec)

mysql> select count(*) 'Total Employees', s.name, s.rate, count(*) * s.rate 'Total Cost' from softdrink s, emp e group by s.name, s.rate;
+-----------------+----------------------+------+------------+
| Total Employees | name                 | rate | Total Cost |
+-----------------+----------------------+------+------------+
|              28 | Iced Tea             |   35 |        980 |
|              28 | Frozen Fanta Cherry  |   65 |       1820 |
|              28 | Diet Coke            |   60 |       1680 |
|              28 | Mello Yello          |   75 |       2100 |
|              28 | Coca-Cola            |   45 |       1260 |
+-----------------+----------------------+------+------------+
5 rows in set (0.01 sec)

mysql> seelct * from icc_world_cup;
ERROR 1064 (42000): You have an error in your SQL syntax; check the manual that corresponds to your MySQL server version for the right syntax to use near 'seelct * from icc_world_cup' at line 1
mysql> select * from icc_world_cup;
+--------+--------+--------+
| Team_1 | Team_2 | Winner |
+--------+--------+--------+
| India  | SL     | India  |
| SL     | Aus    | Aus    |
| SA     | Eng    | Eng    |
| Eng    | NZ     | NZ     |
| Aus    | India  | India  |
+--------+--------+--------+
5 rows in set (0.00 sec)

mysql> select row_number() over() R1, i.* from icc_world_cup i;
+----+--------+--------+--------+
| R1 | Team_1 | Team_2 | Winner |
+----+--------+--------+--------+
|  1 | India  | SL     | India  |
|  2 | SL     | Aus    | Aus    |
|  3 | SA     | Eng    | Eng    |
|  4 | Eng    | NZ     | NZ     |
|  5 | Aus    | India  | India  |
+----+--------+--------+--------+
5 rows in set (0.00 sec)

mysql> select row_number() over() R1, case when team_1 = winner then 1 else 0 end R2 from icc_world_cup i;
+----+----+
| R1 | R2 |
+----+----+
|  1 |  1 |
|  2 |  0 |
|  3 |  0 |
|  4 |  0 |
|  5 |  0 |
+----+----+
5 rows in set (0.00 sec)

mysql> select row_number() over() R1, team_1, case when team_1 = winner then 1 else 0 end R2 from icc_world_cup i;
+----+--------+----+
| R1 | team_1 | R2 |
+----+--------+----+
|  1 | India  |  1 |
|  2 | SL     |  0 |
|  3 | SA     |  0 |
|  4 | Eng    |  0 |
|  5 | Aus    |  0 |
+----+--------+----+
5 rows in set (0.00 sec)

mysql> select row_number() over() R1, team_2, case when team_2 = winner then 1 else 0 end R2 from icc_world_cup i;
+----+--------+----+
| R1 | team_2 | R2 |
+----+--------+----+
|  1 | SL     |  0 |
|  2 | Aus    |  1 |
|  3 | Eng    |  1 |
|  4 | NZ     |  1 |
|  5 | India  |  1 |
+----+--------+----+
5 rows in set (0.00 sec)

mysql> select m.name, m.rate, s.name, s.rate, m.rate + s.rate total from menucard m, softdrink s;
+------------------------------+------+----------------------+------+-------+
| name                         | rate | name                 | rate | total |
+------------------------------+------+----------------------+------+-------+
| Onion Hamburger              |  115 | Iced Tea             |   35 |   150 |
| Onion Hamburger              |  115 | Frozen Fanta Cherry  |   65 |   180 |
| Onion Hamburger              |  115 | Diet Coke            |   60 |   175 |
| Onion Hamburger              |  115 | Mello Yello          |   75 |   190 |
| Onion Hamburger              |  115 | Coca-Cola            |   45 |   160 |
| Extra Long Cheeseburger      |  100 | Iced Tea             |   35 |   135 |
| Extra Long Cheeseburger      |  100 | Frozen Fanta Cherry  |   65 |   165 |
| Extra Long Cheeseburger      |  100 | Diet Coke            |   60 |   160 |
| Extra Long Cheeseburger      |  100 | Mello Yello          |   75 |   175 |
| Extra Long Cheeseburger      |  100 | Coca-Cola            |   45 |   145 |
| Double Stacker               |  125 | Iced Tea             |   35 |   160 |
| Double Stacker               |  125 | Frozen Fanta Cherry  |   65 |   190 |
| Double Stacker               |  125 | Diet Coke            |   60 |   185 |
| Double Stacker               |  125 | Mello Yello          |   75 |   200 |
| Double Stacker               |  125 | Coca-Cola            |   45 |   170 |
| Double Cheeseburger          |  100 | Iced Tea             |   35 |   135 |
| Double Cheeseburger          |  100 | Frozen Fanta Cherry  |   65 |   165 |
| Double Cheeseburger          |  100 | Diet Coke            |   60 |   160 |
| Double Cheeseburger          |  100 | Mello Yello          |   75 |   175 |
| Double Cheeseburger          |  100 | Coca-Cola            |   45 |   145 |
| Cheese Hamburger             |  125 | Iced Tea             |   35 |   160 |
| Cheese Hamburger             |  125 | Frozen Fanta Cherry  |   65 |   190 |
| Cheese Hamburger             |  125 | Diet Coke            |   60 |   185 |
| Cheese Hamburger             |  125 | Mello Yello          |   75 |   200 |
| Cheese Hamburger             |  125 | Coca-Cola            |   45 |   170 |
| Hamburger                    |   85 | Iced Tea             |   35 |   120 |
| Hamburger                    |   85 | Frozen Fanta Cherry  |   65 |   150 |
| Hamburger                    |   85 | Diet Coke            |   60 |   145 |
| Hamburger                    |   85 | Mello Yello          |   75 |   160 |
| Hamburger                    |   85 | Coca-Cola            |   45 |   130 |
| Classic Grilled Dog          |   95 | Iced Tea             |   35 |   130 |
| Classic Grilled Dog          |   95 | Frozen Fanta Cherry  |   65 |   160 |
| Classic Grilled Dog          |   95 | Diet Coke            |   60 |   155 |
| Classic Grilled Dog          |   95 | Mello Yello          |   75 |   170 |
| Classic Grilled Dog          |   95 | Coca-Cola            |   45 |   140 |
| Chili Cheese Grilled Dog     |  115 | Iced Tea             |   35 |   150 |
| Chili Cheese Grilled Dog     |  115 | Frozen Fanta Cherry  |   65 |   180 |
| Chili Cheese Grilled Dog     |  115 | Diet Coke            |   60 |   175 |
| Chili Cheese Grilled Dog     |  115 | Mello Yello          |   75 |   190 |
| Chili Cheese Grilled Dog     |  115 | Coca-Cola            |   45 |   160 |
| Flame Grilled Chicken Burger |  135 | Iced Tea             |   35 |   170 |
| Flame Grilled Chicken Burger |  135 | Frozen Fanta Cherry  |   65 |   200 |
| Flame Grilled Chicken Burger |  135 | Diet Coke            |   60 |   195 |
| Flame Grilled Chicken Burger |  135 | Mello Yello          |   75 |   210 |
| Flame Grilled Chicken Burger |  135 | Coca-Cola            |   45 |   180 |
| Original Chicken Sandwich    |   55 | Iced Tea             |   35 |    90 |
| Original Chicken Sandwich    |   55 | Frozen Fanta Cherry  |   65 |   120 |
| Original Chicken Sandwich    |   55 | Diet Coke            |   60 |   115 |
| Original Chicken Sandwich    |   55 | Mello Yello          |   75 |   130 |
| Original Chicken Sandwich    |   55 | Coca-Cola            |   45 |   100 |
| McALLO TIKKI                 |   45 | Iced Tea             |   35 |    80 |
| McALLO TIKKI                 |   45 | Frozen Fanta Cherry  |   65 |   110 |
| McALLO TIKKI                 |   45 | Diet Coke            |   60 |   105 |
| McALLO TIKKI                 |   45 | Mello Yello          |   75 |   120 |
| McALLO TIKKI                 |   45 | Coca-Cola            |   45 |    90 |
| Veg Maharaja Mac             |   75 | Iced Tea             |   35 |   110 |
| Veg Maharaja Mac             |   75 | Frozen Fanta Cherry  |   65 |   140 |
| Veg Maharaja Mac             |   75 | Diet Coke            |   60 |   135 |
| Veg Maharaja Mac             |   75 | Mello Yello          |   75 |   150 |
| Veg Maharaja Mac             |   75 | Coca-Cola            |   45 |   120 |
| Big Spicy Chicken Wrap       |  100 | Iced Tea             |   35 |   135 |
| Big Spicy Chicken Wrap       |  100 | Frozen Fanta Cherry  |   65 |   165 |
| Big Spicy Chicken Wrap       |  100 | Diet Coke            |   60 |   160 |
| Big Spicy Chicken Wrap       |  100 | Mello Yello          |   75 |   175 |
| Big Spicy Chicken Wrap       |  100 | Coca-Cola            |   45 |   145 |
| Cheese Onion Hamburger       |  145 | Iced Tea             |   35 |   180 |
| Cheese Onion Hamburger       |  145 | Frozen Fanta Cherry  |   65 |   210 |
| Cheese Onion Hamburger       |  145 | Diet Coke            |   60 |   205 |
| Cheese Onion Hamburger       |  145 | Mello Yello          |   75 |   220 |
| Cheese Onion Hamburger       |  145 | Coca-Cola            |   45 |   190 |
| McVeggie Schezwan            |   85 | Iced Tea             |   35 |   120 |
| McVeggie Schezwan            |   85 | Frozen Fanta Cherry  |   65 |   150 |
| McVeggie Schezwan            |   85 | Diet Coke            |   60 |   145 |
| McVeggie Schezwan            |   85 | Mello Yello          |   75 |   160 |
| McVeggie Schezwan            |   85 | Coca-Cola            |   45 |   130 |
+------------------------------+------+----------------------+------+-------+
75 rows in set (0.00 sec)

mysql>
mysql>
mysql>
mysql> select m.name, m.rate, s.name, s.rate, m.rate + s.rate total from menucard m cross join softdrink s;
+------------------------------+------+----------------------+------+-------+
| name                         | rate | name                 | rate | total |
+------------------------------+------+----------------------+------+-------+
| Onion Hamburger              |  115 | Iced Tea             |   35 |   150 |
| Onion Hamburger              |  115 | Frozen Fanta Cherry  |   65 |   180 |
| Onion Hamburger              |  115 | Diet Coke            |   60 |   175 |
| Onion Hamburger              |  115 | Mello Yello          |   75 |   190 |
| Onion Hamburger              |  115 | Coca-Cola            |   45 |   160 |
| Extra Long Cheeseburger      |  100 | Iced Tea             |   35 |   135 |
| Extra Long Cheeseburger      |  100 | Frozen Fanta Cherry  |   65 |   165 |
| Extra Long Cheeseburger      |  100 | Diet Coke            |   60 |   160 |
| Extra Long Cheeseburger      |  100 | Mello Yello          |   75 |   175 |
| Extra Long Cheeseburger      |  100 | Coca-Cola            |   45 |   145 |
| Double Stacker               |  125 | Iced Tea             |   35 |   160 |
| Double Stacker               |  125 | Frozen Fanta Cherry  |   65 |   190 |
| Double Stacker               |  125 | Diet Coke            |   60 |   185 |
| Double Stacker               |  125 | Mello Yello          |   75 |   200 |
| Double Stacker               |  125 | Coca-Cola            |   45 |   170 |
| Double Cheeseburger          |  100 | Iced Tea             |   35 |   135 |
| Double Cheeseburger          |  100 | Frozen Fanta Cherry  |   65 |   165 |
| Double Cheeseburger          |  100 | Diet Coke            |   60 |   160 |
| Double Cheeseburger          |  100 | Mello Yello          |   75 |   175 |
| Double Cheeseburger          |  100 | Coca-Cola            |   45 |   145 |
| Cheese Hamburger             |  125 | Iced Tea             |   35 |   160 |
| Cheese Hamburger             |  125 | Frozen Fanta Cherry  |   65 |   190 |
| Cheese Hamburger             |  125 | Diet Coke            |   60 |   185 |
| Cheese Hamburger             |  125 | Mello Yello          |   75 |   200 |
| Cheese Hamburger             |  125 | Coca-Cola            |   45 |   170 |
| Hamburger                    |   85 | Iced Tea             |   35 |   120 |
| Hamburger                    |   85 | Frozen Fanta Cherry  |   65 |   150 |
| Hamburger                    |   85 | Diet Coke            |   60 |   145 |
| Hamburger                    |   85 | Mello Yello          |   75 |   160 |
| Hamburger                    |   85 | Coca-Cola            |   45 |   130 |
| Classic Grilled Dog          |   95 | Iced Tea             |   35 |   130 |
| Classic Grilled Dog          |   95 | Frozen Fanta Cherry  |   65 |   160 |
| Classic Grilled Dog          |   95 | Diet Coke            |   60 |   155 |
| Classic Grilled Dog          |   95 | Mello Yello          |   75 |   170 |
| Classic Grilled Dog          |   95 | Coca-Cola            |   45 |   140 |
| Chili Cheese Grilled Dog     |  115 | Iced Tea             |   35 |   150 |
| Chili Cheese Grilled Dog     |  115 | Frozen Fanta Cherry  |   65 |   180 |
| Chili Cheese Grilled Dog     |  115 | Diet Coke            |   60 |   175 |
| Chili Cheese Grilled Dog     |  115 | Mello Yello          |   75 |   190 |
| Chili Cheese Grilled Dog     |  115 | Coca-Cola            |   45 |   160 |
| Flame Grilled Chicken Burger |  135 | Iced Tea             |   35 |   170 |
| Flame Grilled Chicken Burger |  135 | Frozen Fanta Cherry  |   65 |   200 |
| Flame Grilled Chicken Burger |  135 | Diet Coke            |   60 |   195 |
| Flame Grilled Chicken Burger |  135 | Mello Yello          |   75 |   210 |
| Flame Grilled Chicken Burger |  135 | Coca-Cola            |   45 |   180 |
| Original Chicken Sandwich    |   55 | Iced Tea             |   35 |    90 |
| Original Chicken Sandwich    |   55 | Frozen Fanta Cherry  |   65 |   120 |
| Original Chicken Sandwich    |   55 | Diet Coke            |   60 |   115 |
| Original Chicken Sandwich    |   55 | Mello Yello          |   75 |   130 |
| Original Chicken Sandwich    |   55 | Coca-Cola            |   45 |   100 |
| McALLO TIKKI                 |   45 | Iced Tea             |   35 |    80 |
| McALLO TIKKI                 |   45 | Frozen Fanta Cherry  |   65 |   110 |
| McALLO TIKKI                 |   45 | Diet Coke            |   60 |   105 |
| McALLO TIKKI                 |   45 | Mello Yello          |   75 |   120 |
| McALLO TIKKI                 |   45 | Coca-Cola            |   45 |    90 |
| Veg Maharaja Mac             |   75 | Iced Tea             |   35 |   110 |
| Veg Maharaja Mac             |   75 | Frozen Fanta Cherry  |   65 |   140 |
| Veg Maharaja Mac             |   75 | Diet Coke            |   60 |   135 |
| Veg Maharaja Mac             |   75 | Mello Yello          |   75 |   150 |
| Veg Maharaja Mac             |   75 | Coca-Cola            |   45 |   120 |
| Big Spicy Chicken Wrap       |  100 | Iced Tea             |   35 |   135 |
| Big Spicy Chicken Wrap       |  100 | Frozen Fanta Cherry  |   65 |   165 |
| Big Spicy Chicken Wrap       |  100 | Diet Coke            |   60 |   160 |
| Big Spicy Chicken Wrap       |  100 | Mello Yello          |   75 |   175 |
| Big Spicy Chicken Wrap       |  100 | Coca-Cola            |   45 |   145 |
| Cheese Onion Hamburger       |  145 | Iced Tea             |   35 |   180 |
| Cheese Onion Hamburger       |  145 | Frozen Fanta Cherry  |   65 |   210 |
| Cheese Onion Hamburger       |  145 | Diet Coke            |   60 |   205 |
| Cheese Onion Hamburger       |  145 | Mello Yello          |   75 |   220 |
| Cheese Onion Hamburger       |  145 | Coca-Cola            |   45 |   190 |
| McVeggie Schezwan            |   85 | Iced Tea             |   35 |   120 |
| McVeggie Schezwan            |   85 | Frozen Fanta Cherry  |   65 |   150 |
| McVeggie Schezwan            |   85 | Diet Coke            |   60 |   145 |
| McVeggie Schezwan            |   85 | Mello Yello          |   75 |   160 |
| McVeggie Schezwan            |   85 | Coca-Cola            |   45 |   130 |
+------------------------------+------+----------------------+------+-------+
75 rows in set (0.00 sec)

mysql> select ename, dname from emp, dept;
+----------+------------+
| ename    | dname      |
+----------+------------+
| GITA     | HR         |
| GITA     | OPERATIONS |
| GITA     | SALES      |
| GITA     | RESEARCH   |
| GITA     | ACCOUNTING |
| VRUSHALI | HR         |
| VRUSHALI | OPERATIONS |
| VRUSHALI | SALES      |
| VRUSHALI | RESEARCH   |
| VRUSHALI | ACCOUNTING |
| SHARMIN  | HR         |
| SHARMIN  | OPERATIONS |
| SHARMIN  | SALES      |
| SHARMIN  | RESEARCH   |
| SHARMIN  | ACCOUNTING |
| BANDISH  | HR         |
| BANDISH  | OPERATIONS |
| BANDISH  | SALES      |
| BANDISH  | RESEARCH   |
| BANDISH  | ACCOUNTING |
| SMITH    | HR         |
| SMITH    | OPERATIONS |
| SMITH    | SALES      |
| SMITH    | RESEARCH   |
| SMITH    | ACCOUNTING |
| AARAV    | HR         |
| AARAV    | OPERATIONS |
| AARAV    | SALES      |
| AARAV    | RESEARCH   |
| AARAV    | ACCOUNTING |
| THOMAS   | HR         |
| THOMAS   | OPERATIONS |
| THOMAS   | SALES      |
| THOMAS   | RESEARCH   |
| THOMAS   | ACCOUNTING |
| ALLEN    | HR         |
| ALLEN    | OPERATIONS |
| ALLEN    | SALES      |
| ALLEN    | RESEARCH   |
| ALLEN    | ACCOUNTING |
| WARD     | HR         |
| WARD     | OPERATIONS |
| WARD     | SALES      |
| WARD     | RESEARCH   |
| WARD     | ACCOUNTING |
| JONES    | HR         |
| JONES    | OPERATIONS |
| JONES    | SALES      |
| JONES    | RESEARCH   |
| JONES    | ACCOUNTING |
| MARTIN   | HR         |
| MARTIN   | OPERATIONS |
| MARTIN   | SALES      |
| MARTIN   | RESEARCH   |
| MARTIN   | ACCOUNTING |
| BLAKE    | HR         |
| BLAKE    | OPERATIONS |
| BLAKE    | SALES      |
| BLAKE    | RESEARCH   |
| BLAKE    | ACCOUNTING |
| CLARK    | HR         |
| CLARK    | OPERATIONS |
| CLARK    | SALES      |
| CLARK    | RESEARCH   |
| CLARK    | ACCOUNTING |
| SCOTT    | HR         |
| SCOTT    | OPERATIONS |
| SCOTT    | SALES      |
| SCOTT    | RESEARCH   |
| SCOTT    | ACCOUNTING |
| KING     | HR         |
| KING     | OPERATIONS |
| KING     | SALES      |
| KING     | RESEARCH   |
| KING     | ACCOUNTING |
| FRED     | HR         |
| FRED     | OPERATIONS |
| FRED     | SALES      |
| FRED     | RESEARCH   |
| FRED     | ACCOUNTING |
| TURNER   | HR         |
| TURNER   | OPERATIONS |
| TURNER   | SALES      |
| TURNER   | RESEARCH   |
| TURNER   | ACCOUNTING |
| ADAMS    | HR         |
| ADAMS    | OPERATIONS |
| ADAMS    | SALES      |
| ADAMS    | RESEARCH   |
| ADAMS    | ACCOUNTING |
| JAMES    | HR         |
| JAMES    | OPERATIONS |
| JAMES    | SALES      |
| JAMES    | RESEARCH   |
| JAMES    | ACCOUNTING |
| FORD     | HR         |
| FORD     | OPERATIONS |
| FORD     | SALES      |
| FORD     | RESEARCH   |
| FORD     | ACCOUNTING |
| HOFFMAN  | HR         |
| HOFFMAN  | OPERATIONS |
| HOFFMAN  | SALES      |
| HOFFMAN  | RESEARCH   |
| HOFFMAN  | ACCOUNTING |
| GRASS    | HR         |
| GRASS    | OPERATIONS |
| GRASS    | SALES      |
| GRASS    | RESEARCH   |
| GRASS    | ACCOUNTING |
| MILLER   | HR         |
| MILLER   | OPERATIONS |
| MILLER   | SALES      |
| MILLER   | RESEARCH   |
| MILLER   | ACCOUNTING |
| AARUSH   | HR         |
| AARUSH   | OPERATIONS |
| AARUSH   | SALES      |
| AARUSH   | RESEARCH   |
| AARUSH   | ACCOUNTING |
| ALEX     | HR         |
| ALEX     | OPERATIONS |
| ALEX     | SALES      |
| ALEX     | RESEARCH   |
| ALEX     | ACCOUNTING |
| NATASHA  | HR         |
| NATASHA  | OPERATIONS |
| NATASHA  | SALES      |
| NATASHA  | RESEARCH   |
| NATASHA  | ACCOUNTING |
| SANGITA  | HR         |
| SANGITA  | OPERATIONS |
| SANGITA  | SALES      |
| SANGITA  | RESEARCH   |
| SANGITA  | ACCOUNTING |
| SUPRIYA  | HR         |
| SUPRIYA  | OPERATIONS |
| SUPRIYA  | SALES      |
| SUPRIYA  | RESEARCH   |
| SUPRIYA  | ACCOUNTING |
+----------+------------+
140 rows in set (0.00 sec)

mysql> select 1 from emp where ename='smith';
+---+
| 1 |
+---+
| 1 |
+---+
1 row in set (0.00 sec)

mysql> select 1 from dept;
+---+
| 1 |
+---+
| 1 |
| 1 |
| 1 |
| 1 |
| 1 |
+---+
5 rows in set (0.00 sec)

mysql>
mysql>
mysql> select ename, dname from emp, dept where  emp.dpetno= dept.deptno;
ERROR 1054 (42S22): Unknown column 'emp.dpetno' in 'where clause'
mysql> select ename, dname from emp, dept where  emp.deptno= dept.deptno;
+----------+------------+
| ename    | dname      |
+----------+------------+
| AARAV    | ACCOUNTING |
| THOMAS   | ACCOUNTING |
| CLARK    | ACCOUNTING |
| KING     | ACCOUNTING |
| MILLER   | ACCOUNTING |
| SHARMIN  | RESEARCH   |
| BANDISH  | RESEARCH   |
| SMITH    | RESEARCH   |
| JONES    | RESEARCH   |
| SCOTT    | RESEARCH   |
| FRED     | RESEARCH   |
| ADAMS    | RESEARCH   |
| FORD     | RESEARCH   |
| GITA     | SALES      |
| ALLEN    | SALES      |
| WARD     | SALES      |
| MARTIN   | SALES      |
| BLAKE    | SALES      |
| TURNER   | SALES      |
| JAMES    | SALES      |
| HOFFMAN  | SALES      |
| GRASS    | SALES      |
| AARUSH   | SALES      |
| ALEX     | SALES      |
| NATASHA  | SALES      |
| VRUSHALI | HR         |
| SANGITA  | HR         |
| SUPRIYA  | HR         |
+----------+------------+
28 rows in set (0.00 sec)

mysql> select ename,emp.deptno, dept.deptno, dname from emp, dept where  emp.deptno= dept.deptno;
+----------+--------+--------+------------+
| ename    | deptno | deptno | dname      |
+----------+--------+--------+------------+
| AARAV    |     10 |     10 | ACCOUNTING |
| THOMAS   |     10 |     10 | ACCOUNTING |
| CLARK    |     10 |     10 | ACCOUNTING |
| KING     |     10 |     10 | ACCOUNTING |
| MILLER   |     10 |     10 | ACCOUNTING |
| SHARMIN  |     20 |     20 | RESEARCH   |
| BANDISH  |     20 |     20 | RESEARCH   |
| SMITH    |     20 |     20 | RESEARCH   |
| JONES    |     20 |     20 | RESEARCH   |
| SCOTT    |     20 |     20 | RESEARCH   |
| FRED     |     20 |     20 | RESEARCH   |
| ADAMS    |     20 |     20 | RESEARCH   |
| FORD     |     20 |     20 | RESEARCH   |
| GITA     |     30 |     30 | SALES      |
| ALLEN    |     30 |     30 | SALES      |
| WARD     |     30 |     30 | SALES      |
| MARTIN   |     30 |     30 | SALES      |
| BLAKE    |     30 |     30 | SALES      |
| TURNER   |     30 |     30 | SALES      |
| JAMES    |     30 |     30 | SALES      |
| HOFFMAN  |     30 |     30 | SALES      |
| GRASS    |     30 |     30 | SALES      |
| AARUSH   |     30 |     30 | SALES      |
| ALEX     |     30 |     30 | SALES      |
| NATASHA  |     30 |     30 | SALES      |
| VRUSHALI |     50 |     50 | HR         |
| SANGITA  |     50 |     50 | HR         |
| SUPRIYA  |     50 |     50 | HR         |
+----------+--------+--------+------------+
28 rows in set (0.00 sec)

mysql> desc emp;
+-----------+-------------+------+-----+---------+-------+
| Field     | Type        | Null | Key | Default | Extra |
+-----------+-------------+------+-----+---------+-------+
| EMPNO     | int         | NO   | PRI | NULL    |       |
| ENAME     | varchar(12) | YES  |     | NULL    |       |
| GENDER    | char(1)     | YES  |     | NULL    |       |
| JOB       | varchar(20) | YES  |     | NULL    |       |
| MGR       | int         | YES  | MUL | NULL    |       |
| HIREDATE  | date        | YES  |     | NULL    |       |
| SAL       | int         | YES  |     | NULL    |       |
| COMM      | int         | YES  |     | NULL    |       |
| DEPTNO    | int         | NO   | MUL | NULL    |       |
| BONUSID   | int         | YES  |     | NULL    |       |
| USER NAME | varchar(20) | YES  |     | NULL    |       |
| PWD       | varchar(20) | YES  |     | NULL    |       |
| PHONE     | varchar(45) | YES  |     | NULL    |       |
| isActive  | tinyint(1)  | YES  |     | NULL    |       |
+-----------+-------------+------+-----+---------+-------+
14 rows in set (0.00 sec)

mysql> select ename, sal, bonusid from emp;
+----------+------+---------+
| ename    | sal  | bonusid |
+----------+------+---------+
| GITA     | 1750 |       1 |
| VRUSHALI | 1750 |       1 |
| SHARMIN  | 1750 |       1 |
| BANDISH  | 1750 |       1 |
| SMITH    |  800 |       2 |
| AARAV    | 3350 |    NULL |
| THOMAS   | 1750 |       1 |
| ALLEN    | 1600 |       4 |
| WARD     | 1250 |       1 |
| JONES    | 2975 |       4 |
| MARTIN   | 1250 |       6 |
| BLAKE    | 2850 |       1 |
| CLARK    | 2450 |       3 |
| SCOTT    | 3000 |       3 |
| KING     | 5000 |       1 |
| FRED     | 5000 |       1 |
| TURNER   | 1500 |       5 |
| ADAMS    | 1100 |       1 |
| JAMES    |  950 |       2 |
| FORD     | 3000 |       4 |
| HOFFMAN  | 4150 |       3 |
| GRASS    | 2575 |       5 |
| MILLER   | 1300 |       2 |
| AARUSH   | 1350 |    NULL |
| ALEX     | 1250 |       5 |
| NATASHA  | 1750 |       1 |
| SANGITA  | 1750 |       1 |
| SUPRIYA  | 1750 |       1 |
+----------+------+---------+
28 rows in set (0.00 sec)

mysql> select * from bonus;
+----+------+
| ID | RATE |
+----+------+
|  1 |  0.5 |
|  2 | 0.75 |
|  3 | 0.25 |
|  4 | 0.15 |
|  5 | 0.55 |
|  6 | 0.54 |
|  7 | 0.34 |
|  8 | 0.14 |
|  9 | 0.27 |
| 10 | 0.32 |
+----+------+
10 rows in set (0.02 sec)

mysql> select ename, sal, rate from emp, bonus where emp.bonusid=bonus.id;
+----------+------+------+
| ename    | sal  | rate |
+----------+------+------+
| GITA     | 1750 |  0.5 |
| VRUSHALI | 1750 |  0.5 |
| SHARMIN  | 1750 |  0.5 |
| BANDISH  | 1750 |  0.5 |
| SMITH    |  800 | 0.75 |
| THOMAS   | 1750 |  0.5 |
| ALLEN    | 1600 | 0.15 |
| WARD     | 1250 |  0.5 |
| JONES    | 2975 | 0.15 |
| MARTIN   | 1250 | 0.54 |
| BLAKE    | 2850 |  0.5 |
| CLARK    | 2450 | 0.25 |
| SCOTT    | 3000 | 0.25 |
| KING     | 5000 |  0.5 |
| FRED     | 5000 |  0.5 |
| TURNER   | 1500 | 0.55 |
| ADAMS    | 1100 |  0.5 |
| JAMES    |  950 | 0.75 |
| FORD     | 3000 | 0.15 |
| HOFFMAN  | 4150 | 0.25 |
| GRASS    | 2575 | 0.55 |
| MILLER   | 1300 | 0.75 |
| ALEX     | 1250 | 0.55 |
| NATASHA  | 1750 |  0.5 |
| SANGITA  | 1750 |  0.5 |
| SUPRIYA  | 1750 |  0.5 |
+----------+------+------+
26 rows in set (0.00 sec)

mysql> select ename, sal,bonusid, id, rate from emp, bonus where emp.bonusid=bonus.id;
+----------+------+---------+----+------+
| ename    | sal  | bonusid | id | rate |
+----------+------+---------+----+------+
| GITA     | 1750 |       1 |  1 |  0.5 |
| VRUSHALI | 1750 |       1 |  1 |  0.5 |
| SHARMIN  | 1750 |       1 |  1 |  0.5 |
| BANDISH  | 1750 |       1 |  1 |  0.5 |
| SMITH    |  800 |       2 |  2 | 0.75 |
| THOMAS   | 1750 |       1 |  1 |  0.5 |
| ALLEN    | 1600 |       4 |  4 | 0.15 |
| WARD     | 1250 |       1 |  1 |  0.5 |
| JONES    | 2975 |       4 |  4 | 0.15 |
| MARTIN   | 1250 |       6 |  6 | 0.54 |
| BLAKE    | 2850 |       1 |  1 |  0.5 |
| CLARK    | 2450 |       3 |  3 | 0.25 |
| SCOTT    | 3000 |       3 |  3 | 0.25 |
| KING     | 5000 |       1 |  1 |  0.5 |
| FRED     | 5000 |       1 |  1 |  0.5 |
| TURNER   | 1500 |       5 |  5 | 0.55 |
| ADAMS    | 1100 |       1 |  1 |  0.5 |
| JAMES    |  950 |       2 |  2 | 0.75 |
| FORD     | 3000 |       4 |  4 | 0.15 |
| HOFFMAN  | 4150 |       3 |  3 | 0.25 |
| GRASS    | 2575 |       5 |  5 | 0.55 |
| MILLER   | 1300 |       2 |  2 | 0.75 |
| ALEX     | 1250 |       5 |  5 | 0.55 |
| NATASHA  | 1750 |       1 |  1 |  0.5 |
| SANGITA  | 1750 |       1 |  1 |  0.5 |
| SUPRIYA  | 1750 |       1 |  1 |  0.5 |
+----------+------+---------+----+------+
26 rows in set (0.00 sec)

mysql> select ename, sal, sal + sal * rate R1, bonusid, id, rate from emp, bonus where emp.bonusid=bonus.id;
+----------+------+--------------------+---------+----+------+
| ename    | sal  | R1                 | bonusid | id | rate |
+----------+------+--------------------+---------+----+------+
| GITA     | 1750 |               2625 |       1 |  1 |  0.5 |
| VRUSHALI | 1750 |               2625 |       1 |  1 |  0.5 |
| SHARMIN  | 1750 |               2625 |       1 |  1 |  0.5 |
| BANDISH  | 1750 |               2625 |       1 |  1 |  0.5 |
| SMITH    |  800 |               1400 |       2 |  2 | 0.75 |
| THOMAS   | 1750 |               2625 |       1 |  1 |  0.5 |
| ALLEN    | 1600 | 1840.0000095367432 |       4 |  4 | 0.15 |
| WARD     | 1250 |               1875 |       1 |  1 |  0.5 |
| JONES    | 2975 |  3421.250017732382 |       4 |  4 | 0.15 |
| MARTIN   | 1250 | 1925.0000268220901 |       6 |  6 | 0.54 |
| BLAKE    | 2850 |               4275 |       1 |  1 |  0.5 |
| CLARK    | 2450 |             3062.5 |       3 |  3 | 0.25 |
| SCOTT    | 3000 |               3750 |       3 |  3 | 0.25 |
| KING     | 5000 |               7500 |       1 |  1 |  0.5 |
| FRED     | 5000 |               7500 |       1 |  1 |  0.5 |
| TURNER   | 1500 | 2325.0000178813934 |       5 |  5 | 0.55 |
| ADAMS    | 1100 |               1650 |       1 |  1 |  0.5 |
| JAMES    |  950 |             1662.5 |       2 |  2 | 0.75 |
| FORD     | 3000 | 3450.0000178813934 |       4 |  4 | 0.15 |
| HOFFMAN  | 4150 |             5187.5 |       3 |  3 | 0.25 |
| GRASS    | 2575 |  3991.250030696392 |       5 |  5 | 0.55 |
| MILLER   | 1300 |               2275 |       2 |  2 | 0.75 |
| ALEX     | 1250 | 1937.5000149011612 |       5 |  5 | 0.55 |
| NATASHA  | 1750 |               2625 |       1 |  1 |  0.5 |
| SANGITA  | 1750 |               2625 |       1 |  1 |  0.5 |
| SUPRIYA  | 1750 |               2625 |       1 |  1 |  0.5 |
+----------+------+--------------------+---------+----+------+
26 rows in set (0.00 sec)

mysql> select 1750+ 1750*.5;
+---------------+
| 1750+ 1750*.5 |
+---------------+
|        2625.0 |
+---------------+
1 row in set (0.00 sec)

mysql> select * from customer;
+--------+----------------------------------------------+------------------+--------------+-------+-------+------+----------+-------+-------------+------------------------------------------------------------------------------------------------------------------------------------------------+
| CUSTID | NAME                                         | ADDRESS          | CITY         | STATE | ZIP   | AREA | PHONE    | REPID | CREDITLIMIT | COMMENTS                                                                                                                                       |
+--------+----------------------------------------------+------------------+--------------+-------+-------+------+----------+-------+-------------+------------------------------------------------------------------------------------------------------------------------------------------------+
|    100 | JOCKSPORTS                                   | 345 VIEWRIDGE    | BELMONT      | CA    | 96711 |  415 | 598-6609 |  7844 |     5000.00 | Very friendly people to work with -- sales rep likes to be called Mike.                                                                        |
|    101 | TKB SPORT SHOP                               | 490 BOLI RD.     | REDWOOD CITY | CA    | 94061 |  415 | 368-1223 |  7521 |    10000.00 | Rep called 5/8 about change in order - contact shipping.                                                                                       |
|    102 | VOLLYRITE                                    | 9722 HAMILTON    | BURLINGAME   | CA    | 95133 |  415 | 644-3341 |  7654 |     7000.00 | Company doing heavy promotion beginning 10/89. Prepare for large orders during
 winter.                                                        |
|    103 | JUST TENNIS                                  | HILLVIEW MALL    | BURLINGAME   | CA    | 97544 |  415 | 677-9312 |  7521 |     3000.00 | Contact rep about new line of tennis rackets.                                                                                                  |
|    104 | EVERY MOUNTAIN                               | 574 SURRY RD.    | CUPERTINO    | CA    | 93301 |  408 | 996-2323 |  7499 |    10000.00 | Customer with high market share (23%) due to aggressive advertising.                                                                           |
|    105 | K + T SPORTS                                 | 3476 EL PASEO    | SANTA CLARA  | CA    | 91003 |  408 | 376-9966 |  7844 |     5000.00 | Tends to order large amounts of merchandise at once. Accounting is considering
 raising their credit limit. Usually pays on time.              |
|    106 | SHAPE UP                                     | 908 SEQUOIA      | PALO ALTO    | CA    | 94301 |  415 | 364-9777 |  7521 |     6000.00 | Support intensive. Orders small amounts (< 800) of merchandise at a time.                                                                      |
|    107 | WOMENS SPORTS                                | VALCO VILLAGE    | SUNNYVALE    | CA    | 93301 |  408 | 967-4398 |  7499 |    10000.00 | First sporting goods store geared exclusively towards women. Unusual promotion
al style and very willing to take chances towards new products! |
|    108 | NORTH WOODS HEALTH AND FITNESS SUPPLY CENTER | 98 LONE PINE WAY | HIBBING      | MN    | 55649 |  612 | 566-9123 |  7844 |     8000.00 | NULL                                                                                                                                           |
+--------+----------------------------------------------+------------------+--------------+-------+-------+------+----------+-------+-------------+------------------------------------------------------------------------------------------------------------------------------------------------+
9 rows in set (0.02 sec)

mysql> select * from customers;
+------+---------+----------+--------+------+
| CNUM | CNAME   | CITY     | RATING | SNUM |
+------+---------+----------+--------+------+
| 2001 | Santosh | London   |    100 | 1001 |
| 2002 | Joe     | Rome     |    200 | 1003 |
| 2003 | Raj     | San Jose |    200 | 1002 |
| 2004 | Grass   | Berlin   |    300 | 1002 |
| 2006 | Raja    | London   |    100 | 1001 |
| 2007 | Jackson | Rome     |    100 | 1004 |
| 2008 | William | San Jose |    300 | 1007 |
| 2009 | Smith   | Berlin   |    300 | 1007 |
| 2010 | ADAMS   | Berlin   |    250 | 1007 |
+------+---------+----------+--------+------+
9 rows in set (0.02 sec)

mysql> select * from salespeople;
+------+---------+----------+------+
| SNUM | SNAME   | CITY     | COMM |
+------+---------+----------+------+
| 1001 | Rajan   | London   | 0.12 |
| 1002 | Natasha | San Jose | 0.13 |
| 1003 | Alax    | New York |  0.1 |
| 1004 | Monika  | London   | 0.11 |
| 1005 | Moor    | London   | 0.26 |
| 1006 | Jack    | Leeds    | 0.26 |
| 1007 | James   | Derby    | 0.15 |
| 1008 | Cooper  | Wells    | 0.19 |
| 1009 | Leo     | Wells    | 0.26 |
+------+---------+----------+------+
9 rows in set (0.02 sec)

mysql> select cname, sname from customers c, salespeople s where c.snum=s.snum ;
+---------+---------+
| cname   | sname   |
+---------+---------+
| Santosh | Rajan   |
| Joe     | Alax    |
| Raj     | Natasha |
| Grass   | Natasha |
| Raja    | Rajan   |
| Jackson | Monika  |
| William | James   |
| Smith   | James   |
| ADAMS   | James   |
+---------+---------+
9 rows in set (0.00 sec)

mysql> select cname, sname from customers c, salespeople s where c.snum<>s.snum ;
+---------+---------+
| cname   | sname   |
+---------+---------+
| ADAMS   | Rajan   |
| Smith   | Rajan   |
| William | Rajan   |
| Jackson | Rajan   |
| Grass   | Rajan   |
| Raj     | Rajan   |
| Joe     | Rajan   |
| ADAMS   | Natasha |
| Smith   | Natasha |
| William | Natasha |
| Jackson | Natasha |
| Raja    | Natasha |
| Joe     | Natasha |
| Santosh | Natasha |
| ADAMS   | Alax    |
| Smith   | Alax    |
| William | Alax    |
| Jackson | Alax    |
| Raja    | Alax    |
| Grass   | Alax    |
| Raj     | Alax    |
| Santosh | Alax    |
| ADAMS   | Monika  |
| Smith   | Monika  |
| William | Monika  |
| Raja    | Monika  |
| Grass   | Monika  |
| Raj     | Monika  |
| Joe     | Monika  |
| Santosh | Monika  |
| ADAMS   | Moor    |
| Smith   | Moor    |
| William | Moor    |
| Jackson | Moor    |
| Raja    | Moor    |
| Grass   | Moor    |
| Raj     | Moor    |
| Joe     | Moor    |
| Santosh | Moor    |
| ADAMS   | Jack    |
| Smith   | Jack    |
| William | Jack    |
| Jackson | Jack    |
| Raja    | Jack    |
| Grass   | Jack    |
| Raj     | Jack    |
| Joe     | Jack    |
| Santosh | Jack    |
| Jackson | James   |
| Raja    | James   |
| Grass   | James   |
| Raj     | James   |
| Joe     | James   |
| Santosh | James   |
| ADAMS   | Cooper  |
| Smith   | Cooper  |
| William | Cooper  |
| Jackson | Cooper  |
| Raja    | Cooper  |
| Grass   | Cooper  |
| Raj     | Cooper  |
| Joe     | Cooper  |
| Santosh | Cooper  |
| ADAMS   | Leo     |
| Smith   | Leo     |
| William | Leo     |
| Jackson | Leo     |
| Raja    | Leo     |
| Grass   | Leo     |
| Raj     | Leo     |
| Joe     | Leo     |
| Santosh | Leo     |
+---------+---------+
72 rows in set (0.00 sec)

mysql> select * from customers;
+------+---------+----------+--------+------+
| CNUM | CNAME   | CITY     | RATING | SNUM |
+------+---------+----------+--------+------+
| 2001 | Santosh | London   |    100 | 1001 |
| 2002 | Joe     | Rome     |    200 | 1003 |
| 2003 | Raj     | San Jose |    200 | 1002 |
| 2004 | Grass   | Berlin   |    300 | 1002 |
| 2006 | Raja    | London   |    100 | 1001 |
| 2007 | Jackson | Rome     |    100 | 1004 |
| 2008 | William | San Jose |    300 | 1007 |
| 2009 | Smith   | Berlin   |    300 | 1007 |
| 2010 | ADAMS   | Berlin   |    250 | 1007 |
+------+---------+----------+--------+------+
9 rows in set (0.00 sec)

mysql> select * from salespeople;
+------+---------+----------+------+
| SNUM | SNAME   | CITY     | COMM |
+------+---------+----------+------+
| 1001 | Rajan   | London   | 0.12 |
| 1002 | Natasha | San Jose | 0.13 |
| 1003 | Alax    | New York |  0.1 |
| 1004 | Monika  | London   | 0.11 |
| 1005 | Moor    | London   | 0.26 |
| 1006 | Jack    | Leeds    | 0.26 |
| 1007 | James   | Derby    | 0.15 |
| 1008 | Cooper  | Wells    | 0.19 |
| 1009 | Leo     | Wells    | 0.26 |
+------+---------+----------+------+
9 rows in set (0.00 sec)

mysql> select sname from salespeople s where not in (select snum from customers c);
ERROR 1064 (42000): You have an error in your SQL syntax; check the manual that corresponds to your MySQL server version for the right syntax to use near 'in (select snum from customers c)' at line 1
mysql>
mysql>
mysql> select sname from salespeople s where snum not in (select snum from customers c);
+--------+
| sname  |
+--------+
| Moor   |
| Jack   |
| Cooper |
| Leo    |
+--------+
4 rows in set (0.01 sec)

mysql> select sname from salespeople s where not exists (select true from customers c where s.snum=c.snum);
+--------+
| sname  |
+--------+
| Moor   |
| Jack   |
| Cooper |
| Leo    |
+--------+
4 rows in set (0.00 sec)

mysql> select sname from salespeople s where snum not in (select distinct snum from customers c);
+--------+
| sname  |
+--------+
| Moor   |
| Jack   |
| Cooper |
| Leo    |
+--------+
4 rows in set (0.00 sec)

mysql> select * from salgrade;
+-------+-------+-------+
| GRADE | LOSAL | HISAL |
+-------+-------+-------+
|     1 |   700 |  1200 |
|     2 |  1201 |  1400 |
|     3 |  1401 |  2000 |
|     4 |  2001 |  3000 |
|     5 |  3001 |  4000 |
|     6 |  4001 |  5000 |
|     7 |  5001 |  6000 |
|     8 |  6001 |  7000 |
|     9 |  7001 |  8000 |
|    10 |  8001 |  9999 |
+-------+-------+-------+
10 rows in set (0.01 sec)

mysql> select sal from emp;
+------+
| sal  |
+------+
| 1750 |
| 1750 |
| 1750 |
| 1750 |
|  800 |
| 3350 |
| 1750 |
| 1600 |
| 1250 |
| 2975 |
| 1250 |
| 2850 |
| 2450 |
| 3000 |
| 5000 |
| 5000 |
| 1500 |
| 1100 |
|  950 |
| 3000 |
| 4150 |
| 2575 |
| 1300 |
| 1350 |
| 1250 |
| 1750 |
| 1750 |
| 1750 |
+------+
28 rows in set (0.00 sec)

mysql> select ename, sal from emp;
+----------+------+
| ename    | sal  |
+----------+------+
| GITA     | 1750 |
| VRUSHALI | 1750 |
| SHARMIN  | 1750 |
| BANDISH  | 1750 |
| SMITH    |  800 |
| AARAV    | 3350 |
| THOMAS   | 1750 |
| ALLEN    | 1600 |
| WARD     | 1250 |
| JONES    | 2975 |
| MARTIN   | 1250 |
| BLAKE    | 2850 |
| CLARK    | 2450 |
| SCOTT    | 3000 |
| KING     | 5000 |
| FRED     | 5000 |
| TURNER   | 1500 |
| ADAMS    | 1100 |
| JAMES    |  950 |
| FORD     | 3000 |
| HOFFMAN  | 4150 |
| GRASS    | 2575 |
| MILLER   | 1300 |
| AARUSH   | 1350 |
| ALEX     | 1250 |
| NATASHA  | 1750 |
| SANGITA  | 1750 |
| SUPRIYA  | 1750 |
+----------+------+
28 rows in set (0.00 sec)

mysql> select * from salgrade;
+-------+-------+-------+
| GRADE | LOSAL | HISAL |
+-------+-------+-------+
|     1 |   700 |  1200 |
|     2 |  1201 |  1400 |
|     3 |  1401 |  2000 |
|     4 |  2001 |  3000 |
|     5 |  3001 |  4000 |
|     6 |  4001 |  5000 |
|     7 |  5001 |  6000 |
|     8 |  6001 |  7000 |
|     9 |  7001 |  8000 |
|    10 |  8001 |  9999 |
+-------+-------+-------+
10 rows in set (0.00 sec)

mysql> select ename, sal , grade from emp, salgrade where sal between LOSAL and HISAL;
+----------+------+-------+
| ename    | sal  | grade |
+----------+------+-------+
| GITA     | 1750 |     3 |
| VRUSHALI | 1750 |     3 |
| SHARMIN  | 1750 |     3 |
| BANDISH  | 1750 |     3 |
| SMITH    |  800 |     1 |
| AARAV    | 3350 |     5 |
| THOMAS   | 1750 |     3 |
| ALLEN    | 1600 |     3 |
| WARD     | 1250 |     2 |
| JONES    | 2975 |     4 |
| MARTIN   | 1250 |     2 |
| BLAKE    | 2850 |     4 |
| CLARK    | 2450 |     4 |
| SCOTT    | 3000 |     4 |
| KING     | 5000 |     6 |
| FRED     | 5000 |     6 |
| TURNER   | 1500 |     3 |
| ADAMS    | 1100 |     1 |
| JAMES    |  950 |     1 |
| FORD     | 3000 |     4 |
| HOFFMAN  | 4150 |     6 |
| GRASS    | 2575 |     4 |
| MILLER   | 1300 |     2 |
| AARUSH   | 1350 |     2 |
| ALEX     | 1250 |     2 |
| NATASHA  | 1750 |     3 |
| SANGITA  | 1750 |     3 |
| SUPRIYA  | 1750 |     3 |
+----------+------+-------+
28 rows in set (0.01 sec)

mysql> select ename, sal , grade from emp, salgrade where sal between LOSAL and HISAL;
+----------+------+-------+
| ename    | sal  | grade |
+----------+------+-------+
| GITA     | 1750 |     3 |
| VRUSHALI | 1750 |     3 |
| SHARMIN  | 1750 |     3 |
| BANDISH  | 1750 |     3 |
| SMITH    |  800 |     1 |
| AARAV    | 3350 |     5 |
| THOMAS   | 1750 |     3 |
| ALLEN    | 1600 |     3 |
| WARD     | 1250 |     2 |
| JONES    | 2975 |     4 |
| MARTIN   | 1250 |     2 |
| BLAKE    | 2850 |     4 |
| CLARK    | 2450 |     4 |
| SCOTT    | 3000 |     4 |
| KING     | 5000 |     6 |
| FRED     | 5000 |     6 |
| TURNER   | 1500 |     3 |
| ADAMS    | 1100 |     1 |
| JAMES    |  950 |     1 |
| FORD     | 3000 |     4 |
| HOFFMAN  | 4150 |     6 |
| GRASS    | 2575 |     4 |
| MILLER   | 1300 |     2 |
| AARUSH   | 1350 |     2 |
| ALEX     | 1250 |     2 |
| NATASHA  | 1750 |     3 |
| SANGITA  | 1750 |     3 |
| SUPRIYA  | 1750 |     3 |
+----------+------+-------+
28 rows in set (0.00 sec)

mysql> select * from customers;
+------+---------+----------+--------+------+
| CNUM | CNAME   | CITY     | RATING | SNUM |
+------+---------+----------+--------+------+
| 2001 | Santosh | London   |    100 | 1001 |
| 2002 | Joe     | Rome     |    200 | 1003 |
| 2003 | Raj     | San Jose |    200 | 1002 |
| 2004 | Grass   | Berlin   |    300 | 1002 |
| 2006 | Raja    | London   |    100 | 1001 |
| 2007 | Jackson | Rome     |    100 | 1004 |
| 2008 | William | San Jose |    300 | 1007 |
| 2009 | Smith   | Berlin   |    300 | 1007 |
| 2010 | ADAMS   | Berlin   |    250 | 1007 |
+------+---------+----------+--------+------+
9 rows in set (0.00 sec)

mysql> select * from ord;
+-------+---------------------+----------+--------+---------------------+---------------------+------------+----------+
| ORDID | ORDERDATE           | COMMPLAN | CUSTID | SHIPDATE            | STATUSDATE          | STATUS     | TOTAL    |
+-------+---------------------+----------+--------+---------------------+---------------------+------------+----------+
|   601 | 1986-05-01 00:00:00 | A        |    106 | 1986-05-30 00:00:00 | NULL                | In Process |     2.40 |
|   602 | 1986-06-05 00:00:00 | B        |    102 | 1986-06-20 00:00:00 | 1986-07-09 00:00:00 | On Hold    |    56.00 |
|   603 | 1986-06-05 00:00:00 | NULL     |    102 | 1986-06-05 00:00:00 | 1986-06-10 00:00:00 | Cancelled  |   224.00 |
|   604 | 1986-06-15 00:00:00 | A        |    106 | 1986-05-30 00:00:00 | 1986-07-04 00:00:00 | Resolved   |   698.00 |
|   605 | 1986-07-14 00:00:00 | A        |    106 | 1986-07-30 00:00:00 | 1986-08-02 00:00:00 | Disputed   |  8324.00 |
|   606 | 1986-07-14 00:00:00 | A        |    100 | 1986-07-30 00:00:00 | NULL                | Shipped    |     3.40 |
|   607 | 1986-07-18 00:00:00 | C        |    104 | 1986-07-18 00:00:00 | NULL                | In Process |     5.60 |
|   608 | 1986-07-25 00:00:00 | C        |    104 | 1986-07-25 00:00:00 | NULL                | Shipped    |    35.20 |
|   609 | 1986-08-01 00:00:00 | B        |    100 | 1986-08-15 00:00:00 | 1986-08-19 00:00:00 | On Hold    |    97.50 |
|   610 | 1987-01-07 00:00:00 | A        |    101 | 1987-01-08 00:00:00 | NULL                | In Process |   101.40 |
|   611 | 1987-01-11 00:00:00 | B        |    102 | 1987-01-11 00:00:00 | NULL                | Shipped    |    45.00 |
|   612 | 1987-01-15 00:00:00 | C        |    104 | 1987-01-20 00:00:00 | 1987-01-21 00:00:00 | Cancelled  |  5860.00 |
|   613 | 1987-02-01 00:00:00 | NULL     |    108 | 1987-02-01 00:00:00 | NULL                | Shipped    |  6400.00 |
|   614 | 1987-02-01 00:00:00 | NULL     |    102 | 1987-02-05 00:00:00 | NULL                | In Process | 23940.00 |
|   615 | 1987-02-01 00:00:00 | NULL     |    107 | 1987-02-06 00:00:00 | NULL                | In Process |   710.00 |
|   616 | 1987-02-03 00:00:00 | NULL     |    103 | 1987-02-10 00:00:00 | 1987-02-10 00:00:00 | Resolved   |   764.00 |
|   617 | 1987-02-05 00:00:00 | NULL     |    105 | 1987-03-03 00:00:00 | NULL                | Shipped    | 46370.00 |
|   618 | 1987-02-15 00:00:00 | A        |    102 | 1987-03-06 00:00:00 | 1987-03-16 00:00:00 | On Hold    |  3510.50 |
|   619 | 1987-02-22 00:00:00 | NULL     |    104 | 1987-02-04 00:00:00 | NULL                | In Process |  1260.00 |
|   620 | 1987-03-12 00:00:00 | NULL     |    100 | 1987-03-12 00:00:00 | 1987-03-12 00:00:00 | Cancelled  |  4450.00 |
|   621 | 1987-03-15 00:00:00 | A        |    100 | 1987-03-14 00:00:00 | NULL                | Shipped    |   730.00 |
|   622 | 1986-12-31 00:00:00 | a        |    105 | 1987-01-01 00:00:00 | 1987-01-06 00:00:00 | Delivered  |  1125.00 |
|   624 | 1987-01-06 00:00:00 | c        |    105 | 1987-01-06 00:00:00 | 1987-01-09 00:00:00 | Delivered  |   189.00 |
|   625 | 1987-01-09 00:00:00 | NULL     |    105 | 1987-01-10 00:00:00 | 1987-01-16 00:00:00 | Delivered  |  1255.00 |
|   626 | 1987-01-31 00:00:00 | NULL     |    107 | 1987-02-01 00:00:00 | 1987-02-06 00:00:00 | shipped    |  1675.00 |
|   627 | 1987-02-13 00:00:00 | NULL     |    100 | 1987-02-14 00:00:00 | 1987-02-22 00:00:00 | Delivered  |   250.00 |
+-------+---------------------+----------+--------+---------------------+---------------------+------------+----------+
26 rows in set (0.01 sec)

mysql> select * from orders;
+------+---------+---------------------+------+------+--------+--------------+------------+
| ONUM | AMT     | ODATE               | CNUM | SNUM | type   | paymentType  | registered |
+------+---------+---------------------+------+------+--------+--------------+------------+
| 2322 |   750.1 | 1996-10-03 12:05:00 | NULL | 1004 | Online | PhonePe      |          1 |
| 2364 |   750.1 | 1996-10-03 12:05:00 | NULL | 1004 | Online | PhonePe      |          1 |
| 2475 |   750.1 | 1996-10-03 12:05:00 | NULL | 1004 | Online | PhonePe      |          1 |
| 3001 |   18.69 | 1996-10-03 12:30:00 | 2008 | 1007 | Online | Credit Cards |          1 |
| 3002 |  1900.1 | 1996-10-03 12:05:00 | 2007 | 1004 | Online | Wallets      |          1 |
| 3003 |  767.19 | 1996-10-03 13:45:00 | 2001 | 1001 | Online | Debit Cards  |          1 |
| 3005 | 5160.45 | 1996-10-03 14:00:00 | 2003 | 1002 | Online | Debit Cards  |          1 |
| 3006 | 1098.16 | 1996-10-03 13:37:00 | 2008 | 1007 | Online | Wallets      |          1 |
| 3007 |   75.75 | 1996-10-04 16:02:00 | 2002 | 1003 | Online | Credit Cards |          1 |
| 3008 |    4723 | 1996-10-05 12:07:00 | 2006 | 1001 | Cash   | COD          |          0 |
| 3009 | 1713.23 | 1996-10-04 15:21:00 | 2002 | 1003 | Online | Credit Cards |          1 |
| 3010 | 1309.95 | 1996-10-06 13:12:00 | 2004 | 1002 | Online | EMI Options  |          1 |
| 3011 | 9891.88 | 1996-10-06 13:09:00 | 2006 | 1001 | Online | EMI Options  |          1 |
| 3012 | 3455.78 | 1996-10-04 15:21:00 | 2002 | 1003 | Cash   | COD          |          0 |
| 3013 | 1245.98 | 1996-10-04 16:32:00 | 2002 | 1003 | Online | EMI Options  |          1 |
| 3014 | 3721.53 | 1996-10-05 12:45:00 | 2006 | 1001 | Cash   | COD          |          0 |
| 3015 |   734.5 | 1996-10-06 13:16:00 | 2004 | 1002 | Online | EMI Options  |          1 |
| 3016 | 1729.67 | 1996-10-06 13:07:00 | 2006 | 1001 | Online | Wallets      |          1 |
| 3017 |   18.69 | 1996-10-03 12:30:00 | 2001 | 1007 | Online | Credit Cards |          1 |
| 3018 |  767.19 | 1996-10-03 13:45:00 | 2002 | 1001 | Online | Wallets      |          1 |
| 3019 |  1900.1 | 1996-10-03 12:05:00 | 2007 | 1004 | Online | EMI Options  |          1 |
| 3020 | 5160.45 | 1996-10-03 14:00:00 | 2003 | 1007 | Cash   | COD          |          0 |
| 3021 | 1098.16 | 1996-10-03 13:37:00 | 2008 | 1007 | Online | Debit Cards  |          1 |
| 3022 | 1713.23 | 1996-10-04 15:21:00 | 2002 | 1003 | Cash   | COD          |          0 |
| 3023 |   75.75 | 1996-10-04 16:02:00 | 2002 | 1004 | Online | Wallets      |          1 |
| 3024 |    4723 | 1996-10-05 12:07:00 | 2006 | 1002 | Online | Credit Cards |          1 |
| 3025 | 1309.95 | 1996-10-06 13:12:00 | 2002 | 1002 | Online | Wallets      |          1 |
| 3026 | 9891.88 | 1996-10-06 13:09:00 | 2006 | 1001 | Online | Wallets      |          1 |
| 3027 | 3455.78 | 1996-10-04 15:21:00 | 2002 | 1003 | Cash   | COD          |          0 |
| 3028 | 1245.98 | 1996-10-04 16:32:00 | 2002 | 1003 | Online | Debit Cards  |          1 |
| 3029 | 3721.53 | 1996-10-05 12:45:00 | 2006 | 1001 | Online | Credit Cards |          1 |
| 3030 |   734.5 | 1996-10-06 13:16:00 | 2004 | 1002 | Cash   | COD          |          0 |
| 3031 | 1729.67 | 1996-10-06 13:07:00 | 2006 | 1007 | Online | Wallets      |          1 |
| 3032 | 3434.55 | 1996-01-26 17:09:12 | 2006 | 1007 | Online | Wallets      |          1 |
| 3033 |  522.23 | 1996-12-24 14:23:00 | 2002 | 1002 | Cash   | COD          |          0 |
| 3049 |  500.58 | 1996-03-14 07:45:19 | 2001 | 1003 | Cash   | COD          |          0 |
| 3050 |  1900.1 | 1996-10-03 12:05:00 | NULL | 1004 | Online | PhonePe      |          1 |
| 3074 |   457.4 | 1996-04-19 05:13:00 | 2008 | 1007 | Online | EMI Options  |          1 |
| 3119 |   125.5 | 1996-07-26 18:37:00 | 2007 | 1001 | Online | Wallets      |          1 |
| 4001 |   145.2 | 1996-05-13 20:47:00 | 2008 | 1003 | Online | EMI Options  |          1 |
| 4012 |   245.6 | 1996-03-06 13:07:00 | 2001 | 1002 | Online | Wallets      |          1 |
| 4021 |  600.65 | 1996-08-12 13:07:00 | 2001 | 1002 | Online | Wallets      |          1 |
| 4054 |  1200.8 | 1996-11-22 13:07:00 | 2004 | 1003 | Cash   | COD          |          0 |
| 5001 |  325.23 | 1996-11-04 15:21:00 | NULL | 1002 | Online | GPay         |          1 |
| 5011 |  138.35 | 1996-09-14 13:07:00 | 2001 | 1007 | Cash   | COD          |          0 |
| 5014 |  980.65 | 1996-08-23 13:07:00 | 2002 | 1007 | Online | Wallets      |          1 |
| 5015 | 2133.35 | 1996-06-23 13:07:00 | 2004 | 1007 | Online | EMI Options  |          1 |
| 5016 | 1000.95 | 1996-03-12 13:07:00 | 2002 | 1007 | Cash   | COD          |          0 |
| 5020 |  950.45 | 1996-10-03 14:00:00 | NULL | 1007 | Online | Paytm        |          1 |
| 5034 |  120.16 | 1996-11-03 13:37:00 | NULL | 1003 | Cash   | COD          |          0 |
| 5053 |  1500.5 | 1996-01-01 13:07:00 | 2006 | 1007 | Online | EMI Options  |          1 |
| 5056 |   750.1 | 1996-10-03 12:05:00 | NULL | 1007 | Online | PhonePe      |          1 |
| 5099 |  790.75 | 1996-04-24 13:07:00 | 2002 | 1007 | Online | EMI Options  |          1 |
| 6501 |  125.45 | 1996-06-13 13:07:00 | 2001 | 1001 | Online | EMI Options  |          1 |
| 6502 |  535.25 | 1996-08-24 13:07:00 | 2006 | 1004 | Cash   | COD          |          0 |
| 6503 | 1100.25 | 1996-07-26 13:07:00 | 2006 | 1007 | Online | Wallets      |          1 |
| 6504 | 1350.75 | 1996-07-21 13:07:00 | 2008 | 1007 | Cash   | COD          |          0 |
| 6605 |  1900.1 | 1996-10-03 12:05:00 | NULL | 1004 | Online | PhonePe      |          1 |
| 6606 | 5160.45 | 1996-10-03 14:00:00 | NULL | 1002 | Online | Paytm        |          1 |
| 6607 | 1098.16 | 1996-11-03 13:37:00 | NULL | 1007 | Cash   | COD          |          0 |
| 6608 | 1713.23 | 1996-11-04 15:21:00 | NULL | 1003 | Online | GPay         |          1 |
+------+---------+---------------------+------+------+--------+--------------+------------+
61 rows in set (0.03 sec)

mysql> select * from customers;
+------+---------+----------+--------+------+
| CNUM | CNAME   | CITY     | RATING | SNUM |
+------+---------+----------+--------+------+
| 2001 | Santosh | London   |    100 | 1001 |
| 2002 | Joe     | Rome     |    200 | 1003 |
| 2003 | Raj     | San Jose |    200 | 1002 |
| 2004 | Grass   | Berlin   |    300 | 1002 |
| 2006 | Raja    | London   |    100 | 1001 |
| 2007 | Jackson | Rome     |    100 | 1004 |
| 2008 | William | San Jose |    300 | 1007 |
| 2009 | Smith   | Berlin   |    300 | 1007 |
| 2010 | ADAMS   | Berlin   |    250 | 1007 |
+------+---------+----------+--------+------+
9 rows in set (0.00 sec)

mysql> select cname, ONUM, ODATE, AMT from customers c, orders o where c.cnum=o.cnum;
+---------+------+---------------------+---------+
| cname   | ONUM | ODATE               | AMT     |
+---------+------+---------------------+---------+
| Santosh | 3003 | 1996-10-03 13:45:00 |  767.19 |
| Santosh | 3017 | 1996-10-03 12:30:00 |   18.69 |
| Santosh | 3049 | 1996-03-14 07:45:19 |  500.58 |
| Santosh | 4012 | 1996-03-06 13:07:00 |   245.6 |
| Santosh | 4021 | 1996-08-12 13:07:00 |  600.65 |
| Santosh | 5011 | 1996-09-14 13:07:00 |  138.35 |
| Santosh | 6501 | 1996-06-13 13:07:00 |  125.45 |
| Joe     | 3007 | 1996-10-04 16:02:00 |   75.75 |
| Joe     | 3009 | 1996-10-04 15:21:00 | 1713.23 |
| Joe     | 3012 | 1996-10-04 15:21:00 | 3455.78 |
| Joe     | 3013 | 1996-10-04 16:32:00 | 1245.98 |
| Joe     | 3018 | 1996-10-03 13:45:00 |  767.19 |
| Joe     | 3022 | 1996-10-04 15:21:00 | 1713.23 |
| Joe     | 3023 | 1996-10-04 16:02:00 |   75.75 |
| Joe     | 3025 | 1996-10-06 13:12:00 | 1309.95 |
| Joe     | 3027 | 1996-10-04 15:21:00 | 3455.78 |
| Joe     | 3028 | 1996-10-04 16:32:00 | 1245.98 |
| Joe     | 3033 | 1996-12-24 14:23:00 |  522.23 |
| Joe     | 5014 | 1996-08-23 13:07:00 |  980.65 |
| Joe     | 5016 | 1996-03-12 13:07:00 | 1000.95 |
| Joe     | 5099 | 1996-04-24 13:07:00 |  790.75 |
| Raj     | 3005 | 1996-10-03 14:00:00 | 5160.45 |
| Raj     | 3020 | 1996-10-03 14:00:00 | 5160.45 |
| Grass   | 3010 | 1996-10-06 13:12:00 | 1309.95 |
| Grass   | 3015 | 1996-10-06 13:16:00 |   734.5 |
| Grass   | 3030 | 1996-10-06 13:16:00 |   734.5 |
| Grass   | 4054 | 1996-11-22 13:07:00 |  1200.8 |
| Grass   | 5015 | 1996-06-23 13:07:00 | 2133.35 |
| Raja    | 3008 | 1996-10-05 12:07:00 |    4723 |
| Raja    | 3011 | 1996-10-06 13:09:00 | 9891.88 |
| Raja    | 3014 | 1996-10-05 12:45:00 | 3721.53 |
| Raja    | 3016 | 1996-10-06 13:07:00 | 1729.67 |
| Raja    | 3024 | 1996-10-05 12:07:00 |    4723 |
| Raja    | 3026 | 1996-10-06 13:09:00 | 9891.88 |
| Raja    | 3029 | 1996-10-05 12:45:00 | 3721.53 |
| Raja    | 3031 | 1996-10-06 13:07:00 | 1729.67 |
| Raja    | 3032 | 1996-01-26 17:09:12 | 3434.55 |
| Raja    | 5053 | 1996-01-01 13:07:00 |  1500.5 |
| Raja    | 6502 | 1996-08-24 13:07:00 |  535.25 |
| Raja    | 6503 | 1996-07-26 13:07:00 | 1100.25 |
| Jackson | 3002 | 1996-10-03 12:05:00 |  1900.1 |
| Jackson | 3019 | 1996-10-03 12:05:00 |  1900.1 |
| Jackson | 3119 | 1996-07-26 18:37:00 |   125.5 |
| William | 3001 | 1996-10-03 12:30:00 |   18.69 |
| William | 3006 | 1996-10-03 13:37:00 | 1098.16 |
| William | 3021 | 1996-10-03 13:37:00 | 1098.16 |
| William | 3074 | 1996-04-19 05:13:00 |   457.4 |
| William | 4001 | 1996-05-13 20:47:00 |   145.2 |
| William | 6504 | 1996-07-21 13:07:00 | 1350.75 |
+---------+------+---------------------+---------+
49 rows in set (0.00 sec)

mysql> select c.cnum,cname, o.cnumONUM, ODATE, AMT from customers c, orders o where c.cnum=o.cnum;
ERROR 1054 (42S22): Unknown column 'o.cnumONUM' in 'field list'
mysql> select c.cnum,cname, o.cnum, ONUM, ODATE, AMT from customers c, orders o where c.cnum=o.cnum;
+------+---------+------+------+---------------------+---------+
| cnum | cname   | cnum | ONUM | ODATE               | AMT     |
+------+---------+------+------+---------------------+---------+
| 2001 | Santosh | 2001 | 3003 | 1996-10-03 13:45:00 |  767.19 |
| 2001 | Santosh | 2001 | 3017 | 1996-10-03 12:30:00 |   18.69 |
| 2001 | Santosh | 2001 | 3049 | 1996-03-14 07:45:19 |  500.58 |
| 2001 | Santosh | 2001 | 4012 | 1996-03-06 13:07:00 |   245.6 |
| 2001 | Santosh | 2001 | 4021 | 1996-08-12 13:07:00 |  600.65 |
| 2001 | Santosh | 2001 | 5011 | 1996-09-14 13:07:00 |  138.35 |
| 2001 | Santosh | 2001 | 6501 | 1996-06-13 13:07:00 |  125.45 |
| 2002 | Joe     | 2002 | 3007 | 1996-10-04 16:02:00 |   75.75 |
| 2002 | Joe     | 2002 | 3009 | 1996-10-04 15:21:00 | 1713.23 |
| 2002 | Joe     | 2002 | 3012 | 1996-10-04 15:21:00 | 3455.78 |
| 2002 | Joe     | 2002 | 3013 | 1996-10-04 16:32:00 | 1245.98 |
| 2002 | Joe     | 2002 | 3018 | 1996-10-03 13:45:00 |  767.19 |
| 2002 | Joe     | 2002 | 3022 | 1996-10-04 15:21:00 | 1713.23 |
| 2002 | Joe     | 2002 | 3023 | 1996-10-04 16:02:00 |   75.75 |
| 2002 | Joe     | 2002 | 3025 | 1996-10-06 13:12:00 | 1309.95 |
| 2002 | Joe     | 2002 | 3027 | 1996-10-04 15:21:00 | 3455.78 |
| 2002 | Joe     | 2002 | 3028 | 1996-10-04 16:32:00 | 1245.98 |
| 2002 | Joe     | 2002 | 3033 | 1996-12-24 14:23:00 |  522.23 |
| 2002 | Joe     | 2002 | 5014 | 1996-08-23 13:07:00 |  980.65 |
| 2002 | Joe     | 2002 | 5016 | 1996-03-12 13:07:00 | 1000.95 |
| 2002 | Joe     | 2002 | 5099 | 1996-04-24 13:07:00 |  790.75 |
| 2003 | Raj     | 2003 | 3005 | 1996-10-03 14:00:00 | 5160.45 |
| 2003 | Raj     | 2003 | 3020 | 1996-10-03 14:00:00 | 5160.45 |
| 2004 | Grass   | 2004 | 3010 | 1996-10-06 13:12:00 | 1309.95 |
| 2004 | Grass   | 2004 | 3015 | 1996-10-06 13:16:00 |   734.5 |
| 2004 | Grass   | 2004 | 3030 | 1996-10-06 13:16:00 |   734.5 |
| 2004 | Grass   | 2004 | 4054 | 1996-11-22 13:07:00 |  1200.8 |
| 2004 | Grass   | 2004 | 5015 | 1996-06-23 13:07:00 | 2133.35 |
| 2006 | Raja    | 2006 | 3008 | 1996-10-05 12:07:00 |    4723 |
| 2006 | Raja    | 2006 | 3011 | 1996-10-06 13:09:00 | 9891.88 |
| 2006 | Raja    | 2006 | 3014 | 1996-10-05 12:45:00 | 3721.53 |
| 2006 | Raja    | 2006 | 3016 | 1996-10-06 13:07:00 | 1729.67 |
| 2006 | Raja    | 2006 | 3024 | 1996-10-05 12:07:00 |    4723 |
| 2006 | Raja    | 2006 | 3026 | 1996-10-06 13:09:00 | 9891.88 |
| 2006 | Raja    | 2006 | 3029 | 1996-10-05 12:45:00 | 3721.53 |
| 2006 | Raja    | 2006 | 3031 | 1996-10-06 13:07:00 | 1729.67 |
| 2006 | Raja    | 2006 | 3032 | 1996-01-26 17:09:12 | 3434.55 |
| 2006 | Raja    | 2006 | 5053 | 1996-01-01 13:07:00 |  1500.5 |
| 2006 | Raja    | 2006 | 6502 | 1996-08-24 13:07:00 |  535.25 |
| 2006 | Raja    | 2006 | 6503 | 1996-07-26 13:07:00 | 1100.25 |
| 2007 | Jackson | 2007 | 3002 | 1996-10-03 12:05:00 |  1900.1 |
| 2007 | Jackson | 2007 | 3019 | 1996-10-03 12:05:00 |  1900.1 |
| 2007 | Jackson | 2007 | 3119 | 1996-07-26 18:37:00 |   125.5 |
| 2008 | William | 2008 | 3001 | 1996-10-03 12:30:00 |   18.69 |
| 2008 | William | 2008 | 3006 | 1996-10-03 13:37:00 | 1098.16 |
| 2008 | William | 2008 | 3021 | 1996-10-03 13:37:00 | 1098.16 |
| 2008 | William | 2008 | 3074 | 1996-04-19 05:13:00 |   457.4 |
| 2008 | William | 2008 | 4001 | 1996-05-13 20:47:00 |   145.2 |
| 2008 | William | 2008 | 6504 | 1996-07-21 13:07:00 | 1350.75 |
+------+---------+------+------+---------------------+---------+
49 rows in set (0.00 sec)

mysql> select cnum, count(*) from orders group by cnum;
+------+----------+
| cnum | count(*) |
+------+----------+
| NULL |       12 |
| 2001 |        7 |
| 2002 |       14 |
| 2003 |        2 |
| 2004 |        5 |
| 2006 |       12 |
| 2007 |        3 |
| 2008 |        6 |
+------+----------+
8 rows in set (0.01 sec)

mysql> select cnum, count(*) from orders where cnum is not null  group by cnum;
+------+----------+
| cnum | count(*) |
+------+----------+
| 2001 |        7 |
| 2002 |       14 |
| 2003 |        2 |
| 2004 |        5 |
| 2006 |       12 |
| 2007 |        3 |
| 2008 |        6 |
+------+----------+
7 rows in set (0.00 sec)

mysql> select cnum, count(*) from orders where cnum is not null  group by cnum having count(*) > 5;
+------+----------+
| cnum | count(*) |
+------+----------+
| 2001 |        7 |
| 2002 |       14 |
| 2006 |       12 |
| 2008 |        6 |
+------+----------+
4 rows in set (0.00 sec)

mysql> select cname from customers where cnum in (select cnum from orders where cnum is not null  group by cnum having count(*) > 5);
+---------+
| cname   |
+---------+
| Santosh |
| Joe     |
| Raja    |
| William |
+---------+
4 rows in set (0.00 sec)

mysql> select cnum, cname from customers where cnum in (select cnum from orders where cnum is not null  group by cnum having count(*) > 5);
+------+---------+
| cnum | cname   |
+------+---------+
| 2001 | Santosh |
| 2002 | Joe     |
| 2006 | Raja    |
| 2008 | William |
+------+---------+
4 rows in set (0.00 sec)

mysql> select cnum, cname from customers where cnum in (select cnum from orders where cnum is not null  group by cnum having count(*) > 5);