select m.ename Managers, count(*) R1 from emp e, emp m where e.mgr=m.empno group by m.ename;

+----------+----------+
| Managers |       R1 |
+----------+----------+
| JONES    |        3 |
| BLAKE    |        6 |
| CLARK    |        1 |
| SCOTT    |        1 |
| KING     |        4 |
| FORD     |        3 |
| HOFFMAN  |        1 |
| GRASS    |        8 |
+----------+----------+

select min(R1) from (select  count(*) R1 from emp e, emp m where e.mgr=m.empno group by m.ename) T1;
+---------+
| min(R1) |
+---------+
|       1 |
+---------+


select m.ename from emp e, emp m where e.mgr=m.empno group by m.ename having count(*) = (select min(R1) from (select  count(*) R1 from emp e, emp m where e.mgr=m.empno group by m.ename) T1);















select dname from emp, dept where emp.deptno = dept.deptno;





select m.ename from emp e, emp m where e.mgr=m.empno group by m.ename having count(*) = (select min(R1) from (select  count(*) R1 from emp e, emp m where e.mgr=m.empno group by m.ename) T1);




select max(R1) from (select dname, count(*) R1 from emp, dept where emp.deptno = dept.deptno group by dname) T1;
+---------+
| max(R1) |
+---------+
|      12 |
+---------+

select dname from emp, dept where emp.deptno = dept.deptno group by dname having count(*) = (select max(R1) from (select dname, count(*) R1 from emp, dept where emp.deptno = dept.deptno group by dname) T1);


Microsoft Windows [Version 10.0.26100.3624]
(c) Microsoft Corporation. All rights reserved.

C:\Users\SALEEL>mysql --user=root --password=root db1
mysql: [Warning] Using a password on the command line interface can be insecure.
Welcome to the MySQL monitor.  Commands end with ; or \g.
Your MySQL connection id is 8
Server version: 8.0.41 MySQL Community Server - GPL

Copyright (c) 2000, 2025, Oracle and/or its affiliates.

Oracle is a registered trademark of Oracle Corporation and/or its
affiliates. Other names may be trademarks of their respective
owners.

Type 'help;' or '\h' for help. Type '\c' to clear the current input statement.

mysql> create table d (c1 int);
ERROR 1050 (42S01): Table 'd' already exists
mysql> create database y;
ERROR 1007 (HY000): Can't create database 'y'; database exists
mysql> create databasezy;
ERROR 1064 (42000): You have an error in your SQL syntax; check the manual that corresponds to your MySQL server version for the right syntax to use near 'databasezy' at line 1
mysql> create database z;
Query OK, 1 row affected (0.03 sec)

mysql> use z;
Database changed
mysql> create table a (c1 int);
Query OK, 0 rows affected (0.06 sec)

mysql> drop table a;
Query OK, 0 rows affected (0.04 sec)

mysql> create table R(c1 int);
Query OK, 0 rows affected (0.03 sec)

mysql> create table S(a1 int);
Query OK, 0 rows affected (0.03 sec)

mysql> insert into R values(1),(2),(3), (4);
Query OK, 4 rows affected (0.02 sec)
Records: 4  Duplicates: 0  Warnings: 0

mysql> insert into S values(3), (4),(5),(6);
Query OK, 4 rows affected (0.01 sec)
Records: 4  Duplicates: 0  Warnings: 0

mysql> table R;
+------+
| c1   |
+------+
|    1 |
|    2 |
|    3 |
|    4 |
+------+
4 rows in set (0.01 sec)

mysql> table S;
+------+
| a1   |
+------+
|    3 |
|    4 |
|    5 |
|    6 |
+------+
4 rows in set (0.00 sec)

mysql> insert into S values(3);
Query OK, 1 row affected (0.01 sec)

mysql> table R;
+------+
| c1   |
+------+
|    1 |
|    2 |
|    3 |
|    4 |
+------+
4 rows in set (0.00 sec)

mysql> table S;
+------+
| a1   |
+------+
|    3 |
|    4 |
|    5 |
|    6 |
|    3 |
+------+
5 rows in set (0.00 sec)

mysql> select * from R, S where R.c1= S.a1;
+------+------+
| c1   | a1   |
+------+------+
|    3 |    3 |
|    4 |    4 |
|    3 |    3 |
+------+------+
3 rows in set (0.01 sec)

mysql> alter table R add column ename varchar(10);
Query OK, 0 rows affected (0.03 sec)
Records: 0  Duplicates: 0  Warnings: 0

mysql> desc R;
+-------+-------------+------+-----+---------+-------+
| Field | Type        | Null | Key | Default | Extra |
+-------+-------------+------+-----+---------+-------+
| c1    | int         | YES  |     | NULL    |       |
| ename | varchar(10) | YES  |     | NULL    |       |
+-------+-------------+------+-----+---------+-------+
2 rows in set (0.04 sec)

mysql> alter table R drop column ename;
Query OK, 0 rows affected (0.03 sec)
Records: 0  Duplicates: 0  Warnings: 0

mysql> alter table S add column ename varchar(10);
Query OK, 0 rows affected (0.03 sec)
Records: 0  Duplicates: 0  Warnings: 0

mysql> table S;
+------+-------+
| a1   | ename |
+------+-------+
|    3 | NULL  |
|    4 | NULL  |
|    5 | NULL  |
|    6 | NULL  |
|    3 | NULL  |
+------+-------+
5 rows in set (0.00 sec)

mysql> alter table S add column id int primary key auto_increment;
Query OK, 0 rows affected (0.09 sec)
Records: 0  Duplicates: 0  Warnings: 0

mysql> table S;
+------+-------+----+
| a1   | ename | id |
+------+-------+----+
|    3 | NULL  |  1 |
|    4 | NULL  |  2 |
|    5 | NULL  |  3 |
|    6 | NULL  |  4 |
|    3 | NULL  |  5 |
+------+-------+----+
5 rows in set (0.00 sec)

mysql> update S set ename='saleel' where id=1;
Query OK, 1 row affected (0.02 sec)
Rows matched: 1  Changed: 1  Warnings: 0

mysql> update S set ename='ruhan' where id=5;
Query OK, 1 row affected (0.02 sec)
Rows matched: 1  Changed: 1  Warnings: 0

mysql> table R;
+------+
| c1   |
+------+
|    1 |
|    2 |
|    3 |
|    4 |
+------+
4 rows in set (0.00 sec)

mysql> table S;
+------+--------+----+
| a1   | ename  | id |
+------+--------+----+
|    3 | saleel |  1 |
|    4 | NULL   |  2 |
|    5 | NULL   |  3 |
|    6 | NULL   |  4 |
|    3 | ruhan  |  5 |
+------+--------+----+
5 rows in set (0.00 sec)

mysql> select * from R, S where R.c1= S.a1;
+------+------+--------+----+
| c1   | a1   | ename  | id |
+------+------+--------+----+
|    3 |    3 | saleel |  1 |
|    4 |    4 | NULL   |  2 |
|    3 |    3 | ruhan  |  5 |
+------+------+--------+----+
3 rows in set (0.00 sec)

mysql> select * from R S where R.c1= S.a1;
ERROR 1054 (42S22): Unknown column 'R.c1' in 'where clause'
mysql> select * from R, S where R.c1= S.a1;
+------+------+--------+----+
| c1   | a1   | ename  | id |
+------+------+--------+----+
|    3 |    3 | saleel |  1 |
|    4 |    4 | NULL   |  2 |
|    3 |    3 | ruhan  |  5 |
+------+------+--------+----+
3 rows in set (0.00 sec)

mysql> select * from R join S on R.c1= S.a1;
+------+------+--------+----+
| c1   | a1   | ename  | id |
+------+------+--------+----+
|    3 |    3 | saleel |  1 |
|    4 |    4 | NULL   |  2 |
|    3 |    3 | ruhan  |  5 |
+------+------+--------+----+
3 rows in set (0.00 sec)

mysql> select * from R inner join S on R.c1= S.a1;
+------+------+--------+----+
| c1   | a1   | ename  | id |
+------+------+--------+----+
|    3 |    3 | saleel |  1 |
|    4 |    4 | NULL   |  2 |
|    3 |    3 | ruhan  |  5 |
+------+------+--------+----+
3 rows in set (0.00 sec)

mysql> select * from R inner join S where R.c1= S.a1;
+------+------+--------+----+
| c1   | a1   | ename  | id |
+------+------+--------+----+
|    3 |    3 | saleel |  1 |
|    4 |    4 | NULL   |  2 |
|    3 |    3 | ruhan  |  5 |
+------+------+--------+----+
3 rows in set (0.00 sec)

mysql> select * from R inner join S on R.c1= S.a1 where id=1;
+------+------+--------+----+
| c1   | a1   | ename  | id |
+------+------+--------+----+
|    3 |    3 | saleel |  1 |
+------+------+--------+----+
1 row in set (0.00 sec)

mysql> select * from R inner join S on R.c1= S.a1 and id=1;
+------+------+--------+----+
| c1   | a1   | ename  | id |
+------+------+--------+----+
|    3 |    3 | saleel |  1 |
+------+------+--------+----+
1 row in set (0.00 sec)

mysql> select * from R, S on R.c1= S.a1;
ERROR 1064 (42000): You have an error in your SQL syntax; check the manual that corresponds to your MySQL server version for the right syntax to use near 'on R.c1= S.a1' at line 1
mysql>
mysql> select * from R, S where R.c1= S.a1;
+------+------+--------+----+
| c1   | a1   | ename  | id |
+------+------+--------+----+
|    3 |    3 | saleel |  1 |
|    4 |    4 | NULL   |  2 |
|    3 |    3 | ruhan  |  5 |
+------+------+--------+----+
3 rows in set (0.00 sec)

mysql> select * from R, S where R.c1= S.a1 and id=1;
+------+------+--------+----+
| c1   | a1   | ename  | id |
+------+------+--------+----+
|    3 |    3 | saleel |  1 |
+------+------+--------+----+
1 row in set (0.00 sec)

mysql>
mysql> select * from R, S where c1= a1 and id=1;
+------+------+--------+----+
| c1   | a1   | ename  | id |
+------+------+--------+----+
|    3 |    3 | saleel |  1 |
+------+------+--------+----+
1 row in set (0.00 sec)

mysql> select * from R, S where R.c1= S.a1 and S.id=1;
+------+------+--------+----+
| c1   | a1   | ename  | id |
+------+------+--------+----+
|    3 |    3 | saleel |  1 |
+------+------+--------+----+
1 row in set (0.00 sec)

mysql> select ename, dname from emp inner join dept on deptno = deptno;
ERROR 1146 (42S02): Table 'z.emp' doesn't exist
mysql> use db1
Database changed
mysql> select ename, dname from emp inner join dept on deptno = deptno;
ERROR 1052 (23000): Column 'deptno' in on clause is ambiguous
mysql>
mysql>
mysql> select ename, dname from emp inner join dept on emp.deptno = deptno;
ERROR 1052 (23000): Column 'deptno' in on clause is ambiguous
mysql> select ename, dname from emp inner join dept on emp.deptno = dept.deptno;
+----------+------------+
| ename    | dname      |
+----------+------------+
| GITA     | SALES      |
| VRUSHALI | HR         |
| SHARMIN  | RESEARCH   |
| BANDISH  | RESEARCH   |
| SMITH    | RESEARCH   |
| AARAV    | ACCOUNTING |
| THOMAS   | ACCOUNTING |
| ALLEN    | SALES      |
| WARD     | SALES      |
| JONES    | RESEARCH   |
| MARTIN   | SALES      |
| BLAKE    | SALES      |
| CLARK    | ACCOUNTING |
| SCOTT    | RESEARCH   |
| KING     | ACCOUNTING |
| FRED     | RESEARCH   |
| TURNER   | SALES      |
| ADAMS    | RESEARCH   |
| JAMES    | SALES      |
| FORD     | RESEARCH   |
| HOFFMAN  | SALES      |
| GRASS    | SALES      |
| MILLER   | ACCOUNTING |
| AARUSH   | SALES      |
| ALEX     | SALES      |
| NATASHA  | SALES      |
| SANGITA  | HR         |
| SUPRIYA  | HR         |
+----------+------------+
28 rows in set (0.04 sec)

mysql> select * from emp inner join dept on emp.deptno = dept.deptno;
+-------+----------+--------+---------------------+------+------------+------+------+--------+---------+--------------+------------+------------+----------+--------+------------+----------+------------+------------+
| EMPNO | ENAME    | GENDER | JOB                 | MGR  | HIREDATE   | SAL  | COMM | DEPTNO | BONUSID | USER NAME    | PWD        | PHONE      | isActive | DEPTNO | DNAME      | LOC      | PWD        | STARTEDON  |
+-------+----------+--------+---------------------+------+------------+------+------+--------+---------+--------------+------------+------------+----------+--------+------------+----------+------------+------------+
|  7415 | AARAV    | M      | CLERK               | 7902 | 1981-12-31 | 3350 | NULL |     10 |    NULL | AARAV        | NULL       | 7032300084 |        0 |     10 | ACCOUNTING | NEW YORK | r50mpm     | 24/03/1989 |
|  7421 | THOMAS   | M      | CLERK               | 7920 | 1981-07-19 | 1750 | NULL |     10 |       1 | THOMAS       | r50mpm     | 7032300011 |        0 |     10 | ACCOUNTING | NEW YORK | r50mpm     | 24/03/1989 |
|  7782 | CLARK    | M      | MANAGER             | 7839 | 1981-06-09 | 2450 | NULL |     10 |       3 | CLARK        | r50mpm     | 7032300001 |        1 |     10 | ACCOUNTING | NEW YORK | r50mpm     | 24/03/1989 |
|  7839 | KING     | M      | PRESIDENT           | NULL | 1981-11-17 | 5000 | NULL |     10 |       1 | KING         | r50mpm     | 7132300081 |        1 |     10 | ACCOUNTING | NEW YORK | r50mpm     | 24/03/1989 |
|  7934 | MILLER   | M      | CLERK               | 7782 | 1982-01-23 | 1300 | NULL |     10 |       2 | QUARTERNOTE  | r50mpm     | 7132300055 |        0 |     10 | ACCOUNTING | NEW YORK | r50mpm     | 24/03/1989 |
|  6473 | SHARMIN  | F      | Public Relation     | 7920 | 1981-07-19 | 1750 | NULL |     20 |       1 | SHARMIN      | a12recmpm  | NULL       |        1 |     20 | RESEARCH   | DALLAS   | a12recmpm  | 12/04/1989 |
|  6781 | BANDISH  | F      | Public Relation     | 7920 | 1981-07-19 | 1750 | NULL |     20 |       1 | BANDISH      | a12recmpm  | NULL       |        1 |     20 | RESEARCH   | DALLAS   | a12recmpm  | 12/04/1989 |
|  7369 | SMITH    | M      | CLERK               | 7902 | 1980-12-17 |  800 | NULL |     20 |       2 | TRITONE      | a12recmpm  | 7032300023 |        0 |     20 | RESEARCH   | DALLAS   | a12recmpm  | 12/04/1989 |
|  7566 | JONES    | M      | MANAGER             | 7839 | 1981-04-02 | 2975 | NULL |     20 |       4 | HONEYCOMB    | a12recmpm  | 7132300039 |        1 |     20 | RESEARCH   | DALLAS   | a12recmpm  | 12/04/1989 |
|  7788 | SCOTT    | M      | ANALYST             | 7566 | 1982-12-09 | 3000 | NULL |     20 |       3 | WHITE SAND   | a12recmpm  | NULL       |        1 |     20 | RESEARCH   | DALLAS   | a12recmpm  | 12/04/1989 |
|  7840 | FRED     | M      | vice PRESIDENT      | 7839 | 1983-08-09 | 5000 | NULL |     20 |       1 | SAND STONE   | a12recmpm  | NULL       |        1 |     20 | RESEARCH   | DALLAS   | a12recmpm  | 12/04/1989 |
|  7876 | ADAMS    | M      | CLERK               | 7788 | 1983-01-12 | 1100 | NULL |     20 |       1 | CRAZY ANYONE | a12recmpm  | 7132300086 |        1 |     20 | RESEARCH   | DALLAS   | a12recmpm  | 12/04/1989 |
|  7902 | FORD     | M      | ANALYST             | 7566 | 1981-12-03 | 3000 | NULL |     20 |       4 | CONBRIO      | a12recmpm  | NULL       |        0 |     20 | RESEARCH   | DALLAS   | a12recmpm  | 12/04/1989 |
|  6001 | GITA     | F      | Compliance officers | 7920 | 1981-07-19 | 1750 | NULL |     30 |       1 | GITA         | sales@2017 | NULL       |        1 |     30 | SALES      | CHICAGO  | sales@2017 | 13/04/1989 |
|  7499 | ALLEN    | M      | SALESMAN            | 7698 | 1981-02-20 | 1600 |  300 |     30 |       4 | ALWAYS TESTE | sales@2017 | 7032300096 |        1 |     30 | SALES      | CHICAGO  | sales@2017 | 13/04/1989 |
|  7521 | WARD     | M      | SALESMAN            | 7698 | 1981-02-22 | 1250 |  500 |     30 |       1 | WARD         | sales@2017 | 7132300034 |        1 |     30 | SALES      | CHICAGO  | sales@2017 | 13/04/1989 |
|  7654 | MARTIN   | M      | SALESMAN            | 7698 | 1981-09-28 | 1250 | 1400 |     30 |       6 | LIFE RACER   | sales@2017 | 7132300050 |        1 |     30 | SALES      | CHICAGO  | sales@2017 | 13/04/1989 |
|  7698 | BLAKE    | M      | MANAGER             | 7839 | 1981-05-01 | 2850 | NULL |     30 |       1 | BIG BEN      | sales@2017 | 7132300027 |        1 |     30 | SALES      | CHICAGO  | sales@2017 | 13/04/1989 |
|  7844 | TURNER   | M      | SALESMAN            | 7698 | 1981-09-08 | 1500 |    0 |     30 |       5 | SAND DUST    | sales@2017 | NULL       |        1 |     30 | SALES      | CHICAGO  | sales@2017 | 13/04/1989 |
|  7900 | JAMES    | M      | CLERK               | 7698 | 1981-12-03 |  950 | NULL |     30 |       2 | CRAZY LEADER | sales@2017 | 7132300042 |        1 |     30 | SALES      | CHICAGO  | sales@2017 | 13/04/1989 |
|  7919 | HOFFMAN  | M      | MANAGER             | 7566 | 1982-03-24 | 4150 | NULL |     30 |       3 | INTERVAL     | sales@2017 | NULL       |        1 |     30 | SALES      | CHICAGO  | sales@2017 | 13/04/1989 |
|  7920 | GRASS    | M      | SALESMAN            | 7919 | 1980-02-14 | 2575 | 2700 |     30 |       5 | GRASS        | sales@2017 | NULL       |        1 |     30 | SALES      | CHICAGO  | sales@2017 | 13/04/1989 |
|  7945 | AARUSH   | M      | SALESMAN            | 7902 | 1980-02-14 | 1350 | 2700 |     30 |    NULL | AARUSH       | ABCDEF     | NULL       |        0 |     30 | SALES      | CHICAGO  | sales@2017 | 13/04/1989 |
|  7949 | ALEX     | M      | MANAGER             | 7698 | 1982-01-24 | 1250 |  500 |     30 |       5 | QUARTERREST  | sales@2017 | 7156567183 |        1 |     30 | SALES      | CHICAGO  | sales@2017 | 13/04/1989 |
|  8433 | NATASHA  | F      | CLERK               | 7920 | 1981-07-19 | 1750 | NULL |     30 |       1 | NATASHA      | sales@2017 | NULL       |        1 |     30 | SALES      | CHICAGO  | sales@2017 | 13/04/1989 |
|  6129 | VRUSHALI | F      | Compliance officers | 7920 | 1981-07-19 | 1750 | NULL |     50 |       1 | VRUSHALI     | PUN@8877   | NULL       |        1 |     50 | HR         | PUNE     | PUN@8877   | 22/12/1989 |
|  9400 | SANGITA  | F      | Compliance officers | 7920 | 1981-07-19 | 1750 | NULL |     50 |       1 | SANGITA      | NULL       | NULL       |        1 |     50 | HR         | PUNE     | PUN@8877   | 22/12/1989 |
|  9473 | SUPRIYA  | F      | ANALYST             | 7920 | 1981-07-19 | 1750 | NULL |     50 |       1 | SUPRIYA      | XYZ@1234   | NULL       |        1 |     50 | HR         | PUNE     | PUN@8877   | 22/12/1989 |
+-------+----------+--------+---------------------+------+------------+------+------+--------+---------+--------------+------------+------------+----------+--------+------------+----------+------------+------------+
28 rows in set (0.01 sec)

mysql> select * from dept inner join emp on emp.deptno = dept.deptno;
+--------+------------+----------+------------+------------+-------+----------+--------+---------------------+------+------------+------+------+--------+---------+--------------+------------+------------+----------+
| DEPTNO | DNAME      | LOC      | PWD        | STARTEDON  | EMPNO | ENAME    | GENDER | JOB                 | MGR  | HIREDATE   | SAL  | COMM | DEPTNO | BONUSID | USER NAME    | PWD        | PHONE      | isActive |
+--------+------------+----------+------------+------------+-------+----------+--------+---------------------+------+------------+------+------+--------+---------+--------------+------------+------------+----------+
|     10 | ACCOUNTING | NEW YORK | r50mpm     | 24/03/1989 |  7415 | AARAV    | M      | CLERK               | 7902 | 1981-12-31 | 3350 | NULL |     10 |    NULL | AARAV        | NULL       | 7032300084 |        0 |
|     10 | ACCOUNTING | NEW YORK | r50mpm     | 24/03/1989 |  7421 | THOMAS   | M      | CLERK               | 7920 | 1981-07-19 | 1750 | NULL |     10 |       1 | THOMAS       | r50mpm     | 7032300011 |        0 |
|     10 | ACCOUNTING | NEW YORK | r50mpm     | 24/03/1989 |  7782 | CLARK    | M      | MANAGER             | 7839 | 1981-06-09 | 2450 | NULL |     10 |       3 | CLARK        | r50mpm     | 7032300001 |        1 |
|     10 | ACCOUNTING | NEW YORK | r50mpm     | 24/03/1989 |  7839 | KING     | M      | PRESIDENT           | NULL | 1981-11-17 | 5000 | NULL |     10 |       1 | KING         | r50mpm     | 7132300081 |        1 |
|     10 | ACCOUNTING | NEW YORK | r50mpm     | 24/03/1989 |  7934 | MILLER   | M      | CLERK               | 7782 | 1982-01-23 | 1300 | NULL |     10 |       2 | QUARTERNOTE  | r50mpm     | 7132300055 |        0 |
|     20 | RESEARCH   | DALLAS   | a12recmpm  | 12/04/1989 |  6473 | SHARMIN  | F      | Public Relation     | 7920 | 1981-07-19 | 1750 | NULL |     20 |       1 | SHARMIN      | a12recmpm  | NULL       |        1 |
|     20 | RESEARCH   | DALLAS   | a12recmpm  | 12/04/1989 |  6781 | BANDISH  | F      | Public Relation     | 7920 | 1981-07-19 | 1750 | NULL |     20 |       1 | BANDISH      | a12recmpm  | NULL       |        1 |
|     20 | RESEARCH   | DALLAS   | a12recmpm  | 12/04/1989 |  7369 | SMITH    | M      | CLERK               | 7902 | 1980-12-17 |  800 | NULL |     20 |       2 | TRITONE      | a12recmpm  | 7032300023 |        0 |
|     20 | RESEARCH   | DALLAS   | a12recmpm  | 12/04/1989 |  7566 | JONES    | M      | MANAGER             | 7839 | 1981-04-02 | 2975 | NULL |     20 |       4 | HONEYCOMB    | a12recmpm  | 7132300039 |        1 |
|     20 | RESEARCH   | DALLAS   | a12recmpm  | 12/04/1989 |  7788 | SCOTT    | M      | ANALYST             | 7566 | 1982-12-09 | 3000 | NULL |     20 |       3 | WHITE SAND   | a12recmpm  | NULL       |        1 |
|     20 | RESEARCH   | DALLAS   | a12recmpm  | 12/04/1989 |  7840 | FRED     | M      | vice PRESIDENT      | 7839 | 1983-08-09 | 5000 | NULL |     20 |       1 | SAND STONE   | a12recmpm  | NULL       |        1 |
|     20 | RESEARCH   | DALLAS   | a12recmpm  | 12/04/1989 |  7876 | ADAMS    | M      | CLERK               | 7788 | 1983-01-12 | 1100 | NULL |     20 |       1 | CRAZY ANYONE | a12recmpm  | 7132300086 |        1 |
|     20 | RESEARCH   | DALLAS   | a12recmpm  | 12/04/1989 |  7902 | FORD     | M      | ANALYST             | 7566 | 1981-12-03 | 3000 | NULL |     20 |       4 | CONBRIO      | a12recmpm  | NULL       |        0 |
|     30 | SALES      | CHICAGO  | sales@2017 | 13/04/1989 |  6001 | GITA     | F      | Compliance officers | 7920 | 1981-07-19 | 1750 | NULL |     30 |       1 | GITA         | sales@2017 | NULL       |        1 |
|     30 | SALES      | CHICAGO  | sales@2017 | 13/04/1989 |  7499 | ALLEN    | M      | SALESMAN            | 7698 | 1981-02-20 | 1600 |  300 |     30 |       4 | ALWAYS TESTE | sales@2017 | 7032300096 |        1 |
|     30 | SALES      | CHICAGO  | sales@2017 | 13/04/1989 |  7521 | WARD     | M      | SALESMAN            | 7698 | 1981-02-22 | 1250 |  500 |     30 |       1 | WARD         | sales@2017 | 7132300034 |        1 |
|     30 | SALES      | CHICAGO  | sales@2017 | 13/04/1989 |  7654 | MARTIN   | M      | SALESMAN            | 7698 | 1981-09-28 | 1250 | 1400 |     30 |       6 | LIFE RACER   | sales@2017 | 7132300050 |        1 |
|     30 | SALES      | CHICAGO  | sales@2017 | 13/04/1989 |  7698 | BLAKE    | M      | MANAGER             | 7839 | 1981-05-01 | 2850 | NULL |     30 |       1 | BIG BEN      | sales@2017 | 7132300027 |        1 |
|     30 | SALES      | CHICAGO  | sales@2017 | 13/04/1989 |  7844 | TURNER   | M      | SALESMAN            | 7698 | 1981-09-08 | 1500 |    0 |     30 |       5 | SAND DUST    | sales@2017 | NULL       |        1 |
|     30 | SALES      | CHICAGO  | sales@2017 | 13/04/1989 |  7900 | JAMES    | M      | CLERK               | 7698 | 1981-12-03 |  950 | NULL |     30 |       2 | CRAZY LEADER | sales@2017 | 7132300042 |        1 |
|     30 | SALES      | CHICAGO  | sales@2017 | 13/04/1989 |  7919 | HOFFMAN  | M      | MANAGER             | 7566 | 1982-03-24 | 4150 | NULL |     30 |       3 | INTERVAL     | sales@2017 | NULL       |        1 |
|     30 | SALES      | CHICAGO  | sales@2017 | 13/04/1989 |  7920 | GRASS    | M      | SALESMAN            | 7919 | 1980-02-14 | 2575 | 2700 |     30 |       5 | GRASS        | sales@2017 | NULL       |        1 |
|     30 | SALES      | CHICAGO  | sales@2017 | 13/04/1989 |  7945 | AARUSH   | M      | SALESMAN            | 7902 | 1980-02-14 | 1350 | 2700 |     30 |    NULL | AARUSH       | ABCDEF     | NULL       |        0 |
|     30 | SALES      | CHICAGO  | sales@2017 | 13/04/1989 |  7949 | ALEX     | M      | MANAGER             | 7698 | 1982-01-24 | 1250 |  500 |     30 |       5 | QUARTERREST  | sales@2017 | 7156567183 |        1 |
|     30 | SALES      | CHICAGO  | sales@2017 | 13/04/1989 |  8433 | NATASHA  | F      | CLERK               | 7920 | 1981-07-19 | 1750 | NULL |     30 |       1 | NATASHA      | sales@2017 | NULL       |        1 |
|     50 | HR         | PUNE     | PUN@8877   | 22/12/1989 |  6129 | VRUSHALI | F      | Compliance officers | 7920 | 1981-07-19 | 1750 | NULL |     50 |       1 | VRUSHALI     | PUN@8877   | NULL       |        1 |
|     50 | HR         | PUNE     | PUN@8877   | 22/12/1989 |  9400 | SANGITA  | F      | Compliance officers | 7920 | 1981-07-19 | 1750 | NULL |     50 |       1 | SANGITA      | NULL       | NULL       |        1 |
|     50 | HR         | PUNE     | PUN@8877   | 22/12/1989 |  9473 | SUPRIYA  | F      | ANALYST             | 7920 | 1981-07-19 | 1750 | NULL |     50 |       1 | SUPRIYA      | XYZ@1234   | NULL       |        1 |
+--------+------------+----------+------------+------------+-------+----------+--------+---------------------+------+------------+------+------+--------+---------+--------------+------------+------------+----------+
28 rows in set (0.00 sec)

mysql> select * from emp inner join dept on emp.deptno = dept.deptno;
+-------+----------+--------+---------------------+------+------------+------+------+--------+---------+--------------+------------+------------+----------+--------+------------+----------+------------+------------+
| EMPNO | ENAME    | GENDER | JOB                 | MGR  | HIREDATE   | SAL  | COMM | DEPTNO | BONUSID | USER NAME    | PWD        | PHONE      | isActive | DEPTNO | DNAME      | LOC      | PWD        | STARTEDON  |
+-------+----------+--------+---------------------+------+------------+------+------+--------+---------+--------------+------------+------------+----------+--------+------------+----------+------------+------------+
|  7415 | AARAV    | M      | CLERK               | 7902 | 1981-12-31 | 3350 | NULL |     10 |    NULL | AARAV        | NULL       | 7032300084 |        0 |     10 | ACCOUNTING | NEW YORK | r50mpm     | 24/03/1989 |
|  7421 | THOMAS   | M      | CLERK               | 7920 | 1981-07-19 | 1750 | NULL |     10 |       1 | THOMAS       | r50mpm     | 7032300011 |        0 |     10 | ACCOUNTING | NEW YORK | r50mpm     | 24/03/1989 |
|  7782 | CLARK    | M      | MANAGER             | 7839 | 1981-06-09 | 2450 | NULL |     10 |       3 | CLARK        | r50mpm     | 7032300001 |        1 |     10 | ACCOUNTING | NEW YORK | r50mpm     | 24/03/1989 |
|  7839 | KING     | M      | PRESIDENT           | NULL | 1981-11-17 | 5000 | NULL |     10 |       1 | KING         | r50mpm     | 7132300081 |        1 |     10 | ACCOUNTING | NEW YORK | r50mpm     | 24/03/1989 |
|  7934 | MILLER   | M      | CLERK               | 7782 | 1982-01-23 | 1300 | NULL |     10 |       2 | QUARTERNOTE  | r50mpm     | 7132300055 |        0 |     10 | ACCOUNTING | NEW YORK | r50mpm     | 24/03/1989 |
|  6473 | SHARMIN  | F      | Public Relation     | 7920 | 1981-07-19 | 1750 | NULL |     20 |       1 | SHARMIN      | a12recmpm  | NULL       |        1 |     20 | RESEARCH   | DALLAS   | a12recmpm  | 12/04/1989 |
|  6781 | BANDISH  | F      | Public Relation     | 7920 | 1981-07-19 | 1750 | NULL |     20 |       1 | BANDISH      | a12recmpm  | NULL       |        1 |     20 | RESEARCH   | DALLAS   | a12recmpm  | 12/04/1989 |
|  7369 | SMITH    | M      | CLERK               | 7902 | 1980-12-17 |  800 | NULL |     20 |       2 | TRITONE      | a12recmpm  | 7032300023 |        0 |     20 | RESEARCH   | DALLAS   | a12recmpm  | 12/04/1989 |
|  7566 | JONES    | M      | MANAGER             | 7839 | 1981-04-02 | 2975 | NULL |     20 |       4 | HONEYCOMB    | a12recmpm  | 7132300039 |        1 |     20 | RESEARCH   | DALLAS   | a12recmpm  | 12/04/1989 |
|  7788 | SCOTT    | M      | ANALYST             | 7566 | 1982-12-09 | 3000 | NULL |     20 |       3 | WHITE SAND   | a12recmpm  | NULL       |        1 |     20 | RESEARCH   | DALLAS   | a12recmpm  | 12/04/1989 |
|  7840 | FRED     | M      | vice PRESIDENT      | 7839 | 1983-08-09 | 5000 | NULL |     20 |       1 | SAND STONE   | a12recmpm  | NULL       |        1 |     20 | RESEARCH   | DALLAS   | a12recmpm  | 12/04/1989 |
|  7876 | ADAMS    | M      | CLERK               | 7788 | 1983-01-12 | 1100 | NULL |     20 |       1 | CRAZY ANYONE | a12recmpm  | 7132300086 |        1 |     20 | RESEARCH   | DALLAS   | a12recmpm  | 12/04/1989 |
|  7902 | FORD     | M      | ANALYST             | 7566 | 1981-12-03 | 3000 | NULL |     20 |       4 | CONBRIO      | a12recmpm  | NULL       |        0 |     20 | RESEARCH   | DALLAS   | a12recmpm  | 12/04/1989 |
|  6001 | GITA     | F      | Compliance officers | 7920 | 1981-07-19 | 1750 | NULL |     30 |       1 | GITA         | sales@2017 | NULL       |        1 |     30 | SALES      | CHICAGO  | sales@2017 | 13/04/1989 |
|  7499 | ALLEN    | M      | SALESMAN            | 7698 | 1981-02-20 | 1600 |  300 |     30 |       4 | ALWAYS TESTE | sales@2017 | 7032300096 |        1 |     30 | SALES      | CHICAGO  | sales@2017 | 13/04/1989 |
|  7521 | WARD     | M      | SALESMAN            | 7698 | 1981-02-22 | 1250 |  500 |     30 |       1 | WARD         | sales@2017 | 7132300034 |        1 |     30 | SALES      | CHICAGO  | sales@2017 | 13/04/1989 |
|  7654 | MARTIN   | M      | SALESMAN            | 7698 | 1981-09-28 | 1250 | 1400 |     30 |       6 | LIFE RACER   | sales@2017 | 7132300050 |        1 |     30 | SALES      | CHICAGO  | sales@2017 | 13/04/1989 |
|  7698 | BLAKE    | M      | MANAGER             | 7839 | 1981-05-01 | 2850 | NULL |     30 |       1 | BIG BEN      | sales@2017 | 7132300027 |        1 |     30 | SALES      | CHICAGO  | sales@2017 | 13/04/1989 |
|  7844 | TURNER   | M      | SALESMAN            | 7698 | 1981-09-08 | 1500 |    0 |     30 |       5 | SAND DUST    | sales@2017 | NULL       |        1 |     30 | SALES      | CHICAGO  | sales@2017 | 13/04/1989 |
|  7900 | JAMES    | M      | CLERK               | 7698 | 1981-12-03 |  950 | NULL |     30 |       2 | CRAZY LEADER | sales@2017 | 7132300042 |        1 |     30 | SALES      | CHICAGO  | sales@2017 | 13/04/1989 |
|  7919 | HOFFMAN  | M      | MANAGER             | 7566 | 1982-03-24 | 4150 | NULL |     30 |       3 | INTERVAL     | sales@2017 | NULL       |        1 |     30 | SALES      | CHICAGO  | sales@2017 | 13/04/1989 |
|  7920 | GRASS    | M      | SALESMAN            | 7919 | 1980-02-14 | 2575 | 2700 |     30 |       5 | GRASS        | sales@2017 | NULL       |        1 |     30 | SALES      | CHICAGO  | sales@2017 | 13/04/1989 |
|  7945 | AARUSH   | M      | SALESMAN            | 7902 | 1980-02-14 | 1350 | 2700 |     30 |    NULL | AARUSH       | ABCDEF     | NULL       |        0 |     30 | SALES      | CHICAGO  | sales@2017 | 13/04/1989 |
|  7949 | ALEX     | M      | MANAGER             | 7698 | 1982-01-24 | 1250 |  500 |     30 |       5 | QUARTERREST  | sales@2017 | 7156567183 |        1 |     30 | SALES      | CHICAGO  | sales@2017 | 13/04/1989 |
|  8433 | NATASHA  | F      | CLERK               | 7920 | 1981-07-19 | 1750 | NULL |     30 |       1 | NATASHA      | sales@2017 | NULL       |        1 |     30 | SALES      | CHICAGO  | sales@2017 | 13/04/1989 |
|  6129 | VRUSHALI | F      | Compliance officers | 7920 | 1981-07-19 | 1750 | NULL |     50 |       1 | VRUSHALI     | PUN@8877   | NULL       |        1 |     50 | HR         | PUNE     | PUN@8877   | 22/12/1989 |
|  9400 | SANGITA  | F      | Compliance officers | 7920 | 1981-07-19 | 1750 | NULL |     50 |       1 | SANGITA      | NULL       | NULL       |        1 |     50 | HR         | PUNE     | PUN@8877   | 22/12/1989 |
|  9473 | SUPRIYA  | F      | ANALYST             | 7920 | 1981-07-19 | 1750 | NULL |     50 |       1 | SUPRIYA      | XYZ@1234   | NULL       |        1 |     50 | HR         | PUNE     | PUN@8877   | 22/12/1989 |
+-------+----------+--------+---------------------+------+------------+------+------+--------+---------+--------------+------------+------------+----------+--------+------------+----------+------------+------------+
28 rows in set (0.00 sec)

mysql> select * from emp inner join dept using(deptno);
+--------+-------+----------+--------+---------------------+------+------------+------+------+---------+--------------+------------+------------+----------+------------+----------+------------+------------+
| DEPTNO | EMPNO | ENAME    | GENDER | JOB                 | MGR  | HIREDATE   | SAL  | COMM | BONUSID | USER NAME    | PWD        | PHONE      | isActive | DNAME      | LOC      | PWD        | STARTEDON  |
+--------+-------+----------+--------+---------------------+------+------------+------+------+---------+--------------+------------+------------+----------+------------+----------+------------+------------+
|     10 |  7415 | AARAV    | M      | CLERK               | 7902 | 1981-12-31 | 3350 | NULL |    NULL | AARAV        | NULL       | 7032300084 |        0 | ACCOUNTING | NEW YORK | r50mpm     | 24/03/1989 |
|     10 |  7421 | THOMAS   | M      | CLERK               | 7920 | 1981-07-19 | 1750 | NULL |       1 | THOMAS       | r50mpm     | 7032300011 |        0 | ACCOUNTING | NEW YORK | r50mpm     | 24/03/1989 |
|     10 |  7782 | CLARK    | M      | MANAGER             | 7839 | 1981-06-09 | 2450 | NULL |       3 | CLARK        | r50mpm     | 7032300001 |        1 | ACCOUNTING | NEW YORK | r50mpm     | 24/03/1989 |
|     10 |  7839 | KING     | M      | PRESIDENT           | NULL | 1981-11-17 | 5000 | NULL |       1 | KING         | r50mpm     | 7132300081 |        1 | ACCOUNTING | NEW YORK | r50mpm     | 24/03/1989 |
|     10 |  7934 | MILLER   | M      | CLERK               | 7782 | 1982-01-23 | 1300 | NULL |       2 | QUARTERNOTE  | r50mpm     | 7132300055 |        0 | ACCOUNTING | NEW YORK | r50mpm     | 24/03/1989 |
|     20 |  6473 | SHARMIN  | F      | Public Relation     | 7920 | 1981-07-19 | 1750 | NULL |       1 | SHARMIN      | a12recmpm  | NULL       |        1 | RESEARCH   | DALLAS   | a12recmpm  | 12/04/1989 |
|     20 |  6781 | BANDISH  | F      | Public Relation     | 7920 | 1981-07-19 | 1750 | NULL |       1 | BANDISH      | a12recmpm  | NULL       |        1 | RESEARCH   | DALLAS   | a12recmpm  | 12/04/1989 |
|     20 |  7369 | SMITH    | M      | CLERK               | 7902 | 1980-12-17 |  800 | NULL |       2 | TRITONE      | a12recmpm  | 7032300023 |        0 | RESEARCH   | DALLAS   | a12recmpm  | 12/04/1989 |
|     20 |  7566 | JONES    | M      | MANAGER             | 7839 | 1981-04-02 | 2975 | NULL |       4 | HONEYCOMB    | a12recmpm  | 7132300039 |        1 | RESEARCH   | DALLAS   | a12recmpm  | 12/04/1989 |
|     20 |  7788 | SCOTT    | M      | ANALYST             | 7566 | 1982-12-09 | 3000 | NULL |       3 | WHITE SAND   | a12recmpm  | NULL       |        1 | RESEARCH   | DALLAS   | a12recmpm  | 12/04/1989 |
|     20 |  7840 | FRED     | M      | vice PRESIDENT      | 7839 | 1983-08-09 | 5000 | NULL |       1 | SAND STONE   | a12recmpm  | NULL       |        1 | RESEARCH   | DALLAS   | a12recmpm  | 12/04/1989 |
|     20 |  7876 | ADAMS    | M      | CLERK               | 7788 | 1983-01-12 | 1100 | NULL |       1 | CRAZY ANYONE | a12recmpm  | 7132300086 |        1 | RESEARCH   | DALLAS   | a12recmpm  | 12/04/1989 |
|     20 |  7902 | FORD     | M      | ANALYST             | 7566 | 1981-12-03 | 3000 | NULL |       4 | CONBRIO      | a12recmpm  | NULL       |        0 | RESEARCH   | DALLAS   | a12recmpm  | 12/04/1989 |
|     30 |  6001 | GITA     | F      | Compliance officers | 7920 | 1981-07-19 | 1750 | NULL |       1 | GITA         | sales@2017 | NULL       |        1 | SALES      | CHICAGO  | sales@2017 | 13/04/1989 |
|     30 |  7499 | ALLEN    | M      | SALESMAN            | 7698 | 1981-02-20 | 1600 |  300 |       4 | ALWAYS TESTE | sales@2017 | 7032300096 |        1 | SALES      | CHICAGO  | sales@2017 | 13/04/1989 |
|     30 |  7521 | WARD     | M      | SALESMAN            | 7698 | 1981-02-22 | 1250 |  500 |       1 | WARD         | sales@2017 | 7132300034 |        1 | SALES      | CHICAGO  | sales@2017 | 13/04/1989 |
|     30 |  7654 | MARTIN   | M      | SALESMAN            | 7698 | 1981-09-28 | 1250 | 1400 |       6 | LIFE RACER   | sales@2017 | 7132300050 |        1 | SALES      | CHICAGO  | sales@2017 | 13/04/1989 |
|     30 |  7698 | BLAKE    | M      | MANAGER             | 7839 | 1981-05-01 | 2850 | NULL |       1 | BIG BEN      | sales@2017 | 7132300027 |        1 | SALES      | CHICAGO  | sales@2017 | 13/04/1989 |
|     30 |  7844 | TURNER   | M      | SALESMAN            | 7698 | 1981-09-08 | 1500 |    0 |       5 | SAND DUST    | sales@2017 | NULL       |        1 | SALES      | CHICAGO  | sales@2017 | 13/04/1989 |
|     30 |  7900 | JAMES    | M      | CLERK               | 7698 | 1981-12-03 |  950 | NULL |       2 | CRAZY LEADER | sales@2017 | 7132300042 |        1 | SALES      | CHICAGO  | sales@2017 | 13/04/1989 |
|     30 |  7919 | HOFFMAN  | M      | MANAGER             | 7566 | 1982-03-24 | 4150 | NULL |       3 | INTERVAL     | sales@2017 | NULL       |        1 | SALES      | CHICAGO  | sales@2017 | 13/04/1989 |
|     30 |  7920 | GRASS    | M      | SALESMAN            | 7919 | 1980-02-14 | 2575 | 2700 |       5 | GRASS        | sales@2017 | NULL       |        1 | SALES      | CHICAGO  | sales@2017 | 13/04/1989 |
|     30 |  7945 | AARUSH   | M      | SALESMAN            | 7902 | 1980-02-14 | 1350 | 2700 |    NULL | AARUSH       | ABCDEF     | NULL       |        0 | SALES      | CHICAGO  | sales@2017 | 13/04/1989 |
|     30 |  7949 | ALEX     | M      | MANAGER             | 7698 | 1982-01-24 | 1250 |  500 |       5 | QUARTERREST  | sales@2017 | 7156567183 |        1 | SALES      | CHICAGO  | sales@2017 | 13/04/1989 |
|     30 |  8433 | NATASHA  | F      | CLERK               | 7920 | 1981-07-19 | 1750 | NULL |       1 | NATASHA      | sales@2017 | NULL       |        1 | SALES      | CHICAGO  | sales@2017 | 13/04/1989 |
|     50 |  6129 | VRUSHALI | F      | Compliance officers | 7920 | 1981-07-19 | 1750 | NULL |       1 | VRUSHALI     | PUN@8877   | NULL       |        1 | HR         | PUNE     | PUN@8877   | 22/12/1989 |
|     50 |  9400 | SANGITA  | F      | Compliance officers | 7920 | 1981-07-19 | 1750 | NULL |       1 | SANGITA      | NULL       | NULL       |        1 | HR         | PUNE     | PUN@8877   | 22/12/1989 |
|     50 |  9473 | SUPRIYA  | F      | ANALYST             | 7920 | 1981-07-19 | 1750 | NULL |       1 | SUPRIYA      | XYZ@1234   | NULL       |        1 | HR         | PUNE     | PUN@8877   | 22/12/1989 |
+--------+-------+----------+--------+---------------------+------+------------+------+------+---------+--------------+------------+------------+----------+------------+----------+------------+------------+
28 rows in set (0.00 sec)

mysql>
mysql>
mysql>
mysql> select ename, job, sal, dname, loc from emp inner join dept using(deptno);
+----------+---------------------+------+------------+----------+
| ename    | job                 | sal  | dname      | loc      |
+----------+---------------------+------+------------+----------+
| AARAV    | CLERK               | 3350 | ACCOUNTING | NEW YORK |
| THOMAS   | CLERK               | 1750 | ACCOUNTING | NEW YORK |
| CLARK    | MANAGER             | 2450 | ACCOUNTING | NEW YORK |
| KING     | PRESIDENT           | 5000 | ACCOUNTING | NEW YORK |
| MILLER   | CLERK               | 1300 | ACCOUNTING | NEW YORK |
| SHARMIN  | Public Relation     | 1750 | RESEARCH   | DALLAS   |
| BANDISH  | Public Relation     | 1750 | RESEARCH   | DALLAS   |
| SMITH    | CLERK               |  800 | RESEARCH   | DALLAS   |
| JONES    | MANAGER             | 2975 | RESEARCH   | DALLAS   |
| SCOTT    | ANALYST             | 3000 | RESEARCH   | DALLAS   |
| FRED     | vice PRESIDENT      | 5000 | RESEARCH   | DALLAS   |
| ADAMS    | CLERK               | 1100 | RESEARCH   | DALLAS   |
| FORD     | ANALYST             | 3000 | RESEARCH   | DALLAS   |
| GITA     | Compliance officers | 1750 | SALES      | CHICAGO  |
| ALLEN    | SALESMAN            | 1600 | SALES      | CHICAGO  |
| WARD     | SALESMAN            | 1250 | SALES      | CHICAGO  |
| MARTIN   | SALESMAN            | 1250 | SALES      | CHICAGO  |
| BLAKE    | MANAGER             | 2850 | SALES      | CHICAGO  |
| TURNER   | SALESMAN            | 1500 | SALES      | CHICAGO  |
| JAMES    | CLERK               |  950 | SALES      | CHICAGO  |
| HOFFMAN  | MANAGER             | 4150 | SALES      | CHICAGO  |
| GRASS    | SALESMAN            | 2575 | SALES      | CHICAGO  |
| AARUSH   | SALESMAN            | 1350 | SALES      | CHICAGO  |
| ALEX     | MANAGER             | 1250 | SALES      | CHICAGO  |
| NATASHA  | CLERK               | 1750 | SALES      | CHICAGO  |
| VRUSHALI | Compliance officers | 1750 | HR         | PUNE     |
| SANGITA  | Compliance officers | 1750 | HR         | PUNE     |
| SUPRIYA  | ANALYST             | 1750 | HR         | PUNE     |
+----------+---------------------+------+------------+----------+
28 rows in set (0.00 sec)

mysql> select deptno, pwd from emp order by deptno;
+--------+------------+
| deptno | pwd        |
+--------+------------+
|     10 | NULL       |
|     10 | r50mpm     |
|     10 | r50mpm     |
|     10 | r50mpm     |
|     10 | r50mpm     |
|     20 | a12recmpm  |
|     20 | a12recmpm  |
|     20 | a12recmpm  |
|     20 | a12recmpm  |
|     20 | a12recmpm  |
|     20 | a12recmpm  |
|     20 | a12recmpm  |
|     20 | a12recmpm  |
|     30 | sales@2017 |
|     30 | sales@2017 |
|     30 | sales@2017 |
|     30 | sales@2017 |
|     30 | sales@2017 |
|     30 | sales@2017 |
|     30 | sales@2017 |
|     30 | sales@2017 |
|     30 | sales@2017 |
|     30 | ABCDEF     |
|     30 | sales@2017 |
|     30 | sales@2017 |
|     50 | PUN@8877   |
|     50 | NULL       |
|     50 | XYZ@1234   |
+--------+------------+
28 rows in set (0.00 sec)

mysql> select deptno,pwd from dept;
+--------+------------+
| deptno | pwd        |
+--------+------------+
|     10 | r50mpm     |
|     20 | a12recmpm  |
|     30 | sales@2017 |
|     40 | opr@123    |
|     50 | PUN@8877   |
+--------+------------+
5 rows in set (0.00 sec)

mysql> select ename, emp.pwd,emp.deptno, dept.deptno, dname, dept.pwd from emp, dept where emp.deptno=dept.deptno and emp.pwd=dept.pwd
    -> ;
+----------+------------+--------+--------+------------+------------+
| ename    | pwd        | deptno | deptno | dname      | pwd        |
+----------+------------+--------+--------+------------+------------+
| THOMAS   | r50mpm     |     10 |     10 | ACCOUNTING | r50mpm     |
| CLARK    | r50mpm     |     10 |     10 | ACCOUNTING | r50mpm     |
| KING     | r50mpm     |     10 |     10 | ACCOUNTING | r50mpm     |
| MILLER   | r50mpm     |     10 |     10 | ACCOUNTING | r50mpm     |
| SHARMIN  | a12recmpm  |     20 |     20 | RESEARCH   | a12recmpm  |
| BANDISH  | a12recmpm  |     20 |     20 | RESEARCH   | a12recmpm  |
| SMITH    | a12recmpm  |     20 |     20 | RESEARCH   | a12recmpm  |
| JONES    | a12recmpm  |     20 |     20 | RESEARCH   | a12recmpm  |
| SCOTT    | a12recmpm  |     20 |     20 | RESEARCH   | a12recmpm  |
| FRED     | a12recmpm  |     20 |     20 | RESEARCH   | a12recmpm  |
| ADAMS    | a12recmpm  |     20 |     20 | RESEARCH   | a12recmpm  |
| FORD     | a12recmpm  |     20 |     20 | RESEARCH   | a12recmpm  |
| GITA     | sales@2017 |     30 |     30 | SALES      | sales@2017 |
| ALLEN    | sales@2017 |     30 |     30 | SALES      | sales@2017 |
| WARD     | sales@2017 |     30 |     30 | SALES      | sales@2017 |
| MARTIN   | sales@2017 |     30 |     30 | SALES      | sales@2017 |
| BLAKE    | sales@2017 |     30 |     30 | SALES      | sales@2017 |
| TURNER   | sales@2017 |     30 |     30 | SALES      | sales@2017 |
| JAMES    | sales@2017 |     30 |     30 | SALES      | sales@2017 |
| HOFFMAN  | sales@2017 |     30 |     30 | SALES      | sales@2017 |
| GRASS    | sales@2017 |     30 |     30 | SALES      | sales@2017 |
| ALEX     | sales@2017 |     30 |     30 | SALES      | sales@2017 |
| NATASHA  | sales@2017 |     30 |     30 | SALES      | sales@2017 |
| VRUSHALI | PUN@8877   |     50 |     50 | HR         | PUN@8877   |
+----------+------------+--------+--------+------------+------------+
24 rows in set (0.01 sec)

mysql> select ename, emp.pwd,emp.deptno, dept.deptno, dname, dept.pwd from emp inner join dept on emp.deptno=dept.deptno and emp.pwd=dept.pwd;
+----------+------------+--------+--------+------------+------------+
| ename    | pwd        | deptno | deptno | dname      | pwd        |
+----------+------------+--------+--------+------------+------------+
| THOMAS   | r50mpm     |     10 |     10 | ACCOUNTING | r50mpm     |
| CLARK    | r50mpm     |     10 |     10 | ACCOUNTING | r50mpm     |
| KING     | r50mpm     |     10 |     10 | ACCOUNTING | r50mpm     |
| MILLER   | r50mpm     |     10 |     10 | ACCOUNTING | r50mpm     |
| SHARMIN  | a12recmpm  |     20 |     20 | RESEARCH   | a12recmpm  |
| BANDISH  | a12recmpm  |     20 |     20 | RESEARCH   | a12recmpm  |
| SMITH    | a12recmpm  |     20 |     20 | RESEARCH   | a12recmpm  |
| JONES    | a12recmpm  |     20 |     20 | RESEARCH   | a12recmpm  |
| SCOTT    | a12recmpm  |     20 |     20 | RESEARCH   | a12recmpm  |
| FRED     | a12recmpm  |     20 |     20 | RESEARCH   | a12recmpm  |
| ADAMS    | a12recmpm  |     20 |     20 | RESEARCH   | a12recmpm  |
| FORD     | a12recmpm  |     20 |     20 | RESEARCH   | a12recmpm  |
| GITA     | sales@2017 |     30 |     30 | SALES      | sales@2017 |
| ALLEN    | sales@2017 |     30 |     30 | SALES      | sales@2017 |
| WARD     | sales@2017 |     30 |     30 | SALES      | sales@2017 |
| MARTIN   | sales@2017 |     30 |     30 | SALES      | sales@2017 |
| BLAKE    | sales@2017 |     30 |     30 | SALES      | sales@2017 |
| TURNER   | sales@2017 |     30 |     30 | SALES      | sales@2017 |
| JAMES    | sales@2017 |     30 |     30 | SALES      | sales@2017 |
| HOFFMAN  | sales@2017 |     30 |     30 | SALES      | sales@2017 |
| GRASS    | sales@2017 |     30 |     30 | SALES      | sales@2017 |
| ALEX     | sales@2017 |     30 |     30 | SALES      | sales@2017 |
| NATASHA  | sales@2017 |     30 |     30 | SALES      | sales@2017 |
| VRUSHALI | PUN@8877   |     50 |     50 | HR         | PUN@8877   |
+----------+------------+--------+--------+------------+------------+
24 rows in set (0.00 sec)

mysql> select ename, emp.pwd,emp.deptno, dept.deptno, dname, dept.pwd from emp inner join dept using(deptno,pwd);
+----------+------------+--------+--------+------------+------------+
| ename    | pwd        | deptno | deptno | dname      | pwd        |
+----------+------------+--------+--------+------------+------------+
| THOMAS   | r50mpm     |     10 |     10 | ACCOUNTING | r50mpm     |
| CLARK    | r50mpm     |     10 |     10 | ACCOUNTING | r50mpm     |
| KING     | r50mpm     |     10 |     10 | ACCOUNTING | r50mpm     |
| MILLER   | r50mpm     |     10 |     10 | ACCOUNTING | r50mpm     |
| SHARMIN  | a12recmpm  |     20 |     20 | RESEARCH   | a12recmpm  |
| BANDISH  | a12recmpm  |     20 |     20 | RESEARCH   | a12recmpm  |
| SMITH    | a12recmpm  |     20 |     20 | RESEARCH   | a12recmpm  |
| JONES    | a12recmpm  |     20 |     20 | RESEARCH   | a12recmpm  |
| SCOTT    | a12recmpm  |     20 |     20 | RESEARCH   | a12recmpm  |
| FRED     | a12recmpm  |     20 |     20 | RESEARCH   | a12recmpm  |
| ADAMS    | a12recmpm  |     20 |     20 | RESEARCH   | a12recmpm  |
| FORD     | a12recmpm  |     20 |     20 | RESEARCH   | a12recmpm  |
| GITA     | sales@2017 |     30 |     30 | SALES      | sales@2017 |
| ALLEN    | sales@2017 |     30 |     30 | SALES      | sales@2017 |
| WARD     | sales@2017 |     30 |     30 | SALES      | sales@2017 |
| MARTIN   | sales@2017 |     30 |     30 | SALES      | sales@2017 |
| BLAKE    | sales@2017 |     30 |     30 | SALES      | sales@2017 |
| TURNER   | sales@2017 |     30 |     30 | SALES      | sales@2017 |
| JAMES    | sales@2017 |     30 |     30 | SALES      | sales@2017 |
| HOFFMAN  | sales@2017 |     30 |     30 | SALES      | sales@2017 |
| GRASS    | sales@2017 |     30 |     30 | SALES      | sales@2017 |
| ALEX     | sales@2017 |     30 |     30 | SALES      | sales@2017 |
| NATASHA  | sales@2017 |     30 |     30 | SALES      | sales@2017 |
| VRUSHALI | PUN@8877   |     50 |     50 | HR         | PUN@8877   |
+----------+------------+--------+--------+------------+------------+
24 rows in set (0.00 sec)

mysql> select * from emp inner join dept using(deptno,pwd);
+--------+------------+-------+----------+--------+---------------------+------+------------+------+------+---------+--------------+------------+----------+------------+----------+------------+
| DEPTNO | PWD        | EMPNO | ENAME    | GENDER | JOB                 | MGR  | HIREDATE   | SAL  | COMM | BONUSID | USER NAME    | PHONE      | isActive | DNAME      | LOC      | STARTEDON  |
+--------+------------+-------+----------+--------+---------------------+------+------------+------+------+---------+--------------+------------+----------+------------+----------+------------+
|     10 | r50mpm     |  7421 | THOMAS   | M      | CLERK               | 7920 | 1981-07-19 | 1750 | NULL |       1 | THOMAS       | 7032300011 |        0 | ACCOUNTING | NEW YORK | 24/03/1989 |
|     10 | r50mpm     |  7782 | CLARK    | M      | MANAGER             | 7839 | 1981-06-09 | 2450 | NULL |       3 | CLARK        | 7032300001 |        1 | ACCOUNTING | NEW YORK | 24/03/1989 |
|     10 | r50mpm     |  7839 | KING     | M      | PRESIDENT           | NULL | 1981-11-17 | 5000 | NULL |       1 | KING         | 7132300081 |        1 | ACCOUNTING | NEW YORK | 24/03/1989 |
|     10 | r50mpm     |  7934 | MILLER   | M      | CLERK               | 7782 | 1982-01-23 | 1300 | NULL |       2 | QUARTERNOTE  | 7132300055 |        0 | ACCOUNTING | NEW YORK | 24/03/1989 |
|     20 | a12recmpm  |  6473 | SHARMIN  | F      | Public Relation     | 7920 | 1981-07-19 | 1750 | NULL |       1 | SHARMIN      | NULL       |        1 | RESEARCH   | DALLAS   | 12/04/1989 |
|     20 | a12recmpm  |  6781 | BANDISH  | F      | Public Relation     | 7920 | 1981-07-19 | 1750 | NULL |       1 | BANDISH      | NULL       |        1 | RESEARCH   | DALLAS   | 12/04/1989 |
|     20 | a12recmpm  |  7369 | SMITH    | M      | CLERK               | 7902 | 1980-12-17 |  800 | NULL |       2 | TRITONE      | 7032300023 |        0 | RESEARCH   | DALLAS   | 12/04/1989 |
|     20 | a12recmpm  |  7566 | JONES    | M      | MANAGER             | 7839 | 1981-04-02 | 2975 | NULL |       4 | HONEYCOMB    | 7132300039 |        1 | RESEARCH   | DALLAS   | 12/04/1989 |
|     20 | a12recmpm  |  7788 | SCOTT    | M      | ANALYST             | 7566 | 1982-12-09 | 3000 | NULL |       3 | WHITE SAND   | NULL       |        1 | RESEARCH   | DALLAS   | 12/04/1989 |
|     20 | a12recmpm  |  7840 | FRED     | M      | vice PRESIDENT      | 7839 | 1983-08-09 | 5000 | NULL |       1 | SAND STONE   | NULL       |        1 | RESEARCH   | DALLAS   | 12/04/1989 |
|     20 | a12recmpm  |  7876 | ADAMS    | M      | CLERK               | 7788 | 1983-01-12 | 1100 | NULL |       1 | CRAZY ANYONE | 7132300086 |        1 | RESEARCH   | DALLAS   | 12/04/1989 |
|     20 | a12recmpm  |  7902 | FORD     | M      | ANALYST             | 7566 | 1981-12-03 | 3000 | NULL |       4 | CONBRIO      | NULL       |        0 | RESEARCH   | DALLAS   | 12/04/1989 |
|     30 | sales@2017 |  6001 | GITA     | F      | Compliance officers | 7920 | 1981-07-19 | 1750 | NULL |       1 | GITA         | NULL       |        1 | SALES      | CHICAGO  | 13/04/1989 |
|     30 | sales@2017 |  7499 | ALLEN    | M      | SALESMAN            | 7698 | 1981-02-20 | 1600 |  300 |       4 | ALWAYS TESTE | 7032300096 |        1 | SALES      | CHICAGO  | 13/04/1989 |
|     30 | sales@2017 |  7521 | WARD     | M      | SALESMAN            | 7698 | 1981-02-22 | 1250 |  500 |       1 | WARD         | 7132300034 |        1 | SALES      | CHICAGO  | 13/04/1989 |
|     30 | sales@2017 |  7654 | MARTIN   | M      | SALESMAN            | 7698 | 1981-09-28 | 1250 | 1400 |       6 | LIFE RACER   | 7132300050 |        1 | SALES      | CHICAGO  | 13/04/1989 |
|     30 | sales@2017 |  7698 | BLAKE    | M      | MANAGER             | 7839 | 1981-05-01 | 2850 | NULL |       1 | BIG BEN      | 7132300027 |        1 | SALES      | CHICAGO  | 13/04/1989 |
|     30 | sales@2017 |  7844 | TURNER   | M      | SALESMAN            | 7698 | 1981-09-08 | 1500 |    0 |       5 | SAND DUST    | NULL       |        1 | SALES      | CHICAGO  | 13/04/1989 |
|     30 | sales@2017 |  7900 | JAMES    | M      | CLERK               | 7698 | 1981-12-03 |  950 | NULL |       2 | CRAZY LEADER | 7132300042 |        1 | SALES      | CHICAGO  | 13/04/1989 |
|     30 | sales@2017 |  7919 | HOFFMAN  | M      | MANAGER             | 7566 | 1982-03-24 | 4150 | NULL |       3 | INTERVAL     | NULL       |        1 | SALES      | CHICAGO  | 13/04/1989 |
|     30 | sales@2017 |  7920 | GRASS    | M      | SALESMAN            | 7919 | 1980-02-14 | 2575 | 2700 |       5 | GRASS        | NULL       |        1 | SALES      | CHICAGO  | 13/04/1989 |
|     30 | sales@2017 |  7949 | ALEX     | M      | MANAGER             | 7698 | 1982-01-24 | 1250 |  500 |       5 | QUARTERREST  | 7156567183 |        1 | SALES      | CHICAGO  | 13/04/1989 |
|     30 | sales@2017 |  8433 | NATASHA  | F      | CLERK               | 7920 | 1981-07-19 | 1750 | NULL |       1 | NATASHA      | NULL       |        1 | SALES      | CHICAGO  | 13/04/1989 |
|     50 | PUN@8877   |  6129 | VRUSHALI | F      | Compliance officers | 7920 | 1981-07-19 | 1750 | NULL |       1 | VRUSHALI     | NULL       |        1 | HR         | PUNE     | 22/12/1989 |
+--------+------------+-------+----------+--------+---------------------+------+------------+------+------+---------+--------------+------------+----------+------------+----------+------------+
24 rows in set (0.00 sec)

mysql> desc emp;
+-----------+-------------+------+-----+---------+-------+
| Field     | Type        | Null | Key | Default | Extra |
+-----------+-------------+------+-----+---------+-------+
| EMPNO     | int         | NO   | PRI | NULL    |       |
| ENAME     | varchar(12) | YES  |     | NULL    |       |
| GENDER    | char(1)     | YES  |     | NULL    |       |
| JOB       | varchar(20) | YES  |     | NULL    |       |
| MGR       | int         | YES  | MUL | NULL    |       |
| HIREDATE  | date        | YES  |     | NULL    |       |
| SAL       | int         | YES  |     | NULL    |       |
| COMM      | int         | YES  |     | NULL    |       |
| DEPTNO    | int         | NO   | MUL | NULL    |       |
| BONUSID   | int         | YES  |     | NULL    |       |
| USER NAME | varchar(20) | YES  |     | NULL    |       |
| PWD       | varchar(20) | YES  |     | NULL    |       |
| PHONE     | varchar(45) | YES  |     | NULL    |       |
| isActive  | tinyint(1)  | YES  |     | NULL    |       |
+-----------+-------------+------+-----+---------+-------+
14 rows in set (0.01 sec)

mysql> desc dept;
+-----------+-------------+------+-----+---------+-------+
| Field     | Type        | Null | Key | Default | Extra |
+-----------+-------------+------+-----+---------+-------+
| DEPTNO    | int         | NO   | PRI | NULL    |       |
| DNAME     | varchar(12) | YES  |     | NULL    |       |
| LOC       | varchar(10) | YES  |     | NULL    |       |
| PWD       | varchar(20) | YES  |     | NULL    |       |
| STARTEDON | varchar(10) | YES  |     | NULL    |       |
+-----------+-------------+------+-----+---------+-------+
5 rows in set (0.01 sec)

mysql> select * from emp inner join dept using(deptno,pwd);
+--------+------------+-------+----------+--------+---------------------+------+------------+------+------+---------+--------------+------------+----------+------------+----------+------------+
| DEPTNO | PWD        | EMPNO | ENAME    | GENDER | JOB                 | MGR  | HIREDATE   | SAL  | COMM | BONUSID | USER NAME    | PHONE      | isActive | DNAME      | LOC      | STARTEDON  |
+--------+------------+-------+----------+--------+---------------------+------+------------+------+------+---------+--------------+------------+----------+------------+----------+------------+
|     10 | r50mpm     |  7421 | THOMAS   | M      | CLERK               | 7920 | 1981-07-19 | 1750 | NULL |       1 | THOMAS       | 7032300011 |        0 | ACCOUNTING | NEW YORK | 24/03/1989 |
|     10 | r50mpm     |  7782 | CLARK    | M      | MANAGER             | 7839 | 1981-06-09 | 2450 | NULL |       3 | CLARK        | 7032300001 |        1 | ACCOUNTING | NEW YORK | 24/03/1989 |
|     10 | r50mpm     |  7839 | KING     | M      | PRESIDENT           | NULL | 1981-11-17 | 5000 | NULL |       1 | KING         | 7132300081 |        1 | ACCOUNTING | NEW YORK | 24/03/1989 |
|     10 | r50mpm     |  7934 | MILLER   | M      | CLERK               | 7782 | 1982-01-23 | 1300 | NULL |       2 | QUARTERNOTE  | 7132300055 |        0 | ACCOUNTING | NEW YORK | 24/03/1989 |
|     20 | a12recmpm  |  6473 | SHARMIN  | F      | Public Relation     | 7920 | 1981-07-19 | 1750 | NULL |       1 | SHARMIN      | NULL       |        1 | RESEARCH   | DALLAS   | 12/04/1989 |
|     20 | a12recmpm  |  6781 | BANDISH  | F      | Public Relation     | 7920 | 1981-07-19 | 1750 | NULL |       1 | BANDISH      | NULL       |        1 | RESEARCH   | DALLAS   | 12/04/1989 |
|     20 | a12recmpm  |  7369 | SMITH    | M      | CLERK               | 7902 | 1980-12-17 |  800 | NULL |       2 | TRITONE      | 7032300023 |        0 | RESEARCH   | DALLAS   | 12/04/1989 |
|     20 | a12recmpm  |  7566 | JONES    | M      | MANAGER             | 7839 | 1981-04-02 | 2975 | NULL |       4 | HONEYCOMB    | 7132300039 |        1 | RESEARCH   | DALLAS   | 12/04/1989 |
|     20 | a12recmpm  |  7788 | SCOTT    | M      | ANALYST             | 7566 | 1982-12-09 | 3000 | NULL |       3 | WHITE SAND   | NULL       |        1 | RESEARCH   | DALLAS   | 12/04/1989 |
|     20 | a12recmpm  |  7840 | FRED     | M      | vice PRESIDENT      | 7839 | 1983-08-09 | 5000 | NULL |       1 | SAND STONE   | NULL       |        1 | RESEARCH   | DALLAS   | 12/04/1989 |
|     20 | a12recmpm  |  7876 | ADAMS    | M      | CLERK               | 7788 | 1983-01-12 | 1100 | NULL |       1 | CRAZY ANYONE | 7132300086 |        1 | RESEARCH   | DALLAS   | 12/04/1989 |
|     20 | a12recmpm  |  7902 | FORD     | M      | ANALYST             | 7566 | 1981-12-03 | 3000 | NULL |       4 | CONBRIO      | NULL       |        0 | RESEARCH   | DALLAS   | 12/04/1989 |
|     30 | sales@2017 |  6001 | GITA     | F      | Compliance officers | 7920 | 1981-07-19 | 1750 | NULL |       1 | GITA         | NULL       |        1 | SALES      | CHICAGO  | 13/04/1989 |
|     30 | sales@2017 |  7499 | ALLEN    | M      | SALESMAN            | 7698 | 1981-02-20 | 1600 |  300 |       4 | ALWAYS TESTE | 7032300096 |        1 | SALES      | CHICAGO  | 13/04/1989 |
|     30 | sales@2017 |  7521 | WARD     | M      | SALESMAN            | 7698 | 1981-02-22 | 1250 |  500 |       1 | WARD         | 7132300034 |        1 | SALES      | CHICAGO  | 13/04/1989 |
|     30 | sales@2017 |  7654 | MARTIN   | M      | SALESMAN            | 7698 | 1981-09-28 | 1250 | 1400 |       6 | LIFE RACER   | 7132300050 |        1 | SALES      | CHICAGO  | 13/04/1989 |
|     30 | sales@2017 |  7698 | BLAKE    | M      | MANAGER             | 7839 | 1981-05-01 | 2850 | NULL |       1 | BIG BEN      | 7132300027 |        1 | SALES      | CHICAGO  | 13/04/1989 |
|     30 | sales@2017 |  7844 | TURNER   | M      | SALESMAN            | 7698 | 1981-09-08 | 1500 |    0 |       5 | SAND DUST    | NULL       |        1 | SALES      | CHICAGO  | 13/04/1989 |
|     30 | sales@2017 |  7900 | JAMES    | M      | CLERK               | 7698 | 1981-12-03 |  950 | NULL |       2 | CRAZY LEADER | 7132300042 |        1 | SALES      | CHICAGO  | 13/04/1989 |
|     30 | sales@2017 |  7919 | HOFFMAN  | M      | MANAGER             | 7566 | 1982-03-24 | 4150 | NULL |       3 | INTERVAL     | NULL       |        1 | SALES      | CHICAGO  | 13/04/1989 |
|     30 | sales@2017 |  7920 | GRASS    | M      | SALESMAN            | 7919 | 1980-02-14 | 2575 | 2700 |       5 | GRASS        | NULL       |        1 | SALES      | CHICAGO  | 13/04/1989 |
|     30 | sales@2017 |  7949 | ALEX     | M      | MANAGER             | 7698 | 1982-01-24 | 1250 |  500 |       5 | QUARTERREST  | 7156567183 |        1 | SALES      | CHICAGO  | 13/04/1989 |
|     30 | sales@2017 |  8433 | NATASHA  | F      | CLERK               | 7920 | 1981-07-19 | 1750 | NULL |       1 | NATASHA      | NULL       |        1 | SALES      | CHICAGO  | 13/04/1989 |
|     50 | PUN@8877   |  6129 | VRUSHALI | F      | Compliance officers | 7920 | 1981-07-19 | 1750 | NULL |       1 | VRUSHALI     | NULL       |        1 | HR         | PUNE     | 22/12/1989 |
+--------+------------+-------+----------+--------+---------------------+------+------------+------+------+---------+--------------+------------+----------+------------+----------+------------+
24 rows in set (0.00 sec)

mysql> select * from emp natural join dept;
+--------+------------+-------+----------+--------+---------------------+------+------------+------+------+---------+--------------+------------+----------+------------+----------+------------+
| DEPTNO | PWD        | EMPNO | ENAME    | GENDER | JOB                 | MGR  | HIREDATE   | SAL  | COMM | BONUSID | USER NAME    | PHONE      | isActive | DNAME      | LOC      | STARTEDON  |
+--------+------------+-------+----------+--------+---------------------+------+------------+------+------+---------+--------------+------------+----------+------------+----------+------------+
|     10 | r50mpm     |  7421 | THOMAS   | M      | CLERK               | 7920 | 1981-07-19 | 1750 | NULL |       1 | THOMAS       | 7032300011 |        0 | ACCOUNTING | NEW YORK | 24/03/1989 |
|     10 | r50mpm     |  7782 | CLARK    | M      | MANAGER             | 7839 | 1981-06-09 | 2450 | NULL |       3 | CLARK        | 7032300001 |        1 | ACCOUNTING | NEW YORK | 24/03/1989 |
|     10 | r50mpm     |  7839 | KING     | M      | PRESIDENT           | NULL | 1981-11-17 | 5000 | NULL |       1 | KING         | 7132300081 |        1 | ACCOUNTING | NEW YORK | 24/03/1989 |
|     10 | r50mpm     |  7934 | MILLER   | M      | CLERK               | 7782 | 1982-01-23 | 1300 | NULL |       2 | QUARTERNOTE  | 7132300055 |        0 | ACCOUNTING | NEW YORK | 24/03/1989 |
|     20 | a12recmpm  |  6473 | SHARMIN  | F      | Public Relation     | 7920 | 1981-07-19 | 1750 | NULL |       1 | SHARMIN      | NULL       |        1 | RESEARCH   | DALLAS   | 12/04/1989 |
|     20 | a12recmpm  |  6781 | BANDISH  | F      | Public Relation     | 7920 | 1981-07-19 | 1750 | NULL |       1 | BANDISH      | NULL       |        1 | RESEARCH   | DALLAS   | 12/04/1989 |
|     20 | a12recmpm  |  7369 | SMITH    | M      | CLERK               | 7902 | 1980-12-17 |  800 | NULL |       2 | TRITONE      | 7032300023 |        0 | RESEARCH   | DALLAS   | 12/04/1989 |
|     20 | a12recmpm  |  7566 | JONES    | M      | MANAGER             | 7839 | 1981-04-02 | 2975 | NULL |       4 | HONEYCOMB    | 7132300039 |        1 | RESEARCH   | DALLAS   | 12/04/1989 |
|     20 | a12recmpm  |  7788 | SCOTT    | M      | ANALYST             | 7566 | 1982-12-09 | 3000 | NULL |       3 | WHITE SAND   | NULL       |        1 | RESEARCH   | DALLAS   | 12/04/1989 |
|     20 | a12recmpm  |  7840 | FRED     | M      | vice PRESIDENT      | 7839 | 1983-08-09 | 5000 | NULL |       1 | SAND STONE   | NULL       |        1 | RESEARCH   | DALLAS   | 12/04/1989 |
|     20 | a12recmpm  |  7876 | ADAMS    | M      | CLERK               | 7788 | 1983-01-12 | 1100 | NULL |       1 | CRAZY ANYONE | 7132300086 |        1 | RESEARCH   | DALLAS   | 12/04/1989 |
|     20 | a12recmpm  |  7902 | FORD     | M      | ANALYST             | 7566 | 1981-12-03 | 3000 | NULL |       4 | CONBRIO      | NULL       |        0 | RESEARCH   | DALLAS   | 12/04/1989 |
|     30 | sales@2017 |  6001 | GITA     | F      | Compliance officers | 7920 | 1981-07-19 | 1750 | NULL |       1 | GITA         | NULL       |        1 | SALES      | CHICAGO  | 13/04/1989 |
|     30 | sales@2017 |  7499 | ALLEN    | M      | SALESMAN            | 7698 | 1981-02-20 | 1600 |  300 |       4 | ALWAYS TESTE | 7032300096 |        1 | SALES      | CHICAGO  | 13/04/1989 |
|     30 | sales@2017 |  7521 | WARD     | M      | SALESMAN            | 7698 | 1981-02-22 | 1250 |  500 |       1 | WARD         | 7132300034 |        1 | SALES      | CHICAGO  | 13/04/1989 |
|     30 | sales@2017 |  7654 | MARTIN   | M      | SALESMAN            | 7698 | 1981-09-28 | 1250 | 1400 |       6 | LIFE RACER   | 7132300050 |        1 | SALES      | CHICAGO  | 13/04/1989 |
|     30 | sales@2017 |  7698 | BLAKE    | M      | MANAGER             | 7839 | 1981-05-01 | 2850 | NULL |       1 | BIG BEN      | 7132300027 |        1 | SALES      | CHICAGO  | 13/04/1989 |
|     30 | sales@2017 |  7844 | TURNER   | M      | SALESMAN            | 7698 | 1981-09-08 | 1500 |    0 |       5 | SAND DUST    | NULL       |        1 | SALES      | CHICAGO  | 13/04/1989 |
|     30 | sales@2017 |  7900 | JAMES    | M      | CLERK               | 7698 | 1981-12-03 |  950 | NULL |       2 | CRAZY LEADER | 7132300042 |        1 | SALES      | CHICAGO  | 13/04/1989 |
|     30 | sales@2017 |  7919 | HOFFMAN  | M      | MANAGER             | 7566 | 1982-03-24 | 4150 | NULL |       3 | INTERVAL     | NULL       |        1 | SALES      | CHICAGO  | 13/04/1989 |
|     30 | sales@2017 |  7920 | GRASS    | M      | SALESMAN            | 7919 | 1980-02-14 | 2575 | 2700 |       5 | GRASS        | NULL       |        1 | SALES      | CHICAGO  | 13/04/1989 |
|     30 | sales@2017 |  7949 | ALEX     | M      | MANAGER             | 7698 | 1982-01-24 | 1250 |  500 |       5 | QUARTERREST  | 7156567183 |        1 | SALES      | CHICAGO  | 13/04/1989 |
|     30 | sales@2017 |  8433 | NATASHA  | F      | CLERK               | 7920 | 1981-07-19 | 1750 | NULL |       1 | NATASHA      | NULL       |        1 | SALES      | CHICAGO  | 13/04/1989 |
|     50 | PUN@8877   |  6129 | VRUSHALI | F      | Compliance officers | 7920 | 1981-07-19 | 1750 | NULL |       1 | VRUSHALI     | NULL       |        1 | HR         | PUNE     | 22/12/1989 |
+--------+------------+-------+----------+--------+---------------------+------+------------+------+------+---------+--------------+------------+----------+------------+----------+------------+
24 rows in set (0.01 sec)

mysql> explain select * from emp inner join dept using(deptno,pwd);
+----+-------------+-------+------------+------+------------------------+------------------------+---------+-----------------+------+----------+-------------+
| id | select_type | table | partitions | type | possible_keys          | key                    | key_len | ref             | rows | filtered | Extra       |
+----+-------------+-------+------------+------+------------------------+------------------------+---------+-----------------+------+----------+-------------+
|  1 | SIMPLE      | dept  | NULL       | ALL  | PRIMARY                | NULL                   | NULL    | NULL            |    5 |   100.00 | NULL        |
|  1 | SIMPLE      | emp   | NULL       | ref  | EMP_FOREIGN_KEY_deptno | EMP_FOREIGN_KEY_deptno | 4       | db1.dept.DEPTNO |    7 |    10.00 | Using where |
+----+-------------+-------+------------+------+------------------------+------------------------+---------+-----------------+------+----------+-------------+
2 rows in set, 1 warning (0.02 sec)

mysql> explain select * from emp natural join dept;
+----+-------------+-------+------------+------+------------------------+------------------------+---------+-----------------+------+----------+-------------+
| id | select_type | table | partitions | type | possible_keys          | key                    | key_len | ref             | rows | filtered | Extra       |
+----+-------------+-------+------------+------+------------------------+------------------------+---------+-----------------+------+----------+-------------+
|  1 | SIMPLE      | dept  | NULL       | ALL  | PRIMARY                | NULL                   | NULL    | NULL            |    5 |   100.00 | NULL        |
|  1 | SIMPLE      | emp   | NULL       | ref  | EMP_FOREIGN_KEY_deptno | EMP_FOREIGN_KEY_deptno | 4       | db1.dept.DEPTNO |    7 |    10.00 | Using where |
+----+-------------+-------+------------+------+------------------------+------------------------+---------+-----------------+------+----------+-------------+
2 rows in set, 1 warning (0.00 sec)

mysql> select * from emp inner join dept on emp.deptno=dept.deptno and emp.pwd=dept.pwd;
+-------+----------+--------+---------------------+------+------------+------+------+--------+---------+--------------+------------+------------+----------+--------+------------+----------+------------+------------+
| EMPNO | ENAME    | GENDER | JOB                 | MGR  | HIREDATE   | SAL  | COMM | DEPTNO | BONUSID | USER NAME    | PWD        | PHONE      | isActive | DEPTNO | DNAME      | LOC      | PWD        | STARTEDON  |
+-------+----------+--------+---------------------+------+------------+------+------+--------+---------+--------------+------------+------------+----------+--------+------------+----------+------------+------------+
|  7421 | THOMAS   | M      | CLERK               | 7920 | 1981-07-19 | 1750 | NULL |     10 |       1 | THOMAS       | r50mpm     | 7032300011 |        0 |     10 | ACCOUNTING | NEW YORK | r50mpm     | 24/03/1989 |
|  7782 | CLARK    | M      | MANAGER             | 7839 | 1981-06-09 | 2450 | NULL |     10 |       3 | CLARK        | r50mpm     | 7032300001 |        1 |     10 | ACCOUNTING | NEW YORK | r50mpm     | 24/03/1989 |
|  7839 | KING     | M      | PRESIDENT           | NULL | 1981-11-17 | 5000 | NULL |     10 |       1 | KING         | r50mpm     | 7132300081 |        1 |     10 | ACCOUNTING | NEW YORK | r50mpm     | 24/03/1989 |
|  7934 | MILLER   | M      | CLERK               | 7782 | 1982-01-23 | 1300 | NULL |     10 |       2 | QUARTERNOTE  | r50mpm     | 7132300055 |        0 |     10 | ACCOUNTING | NEW YORK | r50mpm     | 24/03/1989 |
|  6473 | SHARMIN  | F      | Public Relation     | 7920 | 1981-07-19 | 1750 | NULL |     20 |       1 | SHARMIN      | a12recmpm  | NULL       |        1 |     20 | RESEARCH   | DALLAS   | a12recmpm  | 12/04/1989 |
|  6781 | BANDISH  | F      | Public Relation     | 7920 | 1981-07-19 | 1750 | NULL |     20 |       1 | BANDISH      | a12recmpm  | NULL       |        1 |     20 | RESEARCH   | DALLAS   | a12recmpm  | 12/04/1989 |
|  7369 | SMITH    | M      | CLERK               | 7902 | 1980-12-17 |  800 | NULL |     20 |       2 | TRITONE      | a12recmpm  | 7032300023 |        0 |     20 | RESEARCH   | DALLAS   | a12recmpm  | 12/04/1989 |
|  7566 | JONES    | M      | MANAGER             | 7839 | 1981-04-02 | 2975 | NULL |     20 |       4 | HONEYCOMB    | a12recmpm  | 7132300039 |        1 |     20 | RESEARCH   | DALLAS   | a12recmpm  | 12/04/1989 |
|  7788 | SCOTT    | M      | ANALYST             | 7566 | 1982-12-09 | 3000 | NULL |     20 |       3 | WHITE SAND   | a12recmpm  | NULL       |        1 |     20 | RESEARCH   | DALLAS   | a12recmpm  | 12/04/1989 |
|  7840 | FRED     | M      | vice PRESIDENT      | 7839 | 1983-08-09 | 5000 | NULL |     20 |       1 | SAND STONE   | a12recmpm  | NULL       |        1 |     20 | RESEARCH   | DALLAS   | a12recmpm  | 12/04/1989 |
|  7876 | ADAMS    | M      | CLERK               | 7788 | 1983-01-12 | 1100 | NULL |     20 |       1 | CRAZY ANYONE | a12recmpm  | 7132300086 |        1 |     20 | RESEARCH   | DALLAS   | a12recmpm  | 12/04/1989 |
|  7902 | FORD     | M      | ANALYST             | 7566 | 1981-12-03 | 3000 | NULL |     20 |       4 | CONBRIO      | a12recmpm  | NULL       |        0 |     20 | RESEARCH   | DALLAS   | a12recmpm  | 12/04/1989 |
|  6001 | GITA     | F      | Compliance officers | 7920 | 1981-07-19 | 1750 | NULL |     30 |       1 | GITA         | sales@2017 | NULL       |        1 |     30 | SALES      | CHICAGO  | sales@2017 | 13/04/1989 |
|  7499 | ALLEN    | M      | SALESMAN            | 7698 | 1981-02-20 | 1600 |  300 |     30 |       4 | ALWAYS TESTE | sales@2017 | 7032300096 |        1 |     30 | SALES      | CHICAGO  | sales@2017 | 13/04/1989 |
|  7521 | WARD     | M      | SALESMAN            | 7698 | 1981-02-22 | 1250 |  500 |     30 |       1 | WARD         | sales@2017 | 7132300034 |        1 |     30 | SALES      | CHICAGO  | sales@2017 | 13/04/1989 |
|  7654 | MARTIN   | M      | SALESMAN            | 7698 | 1981-09-28 | 1250 | 1400 |     30 |       6 | LIFE RACER   | sales@2017 | 7132300050 |        1 |     30 | SALES      | CHICAGO  | sales@2017 | 13/04/1989 |
|  7698 | BLAKE    | M      | MANAGER             | 7839 | 1981-05-01 | 2850 | NULL |     30 |       1 | BIG BEN      | sales@2017 | 7132300027 |        1 |     30 | SALES      | CHICAGO  | sales@2017 | 13/04/1989 |
|  7844 | TURNER   | M      | SALESMAN            | 7698 | 1981-09-08 | 1500 |    0 |     30 |       5 | SAND DUST    | sales@2017 | NULL       |        1 |     30 | SALES      | CHICAGO  | sales@2017 | 13/04/1989 |
|  7900 | JAMES    | M      | CLERK               | 7698 | 1981-12-03 |  950 | NULL |     30 |       2 | CRAZY LEADER | sales@2017 | 7132300042 |        1 |     30 | SALES      | CHICAGO  | sales@2017 | 13/04/1989 |
|  7919 | HOFFMAN  | M      | MANAGER             | 7566 | 1982-03-24 | 4150 | NULL |     30 |       3 | INTERVAL     | sales@2017 | NULL       |        1 |     30 | SALES      | CHICAGO  | sales@2017 | 13/04/1989 |
|  7920 | GRASS    | M      | SALESMAN            | 7919 | 1980-02-14 | 2575 | 2700 |     30 |       5 | GRASS        | sales@2017 | NULL       |        1 |     30 | SALES      | CHICAGO  | sales@2017 | 13/04/1989 |
|  7949 | ALEX     | M      | MANAGER             | 7698 | 1982-01-24 | 1250 |  500 |     30 |       5 | QUARTERREST  | sales@2017 | 7156567183 |        1 |     30 | SALES      | CHICAGO  | sales@2017 | 13/04/1989 |
|  8433 | NATASHA  | F      | CLERK               | 7920 | 1981-07-19 | 1750 | NULL |     30 |       1 | NATASHA      | sales@2017 | NULL       |        1 |     30 | SALES      | CHICAGO  | sales@2017 | 13/04/1989 |
|  6129 | VRUSHALI | F      | Compliance officers | 7920 | 1981-07-19 | 1750 | NULL |     50 |       1 | VRUSHALI     | PUN@8877   | NULL       |        1 |     50 | HR         | PUNE     | PUN@8877   | 22/12/1989 |
+-------+----------+--------+---------------------+------+------------+------+------+--------+---------+--------------+------------+------------+----------+--------+------------+----------+------------+------------+
24 rows in set (0.00 sec)

mysql> explain select * from emp inner join dept on emp.deptno=dept.deptno and emp.pwd=dept.pwd;
+----+-------------+-------+------------+------+------------------------+------------------------+---------+-----------------+------+----------+-------------+
| id | select_type | table | partitions | type | possible_keys          | key                    | key_len | ref             | rows | filtered | Extra       |
+----+-------------+-------+------------+------+------------------------+------------------------+---------+-----------------+------+----------+-------------+
|  1 | SIMPLE      | dept  | NULL       | ALL  | PRIMARY                | NULL                   | NULL    | NULL            |    5 |   100.00 | NULL        |
|  1 | SIMPLE      | emp   | NULL       | ref  | EMP_FOREIGN_KEY_deptno | EMP_FOREIGN_KEY_deptno | 4       | db1.dept.DEPTNO |    7 |    10.00 | Using where |
+----+-------------+-------+------------+------+------------------------+------------------------+---------+-----------------+------+----------+-------------+
2 rows in set, 1 warning (0.00 sec)

mysql> explain select * from emp natural join dept;
+----+-------------+-------+------------+------+------------------------+------------------------+---------+-----------------+------+----------+-------------+
| id | select_type | table | partitions | type | possible_keys          | key                    | key_len | ref             | rows | filtered | Extra       |
+----+-------------+-------+------------+------+------------------------+------------------------+---------+-----------------+------+----------+-------------+
|  1 | SIMPLE      | dept  | NULL       | ALL  | PRIMARY                | NULL                   | NULL    | NULL            |    5 |   100.00 | NULL        |
|  1 | SIMPLE      | emp   | NULL       | ref  | EMP_FOREIGN_KEY_deptno | EMP_FOREIGN_KEY_deptno | 4       | db1.dept.DEPTNO |    7 |    10.00 | Using where |
+----+-------------+-------+------------+------+------------------------+------------------------+---------+-----------------+------+----------+-------------+
2 rows in set, 1 warning (0.00 sec)

mysql> use z;
Database changed
mysql> sahow tables;
ERROR 1064 (42000): You have an error in your SQL syntax; check the manual that corresponds to your MySQL server version for the right syntax to use near 'sahow tables' at line 1
mysql> show tables;
+-------------+
| Tables_in_z |
+-------------+
| r           |
| s           |
+-------------+
2 rows in set (0.03 sec)

mysql> table r;
+------+
| c1   |
+------+
|    1 |
|    2 |
|    3 |
|    4 |
+------+
4 rows in set (0.00 sec)

mysql> table s;
+------+--------+----+
| a1   | ename  | id |
+------+--------+----+
|    3 | saleel |  1 |
|    4 | NULL   |  2 |
|    5 | NULL   |  3 |
|    6 | NULL   |  4 |
|    3 | ruhan  |  5 |
+------+--------+----+
5 rows in set (0.00 sec)

mysql> select * from R natural join S;
+------+------+--------+----+
| c1   | a1   | ename  | id |
+------+------+--------+----+
|    4 |    3 | saleel |  1 |
|    3 |    3 | saleel |  1 |
|    2 |    3 | saleel |  1 |
|    1 |    3 | saleel |  1 |
|    4 |    4 | NULL   |  2 |
|    3 |    4 | NULL   |  2 |
|    2 |    4 | NULL   |  2 |
|    1 |    4 | NULL   |  2 |
|    4 |    5 | NULL   |  3 |
|    3 |    5 | NULL   |  3 |
|    2 |    5 | NULL   |  3 |
|    1 |    5 | NULL   |  3 |
|    4 |    6 | NULL   |  4 |
|    3 |    6 | NULL   |  4 |
|    2 |    6 | NULL   |  4 |
|    1 |    6 | NULL   |  4 |
|    4 |    3 | ruhan  |  5 |
|    3 |    3 | ruhan  |  5 |
|    2 |    3 | ruhan  |  5 |
|    1 |    3 | ruhan  |  5 |
+------+------+--------+----+
20 rows in set (0.00 sec)

mysql> ue db1;
ERROR 1064 (42000): You have an error in your SQL syntax; check the manual that corresponds to your MySQL server version for the right syntax to use near 'ue db1' at line 1
mysql> ues db1;
ERROR 1064 (42000): You have an error in your SQL syntax; check the manual that corresponds to your MySQL server version for the right syntax to use near 'ues db1' at line 1
mysql> use db1;
Database changed
mysql> select * from emp natural join dept;
+--------+------------+-------+----------+--------+---------------------+------+------------+------+------+---------+--------------+------------+----------+------------+----------+------------+
| DEPTNO | PWD        | EMPNO | ENAME    | GENDER | JOB                 | MGR  | HIREDATE   | SAL  | COMM | BONUSID | USER NAME    | PHONE      | isActive | DNAME      | LOC      | STARTEDON  |
+--------+------------+-------+----------+--------+---------------------+------+------------+------+------+---------+--------------+------------+----------+------------+----------+------------+
|     10 | r50mpm     |  7421 | THOMAS   | M      | CLERK               | 7920 | 1981-07-19 | 1750 | NULL |       1 | THOMAS       | 7032300011 |        0 | ACCOUNTING | NEW YORK | 24/03/1989 |
|     10 | r50mpm     |  7782 | CLARK    | M      | MANAGER             | 7839 | 1981-06-09 | 2450 | NULL |       3 | CLARK        | 7032300001 |        1 | ACCOUNTING | NEW YORK | 24/03/1989 |
|     10 | r50mpm     |  7839 | KING     | M      | PRESIDENT           | NULL | 1981-11-17 | 5000 | NULL |       1 | KING         | 7132300081 |        1 | ACCOUNTING | NEW YORK | 24/03/1989 |
|     10 | r50mpm     |  7934 | MILLER   | M      | CLERK               | 7782 | 1982-01-23 | 1300 | NULL |       2 | QUARTERNOTE  | 7132300055 |        0 | ACCOUNTING | NEW YORK | 24/03/1989 |
|     20 | a12recmpm  |  6473 | SHARMIN  | F      | Public Relation     | 7920 | 1981-07-19 | 1750 | NULL |       1 | SHARMIN      | NULL       |        1 | RESEARCH   | DALLAS   | 12/04/1989 |
|     20 | a12recmpm  |  6781 | BANDISH  | F      | Public Relation     | 7920 | 1981-07-19 | 1750 | NULL |       1 | BANDISH      | NULL       |        1 | RESEARCH   | DALLAS   | 12/04/1989 |
|     20 | a12recmpm  |  7369 | SMITH    | M      | CLERK               | 7902 | 1980-12-17 |  800 | NULL |       2 | TRITONE      | 7032300023 |        0 | RESEARCH   | DALLAS   | 12/04/1989 |
|     20 | a12recmpm  |  7566 | JONES    | M      | MANAGER             | 7839 | 1981-04-02 | 2975 | NULL |       4 | HONEYCOMB    | 7132300039 |        1 | RESEARCH   | DALLAS   | 12/04/1989 |
|     20 | a12recmpm  |  7788 | SCOTT    | M      | ANALYST             | 7566 | 1982-12-09 | 3000 | NULL |       3 | WHITE SAND   | NULL       |        1 | RESEARCH   | DALLAS   | 12/04/1989 |
|     20 | a12recmpm  |  7840 | FRED     | M      | vice PRESIDENT      | 7839 | 1983-08-09 | 5000 | NULL |       1 | SAND STONE   | NULL       |        1 | RESEARCH   | DALLAS   | 12/04/1989 |
|     20 | a12recmpm  |  7876 | ADAMS    | M      | CLERK               | 7788 | 1983-01-12 | 1100 | NULL |       1 | CRAZY ANYONE | 7132300086 |        1 | RESEARCH   | DALLAS   | 12/04/1989 |
|     20 | a12recmpm  |  7902 | FORD     | M      | ANALYST             | 7566 | 1981-12-03 | 3000 | NULL |       4 | CONBRIO      | NULL       |        0 | RESEARCH   | DALLAS   | 12/04/1989 |
|     30 | sales@2017 |  6001 | GITA     | F      | Compliance officers | 7920 | 1981-07-19 | 1750 | NULL |       1 | GITA         | NULL       |        1 | SALES      | CHICAGO  | 13/04/1989 |
|     30 | sales@2017 |  7499 | ALLEN    | M      | SALESMAN            | 7698 | 1981-02-20 | 1600 |  300 |       4 | ALWAYS TESTE | 7032300096 |        1 | SALES      | CHICAGO  | 13/04/1989 |
|     30 | sales@2017 |  7521 | WARD     | M      | SALESMAN            | 7698 | 1981-02-22 | 1250 |  500 |       1 | WARD         | 7132300034 |        1 | SALES      | CHICAGO  | 13/04/1989 |
|     30 | sales@2017 |  7654 | MARTIN   | M      | SALESMAN            | 7698 | 1981-09-28 | 1250 | 1400 |       6 | LIFE RACER   | 7132300050 |        1 | SALES      | CHICAGO  | 13/04/1989 |
|     30 | sales@2017 |  7698 | BLAKE    | M      | MANAGER             | 7839 | 1981-05-01 | 2850 | NULL |       1 | BIG BEN      | 7132300027 |        1 | SALES      | CHICAGO  | 13/04/1989 |
|     30 | sales@2017 |  7844 | TURNER   | M      | SALESMAN            | 7698 | 1981-09-08 | 1500 |    0 |       5 | SAND DUST    | NULL       |        1 | SALES      | CHICAGO  | 13/04/1989 |
|     30 | sales@2017 |  7900 | JAMES    | M      | CLERK               | 7698 | 1981-12-03 |  950 | NULL |       2 | CRAZY LEADER | 7132300042 |        1 | SALES      | CHICAGO  | 13/04/1989 |
|     30 | sales@2017 |  7919 | HOFFMAN  | M      | MANAGER             | 7566 | 1982-03-24 | 4150 | NULL |       3 | INTERVAL     | NULL       |        1 | SALES      | CHICAGO  | 13/04/1989 |
|     30 | sales@2017 |  7920 | GRASS    | M      | SALESMAN            | 7919 | 1980-02-14 | 2575 | 2700 |       5 | GRASS        | NULL       |        1 | SALES      | CHICAGO  | 13/04/1989 |
|     30 | sales@2017 |  7949 | ALEX     | M      | MANAGER             | 7698 | 1982-01-24 | 1250 |  500 |       5 | QUARTERREST  | 7156567183 |        1 | SALES      | CHICAGO  | 13/04/1989 |
|     30 | sales@2017 |  8433 | NATASHA  | F      | CLERK               | 7920 | 1981-07-19 | 1750 | NULL |       1 | NATASHA      | NULL       |        1 | SALES      | CHICAGO  | 13/04/1989 |
|     50 | PUN@8877   |  6129 | VRUSHALI | F      | Compliance officers | 7920 | 1981-07-19 | 1750 | NULL |       1 | VRUSHALI     | NULL       |        1 | HR         | PUNE     | 22/12/1989 |
+--------+------------+-------+----------+--------+---------------------+------+------------+------+------+---------+--------------+------------+----------+------------+----------+------------+
24 rows in set (0.00 sec)

mysql> select * from emp simple join dept;
+-------+----------+--------+---------------------+------+------------+------+------+--------+---------+--------------+------------+------------+----------+--------+------------+----------+------------+------------+
| EMPNO | ENAME    | GENDER | JOB                 | MGR  | HIREDATE   | SAL  | COMM | DEPTNO | BONUSID | USER NAME    | PWD        | PHONE      | isActive | DEPTNO | DNAME      | LOC      | PWD        | STARTEDON  |
+-------+----------+--------+---------------------+------+------------+------+------+--------+---------+--------------+------------+------------+----------+--------+------------+----------+------------+------------+
|  6001 | GITA     | F      | Compliance officers | 7920 | 1981-07-19 | 1750 | NULL |     30 |       1 | GITA         | sales@2017 | NULL       |        1 |     50 | HR         | PUNE     | PUN@8877   | 22/12/1989 |
|  6001 | GITA     | F      | Compliance officers | 7920 | 1981-07-19 | 1750 | NULL |     30 |       1 | GITA         | sales@2017 | NULL       |        1 |     40 | OPERATIONS | BOSTON   | opr@123    | 12/07/1989 |
|  6001 | GITA     | F      | Compliance officers | 7920 | 1981-07-19 | 1750 | NULL |     30 |       1 | GITA         | sales@2017 | NULL       |        1 |     30 | SALES      | CHICAGO  | sales@2017 | 13/04/1989 |
|  6001 | GITA     | F      | Compliance officers | 7920 | 1981-07-19 | 1750 | NULL |     30 |       1 | GITA         | sales@2017 | NULL       |        1 |     20 | RESEARCH   | DALLAS   | a12recmpm  | 12/04/1989 |
|  6001 | GITA     | F      | Compliance officers | 7920 | 1981-07-19 | 1750 | NULL |     30 |       1 | GITA         | sales@2017 | NULL       |        1 |     10 | ACCOUNTING | NEW YORK | r50mpm     | 24/03/1989 |
|  6129 | VRUSHALI | F      | Compliance officers | 7920 | 1981-07-19 | 1750 | NULL |     50 |       1 | VRUSHALI     | PUN@8877   | NULL       |        1 |     50 | HR         | PUNE     | PUN@8877   | 22/12/1989 |
|  6129 | VRUSHALI | F      | Compliance officers | 7920 | 1981-07-19 | 1750 | NULL |     50 |       1 | VRUSHALI     | PUN@8877   | NULL       |        1 |     40 | OPERATIONS | BOSTON   | opr@123    | 12/07/1989 |
|  6129 | VRUSHALI | F      | Compliance officers | 7920 | 1981-07-19 | 1750 | NULL |     50 |       1 | VRUSHALI     | PUN@8877   | NULL       |        1 |     30 | SALES      | CHICAGO  | sales@2017 | 13/04/1989 |
|  6129 | VRUSHALI | F      | Compliance officers | 7920 | 1981-07-19 | 1750 | NULL |     50 |       1 | VRUSHALI     | PUN@8877   | NULL       |        1 |     20 | RESEARCH   | DALLAS   | a12recmpm  | 12/04/1989 |
|  6129 | VRUSHALI | F      | Compliance officers | 7920 | 1981-07-19 | 1750 | NULL |     50 |       1 | VRUSHALI     | PUN@8877   | NULL       |        1 |     10 | ACCOUNTING | NEW YORK | r50mpm     | 24/03/1989 |
|  6473 | SHARMIN  | F      | Public Relation     | 7920 | 1981-07-19 | 1750 | NULL |     20 |       1 | SHARMIN      | a12recmpm  | NULL       |        1 |     50 | HR         | PUNE     | PUN@8877   | 22/12/1989 |
|  6473 | SHARMIN  | F      | Public Relation     | 7920 | 1981-07-19 | 1750 | NULL |     20 |       1 | SHARMIN      | a12recmpm  | NULL       |        1 |     40 | OPERATIONS | BOSTON   | opr@123    | 12/07/1989 |
|  6473 | SHARMIN  | F      | Public Relation     | 7920 | 1981-07-19 | 1750 | NULL |     20 |       1 | SHARMIN      | a12recmpm  | NULL       |        1 |     30 | SALES      | CHICAGO  | sales@2017 | 13/04/1989 |
|  6473 | SHARMIN  | F      | Public Relation     | 7920 | 1981-07-19 | 1750 | NULL |     20 |       1 | SHARMIN      | a12recmpm  | NULL       |        1 |     20 | RESEARCH   | DALLAS   | a12recmpm  | 12/04/1989 |
|  6473 | SHARMIN  | F      | Public Relation     | 7920 | 1981-07-19 | 1750 | NULL |     20 |       1 | SHARMIN      | a12recmpm  | NULL       |        1 |     10 | ACCOUNTING | NEW YORK | r50mpm     | 24/03/1989 |
|  6781 | BANDISH  | F      | Public Relation     | 7920 | 1981-07-19 | 1750 | NULL |     20 |       1 | BANDISH      | a12recmpm  | NULL       |        1 |     50 | HR         | PUNE     | PUN@8877   | 22/12/1989 |
|  6781 | BANDISH  | F      | Public Relation     | 7920 | 1981-07-19 | 1750 | NULL |     20 |       1 | BANDISH      | a12recmpm  | NULL       |        1 |     40 | OPERATIONS | BOSTON   | opr@123    | 12/07/1989 |
|  6781 | BANDISH  | F      | Public Relation     | 7920 | 1981-07-19 | 1750 | NULL |     20 |       1 | BANDISH      | a12recmpm  | NULL       |        1 |     30 | SALES      | CHICAGO  | sales@2017 | 13/04/1989 |
|  6781 | BANDISH  | F      | Public Relation     | 7920 | 1981-07-19 | 1750 | NULL |     20 |       1 | BANDISH      | a12recmpm  | NULL       |        1 |     20 | RESEARCH   | DALLAS   | a12recmpm  | 12/04/1989 |
|  6781 | BANDISH  | F      | Public Relation     | 7920 | 1981-07-19 | 1750 | NULL |     20 |       1 | BANDISH      | a12recmpm  | NULL       |        1 |     10 | ACCOUNTING | NEW YORK | r50mpm     | 24/03/1989 |
|  7369 | SMITH    | M      | CLERK               | 7902 | 1980-12-17 |  800 | NULL |     20 |       2 | TRITONE      | a12recmpm  | 7032300023 |        0 |     50 | HR         | PUNE     | PUN@8877   | 22/12/1989 |
|  7369 | SMITH    | M      | CLERK               | 7902 | 1980-12-17 |  800 | NULL |     20 |       2 | TRITONE      | a12recmpm  | 7032300023 |        0 |     40 | OPERATIONS | BOSTON   | opr@123    | 12/07/1989 |
|  7369 | SMITH    | M      | CLERK               | 7902 | 1980-12-17 |  800 | NULL |     20 |       2 | TRITONE      | a12recmpm  | 7032300023 |        0 |     30 | SALES      | CHICAGO  | sales@2017 | 13/04/1989 |
|  7369 | SMITH    | M      | CLERK               | 7902 | 1980-12-17 |  800 | NULL |     20 |       2 | TRITONE      | a12recmpm  | 7032300023 |        0 |     20 | RESEARCH   | DALLAS   | a12recmpm  | 12/04/1989 |
|  7369 | SMITH    | M      | CLERK               | 7902 | 1980-12-17 |  800 | NULL |     20 |       2 | TRITONE      | a12recmpm  | 7032300023 |        0 |     10 | ACCOUNTING | NEW YORK | r50mpm     | 24/03/1989 |
|  7415 | AARAV    | M      | CLERK               | 7902 | 1981-12-31 | 3350 | NULL |     10 |    NULL | AARAV        | NULL       | 7032300084 |        0 |     50 | HR         | PUNE     | PUN@8877   | 22/12/1989 |
|  7415 | AARAV    | M      | CLERK               | 7902 | 1981-12-31 | 3350 | NULL |     10 |    NULL | AARAV        | NULL       | 7032300084 |        0 |     40 | OPERATIONS | BOSTON   | opr@123    | 12/07/1989 |
|  7415 | AARAV    | M      | CLERK               | 7902 | 1981-12-31 | 3350 | NULL |     10 |    NULL | AARAV        | NULL       | 7032300084 |        0 |     30 | SALES      | CHICAGO  | sales@2017 | 13/04/1989 |
|  7415 | AARAV    | M      | CLERK               | 7902 | 1981-12-31 | 3350 | NULL |     10 |    NULL | AARAV        | NULL       | 7032300084 |        0 |     20 | RESEARCH   | DALLAS   | a12recmpm  | 12/04/1989 |
|  7415 | AARAV    | M      | CLERK               | 7902 | 1981-12-31 | 3350 | NULL |     10 |    NULL | AARAV        | NULL       | 7032300084 |        0 |     10 | ACCOUNTING | NEW YORK | r50mpm     | 24/03/1989 |
|  7421 | THOMAS   | M      | CLERK               | 7920 | 1981-07-19 | 1750 | NULL |     10 |       1 | THOMAS       | r50mpm     | 7032300011 |        0 |     50 | HR         | PUNE     | PUN@8877   | 22/12/1989 |
|  7421 | THOMAS   | M      | CLERK               | 7920 | 1981-07-19 | 1750 | NULL |     10 |       1 | THOMAS       | r50mpm     | 7032300011 |        0 |     40 | OPERATIONS | BOSTON   | opr@123    | 12/07/1989 |
|  7421 | THOMAS   | M      | CLERK               | 7920 | 1981-07-19 | 1750 | NULL |     10 |       1 | THOMAS       | r50mpm     | 7032300011 |        0 |     30 | SALES      | CHICAGO  | sales@2017 | 13/04/1989 |
|  7421 | THOMAS   | M      | CLERK               | 7920 | 1981-07-19 | 1750 | NULL |     10 |       1 | THOMAS       | r50mpm     | 7032300011 |        0 |     20 | RESEARCH   | DALLAS   | a12recmpm  | 12/04/1989 |
|  7421 | THOMAS   | M      | CLERK               | 7920 | 1981-07-19 | 1750 | NULL |     10 |       1 | THOMAS       | r50mpm     | 7032300011 |        0 |     10 | ACCOUNTING | NEW YORK | r50mpm     | 24/03/1989 |
|  7499 | ALLEN    | M      | SALESMAN            | 7698 | 1981-02-20 | 1600 |  300 |     30 |       4 | ALWAYS TESTE | sales@2017 | 7032300096 |        1 |     50 | HR         | PUNE     | PUN@8877   | 22/12/1989 |
|  7499 | ALLEN    | M      | SALESMAN            | 7698 | 1981-02-20 | 1600 |  300 |     30 |       4 | ALWAYS TESTE | sales@2017 | 7032300096 |        1 |     40 | OPERATIONS | BOSTON   | opr@123    | 12/07/1989 |
|  7499 | ALLEN    | M      | SALESMAN            | 7698 | 1981-02-20 | 1600 |  300 |     30 |       4 | ALWAYS TESTE | sales@2017 | 7032300096 |        1 |     30 | SALES      | CHICAGO  | sales@2017 | 13/04/1989 |
|  7499 | ALLEN    | M      | SALESMAN            | 7698 | 1981-02-20 | 1600 |  300 |     30 |       4 | ALWAYS TESTE | sales@2017 | 7032300096 |        1 |     20 | RESEARCH   | DALLAS   | a12recmpm  | 12/04/1989 |
|  7499 | ALLEN    | M      | SALESMAN            | 7698 | 1981-02-20 | 1600 |  300 |     30 |       4 | ALWAYS TESTE | sales@2017 | 7032300096 |        1 |     10 | ACCOUNTING | NEW YORK | r50mpm     | 24/03/1989 |
|  7521 | WARD     | M      | SALESMAN            | 7698 | 1981-02-22 | 1250 |  500 |     30 |       1 | WARD         | sales@2017 | 7132300034 |        1 |     50 | HR         | PUNE     | PUN@8877   | 22/12/1989 |
|  7521 | WARD     | M      | SALESMAN            | 7698 | 1981-02-22 | 1250 |  500 |     30 |       1 | WARD         | sales@2017 | 7132300034 |        1 |     40 | OPERATIONS | BOSTON   | opr@123    | 12/07/1989 |
|  7521 | WARD     | M      | SALESMAN            | 7698 | 1981-02-22 | 1250 |  500 |     30 |       1 | WARD         | sales@2017 | 7132300034 |        1 |     30 | SALES      | CHICAGO  | sales@2017 | 13/04/1989 |
|  7521 | WARD     | M      | SALESMAN            | 7698 | 1981-02-22 | 1250 |  500 |     30 |       1 | WARD         | sales@2017 | 7132300034 |        1 |     20 | RESEARCH   | DALLAS   | a12recmpm  | 12/04/1989 |
|  7521 | WARD     | M      | SALESMAN            | 7698 | 1981-02-22 | 1250 |  500 |     30 |       1 | WARD         | sales@2017 | 7132300034 |        1 |     10 | ACCOUNTING | NEW YORK | r50mpm     | 24/03/1989 |
|  7566 | JONES    | M      | MANAGER             | 7839 | 1981-04-02 | 2975 | NULL |     20 |       4 | HONEYCOMB    | a12recmpm  | 7132300039 |        1 |     50 | HR         | PUNE     | PUN@8877   | 22/12/1989 |
|  7566 | JONES    | M      | MANAGER             | 7839 | 1981-04-02 | 2975 | NULL |     20 |       4 | HONEYCOMB    | a12recmpm  | 7132300039 |        1 |     40 | OPERATIONS | BOSTON   | opr@123    | 12/07/1989 |
|  7566 | JONES    | M      | MANAGER             | 7839 | 1981-04-02 | 2975 | NULL |     20 |       4 | HONEYCOMB    | a12recmpm  | 7132300039 |        1 |     30 | SALES      | CHICAGO  | sales@2017 | 13/04/1989 |
|  7566 | JONES    | M      | MANAGER             | 7839 | 1981-04-02 | 2975 | NULL |     20 |       4 | HONEYCOMB    | a12recmpm  | 7132300039 |        1 |     20 | RESEARCH   | DALLAS   | a12recmpm  | 12/04/1989 |
|  7566 | JONES    | M      | MANAGER             | 7839 | 1981-04-02 | 2975 | NULL |     20 |       4 | HONEYCOMB    | a12recmpm  | 7132300039 |        1 |     10 | ACCOUNTING | NEW YORK | r50mpm     | 24/03/1989 |
|  7654 | MARTIN   | M      | SALESMAN            | 7698 | 1981-09-28 | 1250 | 1400 |     30 |       6 | LIFE RACER   | sales@2017 | 7132300050 |        1 |     50 | HR         | PUNE     | PUN@8877   | 22/12/1989 |
|  7654 | MARTIN   | M      | SALESMAN            | 7698 | 1981-09-28 | 1250 | 1400 |     30 |       6 | LIFE RACER   | sales@2017 | 7132300050 |        1 |     40 | OPERATIONS | BOSTON   | opr@123    | 12/07/1989 |
|  7654 | MARTIN   | M      | SALESMAN            | 7698 | 1981-09-28 | 1250 | 1400 |     30 |       6 | LIFE RACER   | sales@2017 | 7132300050 |        1 |     30 | SALES      | CHICAGO  | sales@2017 | 13/04/1989 |
|  7654 | MARTIN   | M      | SALESMAN            | 7698 | 1981-09-28 | 1250 | 1400 |     30 |       6 | LIFE RACER   | sales@2017 | 7132300050 |        1 |     20 | RESEARCH   | DALLAS   | a12recmpm  | 12/04/1989 |
|  7654 | MARTIN   | M      | SALESMAN            | 7698 | 1981-09-28 | 1250 | 1400 |     30 |       6 | LIFE RACER   | sales@2017 | 7132300050 |        1 |     10 | ACCOUNTING | NEW YORK | r50mpm     | 24/03/1989 |
|  7698 | BLAKE    | M      | MANAGER             | 7839 | 1981-05-01 | 2850 | NULL |     30 |       1 | BIG BEN      | sales@2017 | 7132300027 |        1 |     50 | HR         | PUNE     | PUN@8877   | 22/12/1989 |
|  7698 | BLAKE    | M      | MANAGER             | 7839 | 1981-05-01 | 2850 | NULL |     30 |       1 | BIG BEN      | sales@2017 | 7132300027 |        1 |     40 | OPERATIONS | BOSTON   | opr@123    | 12/07/1989 |
|  7698 | BLAKE    | M      | MANAGER             | 7839 | 1981-05-01 | 2850 | NULL |     30 |       1 | BIG BEN      | sales@2017 | 7132300027 |        1 |     30 | SALES      | CHICAGO  | sales@2017 | 13/04/1989 |
|  7698 | BLAKE    | M      | MANAGER             | 7839 | 1981-05-01 | 2850 | NULL |     30 |       1 | BIG BEN      | sales@2017 | 7132300027 |        1 |     20 | RESEARCH   | DALLAS   | a12recmpm  | 12/04/1989 |
|  7698 | BLAKE    | M      | MANAGER             | 7839 | 1981-05-01 | 2850 | NULL |     30 |       1 | BIG BEN      | sales@2017 | 7132300027 |        1 |     10 | ACCOUNTING | NEW YORK | r50mpm     | 24/03/1989 |
|  7782 | CLARK    | M      | MANAGER             | 7839 | 1981-06-09 | 2450 | NULL |     10 |       3 | CLARK        | r50mpm     | 7032300001 |        1 |     50 | HR         | PUNE     | PUN@8877   | 22/12/1989 |
|  7782 | CLARK    | M      | MANAGER             | 7839 | 1981-06-09 | 2450 | NULL |     10 |       3 | CLARK        | r50mpm     | 7032300001 |        1 |     40 | OPERATIONS | BOSTON   | opr@123    | 12/07/1989 |
|  7782 | CLARK    | M      | MANAGER             | 7839 | 1981-06-09 | 2450 | NULL |     10 |       3 | CLARK        | r50mpm     | 7032300001 |        1 |     30 | SALES      | CHICAGO  | sales@2017 | 13/04/1989 |
|  7782 | CLARK    | M      | MANAGER             | 7839 | 1981-06-09 | 2450 | NULL |     10 |       3 | CLARK        | r50mpm     | 7032300001 |        1 |     20 | RESEARCH   | DALLAS   | a12recmpm  | 12/04/1989 |
|  7782 | CLARK    | M      | MANAGER             | 7839 | 1981-06-09 | 2450 | NULL |     10 |       3 | CLARK        | r50mpm     | 7032300001 |        1 |     10 | ACCOUNTING | NEW YORK | r50mpm     | 24/03/1989 |
|  7788 | SCOTT    | M      | ANALYST             | 7566 | 1982-12-09 | 3000 | NULL |     20 |       3 | WHITE SAND   | a12recmpm  | NULL       |        1 |     50 | HR         | PUNE     | PUN@8877   | 22/12/1989 |
|  7788 | SCOTT    | M      | ANALYST             | 7566 | 1982-12-09 | 3000 | NULL |     20 |       3 | WHITE SAND   | a12recmpm  | NULL       |        1 |     40 | OPERATIONS | BOSTON   | opr@123    | 12/07/1989 |
|  7788 | SCOTT    | M      | ANALYST             | 7566 | 1982-12-09 | 3000 | NULL |     20 |       3 | WHITE SAND   | a12recmpm  | NULL       |        1 |     30 | SALES      | CHICAGO  | sales@2017 | 13/04/1989 |
|  7788 | SCOTT    | M      | ANALYST             | 7566 | 1982-12-09 | 3000 | NULL |     20 |       3 | WHITE SAND   | a12recmpm  | NULL       |        1 |     20 | RESEARCH   | DALLAS   | a12recmpm  | 12/04/1989 |
|  7788 | SCOTT    | M      | ANALYST             | 7566 | 1982-12-09 | 3000 | NULL |     20 |       3 | WHITE SAND   | a12recmpm  | NULL       |        1 |     10 | ACCOUNTING | NEW YORK | r50mpm     | 24/03/1989 |
|  7839 | KING     | M      | PRESIDENT           | NULL | 1981-11-17 | 5000 | NULL |     10 |       1 | KING         | r50mpm     | 7132300081 |        1 |     50 | HR         | PUNE     | PUN@8877   | 22/12/1989 |
|  7839 | KING     | M      | PRESIDENT           | NULL | 1981-11-17 | 5000 | NULL |     10 |       1 | KING         | r50mpm     | 7132300081 |        1 |     40 | OPERATIONS | BOSTON   | opr@123    | 12/07/1989 |
|  7839 | KING     | M      | PRESIDENT           | NULL | 1981-11-17 | 5000 | NULL |     10 |       1 | KING         | r50mpm     | 7132300081 |        1 |     30 | SALES      | CHICAGO  | sales@2017 | 13/04/1989 |
|  7839 | KING     | M      | PRESIDENT           | NULL | 1981-11-17 | 5000 | NULL |     10 |       1 | KING         | r50mpm     | 7132300081 |        1 |     20 | RESEARCH   | DALLAS   | a12recmpm  | 12/04/1989 |
|  7839 | KING     | M      | PRESIDENT           | NULL | 1981-11-17 | 5000 | NULL |     10 |       1 | KING         | r50mpm     | 7132300081 |        1 |     10 | ACCOUNTING | NEW YORK | r50mpm     | 24/03/1989 |
|  7840 | FRED     | M      | vice PRESIDENT      | 7839 | 1983-08-09 | 5000 | NULL |     20 |       1 | SAND STONE   | a12recmpm  | NULL       |        1 |     50 | HR         | PUNE     | PUN@8877   | 22/12/1989 |
|  7840 | FRED     | M      | vice PRESIDENT      | 7839 | 1983-08-09 | 5000 | NULL |     20 |       1 | SAND STONE   | a12recmpm  | NULL       |        1 |     40 | OPERATIONS | BOSTON   | opr@123    | 12/07/1989 |
|  7840 | FRED     | M      | vice PRESIDENT      | 7839 | 1983-08-09 | 5000 | NULL |     20 |       1 | SAND STONE   | a12recmpm  | NULL       |        1 |     30 | SALES      | CHICAGO  | sales@2017 | 13/04/1989 |
|  7840 | FRED     | M      | vice PRESIDENT      | 7839 | 1983-08-09 | 5000 | NULL |     20 |       1 | SAND STONE   | a12recmpm  | NULL       |        1 |     20 | RESEARCH   | DALLAS   | a12recmpm  | 12/04/1989 |
|  7840 | FRED     | M      | vice PRESIDENT      | 7839 | 1983-08-09 | 5000 | NULL |     20 |       1 | SAND STONE   | a12recmpm  | NULL       |        1 |     10 | ACCOUNTING | NEW YORK | r50mpm     | 24/03/1989 |
|  7844 | TURNER   | M      | SALESMAN            | 7698 | 1981-09-08 | 1500 |    0 |     30 |       5 | SAND DUST    | sales@2017 | NULL       |        1 |     50 | HR         | PUNE     | PUN@8877   | 22/12/1989 |
|  7844 | TURNER   | M      | SALESMAN            | 7698 | 1981-09-08 | 1500 |    0 |     30 |       5 | SAND DUST    | sales@2017 | NULL       |        1 |     40 | OPERATIONS | BOSTON   | opr@123    | 12/07/1989 |
|  7844 | TURNER   | M      | SALESMAN            | 7698 | 1981-09-08 | 1500 |    0 |     30 |       5 | SAND DUST    | sales@2017 | NULL       |        1 |     30 | SALES      | CHICAGO  | sales@2017 | 13/04/1989 |
|  7844 | TURNER   | M      | SALESMAN            | 7698 | 1981-09-08 | 1500 |    0 |     30 |       5 | SAND DUST    | sales@2017 | NULL       |        1 |     20 | RESEARCH   | DALLAS   | a12recmpm  | 12/04/1989 |
|  7844 | TURNER   | M      | SALESMAN            | 7698 | 1981-09-08 | 1500 |    0 |     30 |       5 | SAND DUST    | sales@2017 | NULL       |        1 |     10 | ACCOUNTING | NEW YORK | r50mpm     | 24/03/1989 |
|  7876 | ADAMS    | M      | CLERK               | 7788 | 1983-01-12 | 1100 | NULL |     20 |       1 | CRAZY ANYONE | a12recmpm  | 7132300086 |        1 |     50 | HR         | PUNE     | PUN@8877   | 22/12/1989 |
|  7876 | ADAMS    | M      | CLERK               | 7788 | 1983-01-12 | 1100 | NULL |     20 |       1 | CRAZY ANYONE | a12recmpm  | 7132300086 |        1 |     40 | OPERATIONS | BOSTON   | opr@123    | 12/07/1989 |
|  7876 | ADAMS    | M      | CLERK               | 7788 | 1983-01-12 | 1100 | NULL |     20 |       1 | CRAZY ANYONE | a12recmpm  | 7132300086 |        1 |     30 | SALES      | CHICAGO  | sales@2017 | 13/04/1989 |
|  7876 | ADAMS    | M      | CLERK               | 7788 | 1983-01-12 | 1100 | NULL |     20 |       1 | CRAZY ANYONE | a12recmpm  | 7132300086 |        1 |     20 | RESEARCH   | DALLAS   | a12recmpm  | 12/04/1989 |
|  7876 | ADAMS    | M      | CLERK               | 7788 | 1983-01-12 | 1100 | NULL |     20 |       1 | CRAZY ANYONE | a12recmpm  | 7132300086 |        1 |     10 | ACCOUNTING | NEW YORK | r50mpm     | 24/03/1989 |
|  7900 | JAMES    | M      | CLERK               | 7698 | 1981-12-03 |  950 | NULL |     30 |       2 | CRAZY LEADER | sales@2017 | 7132300042 |        1 |     50 | HR         | PUNE     | PUN@8877   | 22/12/1989 |
|  7900 | JAMES    | M      | CLERK               | 7698 | 1981-12-03 |  950 | NULL |     30 |       2 | CRAZY LEADER | sales@2017 | 7132300042 |        1 |     40 | OPERATIONS | BOSTON   | opr@123    | 12/07/1989 |
|  7900 | JAMES    | M      | CLERK               | 7698 | 1981-12-03 |  950 | NULL |     30 |       2 | CRAZY LEADER | sales@2017 | 7132300042 |        1 |     30 | SALES      | CHICAGO  | sales@2017 | 13/04/1989 |
|  7900 | JAMES    | M      | CLERK               | 7698 | 1981-12-03 |  950 | NULL |     30 |       2 | CRAZY LEADER | sales@2017 | 7132300042 |        1 |     20 | RESEARCH   | DALLAS   | a12recmpm  | 12/04/1989 |
|  7900 | JAMES    | M      | CLERK               | 7698 | 1981-12-03 |  950 | NULL |     30 |       2 | CRAZY LEADER | sales@2017 | 7132300042 |        1 |     10 | ACCOUNTING | NEW YORK | r50mpm     | 24/03/1989 |
|  7902 | FORD     | M      | ANALYST             | 7566 | 1981-12-03 | 3000 | NULL |     20 |       4 | CONBRIO      | a12recmpm  | NULL       |        0 |     50 | HR         | PUNE     | PUN@8877   | 22/12/1989 |
|  7902 | FORD     | M      | ANALYST             | 7566 | 1981-12-03 | 3000 | NULL |     20 |       4 | CONBRIO      | a12recmpm  | NULL       |        0 |     40 | OPERATIONS | BOSTON   | opr@123    | 12/07/1989 |
|  7902 | FORD     | M      | ANALYST             | 7566 | 1981-12-03 | 3000 | NULL |     20 |       4 | CONBRIO      | a12recmpm  | NULL       |        0 |     30 | SALES      | CHICAGO  | sales@2017 | 13/04/1989 |
|  7902 | FORD     | M      | ANALYST             | 7566 | 1981-12-03 | 3000 | NULL |     20 |       4 | CONBRIO      | a12recmpm  | NULL       |        0 |     20 | RESEARCH   | DALLAS   | a12recmpm  | 12/04/1989 |
|  7902 | FORD     | M      | ANALYST             | 7566 | 1981-12-03 | 3000 | NULL |     20 |       4 | CONBRIO      | a12recmpm  | NULL       |        0 |     10 | ACCOUNTING | NEW YORK | r50mpm     | 24/03/1989 |
|  7919 | HOFFMAN  | M      | MANAGER             | 7566 | 1982-03-24 | 4150 | NULL |     30 |       3 | INTERVAL     | sales@2017 | NULL       |        1 |     50 | HR         | PUNE     | PUN@8877   | 22/12/1989 |
|  7919 | HOFFMAN  | M      | MANAGER             | 7566 | 1982-03-24 | 4150 | NULL |     30 |       3 | INTERVAL     | sales@2017 | NULL       |        1 |     40 | OPERATIONS | BOSTON   | opr@123    | 12/07/1989 |
|  7919 | HOFFMAN  | M      | MANAGER             | 7566 | 1982-03-24 | 4150 | NULL |     30 |       3 | INTERVAL     | sales@2017 | NULL       |        1 |     30 | SALES      | CHICAGO  | sales@2017 | 13/04/1989 |
|  7919 | HOFFMAN  | M      | MANAGER             | 7566 | 1982-03-24 | 4150 | NULL |     30 |       3 | INTERVAL     | sales@2017 | NULL       |        1 |     20 | RESEARCH   | DALLAS   | a12recmpm  | 12/04/1989 |
|  7919 | HOFFMAN  | M      | MANAGER             | 7566 | 1982-03-24 | 4150 | NULL |     30 |       3 | INTERVAL     | sales@2017 | NULL       |        1 |     10 | ACCOUNTING | NEW YORK | r50mpm     | 24/03/1989 |
|  7920 | GRASS    | M      | SALESMAN            | 7919 | 1980-02-14 | 2575 | 2700 |     30 |       5 | GRASS        | sales@2017 | NULL       |        1 |     50 | HR         | PUNE     | PUN@8877   | 22/12/1989 |
|  7920 | GRASS    | M      | SALESMAN            | 7919 | 1980-02-14 | 2575 | 2700 |     30 |       5 | GRASS        | sales@2017 | NULL       |        1 |     40 | OPERATIONS | BOSTON   | opr@123    | 12/07/1989 |
|  7920 | GRASS    | M      | SALESMAN            | 7919 | 1980-02-14 | 2575 | 2700 |     30 |       5 | GRASS        | sales@2017 | NULL       |        1 |     30 | SALES      | CHICAGO  | sales@2017 | 13/04/1989 |
|  7920 | GRASS    | M      | SALESMAN            | 7919 | 1980-02-14 | 2575 | 2700 |     30 |       5 | GRASS        | sales@2017 | NULL       |        1 |     20 | RESEARCH   | DALLAS   | a12recmpm  | 12/04/1989 |
|  7920 | GRASS    | M      | SALESMAN            | 7919 | 1980-02-14 | 2575 | 2700 |     30 |       5 | GRASS        | sales@2017 | NULL       |        1 |     10 | ACCOUNTING | NEW YORK | r50mpm     | 24/03/1989 |
|  7934 | MILLER   | M      | CLERK               | 7782 | 1982-01-23 | 1300 | NULL |     10 |       2 | QUARTERNOTE  | r50mpm     | 7132300055 |        0 |     50 | HR         | PUNE     | PUN@8877   | 22/12/1989 |
|  7934 | MILLER   | M      | CLERK               | 7782 | 1982-01-23 | 1300 | NULL |     10 |       2 | QUARTERNOTE  | r50mpm     | 7132300055 |        0 |     40 | OPERATIONS | BOSTON   | opr@123    | 12/07/1989 |
|  7934 | MILLER   | M      | CLERK               | 7782 | 1982-01-23 | 1300 | NULL |     10 |       2 | QUARTERNOTE  | r50mpm     | 7132300055 |        0 |     30 | SALES      | CHICAGO  | sales@2017 | 13/04/1989 |
|  7934 | MILLER   | M      | CLERK               | 7782 | 1982-01-23 | 1300 | NULL |     10 |       2 | QUARTERNOTE  | r50mpm     | 7132300055 |        0 |     20 | RESEARCH   | DALLAS   | a12recmpm  | 12/04/1989 |
|  7934 | MILLER   | M      | CLERK               | 7782 | 1982-01-23 | 1300 | NULL |     10 |       2 | QUARTERNOTE  | r50mpm     | 7132300055 |        0 |     10 | ACCOUNTING | NEW YORK | r50mpm     | 24/03/1989 |
|  7945 | AARUSH   | M      | SALESMAN            | 7902 | 1980-02-14 | 1350 | 2700 |     30 |    NULL | AARUSH       | ABCDEF     | NULL       |        0 |     50 | HR         | PUNE     | PUN@8877   | 22/12/1989 |
|  7945 | AARUSH   | M      | SALESMAN            | 7902 | 1980-02-14 | 1350 | 2700 |     30 |    NULL | AARUSH       | ABCDEF     | NULL       |        0 |     40 | OPERATIONS | BOSTON   | opr@123    | 12/07/1989 |
|  7945 | AARUSH   | M      | SALESMAN            | 7902 | 1980-02-14 | 1350 | 2700 |     30 |    NULL | AARUSH       | ABCDEF     | NULL       |        0 |     30 | SALES      | CHICAGO  | sales@2017 | 13/04/1989 |
|  7945 | AARUSH   | M      | SALESMAN            | 7902 | 1980-02-14 | 1350 | 2700 |     30 |    NULL | AARUSH       | ABCDEF     | NULL       |        0 |     20 | RESEARCH   | DALLAS   | a12recmpm  | 12/04/1989 |
|  7945 | AARUSH   | M      | SALESMAN            | 7902 | 1980-02-14 | 1350 | 2700 |     30 |    NULL | AARUSH       | ABCDEF     | NULL       |        0 |     10 | ACCOUNTING | NEW YORK | r50mpm     | 24/03/1989 |
|  7949 | ALEX     | M      | MANAGER             | 7698 | 1982-01-24 | 1250 |  500 |     30 |       5 | QUARTERREST  | sales@2017 | 7156567183 |        1 |     50 | HR         | PUNE     | PUN@8877   | 22/12/1989 |
|  7949 | ALEX     | M      | MANAGER             | 7698 | 1982-01-24 | 1250 |  500 |     30 |       5 | QUARTERREST  | sales@2017 | 7156567183 |        1 |     40 | OPERATIONS | BOSTON   | opr@123    | 12/07/1989 |
|  7949 | ALEX     | M      | MANAGER             | 7698 | 1982-01-24 | 1250 |  500 |     30 |       5 | QUARTERREST  | sales@2017 | 7156567183 |        1 |     30 | SALES      | CHICAGO  | sales@2017 | 13/04/1989 |
|  7949 | ALEX     | M      | MANAGER             | 7698 | 1982-01-24 | 1250 |  500 |     30 |       5 | QUARTERREST  | sales@2017 | 7156567183 |        1 |     20 | RESEARCH   | DALLAS   | a12recmpm  | 12/04/1989 |
|  7949 | ALEX     | M      | MANAGER             | 7698 | 1982-01-24 | 1250 |  500 |     30 |       5 | QUARTERREST  | sales@2017 | 7156567183 |        1 |     10 | ACCOUNTING | NEW YORK | r50mpm     | 24/03/1989 |
|  8433 | NATASHA  | F      | CLERK               | 7920 | 1981-07-19 | 1750 | NULL |     30 |       1 | NATASHA      | sales@2017 | NULL       |        1 |     50 | HR         | PUNE     | PUN@8877   | 22/12/1989 |
|  8433 | NATASHA  | F      | CLERK               | 7920 | 1981-07-19 | 1750 | NULL |     30 |       1 | NATASHA      | sales@2017 | NULL       |        1 |     40 | OPERATIONS | BOSTON   | opr@123    | 12/07/1989 |
|  8433 | NATASHA  | F      | CLERK               | 7920 | 1981-07-19 | 1750 | NULL |     30 |       1 | NATASHA      | sales@2017 | NULL       |        1 |     30 | SALES      | CHICAGO  | sales@2017 | 13/04/1989 |
|  8433 | NATASHA  | F      | CLERK               | 7920 | 1981-07-19 | 1750 | NULL |     30 |       1 | NATASHA      | sales@2017 | NULL       |        1 |     20 | RESEARCH   | DALLAS   | a12recmpm  | 12/04/1989 |
|  8433 | NATASHA  | F      | CLERK               | 7920 | 1981-07-19 | 1750 | NULL |     30 |       1 | NATASHA      | sales@2017 | NULL       |        1 |     10 | ACCOUNTING | NEW YORK | r50mpm     | 24/03/1989 |
|  9400 | SANGITA  | F      | Compliance officers | 7920 | 1981-07-19 | 1750 | NULL |     50 |       1 | SANGITA      | NULL       | NULL       |        1 |     50 | HR         | PUNE     | PUN@8877   | 22/12/1989 |
|  9400 | SANGITA  | F      | Compliance officers | 7920 | 1981-07-19 | 1750 | NULL |     50 |       1 | SANGITA      | NULL       | NULL       |        1 |     40 | OPERATIONS | BOSTON   | opr@123    | 12/07/1989 |
|  9400 | SANGITA  | F      | Compliance officers | 7920 | 1981-07-19 | 1750 | NULL |     50 |       1 | SANGITA      | NULL       | NULL       |        1 |     30 | SALES      | CHICAGO  | sales@2017 | 13/04/1989 |
|  9400 | SANGITA  | F      | Compliance officers | 7920 | 1981-07-19 | 1750 | NULL |     50 |       1 | SANGITA      | NULL       | NULL       |        1 |     20 | RESEARCH   | DALLAS   | a12recmpm  | 12/04/1989 |
|  9400 | SANGITA  | F      | Compliance officers | 7920 | 1981-07-19 | 1750 | NULL |     50 |       1 | SANGITA      | NULL       | NULL       |        1 |     10 | ACCOUNTING | NEW YORK | r50mpm     | 24/03/1989 |
|  9473 | SUPRIYA  | F      | ANALYST             | 7920 | 1981-07-19 | 1750 | NULL |     50 |       1 | SUPRIYA      | XYZ@1234   | NULL       |        1 |     50 | HR         | PUNE     | PUN@8877   | 22/12/1989 |
|  9473 | SUPRIYA  | F      | ANALYST             | 7920 | 1981-07-19 | 1750 | NULL |     50 |       1 | SUPRIYA      | XYZ@1234   | NULL       |        1 |     40 | OPERATIONS | BOSTON   | opr@123    | 12/07/1989 |
|  9473 | SUPRIYA  | F      | ANALYST             | 7920 | 1981-07-19 | 1750 | NULL |     50 |       1 | SUPRIYA      | XYZ@1234   | NULL       |        1 |     30 | SALES      | CHICAGO  | sales@2017 | 13/04/1989 |
|  9473 | SUPRIYA  | F      | ANALYST             | 7920 | 1981-07-19 | 1750 | NULL |     50 |       1 | SUPRIYA      | XYZ@1234   | NULL       |        1 |     20 | RESEARCH   | DALLAS   | a12recmpm  | 12/04/1989 |
|  9473 | SUPRIYA  | F      | ANALYST             | 7920 | 1981-07-19 | 1750 | NULL |     50 |       1 | SUPRIYA      | XYZ@1234   | NULL       |        1 |     10 | ACCOUNTING | NEW YORK | r50mpm     | 24/03/1989 |
+-------+----------+--------+---------------------+------+------------+------+------+--------+---------+--------------+------------+------------+----------+--------+------------+----------+------------+------------+
140 rows in set (0.01 sec)

mysql> select * from emp simple join dept on emp.deptno=dept.deptno;
ERROR 1054 (42S22): Unknown column 'emp.deptno' in 'on clause'
mysql>
mysql>
mysql> select * from emp simple join dept using(deptno);
+--------+-------+----------+--------+---------------------+------+------------+------+------+---------+--------------+------------+------------+----------+------------+----------+------------+------------+
| DEPTNO | EMPNO | ENAME    | GENDER | JOB                 | MGR  | HIREDATE   | SAL  | COMM | BONUSID | USER NAME    | PWD        | PHONE      | isActive | DNAME      | LOC      | PWD        | STARTEDON  |
+--------+-------+----------+--------+---------------------+------+------------+------+------+---------+--------------+------------+------------+----------+------------+----------+------------+------------+
|     10 |  7415 | AARAV    | M      | CLERK               | 7902 | 1981-12-31 | 3350 | NULL |    NULL | AARAV        | NULL       | 7032300084 |        0 | ACCOUNTING | NEW YORK | r50mpm     | 24/03/1989 |
|     10 |  7421 | THOMAS   | M      | CLERK               | 7920 | 1981-07-19 | 1750 | NULL |       1 | THOMAS       | r50mpm     | 7032300011 |        0 | ACCOUNTING | NEW YORK | r50mpm     | 24/03/1989 |
|     10 |  7782 | CLARK    | M      | MANAGER             | 7839 | 1981-06-09 | 2450 | NULL |       3 | CLARK        | r50mpm     | 7032300001 |        1 | ACCOUNTING | NEW YORK | r50mpm     | 24/03/1989 |
|     10 |  7839 | KING     | M      | PRESIDENT           | NULL | 1981-11-17 | 5000 | NULL |       1 | KING         | r50mpm     | 7132300081 |        1 | ACCOUNTING | NEW YORK | r50mpm     | 24/03/1989 |
|     10 |  7934 | MILLER   | M      | CLERK               | 7782 | 1982-01-23 | 1300 | NULL |       2 | QUARTERNOTE  | r50mpm     | 7132300055 |        0 | ACCOUNTING | NEW YORK | r50mpm     | 24/03/1989 |
|     20 |  6473 | SHARMIN  | F      | Public Relation     | 7920 | 1981-07-19 | 1750 | NULL |       1 | SHARMIN      | a12recmpm  | NULL       |        1 | RESEARCH   | DALLAS   | a12recmpm  | 12/04/1989 |
|     20 |  6781 | BANDISH  | F      | Public Relation     | 7920 | 1981-07-19 | 1750 | NULL |       1 | BANDISH      | a12recmpm  | NULL       |        1 | RESEARCH   | DALLAS   | a12recmpm  | 12/04/1989 |
|     20 |  7369 | SMITH    | M      | CLERK               | 7902 | 1980-12-17 |  800 | NULL |       2 | TRITONE      | a12recmpm  | 7032300023 |        0 | RESEARCH   | DALLAS   | a12recmpm  | 12/04/1989 |
|     20 |  7566 | JONES    | M      | MANAGER             | 7839 | 1981-04-02 | 2975 | NULL |       4 | HONEYCOMB    | a12recmpm  | 7132300039 |        1 | RESEARCH   | DALLAS   | a12recmpm  | 12/04/1989 |
|     20 |  7788 | SCOTT    | M      | ANALYST             | 7566 | 1982-12-09 | 3000 | NULL |       3 | WHITE SAND   | a12recmpm  | NULL       |        1 | RESEARCH   | DALLAS   | a12recmpm  | 12/04/1989 |
|     20 |  7840 | FRED     | M      | vice PRESIDENT      | 7839 | 1983-08-09 | 5000 | NULL |       1 | SAND STONE   | a12recmpm  | NULL       |        1 | RESEARCH   | DALLAS   | a12recmpm  | 12/04/1989 |
|     20 |  7876 | ADAMS    | M      | CLERK               | 7788 | 1983-01-12 | 1100 | NULL |       1 | CRAZY ANYONE | a12recmpm  | 7132300086 |        1 | RESEARCH   | DALLAS   | a12recmpm  | 12/04/1989 |
|     20 |  7902 | FORD     | M      | ANALYST             | 7566 | 1981-12-03 | 3000 | NULL |       4 | CONBRIO      | a12recmpm  | NULL       |        0 | RESEARCH   | DALLAS   | a12recmpm  | 12/04/1989 |
|     30 |  6001 | GITA     | F      | Compliance officers | 7920 | 1981-07-19 | 1750 | NULL |       1 | GITA         | sales@2017 | NULL       |        1 | SALES      | CHICAGO  | sales@2017 | 13/04/1989 |
|     30 |  7499 | ALLEN    | M      | SALESMAN            | 7698 | 1981-02-20 | 1600 |  300 |       4 | ALWAYS TESTE | sales@2017 | 7032300096 |        1 | SALES      | CHICAGO  | sales@2017 | 13/04/1989 |
|     30 |  7521 | WARD     | M      | SALESMAN            | 7698 | 1981-02-22 | 1250 |  500 |       1 | WARD         | sales@2017 | 7132300034 |        1 | SALES      | CHICAGO  | sales@2017 | 13/04/1989 |
|     30 |  7654 | MARTIN   | M      | SALESMAN            | 7698 | 1981-09-28 | 1250 | 1400 |       6 | LIFE RACER   | sales@2017 | 7132300050 |        1 | SALES      | CHICAGO  | sales@2017 | 13/04/1989 |
|     30 |  7698 | BLAKE    | M      | MANAGER             | 7839 | 1981-05-01 | 2850 | NULL |       1 | BIG BEN      | sales@2017 | 7132300027 |        1 | SALES      | CHICAGO  | sales@2017 | 13/04/1989 |
|     30 |  7844 | TURNER   | M      | SALESMAN            | 7698 | 1981-09-08 | 1500 |    0 |       5 | SAND DUST    | sales@2017 | NULL       |        1 | SALES      | CHICAGO  | sales@2017 | 13/04/1989 |
|     30 |  7900 | JAMES    | M      | CLERK               | 7698 | 1981-12-03 |  950 | NULL |       2 | CRAZY LEADER | sales@2017 | 7132300042 |        1 | SALES      | CHICAGO  | sales@2017 | 13/04/1989 |
|     30 |  7919 | HOFFMAN  | M      | MANAGER             | 7566 | 1982-03-24 | 4150 | NULL |       3 | INTERVAL     | sales@2017 | NULL       |        1 | SALES      | CHICAGO  | sales@2017 | 13/04/1989 |
|     30 |  7920 | GRASS    | M      | SALESMAN            | 7919 | 1980-02-14 | 2575 | 2700 |       5 | GRASS        | sales@2017 | NULL       |        1 | SALES      | CHICAGO  | sales@2017 | 13/04/1989 |
|     30 |  7945 | AARUSH   | M      | SALESMAN            | 7902 | 1980-02-14 | 1350 | 2700 |    NULL | AARUSH       | ABCDEF     | NULL       |        0 | SALES      | CHICAGO  | sales@2017 | 13/04/1989 |
|     30 |  7949 | ALEX     | M      | MANAGER             | 7698 | 1982-01-24 | 1250 |  500 |       5 | QUARTERREST  | sales@2017 | 7156567183 |        1 | SALES      | CHICAGO  | sales@2017 | 13/04/1989 |
|     30 |  8433 | NATASHA  | F      | CLERK               | 7920 | 1981-07-19 | 1750 | NULL |       1 | NATASHA      | sales@2017 | NULL       |        1 | SALES      | CHICAGO  | sales@2017 | 13/04/1989 |
|     50 |  6129 | VRUSHALI | F      | Compliance officers | 7920 | 1981-07-19 | 1750 | NULL |       1 | VRUSHALI     | PUN@8877   | NULL       |        1 | HR         | PUNE     | PUN@8877   | 22/12/1989 |
|     50 |  9400 | SANGITA  | F      | Compliance officers | 7920 | 1981-07-19 | 1750 | NULL |       1 | SANGITA      | NULL       | NULL       |        1 | HR         | PUNE     | PUN@8877   | 22/12/1989 |
|     50 |  9473 | SUPRIYA  | F      | ANALYST             | 7920 | 1981-07-19 | 1750 | NULL |       1 | SUPRIYA      | XYZ@1234   | NULL       |        1 | HR         | PUNE     | PUN@8877   | 22/12/1989 |
+--------+-------+----------+--------+---------------------+------+------------+------+------+---------+--------------+------------+------------+----------+------------+----------+------------+------------+
28 rows in set (0.00 sec)

mysql> select * from emp simple join dept using(deptno, pwd);
+--------+------------+-------+----------+--------+---------------------+------+------------+------+------+---------+--------------+------------+----------+------------+----------+------------+
| DEPTNO | PWD        | EMPNO | ENAME    | GENDER | JOB                 | MGR  | HIREDATE   | SAL  | COMM | BONUSID | USER NAME    | PHONE      | isActive | DNAME      | LOC      | STARTEDON  |
+--------+------------+-------+----------+--------+---------------------+------+------------+------+------+---------+--------------+------------+----------+------------+----------+------------+
|     10 | r50mpm     |  7421 | THOMAS   | M      | CLERK               | 7920 | 1981-07-19 | 1750 | NULL |       1 | THOMAS       | 7032300011 |        0 | ACCOUNTING | NEW YORK | 24/03/1989 |
|     10 | r50mpm     |  7782 | CLARK    | M      | MANAGER             | 7839 | 1981-06-09 | 2450 | NULL |       3 | CLARK        | 7032300001 |        1 | ACCOUNTING | NEW YORK | 24/03/1989 |
|     10 | r50mpm     |  7839 | KING     | M      | PRESIDENT           | NULL | 1981-11-17 | 5000 | NULL |       1 | KING         | 7132300081 |        1 | ACCOUNTING | NEW YORK | 24/03/1989 |
|     10 | r50mpm     |  7934 | MILLER   | M      | CLERK               | 7782 | 1982-01-23 | 1300 | NULL |       2 | QUARTERNOTE  | 7132300055 |        0 | ACCOUNTING | NEW YORK | 24/03/1989 |
|     20 | a12recmpm  |  6473 | SHARMIN  | F      | Public Relation     | 7920 | 1981-07-19 | 1750 | NULL |       1 | SHARMIN      | NULL       |        1 | RESEARCH   | DALLAS   | 12/04/1989 |
|     20 | a12recmpm  |  6781 | BANDISH  | F      | Public Relation     | 7920 | 1981-07-19 | 1750 | NULL |       1 | BANDISH      | NULL       |        1 | RESEARCH   | DALLAS   | 12/04/1989 |
|     20 | a12recmpm  |  7369 | SMITH    | M      | CLERK               | 7902 | 1980-12-17 |  800 | NULL |       2 | TRITONE      | 7032300023 |        0 | RESEARCH   | DALLAS   | 12/04/1989 |
|     20 | a12recmpm  |  7566 | JONES    | M      | MANAGER             | 7839 | 1981-04-02 | 2975 | NULL |       4 | HONEYCOMB    | 7132300039 |        1 | RESEARCH   | DALLAS   | 12/04/1989 |
|     20 | a12recmpm  |  7788 | SCOTT    | M      | ANALYST             | 7566 | 1982-12-09 | 3000 | NULL |       3 | WHITE SAND   | NULL       |        1 | RESEARCH   | DALLAS   | 12/04/1989 |
|     20 | a12recmpm  |  7840 | FRED     | M      | vice PRESIDENT      | 7839 | 1983-08-09 | 5000 | NULL |       1 | SAND STONE   | NULL       |        1 | RESEARCH   | DALLAS   | 12/04/1989 |
|     20 | a12recmpm  |  7876 | ADAMS    | M      | CLERK               | 7788 | 1983-01-12 | 1100 | NULL |       1 | CRAZY ANYONE | 7132300086 |        1 | RESEARCH   | DALLAS   | 12/04/1989 |
|     20 | a12recmpm  |  7902 | FORD     | M      | ANALYST             | 7566 | 1981-12-03 | 3000 | NULL |       4 | CONBRIO      | NULL       |        0 | RESEARCH   | DALLAS   | 12/04/1989 |
|     30 | sales@2017 |  6001 | GITA     | F      | Compliance officers | 7920 | 1981-07-19 | 1750 | NULL |       1 | GITA         | NULL       |        1 | SALES      | CHICAGO  | 13/04/1989 |
|     30 | sales@2017 |  7499 | ALLEN    | M      | SALESMAN            | 7698 | 1981-02-20 | 1600 |  300 |       4 | ALWAYS TESTE | 7032300096 |        1 | SALES      | CHICAGO  | 13/04/1989 |
|     30 | sales@2017 |  7521 | WARD     | M      | SALESMAN            | 7698 | 1981-02-22 | 1250 |  500 |       1 | WARD         | 7132300034 |        1 | SALES      | CHICAGO  | 13/04/1989 |
|     30 | sales@2017 |  7654 | MARTIN   | M      | SALESMAN            | 7698 | 1981-09-28 | 1250 | 1400 |       6 | LIFE RACER   | 7132300050 |        1 | SALES      | CHICAGO  | 13/04/1989 |
|     30 | sales@2017 |  7698 | BLAKE    | M      | MANAGER             | 7839 | 1981-05-01 | 2850 | NULL |       1 | BIG BEN      | 7132300027 |        1 | SALES      | CHICAGO  | 13/04/1989 |
|     30 | sales@2017 |  7844 | TURNER   | M      | SALESMAN            | 7698 | 1981-09-08 | 1500 |    0 |       5 | SAND DUST    | NULL       |        1 | SALES      | CHICAGO  | 13/04/1989 |
|     30 | sales@2017 |  7900 | JAMES    | M      | CLERK               | 7698 | 1981-12-03 |  950 | NULL |       2 | CRAZY LEADER | 7132300042 |        1 | SALES      | CHICAGO  | 13/04/1989 |
|     30 | sales@2017 |  7919 | HOFFMAN  | M      | MANAGER             | 7566 | 1982-03-24 | 4150 | NULL |       3 | INTERVAL     | NULL       |        1 | SALES      | CHICAGO  | 13/04/1989 |
|     30 | sales@2017 |  7920 | GRASS    | M      | SALESMAN            | 7919 | 1980-02-14 | 2575 | 2700 |       5 | GRASS        | NULL       |        1 | SALES      | CHICAGO  | 13/04/1989 |
|     30 | sales@2017 |  7949 | ALEX     | M      | MANAGER             | 7698 | 1982-01-24 | 1250 |  500 |       5 | QUARTERREST  | 7156567183 |        1 | SALES      | CHICAGO  | 13/04/1989 |
|     30 | sales@2017 |  8433 | NATASHA  | F      | CLERK               | 7920 | 1981-07-19 | 1750 | NULL |       1 | NATASHA      | NULL       |        1 | SALES      | CHICAGO  | 13/04/1989 |
|     50 | PUN@8877   |  6129 | VRUSHALI | F      | Compliance officers | 7920 | 1981-07-19 | 1750 | NULL |       1 | VRUSHALI     | NULL       |        1 | HR         | PUNE     | 22/12/1989 |
+--------+------------+-------+----------+--------+---------------------+------+------------+------+------+---------+--------------+------------+----------+------------+----------+------------+
24 rows in set (0.00 sec)

mysql> select * from emp right outer join  dept on emp.deptno = dept.deptno;
+-------+----------+--------+---------------------+------+------------+------+------+--------+---------+--------------+------------+------------+----------+--------+------------+----------+------------+------------+
| EMPNO | ENAME    | GENDER | JOB                 | MGR  | HIREDATE   | SAL  | COMM | DEPTNO | BONUSID | USER NAME    | PWD        | PHONE      | isActive | DEPTNO | DNAME      | LOC      | PWD        | STARTEDON  |
+-------+----------+--------+---------------------+------+------------+------+------+--------+---------+--------------+------------+------------+----------+--------+------------+----------+------------+------------+
|  7415 | AARAV    | M      | CLERK               | 7902 | 1981-12-31 | 3350 | NULL |     10 |    NULL | AARAV        | NULL       | 7032300084 |        0 |     10 | ACCOUNTING | NEW YORK | r50mpm     | 24/03/1989 |
|  7421 | THOMAS   | M      | CLERK               | 7920 | 1981-07-19 | 1750 | NULL |     10 |       1 | THOMAS       | r50mpm     | 7032300011 |        0 |     10 | ACCOUNTING | NEW YORK | r50mpm     | 24/03/1989 |
|  7782 | CLARK    | M      | MANAGER             | 7839 | 1981-06-09 | 2450 | NULL |     10 |       3 | CLARK        | r50mpm     | 7032300001 |        1 |     10 | ACCOUNTING | NEW YORK | r50mpm     | 24/03/1989 |
|  7839 | KING     | M      | PRESIDENT           | NULL | 1981-11-17 | 5000 | NULL |     10 |       1 | KING         | r50mpm     | 7132300081 |        1 |     10 | ACCOUNTING | NEW YORK | r50mpm     | 24/03/1989 |
|  7934 | MILLER   | M      | CLERK               | 7782 | 1982-01-23 | 1300 | NULL |     10 |       2 | QUARTERNOTE  | r50mpm     | 7132300055 |        0 |     10 | ACCOUNTING | NEW YORK | r50mpm     | 24/03/1989 |
|  6473 | SHARMIN  | F      | Public Relation     | 7920 | 1981-07-19 | 1750 | NULL |     20 |       1 | SHARMIN      | a12recmpm  | NULL       |        1 |     20 | RESEARCH   | DALLAS   | a12recmpm  | 12/04/1989 |
|  6781 | BANDISH  | F      | Public Relation     | 7920 | 1981-07-19 | 1750 | NULL |     20 |       1 | BANDISH      | a12recmpm  | NULL       |        1 |     20 | RESEARCH   | DALLAS   | a12recmpm  | 12/04/1989 |
|  7369 | SMITH    | M      | CLERK               | 7902 | 1980-12-17 |  800 | NULL |     20 |       2 | TRITONE      | a12recmpm  | 7032300023 |        0 |     20 | RESEARCH   | DALLAS   | a12recmpm  | 12/04/1989 |
|  7566 | JONES    | M      | MANAGER             | 7839 | 1981-04-02 | 2975 | NULL |     20 |       4 | HONEYCOMB    | a12recmpm  | 7132300039 |        1 |     20 | RESEARCH   | DALLAS   | a12recmpm  | 12/04/1989 |
|  7788 | SCOTT    | M      | ANALYST             | 7566 | 1982-12-09 | 3000 | NULL |     20 |       3 | WHITE SAND   | a12recmpm  | NULL       |        1 |     20 | RESEARCH   | DALLAS   | a12recmpm  | 12/04/1989 |
|  7840 | FRED     | M      | vice PRESIDENT      | 7839 | 1983-08-09 | 5000 | NULL |     20 |       1 | SAND STONE   | a12recmpm  | NULL       |        1 |     20 | RESEARCH   | DALLAS   | a12recmpm  | 12/04/1989 |
|  7876 | ADAMS    | M      | CLERK               | 7788 | 1983-01-12 | 1100 | NULL |     20 |       1 | CRAZY ANYONE | a12recmpm  | 7132300086 |        1 |     20 | RESEARCH   | DALLAS   | a12recmpm  | 12/04/1989 |
|  7902 | FORD     | M      | ANALYST             | 7566 | 1981-12-03 | 3000 | NULL |     20 |       4 | CONBRIO      | a12recmpm  | NULL       |        0 |     20 | RESEARCH   | DALLAS   | a12recmpm  | 12/04/1989 |
|  6001 | GITA     | F      | Compliance officers | 7920 | 1981-07-19 | 1750 | NULL |     30 |       1 | GITA         | sales@2017 | NULL       |        1 |     30 | SALES      | CHICAGO  | sales@2017 | 13/04/1989 |
|  7499 | ALLEN    | M      | SALESMAN            | 7698 | 1981-02-20 | 1600 |  300 |     30 |       4 | ALWAYS TESTE | sales@2017 | 7032300096 |        1 |     30 | SALES      | CHICAGO  | sales@2017 | 13/04/1989 |
|  7521 | WARD     | M      | SALESMAN            | 7698 | 1981-02-22 | 1250 |  500 |     30 |       1 | WARD         | sales@2017 | 7132300034 |        1 |     30 | SALES      | CHICAGO  | sales@2017 | 13/04/1989 |
|  7654 | MARTIN   | M      | SALESMAN            | 7698 | 1981-09-28 | 1250 | 1400 |     30 |       6 | LIFE RACER   | sales@2017 | 7132300050 |        1 |     30 | SALES      | CHICAGO  | sales@2017 | 13/04/1989 |
|  7698 | BLAKE    | M      | MANAGER             | 7839 | 1981-05-01 | 2850 | NULL |     30 |       1 | BIG BEN      | sales@2017 | 7132300027 |        1 |     30 | SALES      | CHICAGO  | sales@2017 | 13/04/1989 |
|  7844 | TURNER   | M      | SALESMAN            | 7698 | 1981-09-08 | 1500 |    0 |     30 |       5 | SAND DUST    | sales@2017 | NULL       |        1 |     30 | SALES      | CHICAGO  | sales@2017 | 13/04/1989 |
|  7900 | JAMES    | M      | CLERK               | 7698 | 1981-12-03 |  950 | NULL |     30 |       2 | CRAZY LEADER | sales@2017 | 7132300042 |        1 |     30 | SALES      | CHICAGO  | sales@2017 | 13/04/1989 |
|  7919 | HOFFMAN  | M      | MANAGER             | 7566 | 1982-03-24 | 4150 | NULL |     30 |       3 | INTERVAL     | sales@2017 | NULL       |        1 |     30 | SALES      | CHICAGO  | sales@2017 | 13/04/1989 |
|  7920 | GRASS    | M      | SALESMAN            | 7919 | 1980-02-14 | 2575 | 2700 |     30 |       5 | GRASS        | sales@2017 | NULL       |        1 |     30 | SALES      | CHICAGO  | sales@2017 | 13/04/1989 |
|  7945 | AARUSH   | M      | SALESMAN            | 7902 | 1980-02-14 | 1350 | 2700 |     30 |    NULL | AARUSH       | ABCDEF     | NULL       |        0 |     30 | SALES      | CHICAGO  | sales@2017 | 13/04/1989 |
|  7949 | ALEX     | M      | MANAGER             | 7698 | 1982-01-24 | 1250 |  500 |     30 |       5 | QUARTERREST  | sales@2017 | 7156567183 |        1 |     30 | SALES      | CHICAGO  | sales@2017 | 13/04/1989 |
|  8433 | NATASHA  | F      | CLERK               | 7920 | 1981-07-19 | 1750 | NULL |     30 |       1 | NATASHA      | sales@2017 | NULL       |        1 |     30 | SALES      | CHICAGO  | sales@2017 | 13/04/1989 |
|  NULL | NULL     | NULL   | NULL                | NULL | NULL       | NULL | NULL |   NULL |    NULL | NULL         | NULL       | NULL       |     NULL |     40 | OPERATIONS | BOSTON   | opr@123    | 12/07/1989 |
|  6129 | VRUSHALI | F      | Compliance officers | 7920 | 1981-07-19 | 1750 | NULL |     50 |       1 | VRUSHALI     | PUN@8877   | NULL       |        1 |     50 | HR         | PUNE     | PUN@8877   | 22/12/1989 |
|  9400 | SANGITA  | F      | Compliance officers | 7920 | 1981-07-19 | 1750 | NULL |     50 |       1 | SANGITA      | NULL       | NULL       |        1 |     50 | HR         | PUNE     | PUN@8877   | 22/12/1989 |
|  9473 | SUPRIYA  | F      | ANALYST             | 7920 | 1981-07-19 | 1750 | NULL |     50 |       1 | SUPRIYA      | XYZ@1234   | NULL       |        1 |     50 | HR         | PUNE     | PUN@8877   | 22/12/1989 |
+-------+----------+--------+---------------------+------+------------+------+------+--------+---------+--------------+------------+------------+----------+--------+------------+----------+------------+------------+
29 rows in set (0.00 sec)

mysql> select * from emp left outer join  dept on emp.deptno = dept.deptno;
+-------+----------+--------+---------------------+------+------------+------+------+--------+---------+--------------+------------+------------+----------+--------+------------+----------+------------+------------+
| EMPNO | ENAME    | GENDER | JOB                 | MGR  | HIREDATE   | SAL  | COMM | DEPTNO | BONUSID | USER NAME    | PWD        | PHONE      | isActive | DEPTNO | DNAME      | LOC      | PWD        | STARTEDON  |
+-------+----------+--------+---------------------+------+------------+------+------+--------+---------+--------------+------------+------------+----------+--------+------------+----------+------------+------------+
|  6001 | GITA     | F      | Compliance officers | 7920 | 1981-07-19 | 1750 | NULL |     30 |       1 | GITA         | sales@2017 | NULL       |        1 |     30 | SALES      | CHICAGO  | sales@2017 | 13/04/1989 |
|  6129 | VRUSHALI | F      | Compliance officers | 7920 | 1981-07-19 | 1750 | NULL |     50 |       1 | VRUSHALI     | PUN@8877   | NULL       |        1 |     50 | HR         | PUNE     | PUN@8877   | 22/12/1989 |
|  6473 | SHARMIN  | F      | Public Relation     | 7920 | 1981-07-19 | 1750 | NULL |     20 |       1 | SHARMIN      | a12recmpm  | NULL       |        1 |     20 | RESEARCH   | DALLAS   | a12recmpm  | 12/04/1989 |
|  6781 | BANDISH  | F      | Public Relation     | 7920 | 1981-07-19 | 1750 | NULL |     20 |       1 | BANDISH      | a12recmpm  | NULL       |        1 |     20 | RESEARCH   | DALLAS   | a12recmpm  | 12/04/1989 |
|  7369 | SMITH    | M      | CLERK               | 7902 | 1980-12-17 |  800 | NULL |     20 |       2 | TRITONE      | a12recmpm  | 7032300023 |        0 |     20 | RESEARCH   | DALLAS   | a12recmpm  | 12/04/1989 |
|  7415 | AARAV    | M      | CLERK               | 7902 | 1981-12-31 | 3350 | NULL |     10 |    NULL | AARAV        | NULL       | 7032300084 |        0 |     10 | ACCOUNTING | NEW YORK | r50mpm     | 24/03/1989 |
|  7421 | THOMAS   | M      | CLERK               | 7920 | 1981-07-19 | 1750 | NULL |     10 |       1 | THOMAS       | r50mpm     | 7032300011 |        0 |     10 | ACCOUNTING | NEW YORK | r50mpm     | 24/03/1989 |
|  7499 | ALLEN    | M      | SALESMAN            | 7698 | 1981-02-20 | 1600 |  300 |     30 |       4 | ALWAYS TESTE | sales@2017 | 7032300096 |        1 |     30 | SALES      | CHICAGO  | sales@2017 | 13/04/1989 |
|  7521 | WARD     | M      | SALESMAN            | 7698 | 1981-02-22 | 1250 |  500 |     30 |       1 | WARD         | sales@2017 | 7132300034 |        1 |     30 | SALES      | CHICAGO  | sales@2017 | 13/04/1989 |
|  7566 | JONES    | M      | MANAGER             | 7839 | 1981-04-02 | 2975 | NULL |     20 |       4 | HONEYCOMB    | a12recmpm  | 7132300039 |        1 |     20 | RESEARCH   | DALLAS   | a12recmpm  | 12/04/1989 |
|  7654 | MARTIN   | M      | SALESMAN            | 7698 | 1981-09-28 | 1250 | 1400 |     30 |       6 | LIFE RACER   | sales@2017 | 7132300050 |        1 |     30 | SALES      | CHICAGO  | sales@2017 | 13/04/1989 |
|  7698 | BLAKE    | M      | MANAGER             | 7839 | 1981-05-01 | 2850 | NULL |     30 |       1 | BIG BEN      | sales@2017 | 7132300027 |        1 |     30 | SALES      | CHICAGO  | sales@2017 | 13/04/1989 |
|  7782 | CLARK    | M      | MANAGER             | 7839 | 1981-06-09 | 2450 | NULL |     10 |       3 | CLARK        | r50mpm     | 7032300001 |        1 |     10 | ACCOUNTING | NEW YORK | r50mpm     | 24/03/1989 |
|  7788 | SCOTT    | M      | ANALYST             | 7566 | 1982-12-09 | 3000 | NULL |     20 |       3 | WHITE SAND   | a12recmpm  | NULL       |        1 |     20 | RESEARCH   | DALLAS   | a12recmpm  | 12/04/1989 |
|  7839 | KING     | M      | PRESIDENT           | NULL | 1981-11-17 | 5000 | NULL |     10 |       1 | KING         | r50mpm     | 7132300081 |        1 |     10 | ACCOUNTING | NEW YORK | r50mpm     | 24/03/1989 |
|  7840 | FRED     | M      | vice PRESIDENT      | 7839 | 1983-08-09 | 5000 | NULL |     20 |       1 | SAND STONE   | a12recmpm  | NULL       |        1 |     20 | RESEARCH   | DALLAS   | a12recmpm  | 12/04/1989 |
|  7844 | TURNER   | M      | SALESMAN            | 7698 | 1981-09-08 | 1500 |    0 |     30 |       5 | SAND DUST    | sales@2017 | NULL       |        1 |     30 | SALES      | CHICAGO  | sales@2017 | 13/04/1989 |
|  7876 | ADAMS    | M      | CLERK               | 7788 | 1983-01-12 | 1100 | NULL |     20 |       1 | CRAZY ANYONE | a12recmpm  | 7132300086 |        1 |     20 | RESEARCH   | DALLAS   | a12recmpm  | 12/04/1989 |
|  7900 | JAMES    | M      | CLERK               | 7698 | 1981-12-03 |  950 | NULL |     30 |       2 | CRAZY LEADER | sales@2017 | 7132300042 |        1 |     30 | SALES      | CHICAGO  | sales@2017 | 13/04/1989 |
|  7902 | FORD     | M      | ANALYST             | 7566 | 1981-12-03 | 3000 | NULL |     20 |       4 | CONBRIO      | a12recmpm  | NULL       |        0 |     20 | RESEARCH   | DALLAS   | a12recmpm  | 12/04/1989 |
|  7919 | HOFFMAN  | M      | MANAGER             | 7566 | 1982-03-24 | 4150 | NULL |     30 |       3 | INTERVAL     | sales@2017 | NULL       |        1 |     30 | SALES      | CHICAGO  | sales@2017 | 13/04/1989 |
|  7920 | GRASS    | M      | SALESMAN            | 7919 | 1980-02-14 | 2575 | 2700 |     30 |       5 | GRASS        | sales@2017 | NULL       |        1 |     30 | SALES      | CHICAGO  | sales@2017 | 13/04/1989 |
|  7934 | MILLER   | M      | CLERK               | 7782 | 1982-01-23 | 1300 | NULL |     10 |       2 | QUARTERNOTE  | r50mpm     | 7132300055 |        0 |     10 | ACCOUNTING | NEW YORK | r50mpm     | 24/03/1989 |
|  7945 | AARUSH   | M      | SALESMAN            | 7902 | 1980-02-14 | 1350 | 2700 |     30 |    NULL | AARUSH       | ABCDEF     | NULL       |        0 |     30 | SALES      | CHICAGO  | sales@2017 | 13/04/1989 |
|  7949 | ALEX     | M      | MANAGER             | 7698 | 1982-01-24 | 1250 |  500 |     30 |       5 | QUARTERREST  | sales@2017 | 7156567183 |        1 |     30 | SALES      | CHICAGO  | sales@2017 | 13/04/1989 |
|  8433 | NATASHA  | F      | CLERK               | 7920 | 1981-07-19 | 1750 | NULL |     30 |       1 | NATASHA      | sales@2017 | NULL       |        1 |     30 | SALES      | CHICAGO  | sales@2017 | 13/04/1989 |
|  9400 | SANGITA  | F      | Compliance officers | 7920 | 1981-07-19 | 1750 | NULL |     50 |       1 | SANGITA      | NULL       | NULL       |        1 |     50 | HR         | PUNE     | PUN@8877   | 22/12/1989 |
|  9473 | SUPRIYA  | F      | ANALYST             | 7920 | 1981-07-19 | 1750 | NULL |     50 |       1 | SUPRIYA      | XYZ@1234   | NULL       |        1 |     50 | HR         | PUNE     | PUN@8877   | 22/12/1989 |
+-------+----------+--------+---------------------+------+------------+------+------+--------+---------+--------------+------------+------------+----------+--------+------------+----------+------------+------------+
28 rows in set (0.00 sec)

mysql> select * from dept left outer join  emp on emp.deptno = dept.deptno;
+--------+------------+----------+------------+------------+-------+----------+--------+---------------------+------+------------+------+------+--------+---------+--------------+------------+------------+----------+
| DEPTNO | DNAME      | LOC      | PWD        | STARTEDON  | EMPNO | ENAME    | GENDER | JOB                 | MGR  | HIREDATE   | SAL  | COMM | DEPTNO | BONUSID | USER NAME    | PWD        | PHONE      | isActive |
+--------+------------+----------+------------+------------+-------+----------+--------+---------------------+------+------------+------+------+--------+---------+--------------+------------+------------+----------+
|     10 | ACCOUNTING | NEW YORK | r50mpm     | 24/03/1989 |  7415 | AARAV    | M      | CLERK               | 7902 | 1981-12-31 | 3350 | NULL |     10 |    NULL | AARAV        | NULL       | 7032300084 |        0 |
|     10 | ACCOUNTING | NEW YORK | r50mpm     | 24/03/1989 |  7421 | THOMAS   | M      | CLERK               | 7920 | 1981-07-19 | 1750 | NULL |     10 |       1 | THOMAS       | r50mpm     | 7032300011 |        0 |
|     10 | ACCOUNTING | NEW YORK | r50mpm     | 24/03/1989 |  7782 | CLARK    | M      | MANAGER             | 7839 | 1981-06-09 | 2450 | NULL |     10 |       3 | CLARK        | r50mpm     | 7032300001 |        1 |
|     10 | ACCOUNTING | NEW YORK | r50mpm     | 24/03/1989 |  7839 | KING     | M      | PRESIDENT           | NULL | 1981-11-17 | 5000 | NULL |     10 |       1 | KING         | r50mpm     | 7132300081 |        1 |
|     10 | ACCOUNTING | NEW YORK | r50mpm     | 24/03/1989 |  7934 | MILLER   | M      | CLERK               | 7782 | 1982-01-23 | 1300 | NULL |     10 |       2 | QUARTERNOTE  | r50mpm     | 7132300055 |        0 |
|     20 | RESEARCH   | DALLAS   | a12recmpm  | 12/04/1989 |  6473 | SHARMIN  | F      | Public Relation     | 7920 | 1981-07-19 | 1750 | NULL |     20 |       1 | SHARMIN      | a12recmpm  | NULL       |        1 |
|     20 | RESEARCH   | DALLAS   | a12recmpm  | 12/04/1989 |  6781 | BANDISH  | F      | Public Relation     | 7920 | 1981-07-19 | 1750 | NULL |     20 |       1 | BANDISH      | a12recmpm  | NULL       |        1 |
|     20 | RESEARCH   | DALLAS   | a12recmpm  | 12/04/1989 |  7369 | SMITH    | M      | CLERK               | 7902 | 1980-12-17 |  800 | NULL |     20 |       2 | TRITONE      | a12recmpm  | 7032300023 |        0 |
|     20 | RESEARCH   | DALLAS   | a12recmpm  | 12/04/1989 |  7566 | JONES    | M      | MANAGER             | 7839 | 1981-04-02 | 2975 | NULL |     20 |       4 | HONEYCOMB    | a12recmpm  | 7132300039 |        1 |
|     20 | RESEARCH   | DALLAS   | a12recmpm  | 12/04/1989 |  7788 | SCOTT    | M      | ANALYST             | 7566 | 1982-12-09 | 3000 | NULL |     20 |       3 | WHITE SAND   | a12recmpm  | NULL       |        1 |
|     20 | RESEARCH   | DALLAS   | a12recmpm  | 12/04/1989 |  7840 | FRED     | M      | vice PRESIDENT      | 7839 | 1983-08-09 | 5000 | NULL |     20 |       1 | SAND STONE   | a12recmpm  | NULL       |        1 |
|     20 | RESEARCH   | DALLAS   | a12recmpm  | 12/04/1989 |  7876 | ADAMS    | M      | CLERK               | 7788 | 1983-01-12 | 1100 | NULL |     20 |       1 | CRAZY ANYONE | a12recmpm  | 7132300086 |        1 |
|     20 | RESEARCH   | DALLAS   | a12recmpm  | 12/04/1989 |  7902 | FORD     | M      | ANALYST             | 7566 | 1981-12-03 | 3000 | NULL |     20 |       4 | CONBRIO      | a12recmpm  | NULL       |        0 |
|     30 | SALES      | CHICAGO  | sales@2017 | 13/04/1989 |  6001 | GITA     | F      | Compliance officers | 7920 | 1981-07-19 | 1750 | NULL |     30 |       1 | GITA         | sales@2017 | NULL       |        1 |
|     30 | SALES      | CHICAGO  | sales@2017 | 13/04/1989 |  7499 | ALLEN    | M      | SALESMAN            | 7698 | 1981-02-20 | 1600 |  300 |     30 |       4 | ALWAYS TESTE | sales@2017 | 7032300096 |        1 |
|     30 | SALES      | CHICAGO  | sales@2017 | 13/04/1989 |  7521 | WARD     | M      | SALESMAN            | 7698 | 1981-02-22 | 1250 |  500 |     30 |       1 | WARD         | sales@2017 | 7132300034 |        1 |
|     30 | SALES      | CHICAGO  | sales@2017 | 13/04/1989 |  7654 | MARTIN   | M      | SALESMAN            | 7698 | 1981-09-28 | 1250 | 1400 |     30 |       6 | LIFE RACER   | sales@2017 | 7132300050 |        1 |
|     30 | SALES      | CHICAGO  | sales@2017 | 13/04/1989 |  7698 | BLAKE    | M      | MANAGER             | 7839 | 1981-05-01 | 2850 | NULL |     30 |       1 | BIG BEN      | sales@2017 | 7132300027 |        1 |
|     30 | SALES      | CHICAGO  | sales@2017 | 13/04/1989 |  7844 | TURNER   | M      | SALESMAN            | 7698 | 1981-09-08 | 1500 |    0 |     30 |       5 | SAND DUST    | sales@2017 | NULL       |        1 |
|     30 | SALES      | CHICAGO  | sales@2017 | 13/04/1989 |  7900 | JAMES    | M      | CLERK               | 7698 | 1981-12-03 |  950 | NULL |     30 |       2 | CRAZY LEADER | sales@2017 | 7132300042 |        1 |
|     30 | SALES      | CHICAGO  | sales@2017 | 13/04/1989 |  7919 | HOFFMAN  | M      | MANAGER             | 7566 | 1982-03-24 | 4150 | NULL |     30 |       3 | INTERVAL     | sales@2017 | NULL       |        1 |
|     30 | SALES      | CHICAGO  | sales@2017 | 13/04/1989 |  7920 | GRASS    | M      | SALESMAN            | 7919 | 1980-02-14 | 2575 | 2700 |     30 |       5 | GRASS        | sales@2017 | NULL       |        1 |
|     30 | SALES      | CHICAGO  | sales@2017 | 13/04/1989 |  7945 | AARUSH   | M      | SALESMAN            | 7902 | 1980-02-14 | 1350 | 2700 |     30 |    NULL | AARUSH       | ABCDEF     | NULL       |        0 |
|     30 | SALES      | CHICAGO  | sales@2017 | 13/04/1989 |  7949 | ALEX     | M      | MANAGER             | 7698 | 1982-01-24 | 1250 |  500 |     30 |       5 | QUARTERREST  | sales@2017 | 7156567183 |        1 |
|     30 | SALES      | CHICAGO  | sales@2017 | 13/04/1989 |  8433 | NATASHA  | F      | CLERK               | 7920 | 1981-07-19 | 1750 | NULL |     30 |       1 | NATASHA      | sales@2017 | NULL       |        1 |
|     40 | OPERATIONS | BOSTON   | opr@123    | 12/07/1989 |  NULL | NULL     | NULL   | NULL                | NULL | NULL       | NULL | NULL |   NULL |    NULL | NULL         | NULL       | NULL       |     NULL |
|     50 | HR         | PUNE     | PUN@8877   | 22/12/1989 |  6129 | VRUSHALI | F      | Compliance officers | 7920 | 1981-07-19 | 1750 | NULL |     50 |       1 | VRUSHALI     | PUN@8877   | NULL       |        1 |
|     50 | HR         | PUNE     | PUN@8877   | 22/12/1989 |  9400 | SANGITA  | F      | Compliance officers | 7920 | 1981-07-19 | 1750 | NULL |     50 |       1 | SANGITA      | NULL       | NULL       |        1 |
|     50 | HR         | PUNE     | PUN@8877   | 22/12/1989 |  9473 | SUPRIYA  | F      | ANALYST             | 7920 | 1981-07-19 | 1750 | NULL |     50 |       1 | SUPRIYA      | XYZ@1234   | NULL       |        1 |
+--------+------------+----------+------------+------------+-------+----------+--------+---------------------+------+------------+------+------+--------+---------+--------------+------------+------------+----------+
29 rows in set (0.00 sec)

mysql> select * from dept left outer join  emp on emp.deptno = dept.deptno;
+--------+------------+----------+------------+------------+-------+----------+--------+---------------------+------+------------+------+------+--------+---------+--------------+------------+------------+----------+
| DEPTNO | DNAME      | LOC      | PWD        | STARTEDON  | EMPNO | ENAME    | GENDER | JOB                 | MGR  | HIREDATE   | SAL  | COMM | DEPTNO | BONUSID | USER NAME    | PWD        | PHONE      | isActive |
+--------+------------+----------+------------+------------+-------+----------+--------+---------------------+------+------------+------+------+--------+---------+--------------+------------+------------+----------+
|     10 | ACCOUNTING | NEW YORK | r50mpm     | 24/03/1989 |  7415 | AARAV    | M      | CLERK               | 7902 | 1981-12-31 | 3350 | NULL |     10 |    NULL | AARAV        | NULL       | 7032300084 |        0 |
|     10 | ACCOUNTING | NEW YORK | r50mpm     | 24/03/1989 |  7421 | THOMAS   | M      | CLERK               | 7920 | 1981-07-19 | 1750 | NULL |     10 |       1 | THOMAS       | r50mpm     | 7032300011 |        0 |
|     10 | ACCOUNTING | NEW YORK | r50mpm     | 24/03/1989 |  7782 | CLARK    | M      | MANAGER             | 7839 | 1981-06-09 | 2450 | NULL |     10 |       3 | CLARK        | r50mpm     | 7032300001 |        1 |
|     10 | ACCOUNTING | NEW YORK | r50mpm     | 24/03/1989 |  7839 | KING     | M      | PRESIDENT           | NULL | 1981-11-17 | 5000 | NULL |     10 |       1 | KING         | r50mpm     | 7132300081 |        1 |
|     10 | ACCOUNTING | NEW YORK | r50mpm     | 24/03/1989 |  7934 | MILLER   | M      | CLERK               | 7782 | 1982-01-23 | 1300 | NULL |     10 |       2 | QUARTERNOTE  | r50mpm     | 7132300055 |        0 |
|     20 | RESEARCH   | DALLAS   | a12recmpm  | 12/04/1989 |  6473 | SHARMIN  | F      | Public Relation     | 7920 | 1981-07-19 | 1750 | NULL |     20 |       1 | SHARMIN      | a12recmpm  | NULL       |        1 |
|     20 | RESEARCH   | DALLAS   | a12recmpm  | 12/04/1989 |  6781 | BANDISH  | F      | Public Relation     | 7920 | 1981-07-19 | 1750 | NULL |     20 |       1 | BANDISH      | a12recmpm  | NULL       |        1 |
|     20 | RESEARCH   | DALLAS   | a12recmpm  | 12/04/1989 |  7369 | SMITH    | M      | CLERK               | 7902 | 1980-12-17 |  800 | NULL |     20 |       2 | TRITONE      | a12recmpm  | 7032300023 |        0 |
|     20 | RESEARCH   | DALLAS   | a12recmpm  | 12/04/1989 |  7566 | JONES    | M      | MANAGER             | 7839 | 1981-04-02 | 2975 | NULL |     20 |       4 | HONEYCOMB    | a12recmpm  | 7132300039 |        1 |
|     20 | RESEARCH   | DALLAS   | a12recmpm  | 12/04/1989 |  7788 | SCOTT    | M      | ANALYST             | 7566 | 1982-12-09 | 3000 | NULL |     20 |       3 | WHITE SAND   | a12recmpm  | NULL       |        1 |
|     20 | RESEARCH   | DALLAS   | a12recmpm  | 12/04/1989 |  7840 | FRED     | M      | vice PRESIDENT      | 7839 | 1983-08-09 | 5000 | NULL |     20 |       1 | SAND STONE   | a12recmpm  | NULL       |        1 |
|     20 | RESEARCH   | DALLAS   | a12recmpm  | 12/04/1989 |  7876 | ADAMS    | M      | CLERK               | 7788 | 1983-01-12 | 1100 | NULL |     20 |       1 | CRAZY ANYONE | a12recmpm  | 7132300086 |        1 |
|     20 | RESEARCH   | DALLAS   | a12recmpm  | 12/04/1989 |  7902 | FORD     | M      | ANALYST             | 7566 | 1981-12-03 | 3000 | NULL |     20 |       4 | CONBRIO      | a12recmpm  | NULL       |        0 |
|     30 | SALES      | CHICAGO  | sales@2017 | 13/04/1989 |  6001 | GITA     | F      | Compliance officers | 7920 | 1981-07-19 | 1750 | NULL |     30 |       1 | GITA         | sales@2017 | NULL       |        1 |
|     30 | SALES      | CHICAGO  | sales@2017 | 13/04/1989 |  7499 | ALLEN    | M      | SALESMAN            | 7698 | 1981-02-20 | 1600 |  300 |     30 |       4 | ALWAYS TESTE | sales@2017 | 7032300096 |        1 |
|     30 | SALES      | CHICAGO  | sales@2017 | 13/04/1989 |  7521 | WARD     | M      | SALESMAN            | 7698 | 1981-02-22 | 1250 |  500 |     30 |       1 | WARD         | sales@2017 | 7132300034 |        1 |
|     30 | SALES      | CHICAGO  | sales@2017 | 13/04/1989 |  7654 | MARTIN   | M      | SALESMAN            | 7698 | 1981-09-28 | 1250 | 1400 |     30 |       6 | LIFE RACER   | sales@2017 | 7132300050 |        1 |
|     30 | SALES      | CHICAGO  | sales@2017 | 13/04/1989 |  7698 | BLAKE    | M      | MANAGER             | 7839 | 1981-05-01 | 2850 | NULL |     30 |       1 | BIG BEN      | sales@2017 | 7132300027 |        1 |
|     30 | SALES      | CHICAGO  | sales@2017 | 13/04/1989 |  7844 | TURNER   | M      | SALESMAN            | 7698 | 1981-09-08 | 1500 |    0 |     30 |       5 | SAND DUST    | sales@2017 | NULL       |        1 |
|     30 | SALES      | CHICAGO  | sales@2017 | 13/04/1989 |  7900 | JAMES    | M      | CLERK               | 7698 | 1981-12-03 |  950 | NULL |     30 |       2 | CRAZY LEADER | sales@2017 | 7132300042 |        1 |
|     30 | SALES      | CHICAGO  | sales@2017 | 13/04/1989 |  7919 | HOFFMAN  | M      | MANAGER             | 7566 | 1982-03-24 | 4150 | NULL |     30 |       3 | INTERVAL     | sales@2017 | NULL       |        1 |
|     30 | SALES      | CHICAGO  | sales@2017 | 13/04/1989 |  7920 | GRASS    | M      | SALESMAN            | 7919 | 1980-02-14 | 2575 | 2700 |     30 |       5 | GRASS        | sales@2017 | NULL       |        1 |
|     30 | SALES      | CHICAGO  | sales@2017 | 13/04/1989 |  7945 | AARUSH   | M      | SALESMAN            | 7902 | 1980-02-14 | 1350 | 2700 |     30 |    NULL | AARUSH       | ABCDEF     | NULL       |        0 |
|     30 | SALES      | CHICAGO  | sales@2017 | 13/04/1989 |  7949 | ALEX     | M      | MANAGER             | 7698 | 1982-01-24 | 1250 |  500 |     30 |       5 | QUARTERREST  | sales@2017 | 7156567183 |        1 |
|     30 | SALES      | CHICAGO  | sales@2017 | 13/04/1989 |  8433 | NATASHA  | F      | CLERK               | 7920 | 1981-07-19 | 1750 | NULL |     30 |       1 | NATASHA      | sales@2017 | NULL       |        1 |
|     40 | OPERATIONS | BOSTON   | opr@123    | 12/07/1989 |  NULL | NULL     | NULL   | NULL                | NULL | NULL       | NULL | NULL |   NULL |    NULL | NULL         | NULL       | NULL       |     NULL |
|     50 | HR         | PUNE     | PUN@8877   | 22/12/1989 |  6129 | VRUSHALI | F      | Compliance officers | 7920 | 1981-07-19 | 1750 | NULL |     50 |       1 | VRUSHALI     | PUN@8877   | NULL       |        1 |
|     50 | HR         | PUNE     | PUN@8877   | 22/12/1989 |  9400 | SANGITA  | F      | Compliance officers | 7920 | 1981-07-19 | 1750 | NULL |     50 |       1 | SANGITA      | NULL       | NULL       |        1 |
|     50 | HR         | PUNE     | PUN@8877   | 22/12/1989 |  9473 | SUPRIYA  | F      | ANALYST             | 7920 | 1981-07-19 | 1750 | NULL |     50 |       1 | SUPRIYA      | XYZ@1234   | NULL       |        1 |
+--------+------------+----------+------------+------------+-------+----------+--------+---------------------+------+------------+------+------+--------+---------+--------------+------------+------------+----------+
29 rows in set (0.00 sec)

mysql>
mysql>
mysql>
mysql>
mysql>
mysql>
mysql> select ename, job from emp;
+----------+---------------------+
| ename    | job                 |
+----------+---------------------+
| GITA     | Compliance officers |
| VRUSHALI | Compliance officers |
| SHARMIN  | Public Relation     |
| BANDISH  | Public Relation     |
| SMITH    | CLERK               |
| AARAV    | CLERK               |
| THOMAS   | CLERK               |
| ALLEN    | SALESMAN            |
| WARD     | SALESMAN            |
| JONES    | MANAGER             |
| MARTIN   | SALESMAN            |
| BLAKE    | MANAGER             |
| CLARK    | MANAGER             |
| SCOTT    | ANALYST             |
| KING     | PRESIDENT           |
| FRED     | vice PRESIDENT      |
| TURNER   | SALESMAN            |
| ADAMS    | CLERK               |
| JAMES    | CLERK               |
| FORD     | ANALYST             |
| HOFFMAN  | MANAGER             |
| GRASS    | SALESMAN            |
| MILLER   | CLERK               |
| AARUSH   | SALESMAN            |
| ALEX     | MANAGER             |
| NATASHA  | CLERK               |
| SANGITA  | Compliance officers |
| SUPRIYA  | ANALYST             |
+----------+---------------------+
28 rows in set (0.00 sec)

mysql> select * from emp_cards;
+----+-------+-----------------+----------+
| ID | empID | name            | isActive |
+----+-------+-----------------+----------+
|  1 |  7839 | Aadhaar         |        1 |
|  2 |  7839 | Driving Licence |        1 |
|  3 |  7839 | PAN             |        1 |
|  4 |  7839 | Voter ID        |        1 |
|  5 |  7839 | Passport        |        1 |
|  6 |  7839 | Debit           |        1 |
|  7 |  7839 | Credit          |        1 |
|  8 |  7698 | Aadhaar         |        1 |
|  9 |  7698 | Driving Licence |        0 |
| 10 |  7698 | PAN             |        1 |
| 11 |  7698 | Voter ID        |        1 |
| 12 |  7698 | Debit           |        1 |
| 13 |  7782 | Aadhaar         |        1 |
| 14 |  7782 | Driving Licence |        1 |
| 15 |  7782 | PAN             |        1 |
| 16 |  7782 | Passport        |        1 |
| 17 |  7782 | Debit           |        1 |
| 18 |  7566 | Aadhaar         |        1 |
| 19 |  7566 | Driving Licence |        1 |
| 20 |  7566 | PAN             |        1 |
| 21 |  7566 | Passport        |        1 |
| 22 |  7566 | Debit           |        1 |
| 23 |  7566 | Credit          |        1 |
| 24 |  7654 | Aadhaar         |        1 |
| 25 |  7654 | Driving Licence |        0 |
| 26 |  7654 | PAN             |        1 |
| 27 |  7654 | Voter ID        |        1 |
| 28 |  7654 | Passport        |        1 |
| 29 |  7654 | Debit           |        1 |
| 30 |  7654 | Credit          |        1 |
| 31 |  7499 | PAN             |        1 |
| 32 |  7499 | Driving Licence |        1 |
| 33 |  7844 | Aadhaar         |        1 |
| 34 |  7844 | Driving Licence |        1 |
| 35 |  7900 | Aadhaar         |        1 |
| 36 |  7900 | Driving Licence |        1 |
| 37 |  7900 | PAN             |        1 |
| 38 |  7900 | Voter ID        |        1 |
| 39 |  7521 | Driving Licence |        0 |
| 40 |  7521 | PAN             |        1 |
| 41 |  7521 | Debit           |        1 |
| 42 |  7521 | Credit          |        1 |
| 43 |  7902 | Aadhaar         |        1 |
| 44 |  7902 | PAN             |        1 |
| 45 |  7902 | Passport        |        1 |
| 46 |  7902 | Voter ID        |        1 |
| 47 |  7369 | Aadhaar         |        1 |
| 48 |  7788 | Aadhaar         |        1 |
| 49 |  7788 | Driving Licence |        1 |
| 50 |  7788 | PAN             |        1 |
| 51 |  7876 | Aadhaar         |        1 |
| 52 |  7876 | Driving Licence |        1 |
| 53 |  7876 | PAN             |        1 |
| 54 |  7876 | Voter ID        |        1 |
+----+-------+-----------------+----------+
54 rows in set (0.04 sec)

mysql> select empno, ename, job from emp;
+-------+----------+---------------------+
| empno | ename    | job                 |
+-------+----------+---------------------+
|  6001 | GITA     | Compliance officers |
|  6129 | VRUSHALI | Compliance officers |
|  6473 | SHARMIN  | Public Relation     |
|  6781 | BANDISH  | Public Relation     |
|  7369 | SMITH    | CLERK               |
|  7415 | AARAV    | CLERK               |
|  7421 | THOMAS   | CLERK               |
|  7499 | ALLEN    | SALESMAN            |
|  7521 | WARD     | SALESMAN            |
|  7566 | JONES    | MANAGER             |
|  7654 | MARTIN   | SALESMAN            |
|  7698 | BLAKE    | MANAGER             |
|  7782 | CLARK    | MANAGER             |
|  7788 | SCOTT    | ANALYST             |
|  7839 | KING     | PRESIDENT           |
|  7840 | FRED     | vice PRESIDENT      |
|  7844 | TURNER   | SALESMAN            |
|  7876 | ADAMS    | CLERK               |
|  7900 | JAMES    | CLERK               |
|  7902 | FORD     | ANALYST             |
|  7919 | HOFFMAN  | MANAGER             |
|  7920 | GRASS    | SALESMAN            |
|  7934 | MILLER   | CLERK               |
|  7945 | AARUSH   | SALESMAN            |
|  7949 | ALEX     | MANAGER             |
|  8433 | NATASHA  | CLERK               |
|  9400 | SANGITA  | Compliance officers |
|  9473 | SUPRIYA  | ANALYST             |
+-------+----------+---------------------+
28 rows in set (0.00 sec)

mysql> select * from emp_cards;
+----+-------+-----------------+----------+
| ID | empID | name            | isActive |
+----+-------+-----------------+----------+
|  1 |  7839 | Aadhaar         |        1 |
|  2 |  7839 | Driving Licence |        1 |
|  3 |  7839 | PAN             |        1 |
|  4 |  7839 | Voter ID        |        1 |
|  5 |  7839 | Passport        |        1 |
|  6 |  7839 | Debit           |        1 |
|  7 |  7839 | Credit          |        1 |
|  8 |  7698 | Aadhaar         |        1 |
|  9 |  7698 | Driving Licence |        0 |
| 10 |  7698 | PAN             |        1 |
| 11 |  7698 | Voter ID        |        1 |
| 12 |  7698 | Debit           |        1 |
| 13 |  7782 | Aadhaar         |        1 |
| 14 |  7782 | Driving Licence |        1 |
| 15 |  7782 | PAN             |        1 |
| 16 |  7782 | Passport        |        1 |
| 17 |  7782 | Debit           |        1 |
| 18 |  7566 | Aadhaar         |        1 |
| 19 |  7566 | Driving Licence |        1 |
| 20 |  7566 | PAN             |        1 |
| 21 |  7566 | Passport        |        1 |
| 22 |  7566 | Debit           |        1 |
| 23 |  7566 | Credit          |        1 |
| 24 |  7654 | Aadhaar         |        1 |
| 25 |  7654 | Driving Licence |        0 |
| 26 |  7654 | PAN             |        1 |
| 27 |  7654 | Voter ID        |        1 |
| 28 |  7654 | Passport        |        1 |
| 29 |  7654 | Debit           |        1 |
| 30 |  7654 | Credit          |        1 |
| 31 |  7499 | PAN             |        1 |
| 32 |  7499 | Driving Licence |        1 |
| 33 |  7844 | Aadhaar         |        1 |
| 34 |  7844 | Driving Licence |        1 |
| 35 |  7900 | Aadhaar         |        1 |
| 36 |  7900 | Driving Licence |        1 |
| 37 |  7900 | PAN             |        1 |
| 38 |  7900 | Voter ID        |        1 |
| 39 |  7521 | Driving Licence |        0 |
| 40 |  7521 | PAN             |        1 |
| 41 |  7521 | Debit           |        1 |
| 42 |  7521 | Credit          |        1 |
| 43 |  7902 | Aadhaar         |        1 |
| 44 |  7902 | PAN             |        1 |
| 45 |  7902 | Passport        |        1 |
| 46 |  7902 | Voter ID        |        1 |
| 47 |  7369 | Aadhaar         |        1 |
| 48 |  7788 | Aadhaar         |        1 |
| 49 |  7788 | Driving Licence |        1 |
| 50 |  7788 | PAN             |        1 |
| 51 |  7876 | Aadhaar         |        1 |
| 52 |  7876 | Driving Licence |        1 |
| 53 |  7876 | PAN             |        1 |
| 54 |  7876 | Voter ID        |        1 |
+----+-------+-----------------+----------+
54 rows in set (0.00 sec)

mysql>
mysql> select ename, name from emp, emp_cards  where emp.empno=emp_cards.empid;
+--------+-----------------+
| ename  | name            |
+--------+-----------------+
| KING   | Aadhaar         |
| KING   | Driving Licence |
| KING   | PAN             |
| KING   | Voter ID        |
| KING   | Passport        |
| KING   | Debit           |
| KING   | Credit          |
| BLAKE  | Aadhaar         |
| BLAKE  | Driving Licence |
| BLAKE  | PAN             |
| BLAKE  | Voter ID        |
| BLAKE  | Debit           |
| CLARK  | Aadhaar         |
| CLARK  | Driving Licence |
| CLARK  | PAN             |
| CLARK  | Passport        |
| CLARK  | Debit           |
| JONES  | Aadhaar         |
| JONES  | Driving Licence |
| JONES  | PAN             |
| JONES  | Passport        |
| JONES  | Debit           |
| JONES  | Credit          |
| MARTIN | Aadhaar         |
| MARTIN | Driving Licence |
| MARTIN | PAN             |
| MARTIN | Voter ID        |
| MARTIN | Passport        |
| MARTIN | Debit           |
| MARTIN | Credit          |
| ALLEN  | PAN             |
| ALLEN  | Driving Licence |
| TURNER | Aadhaar         |
| TURNER | Driving Licence |
| JAMES  | Aadhaar         |
| JAMES  | Driving Licence |
| JAMES  | PAN             |
| JAMES  | Voter ID        |
| WARD   | Driving Licence |
| WARD   | PAN             |
| WARD   | Debit           |
| WARD   | Credit          |
| FORD   | Aadhaar         |
| FORD   | PAN             |
| FORD   | Passport        |
| FORD   | Voter ID        |
| SMITH  | Aadhaar         |
| SCOTT  | Aadhaar         |
| SCOTT  | Driving Licence |
| SCOTT  | PAN             |
| ADAMS  | Aadhaar         |
| ADAMS  | Driving Licence |
| ADAMS  | PAN             |
| ADAMS  | Voter ID        |
+--------+-----------------+
54 rows in set (0.00 sec)

mysql> select ename, name from emp, emp_cards  where emp.empno<>emp_cards.empid;
+----------+-----------------+
| ename    | name            |
+----------+-----------------+
| SUPRIYA  | Aadhaar         |
| SANGITA  | Aadhaar         |
| NATASHA  | Aadhaar         |
| ALEX     | Aadhaar         |
| AARUSH   | Aadhaar         |
| MILLER   | Aadhaar         |
| GRASS    | Aadhaar         |
| HOFFMAN  | Aadhaar         |
| FORD     | Aadhaar         |
| JAMES    | Aadhaar         |
| ADAMS    | Aadhaar         |
| TURNER   | Aadhaar         |
| FRED     | Aadhaar         |
| SCOTT    | Aadhaar         |
| CLARK    | Aadhaar         |
| BLAKE    | Aadhaar         |
| MARTIN   | Aadhaar         |
| JONES    | Aadhaar         |
| WARD     | Aadhaar         |
| ALLEN    | Aadhaar         |
| THOMAS   | Aadhaar         |
| AARAV    | Aadhaar         |
| SMITH    | Aadhaar         |
| BANDISH  | Aadhaar         |
| SHARMIN  | Aadhaar         |
| VRUSHALI | Aadhaar         |
| GITA     | Aadhaar         |
| SUPRIYA  | Driving Licence |
| SANGITA  | Driving Licence |
| NATASHA  | Driving Licence |
| ALEX     | Driving Licence |
| AARUSH   | Driving Licence |
| MILLER   | Driving Licence |
| GRASS    | Driving Licence |
| HOFFMAN  | Driving Licence |
| FORD     | Driving Licence |
| JAMES    | Driving Licence |
| ADAMS    | Driving Licence |
| TURNER   | Driving Licence |
| FRED     | Driving Licence |
| SCOTT    | Driving Licence |
| CLARK    | Driving Licence |
| BLAKE    | Driving Licence |
| MARTIN   | Driving Licence |
| JONES    | Driving Licence |
| WARD     | Driving Licence |
| ALLEN    | Driving Licence |
| THOMAS   | Driving Licence |
| AARAV    | Driving Licence |
| SMITH    | Driving Licence |
| BANDISH  | Driving Licence |
| SHARMIN  | Driving Licence |
| VRUSHALI | Driving Licence |
| GITA     | Driving Licence |
| SUPRIYA  | PAN             |
| SANGITA  | PAN             |
| NATASHA  | PAN             |
| ALEX     | PAN             |
| AARUSH   | PAN             |
| MILLER   | PAN             |
| GRASS    | PAN             |
| HOFFMAN  | PAN             |
| FORD     | PAN             |
| JAMES    | PAN             |
| ADAMS    | PAN             |
| TURNER   | PAN             |
| FRED     | PAN             |
| SCOTT    | PAN             |
| CLARK    | PAN             |
| BLAKE    | PAN             |
| MARTIN   | PAN             |
| JONES    | PAN             |
| WARD     | PAN             |
| ALLEN    | PAN             |
| THOMAS   | PAN             |
| AARAV    | PAN             |
| SMITH    | PAN             |
| BANDISH  | PAN             |
| SHARMIN  | PAN             |
| VRUSHALI | PAN             |
| GITA     | PAN             |
| SUPRIYA  | Voter ID        |
| SANGITA  | Voter ID        |
| NATASHA  | Voter ID        |
| ALEX     | Voter ID        |
| AARUSH   | Voter ID        |
| MILLER   | Voter ID        |
| GRASS    | Voter ID        |
| HOFFMAN  | Voter ID        |
| FORD     | Voter ID        |
| JAMES    | Voter ID        |
| ADAMS    | Voter ID        |
| TURNER   | Voter ID        |
| FRED     | Voter ID        |
| SCOTT    | Voter ID        |
| CLARK    | Voter ID        |
| BLAKE    | Voter ID        |
| MARTIN   | Voter ID        |
| JONES    | Voter ID        |
| WARD     | Voter ID        |
| ALLEN    | Voter ID        |
| THOMAS   | Voter ID        |
| AARAV    | Voter ID        |
| SMITH    | Voter ID        |
| BANDISH  | Voter ID        |
| SHARMIN  | Voter ID        |
| VRUSHALI | Voter ID        |
| GITA     | Voter ID        |
| SUPRIYA  | Passport        |
| SANGITA  | Passport        |
| NATASHA  | Passport        |
| ALEX     | Passport        |
| AARUSH   | Passport        |
| MILLER   | Passport        |
| GRASS    | Passport        |
| HOFFMAN  | Passport        |
| FORD     | Passport        |
| JAMES    | Passport        |
| ADAMS    | Passport        |
| TURNER   | Passport        |
| FRED     | Passport        |
| SCOTT    | Passport        |
| CLARK    | Passport        |
| BLAKE    | Passport        |
| MARTIN   | Passport        |
| JONES    | Passport        |
| WARD     | Passport        |
| ALLEN    | Passport        |
| THOMAS   | Passport        |
| AARAV    | Passport        |
| SMITH    | Passport        |
| BANDISH  | Passport        |
| SHARMIN  | Passport        |
| VRUSHALI | Passport        |
| GITA     | Passport        |
| SUPRIYA  | Debit           |
| SANGITA  | Debit           |
| NATASHA  | Debit           |
| ALEX     | Debit           |
| AARUSH   | Debit           |
| MILLER   | Debit           |
| GRASS    | Debit           |
| HOFFMAN  | Debit           |
| FORD     | Debit           |
| JAMES    | Debit           |
| ADAMS    | Debit           |
| TURNER   | Debit           |
| FRED     | Debit           |
| SCOTT    | Debit           |
| CLARK    | Debit           |
| BLAKE    | Debit           |
| MARTIN   | Debit           |
| JONES    | Debit           |
| WARD     | Debit           |
| ALLEN    | Debit           |
| THOMAS   | Debit           |
| AARAV    | Debit           |
| SMITH    | Debit           |
| BANDISH  | Debit           |
| SHARMIN  | Debit           |
| VRUSHALI | Debit           |
| GITA     | Debit           |
| SUPRIYA  | Credit          |
| SANGITA  | Credit          |
| NATASHA  | Credit          |
| ALEX     | Credit          |
| AARUSH   | Credit          |
| MILLER   | Credit          |
| GRASS    | Credit          |
| HOFFMAN  | Credit          |
| FORD     | Credit          |
| JAMES    | Credit          |
| ADAMS    | Credit          |
| TURNER   | Credit          |
| FRED     | Credit          |
| SCOTT    | Credit          |
| CLARK    | Credit          |
| BLAKE    | Credit          |
| MARTIN   | Credit          |
| JONES    | Credit          |
| WARD     | Credit          |
| ALLEN    | Credit          |
| THOMAS   | Credit          |
| AARAV    | Credit          |
| SMITH    | Credit          |
| BANDISH  | Credit          |
| SHARMIN  | Credit          |
| VRUSHALI | Credit          |
| GITA     | Credit          |
| SUPRIYA  | Aadhaar         |
| SANGITA  | Aadhaar         |
| NATASHA  | Aadhaar         |
| ALEX     | Aadhaar         |
| AARUSH   | Aadhaar         |
| MILLER   | Aadhaar         |
| GRASS    | Aadhaar         |
| HOFFMAN  | Aadhaar         |
| FORD     | Aadhaar         |
| JAMES    | Aadhaar         |
| ADAMS    | Aadhaar         |
| TURNER   | Aadhaar         |
| FRED     | Aadhaar         |
| KING     | Aadhaar         |
| SCOTT    | Aadhaar         |
| CLARK    | Aadhaar         |
| MARTIN   | Aadhaar         |
| JONES    | Aadhaar         |
| WARD     | Aadhaar         |
| ALLEN    | Aadhaar         |
| THOMAS   | Aadhaar         |
| AARAV    | Aadhaar         |
| SMITH    | Aadhaar         |
| BANDISH  | Aadhaar         |
| SHARMIN  | Aadhaar         |
| VRUSHALI | Aadhaar         |
| GITA     | Aadhaar         |
| SUPRIYA  | Driving Licence |
| SANGITA  | Driving Licence |
| NATASHA  | Driving Licence |
| ALEX     | Driving Licence |
| AARUSH   | Driving Licence |
| MILLER   | Driving Licence |
| GRASS    | Driving Licence |
| HOFFMAN  | Driving Licence |
| FORD     | Driving Licence |
| JAMES    | Driving Licence |
| ADAMS    | Driving Licence |
| TURNER   | Driving Licence |
| FRED     | Driving Licence |
| KING     | Driving Licence |
| SCOTT    | Driving Licence |
| CLARK    | Driving Licence |
| MARTIN   | Driving Licence |
| JONES    | Driving Licence |
| WARD     | Driving Licence |
| ALLEN    | Driving Licence |
| THOMAS   | Driving Licence |
| AARAV    | Driving Licence |
| SMITH    | Driving Licence |
| BANDISH  | Driving Licence |
| SHARMIN  | Driving Licence |
| VRUSHALI | Driving Licence |
| GITA     | Driving Licence |
| SUPRIYA  | PAN             |
| SANGITA  | PAN             |
| NATASHA  | PAN             |
| ALEX     | PAN             |
| AARUSH   | PAN             |
| MILLER   | PAN             |
| GRASS    | PAN             |
| HOFFMAN  | PAN             |
| FORD     | PAN             |
| JAMES    | PAN             |
| ADAMS    | PAN             |
| TURNER   | PAN             |
| FRED     | PAN             |
| KING     | PAN             |
| SCOTT    | PAN             |
| CLARK    | PAN             |
| MARTIN   | PAN             |
| JONES    | PAN             |
| WARD     | PAN             |
| ALLEN    | PAN             |
| THOMAS   | PAN             |
| AARAV    | PAN             |
| SMITH    | PAN             |
| BANDISH  | PAN             |
| SHARMIN  | PAN             |
| VRUSHALI | PAN             |
| GITA     | PAN             |
| SUPRIYA  | Voter ID        |
| SANGITA  | Voter ID        |
| NATASHA  | Voter ID        |
| ALEX     | Voter ID        |
| AARUSH   | Voter ID        |
| MILLER   | Voter ID        |
| GRASS    | Voter ID        |
| HOFFMAN  | Voter ID        |
| FORD     | Voter ID        |
| JAMES    | Voter ID        |
| ADAMS    | Voter ID        |
| TURNER   | Voter ID        |
| FRED     | Voter ID        |
| KING     | Voter ID        |
| SCOTT    | Voter ID        |
| CLARK    | Voter ID        |
| MARTIN   | Voter ID        |
| JONES    | Voter ID        |
| WARD     | Voter ID        |
| ALLEN    | Voter ID        |
| THOMAS   | Voter ID        |
| AARAV    | Voter ID        |
| SMITH    | Voter ID        |
| BANDISH  | Voter ID        |
| SHARMIN  | Voter ID        |
| VRUSHALI | Voter ID        |
| GITA     | Voter ID        |
| SUPRIYA  | Debit           |
| SANGITA  | Debit           |
| NATASHA  | Debit           |
| ALEX     | Debit           |
| AARUSH   | Debit           |
| MILLER   | Debit           |
| GRASS    | Debit           |
| HOFFMAN  | Debit           |
| FORD     | Debit           |
| JAMES    | Debit           |
| ADAMS    | Debit           |
| TURNER   | Debit           |
| FRED     | Debit           |
| KING     | Debit           |
| SCOTT    | Debit           |
| CLARK    | Debit           |
| MARTIN   | Debit           |
| JONES    | Debit           |
| WARD     | Debit           |
| ALLEN    | Debit           |
| THOMAS   | Debit           |
| AARAV    | Debit           |
| SMITH    | Debit           |
| BANDISH  | Debit           |
| SHARMIN  | Debit           |
| VRUSHALI | Debit           |
| GITA     | Debit           |
| SUPRIYA  | Aadhaar         |
| SANGITA  | Aadhaar         |
| NATASHA  | Aadhaar         |
| ALEX     | Aadhaar         |
| AARUSH   | Aadhaar         |
| MILLER   | Aadhaar         |
| GRASS    | Aadhaar         |
| HOFFMAN  | Aadhaar         |
| FORD     | Aadhaar         |
| JAMES    | Aadhaar         |
| ADAMS    | Aadhaar         |
| TURNER   | Aadhaar         |
| FRED     | Aadhaar         |
| KING     | Aadhaar         |
| SCOTT    | Aadhaar         |
| BLAKE    | Aadhaar         |
| MARTIN   | Aadhaar         |
| JONES    | Aadhaar         |
| WARD     | Aadhaar         |
| ALLEN    | Aadhaar         |
| THOMAS   | Aadhaar         |
| AARAV    | Aadhaar         |
| SMITH    | Aadhaar         |
| BANDISH  | Aadhaar         |
| SHARMIN  | Aadhaar         |
| VRUSHALI | Aadhaar         |
| GITA     | Aadhaar         |
| SUPRIYA  | Driving Licence |
| SANGITA  | Driving Licence |
| NATASHA  | Driving Licence |
| ALEX     | Driving Licence |
| AARUSH   | Driving Licence |
| MILLER   | Driving Licence |
| GRASS    | Driving Licence |
| HOFFMAN  | Driving Licence |
| FORD     | Driving Licence |
| JAMES    | Driving Licence |
| ADAMS    | Driving Licence |
| TURNER   | Driving Licence |
| FRED     | Driving Licence |
| KING     | Driving Licence |
| SCOTT    | Driving Licence |
| BLAKE    | Driving Licence |
| MARTIN   | Driving Licence |
| JONES    | Driving Licence |
| WARD     | Driving Licence |
| ALLEN    | Driving Licence |
| THOMAS   | Driving Licence |
| AARAV    | Driving Licence |
| SMITH    | Driving Licence |
| BANDISH  | Driving Licence |
| SHARMIN  | Driving Licence |
| VRUSHALI | Driving Licence |
| GITA     | Driving Licence |
| SUPRIYA  | PAN             |
| SANGITA  | PAN             |
| NATASHA  | PAN             |
| ALEX     | PAN             |
| AARUSH   | PAN             |
| MILLER   | PAN             |
| GRASS    | PAN             |
| HOFFMAN  | PAN             |
| FORD     | PAN             |
| JAMES    | PAN             |
| ADAMS    | PAN             |
| TURNER   | PAN             |
| FRED     | PAN             |
| KING     | PAN             |
| SCOTT    | PAN             |
| BLAKE    | PAN             |
| MARTIN   | PAN             |
| JONES    | PAN             |
| WARD     | PAN             |
| ALLEN    | PAN             |
| THOMAS   | PAN             |
| AARAV    | PAN             |
| SMITH    | PAN             |
| BANDISH  | PAN             |
| SHARMIN  | PAN             |
| VRUSHALI | PAN             |
| GITA     | PAN             |
| SUPRIYA  | Passport        |
| SANGITA  | Passport        |
| NATASHA  | Passport        |
| ALEX     | Passport        |
| AARUSH   | Passport        |
| MILLER   | Passport        |
| GRASS    | Passport        |
| HOFFMAN  | Passport        |
| FORD     | Passport        |
| JAMES    | Passport        |
| ADAMS    | Passport        |
| TURNER   | Passport        |
| FRED     | Passport        |
| KING     | Passport        |
| SCOTT    | Passport        |
| BLAKE    | Passport        |
| MARTIN   | Passport        |
| JONES    | Passport        |
| WARD     | Passport        |
| ALLEN    | Passport        |
| THOMAS   | Passport        |
| AARAV    | Passport        |
| SMITH    | Passport        |
| BANDISH  | Passport        |
| SHARMIN  | Passport        |
| VRUSHALI | Passport        |
| GITA     | Passport        |
| SUPRIYA  | Debit           |
| SANGITA  | Debit           |
| NATASHA  | Debit           |
| ALEX     | Debit           |
| AARUSH   | Debit           |
| MILLER   | Debit           |
| GRASS    | Debit           |
| HOFFMAN  | Debit           |
| FORD     | Debit           |
| JAMES    | Debit           |
| ADAMS    | Debit           |
| TURNER   | Debit           |
| FRED     | Debit           |
| KING     | Debit           |
| SCOTT    | Debit           |
| BLAKE    | Debit           |
| MARTIN   | Debit           |
| JONES    | Debit           |
| WARD     | Debit           |
| ALLEN    | Debit           |
| THOMAS   | Debit           |
| AARAV    | Debit           |
| SMITH    | Debit           |
| BANDISH  | Debit           |
| SHARMIN  | Debit           |
| VRUSHALI | Debit           |
| GITA     | Debit           |
| SUPRIYA  | Aadhaar         |
| SANGITA  | Aadhaar         |
| NATASHA  | Aadhaar         |
| ALEX     | Aadhaar         |
| AARUSH   | Aadhaar         |
| MILLER   | Aadhaar         |
| GRASS    | Aadhaar         |
| HOFFMAN  | Aadhaar         |
| FORD     | Aadhaar         |
| JAMES    | Aadhaar         |
| ADAMS    | Aadhaar         |
| TURNER   | Aadhaar         |
| FRED     | Aadhaar         |
| KING     | Aadhaar         |
| SCOTT    | Aadhaar         |
| CLARK    | Aadhaar         |
| BLAKE    | Aadhaar         |
| MARTIN   | Aadhaar         |
| WARD     | Aadhaar         |
| ALLEN    | Aadhaar         |
| THOMAS   | Aadhaar         |
| AARAV    | Aadhaar         |
| SMITH    | Aadhaar         |
| BANDISH  | Aadhaar         |
| SHARMIN  | Aadhaar         |
| VRUSHALI | Aadhaar         |
| GITA     | Aadhaar         |
| SUPRIYA  | Driving Licence |
| SANGITA  | Driving Licence |
| NATASHA  | Driving Licence |
| ALEX     | Driving Licence |
| AARUSH   | Driving Licence |
| MILLER   | Driving Licence |
| GRASS    | Driving Licence |
| HOFFMAN  | Driving Licence |
| FORD     | Driving Licence |
| JAMES    | Driving Licence |
| ADAMS    | Driving Licence |
| TURNER   | Driving Licence |
| FRED     | Driving Licence |
| KING     | Driving Licence |
| SCOTT    | Driving Licence |
| CLARK    | Driving Licence |
| BLAKE    | Driving Licence |
| MARTIN   | Driving Licence |
| WARD     | Driving Licence |
| ALLEN    | Driving Licence |
| THOMAS   | Driving Licence |
| AARAV    | Driving Licence |
| SMITH    | Driving Licence |
| BANDISH  | Driving Licence |
| SHARMIN  | Driving Licence |
| VRUSHALI | Driving Licence |
| GITA     | Driving Licence |
| SUPRIYA  | PAN             |
| SANGITA  | PAN             |
| NATASHA  | PAN             |
| ALEX     | PAN             |
| AARUSH   | PAN             |
| MILLER   | PAN             |
| GRASS    | PAN             |
| HOFFMAN  | PAN             |
| FORD     | PAN             |
| JAMES    | PAN             |
| ADAMS    | PAN             |
| TURNER   | PAN             |
| FRED     | PAN             |
| KING     | PAN             |
| SCOTT    | PAN             |
| CLARK    | PAN             |
| BLAKE    | PAN             |
| MARTIN   | PAN             |
| WARD     | PAN             |
| ALLEN    | PAN             |
| THOMAS   | PAN             |
| AARAV    | PAN             |
| SMITH    | PAN             |
| BANDISH  | PAN             |
| SHARMIN  | PAN             |
| VRUSHALI | PAN             |
| GITA     | PAN             |
| SUPRIYA  | Passport        |
| SANGITA  | Passport        |
| NATASHA  | Passport        |
| ALEX     | Passport        |
| AARUSH   | Passport        |
| MILLER   | Passport        |
| GRASS    | Passport        |
| HOFFMAN  | Passport        |
| FORD     | Passport        |
| JAMES    | Passport        |
| ADAMS    | Passport        |
| TURNER   | Passport        |
| FRED     | Passport        |
| KING     | Passport        |
| SCOTT    | Passport        |
| CLARK    | Passport        |
| BLAKE    | Passport        |
| MARTIN   | Passport        |
| WARD     | Passport        |
| ALLEN    | Passport        |
| THOMAS   | Passport        |
| AARAV    | Passport        |
| SMITH    | Passport        |
| BANDISH  | Passport        |
| SHARMIN  | Passport        |
| VRUSHALI | Passport        |
| GITA     | Passport        |
| SUPRIYA  | Debit           |
| SANGITA  | Debit           |
| NATASHA  | Debit           |
| ALEX     | Debit           |
| AARUSH   | Debit           |
| MILLER   | Debit           |
| GRASS    | Debit           |
| HOFFMAN  | Debit           |
| FORD     | Debit           |
| JAMES    | Debit           |
| ADAMS    | Debit           |
| TURNER   | Debit           |
| FRED     | Debit           |
| KING     | Debit           |
| SCOTT    | Debit           |
| CLARK    | Debit           |
| BLAKE    | Debit           |
| MARTIN   | Debit           |
| WARD     | Debit           |
| ALLEN    | Debit           |
| THOMAS   | Debit           |
| AARAV    | Debit           |
| SMITH    | Debit           |
| BANDISH  | Debit           |
| SHARMIN  | Debit           |
| VRUSHALI | Debit           |
| GITA     | Debit           |
| SUPRIYA  | Credit          |
| SANGITA  | Credit          |
| NATASHA  | Credit          |
| ALEX     | Credit          |
| AARUSH   | Credit          |
| MILLER   | Credit          |
| GRASS    | Credit          |
| HOFFMAN  | Credit          |
| FORD     | Credit          |
| JAMES    | Credit          |
| ADAMS    | Credit          |
| TURNER   | Credit          |
| FRED     | Credit          |
| KING     | Credit          |
| SCOTT    | Credit          |
| CLARK    | Credit          |
| BLAKE    | Credit          |
| MARTIN   | Credit          |
| WARD     | Credit          |
| ALLEN    | Credit          |
| THOMAS   | Credit          |
| AARAV    | Credit          |
| SMITH    | Credit          |
| BANDISH  | Credit          |
| SHARMIN  | Credit          |
| VRUSHALI | Credit          |
| GITA     | Credit          |
| SUPRIYA  | Aadhaar         |
| SANGITA  | Aadhaar         |
| NATASHA  | Aadhaar         |
| ALEX     | Aadhaar         |
| AARUSH   | Aadhaar         |
| MILLER   | Aadhaar         |
| GRASS    | Aadhaar         |
| HOFFMAN  | Aadhaar         |
| FORD     | Aadhaar         |
| JAMES    | Aadhaar         |
| ADAMS    | Aadhaar         |
| TURNER   | Aadhaar         |
| FRED     | Aadhaar         |
| KING     | Aadhaar         |
| SCOTT    | Aadhaar         |
| CLARK    | Aadhaar         |
| BLAKE    | Aadhaar         |
| JONES    | Aadhaar         |
| WARD     | Aadhaar         |
| ALLEN    | Aadhaar         |
| THOMAS   | Aadhaar         |
| AARAV    | Aadhaar         |
| SMITH    | Aadhaar         |
| BANDISH  | Aadhaar         |
| SHARMIN  | Aadhaar         |
| VRUSHALI | Aadhaar         |
| GITA     | Aadhaar         |
| SUPRIYA  | Driving Licence |
| SANGITA  | Driving Licence |
| NATASHA  | Driving Licence |
| ALEX     | Driving Licence |
| AARUSH   | Driving Licence |
| MILLER   | Driving Licence |
| GRASS    | Driving Licence |
| HOFFMAN  | Driving Licence |
| FORD     | Driving Licence |
| JAMES    | Driving Licence |
| ADAMS    | Driving Licence |
| TURNER   | Driving Licence |
| FRED     | Driving Licence |
| KING     | Driving Licence |
| SCOTT    | Driving Licence |
| CLARK    | Driving Licence |
| BLAKE    | Driving Licence |
| JONES    | Driving Licence |
| WARD     | Driving Licence |
| ALLEN    | Driving Licence |
| THOMAS   | Driving Licence |
| AARAV    | Driving Licence |
| SMITH    | Driving Licence |
| BANDISH  | Driving Licence |
| SHARMIN  | Driving Licence |
| VRUSHALI | Driving Licence |
| GITA     | Driving Licence |
| SUPRIYA  | PAN             |
| SANGITA  | PAN             |
| NATASHA  | PAN             |
| ALEX     | PAN             |
| AARUSH   | PAN             |
| MILLER   | PAN             |
| GRASS    | PAN             |
| HOFFMAN  | PAN             |
| FORD     | PAN             |
| JAMES    | PAN             |
| ADAMS    | PAN             |
| TURNER   | PAN             |
| FRED     | PAN             |
| KING     | PAN             |
| SCOTT    | PAN             |
| CLARK    | PAN             |
| BLAKE    | PAN             |
| JONES    | PAN             |
| WARD     | PAN             |
| ALLEN    | PAN             |
| THOMAS   | PAN             |
| AARAV    | PAN             |
| SMITH    | PAN             |
| BANDISH  | PAN             |
| SHARMIN  | PAN             |
| VRUSHALI | PAN             |
| GITA     | PAN             |
| SUPRIYA  | Voter ID        |
| SANGITA  | Voter ID        |
| NATASHA  | Voter ID        |
| ALEX     | Voter ID        |
| AARUSH   | Voter ID        |
| MILLER   | Voter ID        |
| GRASS    | Voter ID        |
| HOFFMAN  | Voter ID        |
| FORD     | Voter ID        |
| JAMES    | Voter ID        |
| ADAMS    | Voter ID        |
| TURNER   | Voter ID        |
| FRED     | Voter ID        |
| KING     | Voter ID        |
| SCOTT    | Voter ID        |
| CLARK    | Voter ID        |
| BLAKE    | Voter ID        |
| JONES    | Voter ID        |
| WARD     | Voter ID        |
| ALLEN    | Voter ID        |
| THOMAS   | Voter ID        |
| AARAV    | Voter ID        |
| SMITH    | Voter ID        |
| BANDISH  | Voter ID        |
| SHARMIN  | Voter ID        |
| VRUSHALI | Voter ID        |
| GITA     | Voter ID        |
| SUPRIYA  | Passport        |
| SANGITA  | Passport        |
| NATASHA  | Passport        |
| ALEX     | Passport        |
| AARUSH   | Passport        |
| MILLER   | Passport        |
| GRASS    | Passport        |
| HOFFMAN  | Passport        |
| FORD     | Passport        |
| JAMES    | Passport        |
| ADAMS    | Passport        |
| TURNER   | Passport        |
| FRED     | Passport        |
| KING     | Passport        |
| SCOTT    | Passport        |
| CLARK    | Passport        |
| BLAKE    | Passport        |
| JONES    | Passport        |
| WARD     | Passport        |
| ALLEN    | Passport        |
| THOMAS   | Passport        |
| AARAV    | Passport        |
| SMITH    | Passport        |
| BANDISH  | Passport        |
| SHARMIN  | Passport        |
| VRUSHALI | Passport        |
| GITA     | Passport        |
| SUPRIYA  | Debit           |
| SANGITA  | Debit           |
| NATASHA  | Debit           |
| ALEX     | Debit           |
| AARUSH   | Debit           |
| MILLER   | Debit           |
| GRASS    | Debit           |
| HOFFMAN  | Debit           |
| FORD     | Debit           |
| JAMES    | Debit           |
| ADAMS    | Debit           |
| TURNER   | Debit           |
| FRED     | Debit           |
| KING     | Debit           |
| SCOTT    | Debit           |
| CLARK    | Debit           |
| BLAKE    | Debit           |
| JONES    | Debit           |
| WARD     | Debit           |
| ALLEN    | Debit           |
| THOMAS   | Debit           |
| AARAV    | Debit           |
| SMITH    | Debit           |
| BANDISH  | Debit           |
| SHARMIN  | Debit           |
| VRUSHALI | Debit           |
| GITA     | Debit           |
| SUPRIYA  | Credit          |
| SANGITA  | Credit          |
| NATASHA  | Credit          |
| ALEX     | Credit          |
| AARUSH   | Credit          |
| MILLER   | Credit          |
| GRASS    | Credit          |
| HOFFMAN  | Credit          |
| FORD     | Credit          |
| JAMES    | Credit          |
| ADAMS    | Credit          |
| TURNER   | Credit          |
| FRED     | Credit          |
| KING     | Credit          |
| SCOTT    | Credit          |
| CLARK    | Credit          |
| BLAKE    | Credit          |
| JONES    | Credit          |
| WARD     | Credit          |
| ALLEN    | Credit          |
| THOMAS   | Credit          |
| AARAV    | Credit          |
| SMITH    | Credit          |
| BANDISH  | Credit          |
| SHARMIN  | Credit          |
| VRUSHALI | Credit          |
| GITA     | Credit          |
| SUPRIYA  | PAN             |
| SANGITA  | PAN             |
| NATASHA  | PAN             |
| ALEX     | PAN             |
| AARUSH   | PAN             |
| MILLER   | PAN             |
| GRASS    | PAN             |
| HOFFMAN  | PAN             |
| FORD     | PAN             |
| JAMES    | PAN             |
| ADAMS    | PAN             |
| TURNER   | PAN             |
| FRED     | PAN             |
| KING     | PAN             |
| SCOTT    | PAN             |
| CLARK    | PAN             |
| BLAKE    | PAN             |
| MARTIN   | PAN             |
| JONES    | PAN             |
| WARD     | PAN             |
| THOMAS   | PAN             |
| AARAV    | PAN             |
| SMITH    | PAN             |
| BANDISH  | PAN             |
| SHARMIN  | PAN             |
| VRUSHALI | PAN             |
| GITA     | PAN             |
| SUPRIYA  | Driving Licence |
| SANGITA  | Driving Licence |
| NATASHA  | Driving Licence |
| ALEX     | Driving Licence |
| AARUSH   | Driving Licence |
| MILLER   | Driving Licence |
| GRASS    | Driving Licence |
| HOFFMAN  | Driving Licence |
| FORD     | Driving Licence |
| JAMES    | Driving Licence |
| ADAMS    | Driving Licence |
| TURNER   | Driving Licence |
| FRED     | Driving Licence |
| KING     | Driving Licence |
| SCOTT    | Driving Licence |
| CLARK    | Driving Licence |
| BLAKE    | Driving Licence |
| MARTIN   | Driving Licence |
| JONES    | Driving Licence |
| WARD     | Driving Licence |
| THOMAS   | Driving Licence |
| AARAV    | Driving Licence |
| SMITH    | Driving Licence |
| BANDISH  | Driving Licence |
| SHARMIN  | Driving Licence |
| VRUSHALI | Driving Licence |
| GITA     | Driving Licence |
| SUPRIYA  | Aadhaar         |
| SANGITA  | Aadhaar         |
| NATASHA  | Aadhaar         |
| ALEX     | Aadhaar         |
| AARUSH   | Aadhaar         |
| MILLER   | Aadhaar         |
| GRASS    | Aadhaar         |
| HOFFMAN  | Aadhaar         |
| FORD     | Aadhaar         |
| JAMES    | Aadhaar         |
| ADAMS    | Aadhaar         |
| FRED     | Aadhaar         |
| KING     | Aadhaar         |
| SCOTT    | Aadhaar         |
| CLARK    | Aadhaar         |
| BLAKE    | Aadhaar         |
| MARTIN   | Aadhaar         |
| JONES    | Aadhaar         |
| WARD     | Aadhaar         |
| ALLEN    | Aadhaar         |
| THOMAS   | Aadhaar         |
| AARAV    | Aadhaar         |
| SMITH    | Aadhaar         |
| BANDISH  | Aadhaar         |
| SHARMIN  | Aadhaar         |
| VRUSHALI | Aadhaar         |
| GITA     | Aadhaar         |
| SUPRIYA  | Driving Licence |
| SANGITA  | Driving Licence |
| NATASHA  | Driving Licence |
| ALEX     | Driving Licence |
| AARUSH   | Driving Licence |
| MILLER   | Driving Licence |
| GRASS    | Driving Licence |
| HOFFMAN  | Driving Licence |
| FORD     | Driving Licence |
| JAMES    | Driving Licence |
| ADAMS    | Driving Licence |
| FRED     | Driving Licence |
| KING     | Driving Licence |
| SCOTT    | Driving Licence |
| CLARK    | Driving Licence |
| BLAKE    | Driving Licence |
| MARTIN   | Driving Licence |
| JONES    | Driving Licence |
| WARD     | Driving Licence |
| ALLEN    | Driving Licence |
| THOMAS   | Driving Licence |
| AARAV    | Driving Licence |
| SMITH    | Driving Licence |
| BANDISH  | Driving Licence |
| SHARMIN  | Driving Licence |
| VRUSHALI | Driving Licence |
| GITA     | Driving Licence |
| SUPRIYA  | Aadhaar         |
| SANGITA  | Aadhaar         |
| NATASHA  | Aadhaar         |
| ALEX     | Aadhaar         |
| AARUSH   | Aadhaar         |
| MILLER   | Aadhaar         |
| GRASS    | Aadhaar         |
| HOFFMAN  | Aadhaar         |
| FORD     | Aadhaar         |
| ADAMS    | Aadhaar         |
| TURNER   | Aadhaar         |
| FRED     | Aadhaar         |
| KING     | Aadhaar         |
| SCOTT    | Aadhaar         |
| CLARK    | Aadhaar         |
| BLAKE    | Aadhaar         |
| MARTIN   | Aadhaar         |
| JONES    | Aadhaar         |
| WARD     | Aadhaar         |
| ALLEN    | Aadhaar         |
| THOMAS   | Aadhaar         |
| AARAV    | Aadhaar         |
| SMITH    | Aadhaar         |
| BANDISH  | Aadhaar         |
| SHARMIN  | Aadhaar         |
| VRUSHALI | Aadhaar         |
| GITA     | Aadhaar         |
| SUPRIYA  | Driving Licence |
| SANGITA  | Driving Licence |
| NATASHA  | Driving Licence |
| ALEX     | Driving Licence |
| AARUSH   | Driving Licence |
| MILLER   | Driving Licence |
| GRASS    | Driving Licence |
| HOFFMAN  | Driving Licence |
| FORD     | Driving Licence |
| ADAMS    | Driving Licence |
| TURNER   | Driving Licence |
| FRED     | Driving Licence |
| KING     | Driving Licence |
| SCOTT    | Driving Licence |
| CLARK    | Driving Licence |
| BLAKE    | Driving Licence |
| MARTIN   | Driving Licence |
| JONES    | Driving Licence |
| WARD     | Driving Licence |
| ALLEN    | Driving Licence |
| THOMAS   | Driving Licence |
| AARAV    | Driving Licence |
| SMITH    | Driving Licence |
| BANDISH  | Driving Licence |
| SHARMIN  | Driving Licence |
| VRUSHALI | Driving Licence |
| GITA     | Driving Licence |
| SUPRIYA  | PAN             |
| SANGITA  | PAN             |
| NATASHA  | PAN             |
| ALEX     | PAN             |
| AARUSH   | PAN             |
| MILLER   | PAN             |
| GRASS    | PAN             |
| HOFFMAN  | PAN             |
| FORD     | PAN             |
| ADAMS    | PAN             |
| TURNER   | PAN             |
| FRED     | PAN             |
| KING     | PAN             |
| SCOTT    | PAN             |
| CLARK    | PAN             |
| BLAKE    | PAN             |
| MARTIN   | PAN             |
| JONES    | PAN             |
| WARD     | PAN             |
| ALLEN    | PAN             |
| THOMAS   | PAN             |
| AARAV    | PAN             |
| SMITH    | PAN             |
| BANDISH  | PAN             |
| SHARMIN  | PAN             |
| VRUSHALI | PAN             |
| GITA     | PAN             |
| SUPRIYA  | Voter ID        |
| SANGITA  | Voter ID        |
| NATASHA  | Voter ID        |
| ALEX     | Voter ID        |
| AARUSH   | Voter ID        |
| MILLER   | Voter ID        |
| GRASS    | Voter ID        |
| HOFFMAN  | Voter ID        |
| FORD     | Voter ID        |
| ADAMS    | Voter ID        |
| TURNER   | Voter ID        |
| FRED     | Voter ID        |
| KING     | Voter ID        |
| SCOTT    | Voter ID        |
| CLARK    | Voter ID        |
| BLAKE    | Voter ID        |
| MARTIN   | Voter ID        |
| JONES    | Voter ID        |
| WARD     | Voter ID        |
| ALLEN    | Voter ID        |
| THOMAS   | Voter ID        |
| AARAV    | Voter ID        |
| SMITH    | Voter ID        |
| BANDISH  | Voter ID        |
| SHARMIN  | Voter ID        |
| VRUSHALI | Voter ID        |
| GITA     | Voter ID        |
| SUPRIYA  | Driving Licence |
| SANGITA  | Driving Licence |
| NATASHA  | Driving Licence |
| ALEX     | Driving Licence |
| AARUSH   | Driving Licence |
| MILLER   | Driving Licence |
| GRASS    | Driving Licence |
| HOFFMAN  | Driving Licence |
| FORD     | Driving Licence |
| JAMES    | Driving Licence |
| ADAMS    | Driving Licence |
| TURNER   | Driving Licence |
| FRED     | Driving Licence |
| KING     | Driving Licence |
| SCOTT    | Driving Licence |
| CLARK    | Driving Licence |
| BLAKE    | Driving Licence |
| MARTIN   | Driving Licence |
| JONES    | Driving Licence |
| ALLEN    | Driving Licence |
| THOMAS   | Driving Licence |
| AARAV    | Driving Licence |
| SMITH    | Driving Licence |
| BANDISH  | Driving Licence |
| SHARMIN  | Driving Licence |
| VRUSHALI | Driving Licence |
| GITA     | Driving Licence |
| SUPRIYA  | PAN             |
| SANGITA  | PAN             |
| NATASHA  | PAN             |
| ALEX     | PAN             |
| AARUSH   | PAN             |
| MILLER   | PAN             |
| GRASS    | PAN             |
| HOFFMAN  | PAN             |
| FORD     | PAN             |
| JAMES    | PAN             |
| ADAMS    | PAN             |
| TURNER   | PAN             |
| FRED     | PAN             |
| KING     | PAN             |
| SCOTT    | PAN             |
| CLARK    | PAN             |
| BLAKE    | PAN             |
| MARTIN   | PAN             |
| JONES    | PAN             |
| ALLEN    | PAN             |
| THOMAS   | PAN             |
| AARAV    | PAN             |
| SMITH    | PAN             |
| BANDISH  | PAN             |
| SHARMIN  | PAN             |
| VRUSHALI | PAN             |
| GITA     | PAN             |
| SUPRIYA  | Debit           |
| SANGITA  | Debit           |
| NATASHA  | Debit           |
| ALEX     | Debit           |
| AARUSH   | Debit           |
| MILLER   | Debit           |
| GRASS    | Debit           |
| HOFFMAN  | Debit           |
| FORD     | Debit           |
| JAMES    | Debit           |
| ADAMS    | Debit           |
| TURNER   | Debit           |
| FRED     | Debit           |
| KING     | Debit           |
| SCOTT    | Debit           |
| CLARK    | Debit           |
| BLAKE    | Debit           |
| MARTIN   | Debit           |
| JONES    | Debit           |
| ALLEN    | Debit           |
| THOMAS   | Debit           |
| AARAV    | Debit           |
| SMITH    | Debit           |
| BANDISH  | Debit           |
| SHARMIN  | Debit           |
| VRUSHALI | Debit           |
| GITA     | Debit           |
| SUPRIYA  | Credit          |
| SANGITA  | Credit          |
| NATASHA  | Credit          |
| ALEX     | Credit          |
| AARUSH   | Credit          |
| MILLER   | Credit          |
| GRASS    | Credit          |
| HOFFMAN  | Credit          |
| FORD     | Credit          |
| JAMES    | Credit          |
| ADAMS    | Credit          |
| TURNER   | Credit          |
| FRED     | Credit          |
| KING     | Credit          |
| SCOTT    | Credit          |
| CLARK    | Credit          |
| BLAKE    | Credit          |
| MARTIN   | Credit          |
| JONES    | Credit          |
| ALLEN    | Credit          |
| THOMAS   | Credit          |
| AARAV    | Credit          |
| SMITH    | Credit          |
| BANDISH  | Credit          |
| SHARMIN  | Credit          |
| VRUSHALI | Credit          |
| GITA     | Credit          |
| SUPRIYA  | Aadhaar         |
| SANGITA  | Aadhaar         |
| NATASHA  | Aadhaar         |
| ALEX     | Aadhaar         |
| AARUSH   | Aadhaar         |
| MILLER   | Aadhaar         |
| GRASS    | Aadhaar         |
| HOFFMAN  | Aadhaar         |
| JAMES    | Aadhaar         |
| ADAMS    | Aadhaar         |
| TURNER   | Aadhaar         |
| FRED     | Aadhaar         |
| KING     | Aadhaar         |
| SCOTT    | Aadhaar         |
| CLARK    | Aadhaar         |
| BLAKE    | Aadhaar         |
| MARTIN   | Aadhaar         |
| JONES    | Aadhaar         |
| WARD     | Aadhaar         |
| ALLEN    | Aadhaar         |
| THOMAS   | Aadhaar         |
| AARAV    | Aadhaar         |
| SMITH    | Aadhaar         |
| BANDISH  | Aadhaar         |
| SHARMIN  | Aadhaar         |
| VRUSHALI | Aadhaar         |
| GITA     | Aadhaar         |
| SUPRIYA  | PAN             |
| SANGITA  | PAN             |
| NATASHA  | PAN             |
| ALEX     | PAN             |
| AARUSH   | PAN             |
| MILLER   | PAN             |
| GRASS    | PAN             |
| HOFFMAN  | PAN             |
| JAMES    | PAN             |
| ADAMS    | PAN             |
| TURNER   | PAN             |
| FRED     | PAN             |
| KING     | PAN             |
| SCOTT    | PAN             |
| CLARK    | PAN             |
| BLAKE    | PAN             |
| MARTIN   | PAN             |
| JONES    | PAN             |
| WARD     | PAN             |
| ALLEN    | PAN             |
| THOMAS   | PAN             |
| AARAV    | PAN             |
| SMITH    | PAN             |
| BANDISH  | PAN             |
| SHARMIN  | PAN             |
| VRUSHALI | PAN             |
| GITA     | PAN             |
| SUPRIYA  | Passport        |
| SANGITA  | Passport        |
| NATASHA  | Passport        |
| ALEX     | Passport        |
| AARUSH   | Passport        |
| MILLER   | Passport        |
| GRASS    | Passport        |
| HOFFMAN  | Passport        |
| JAMES    | Passport        |
| ADAMS    | Passport        |
| TURNER   | Passport        |
| FRED     | Passport        |
| KING     | Passport        |
| SCOTT    | Passport        |
| CLARK    | Passport        |
| BLAKE    | Passport        |
| MARTIN   | Passport        |
| JONES    | Passport        |
| WARD     | Passport        |
| ALLEN    | Passport        |
| THOMAS   | Passport        |
| AARAV    | Passport        |
| SMITH    | Passport        |
| BANDISH  | Passport        |
| SHARMIN  | Passport        |
| VRUSHALI | Passport        |
| GITA     | Passport        |
| SUPRIYA  | Voter ID        |
| SANGITA  | Voter ID        |
| NATASHA  | Voter ID        |
| ALEX     | Voter ID        |
| AARUSH   | Voter ID        |
| MILLER   | Voter ID        |
| GRASS    | Voter ID        |
| HOFFMAN  | Voter ID        |
| JAMES    | Voter ID        |
| ADAMS    | Voter ID        |
| TURNER   | Voter ID        |
| FRED     | Voter ID        |
| KING     | Voter ID        |
| SCOTT    | Voter ID        |
| CLARK    | Voter ID        |
| BLAKE    | Voter ID        |
| MARTIN   | Voter ID        |
| JONES    | Voter ID        |
| WARD     | Voter ID        |
| ALLEN    | Voter ID        |
| THOMAS   | Voter ID        |
| AARAV    | Voter ID        |
| SMITH    | Voter ID        |
| BANDISH  | Voter ID        |
| SHARMIN  | Voter ID        |
| VRUSHALI | Voter ID        |
| GITA     | Voter ID        |
| SUPRIYA  | Aadhaar         |
| SANGITA  | Aadhaar         |
| NATASHA  | Aadhaar         |
| ALEX     | Aadhaar         |
| AARUSH   | Aadhaar         |
| MILLER   | Aadhaar         |
| GRASS    | Aadhaar         |
| HOFFMAN  | Aadhaar         |
| FORD     | Aadhaar         |
| JAMES    | Aadhaar         |
| ADAMS    | Aadhaar         |
| TURNER   | Aadhaar         |
| FRED     | Aadhaar         |
| KING     | Aadhaar         |
| SCOTT    | Aadhaar         |
| CLARK    | Aadhaar         |
| BLAKE    | Aadhaar         |
| MARTIN   | Aadhaar         |
| JONES    | Aadhaar         |
| WARD     | Aadhaar         |
| ALLEN    | Aadhaar         |
| THOMAS   | Aadhaar         |
| AARAV    | Aadhaar         |
| BANDISH  | Aadhaar         |
| SHARMIN  | Aadhaar         |
| VRUSHALI | Aadhaar         |
| GITA     | Aadhaar         |
| SUPRIYA  | Aadhaar         |
| SANGITA  | Aadhaar         |
| NATASHA  | Aadhaar         |
| ALEX     | Aadhaar         |
| AARUSH   | Aadhaar         |
| MILLER   | Aadhaar         |
| GRASS    | Aadhaar         |
| HOFFMAN  | Aadhaar         |
| FORD     | Aadhaar         |
| JAMES    | Aadhaar         |
| ADAMS    | Aadhaar         |
| TURNER   | Aadhaar         |
| FRED     | Aadhaar         |
| KING     | Aadhaar         |
| CLARK    | Aadhaar         |
| BLAKE    | Aadhaar         |
| MARTIN   | Aadhaar         |
| JONES    | Aadhaar         |
| WARD     | Aadhaar         |
| ALLEN    | Aadhaar         |
| THOMAS   | Aadhaar         |
| AARAV    | Aadhaar         |
| SMITH    | Aadhaar         |
| BANDISH  | Aadhaar         |
| SHARMIN  | Aadhaar         |
| VRUSHALI | Aadhaar         |
| GITA     | Aadhaar         |
| SUPRIYA  | Driving Licence |
| SANGITA  | Driving Licence |
| NATASHA  | Driving Licence |
| ALEX     | Driving Licence |
| AARUSH   | Driving Licence |
| MILLER   | Driving Licence |
| GRASS    | Driving Licence |
| HOFFMAN  | Driving Licence |
| FORD     | Driving Licence |
| JAMES    | Driving Licence |
| ADAMS    | Driving Licence |
| TURNER   | Driving Licence |
| FRED     | Driving Licence |
| KING     | Driving Licence |
| CLARK    | Driving Licence |
| BLAKE    | Driving Licence |
| MARTIN   | Driving Licence |
| JONES    | Driving Licence |
| WARD     | Driving Licence |
| ALLEN    | Driving Licence |
| THOMAS   | Driving Licence |
| AARAV    | Driving Licence |
| SMITH    | Driving Licence |
| BANDISH  | Driving Licence |
| SHARMIN  | Driving Licence |
| VRUSHALI | Driving Licence |
| GITA     | Driving Licence |
| SUPRIYA  | PAN             |
| SANGITA  | PAN             |
| NATASHA  | PAN             |
| ALEX     | PAN             |
| AARUSH   | PAN             |
| MILLER   | PAN             |
| GRASS    | PAN             |
| HOFFMAN  | PAN             |
| FORD     | PAN             |
| JAMES    | PAN             |
| ADAMS    | PAN             |
| TURNER   | PAN             |
| FRED     | PAN             |
| KING     | PAN             |
| CLARK    | PAN             |
| BLAKE    | PAN             |
| MARTIN   | PAN             |
| JONES    | PAN             |
| WARD     | PAN             |
| ALLEN    | PAN             |
| THOMAS   | PAN             |
| AARAV    | PAN             |
| SMITH    | PAN             |
| BANDISH  | PAN             |
| SHARMIN  | PAN             |
| VRUSHALI | PAN             |
| GITA     | PAN             |
| SUPRIYA  | Aadhaar         |
| SANGITA  | Aadhaar         |
| NATASHA  | Aadhaar         |
| ALEX     | Aadhaar         |
| AARUSH   | Aadhaar         |
| MILLER   | Aadhaar         |
| GRASS    | Aadhaar         |
| HOFFMAN  | Aadhaar         |
| FORD     | Aadhaar         |
| JAMES    | Aadhaar         |
| TURNER   | Aadhaar         |
| FRED     | Aadhaar         |
| KING     | Aadhaar         |
| SCOTT    | Aadhaar         |
| CLARK    | Aadhaar         |
| BLAKE    | Aadhaar         |
| MARTIN   | Aadhaar         |
| JONES    | Aadhaar         |
| WARD     | Aadhaar         |
| ALLEN    | Aadhaar         |
| THOMAS   | Aadhaar         |
| AARAV    | Aadhaar         |
| SMITH    | Aadhaar         |
| BANDISH  | Aadhaar         |
| SHARMIN  | Aadhaar         |
| VRUSHALI | Aadhaar         |
| GITA     | Aadhaar         |
| SUPRIYA  | Driving Licence |
| SANGITA  | Driving Licence |
| NATASHA  | Driving Licence |
| ALEX     | Driving Licence |
| AARUSH   | Driving Licence |
| MILLER   | Driving Licence |
| GRASS    | Driving Licence |
| HOFFMAN  | Driving Licence |
| FORD     | Driving Licence |
| JAMES    | Driving Licence |
| TURNER   | Driving Licence |
| FRED     | Driving Licence |
| KING     | Driving Licence |
| SCOTT    | Driving Licence |
| CLARK    | Driving Licence |
| BLAKE    | Driving Licence |
| MARTIN   | Driving Licence |
| JONES    | Driving Licence |
| WARD     | Driving Licence |
| ALLEN    | Driving Licence |
| THOMAS   | Driving Licence |
| AARAV    | Driving Licence |
| SMITH    | Driving Licence |
| BANDISH  | Driving Licence |
| SHARMIN  | Driving Licence |
| VRUSHALI | Driving Licence |
| GITA     | Driving Licence |
| SUPRIYA  | PAN             |
| SANGITA  | PAN             |
| NATASHA  | PAN             |
| ALEX     | PAN             |
| AARUSH   | PAN             |
| MILLER   | PAN             |
| GRASS    | PAN             |
| HOFFMAN  | PAN             |
| FORD     | PAN             |
| JAMES    | PAN             |
| TURNER   | PAN             |
| FRED     | PAN             |
| KING     | PAN             |
| SCOTT    | PAN             |
| CLARK    | PAN             |
| BLAKE    | PAN             |
| MARTIN   | PAN             |
| JONES    | PAN             |
| WARD     | PAN             |
| ALLEN    | PAN             |
| THOMAS   | PAN             |
| AARAV    | PAN             |
| SMITH    | PAN             |
| BANDISH  | PAN             |
| SHARMIN  | PAN             |
| VRUSHALI | PAN             |
| GITA     | PAN             |
| SUPRIYA  | Voter ID        |
| SANGITA  | Voter ID        |
| NATASHA  | Voter ID        |
| ALEX     | Voter ID        |
| AARUSH   | Voter ID        |
| MILLER   | Voter ID        |
| GRASS    | Voter ID        |
| HOFFMAN  | Voter ID        |
| FORD     | Voter ID        |
| JAMES    | Voter ID        |
| TURNER   | Voter ID        |
| FRED     | Voter ID        |
| KING     | Voter ID        |
| SCOTT    | Voter ID        |
| CLARK    | Voter ID        |
| BLAKE    | Voter ID        |
| MARTIN   | Voter ID        |
| JONES    | Voter ID        |
| WARD     | Voter ID        |
| ALLEN    | Voter ID        |
| THOMAS   | Voter ID        |
| AARAV    | Voter ID        |
| SMITH    | Voter ID        |
| BANDISH  | Voter ID        |
| SHARMIN  | Voter ID        |
| VRUSHALI | Voter ID        |
| GITA     | Voter ID        |
+----------+-----------------+
1458 rows in set (0.01 sec)

mysql> select ename, name from emp left outer join  emp_cards  on emp.empno=emp_cards.empid;
+----------+-----------------+
| ename    | name            |
+----------+-----------------+
| GITA     | NULL            |
| VRUSHALI | NULL            |
| SHARMIN  | NULL            |
| BANDISH  | NULL            |
| SMITH    | Aadhaar         |
| AARAV    | NULL            |
| THOMAS   | NULL            |
| ALLEN    | PAN             |
| ALLEN    | Driving Licence |
| WARD     | Driving Licence |
| WARD     | PAN             |
| WARD     | Debit           |
| WARD     | Credit          |
| JONES    | Aadhaar         |
| JONES    | Driving Licence |
| JONES    | PAN             |
| JONES    | Passport        |
| JONES    | Debit           |
| JONES    | Credit          |
| MARTIN   | Aadhaar         |
| MARTIN   | Driving Licence |
| MARTIN   | PAN             |
| MARTIN   | Voter ID        |
| MARTIN   | Passport        |
| MARTIN   | Debit           |
| MARTIN   | Credit          |
| BLAKE    | Aadhaar         |
| BLAKE    | Driving Licence |
| BLAKE    | PAN             |
| BLAKE    | Voter ID        |
| BLAKE    | Debit           |
| CLARK    | Aadhaar         |
| CLARK    | Driving Licence |
| CLARK    | PAN             |
| CLARK    | Passport        |
| CLARK    | Debit           |
| SCOTT    | Aadhaar         |
| SCOTT    | Driving Licence |
| SCOTT    | PAN             |
| KING     | Aadhaar         |
| KING     | Driving Licence |
| KING     | PAN             |
| KING     | Voter ID        |
| KING     | Passport        |
| KING     | Debit           |
| KING     | Credit          |
| FRED     | NULL            |
| TURNER   | Aadhaar         |
| TURNER   | Driving Licence |
| ADAMS    | Aadhaar         |
| ADAMS    | Driving Licence |
| ADAMS    | PAN             |
| ADAMS    | Voter ID        |
| JAMES    | Aadhaar         |
| JAMES    | Driving Licence |
| JAMES    | PAN             |
| JAMES    | Voter ID        |
| FORD     | Aadhaar         |
| FORD     | PAN             |
| FORD     | Passport        |
| FORD     | Voter ID        |
| HOFFMAN  | NULL            |
| GRASS    | NULL            |
| MILLER   | NULL            |
| AARUSH   | NULL            |
| ALEX     | NULL            |
| NATASHA  | NULL            |
| SANGITA  | NULL            |
| SUPRIYA  | NULL            |
+----------+-----------------+
69 rows in set (0.01 sec)

mysql> select ename, name from emp left outer join  emp_cards  on emp.empno=emp_cards.empid and name is not null;
+----------+-----------------+
| ename    | name            |
+----------+-----------------+
| GITA     | NULL            |
| VRUSHALI | NULL            |
| SHARMIN  | NULL            |
| BANDISH  | NULL            |
| SMITH    | Aadhaar         |
| AARAV    | NULL            |
| THOMAS   | NULL            |
| ALLEN    | PAN             |
| ALLEN    | Driving Licence |
| WARD     | Driving Licence |
| WARD     | PAN             |
| WARD     | Debit           |
| WARD     | Credit          |
| JONES    | Aadhaar         |
| JONES    | Driving Licence |
| JONES    | PAN             |
| JONES    | Passport        |
| JONES    | Debit           |
| JONES    | Credit          |
| MARTIN   | Aadhaar         |
| MARTIN   | Driving Licence |
| MARTIN   | PAN             |
| MARTIN   | Voter ID        |
| MARTIN   | Passport        |
| MARTIN   | Debit           |
| MARTIN   | Credit          |
| BLAKE    | Aadhaar         |
| BLAKE    | Driving Licence |
| BLAKE    | PAN             |
| BLAKE    | Voter ID        |
| BLAKE    | Debit           |
| CLARK    | Aadhaar         |
| CLARK    | Driving Licence |
| CLARK    | PAN             |
| CLARK    | Passport        |
| CLARK    | Debit           |
| SCOTT    | Aadhaar         |
| SCOTT    | Driving Licence |
| SCOTT    | PAN             |
| KING     | Aadhaar         |
| KING     | Driving Licence |
| KING     | PAN             |
| KING     | Voter ID        |
| KING     | Passport        |
| KING     | Debit           |
| KING     | Credit          |
| FRED     | NULL            |
| TURNER   | Aadhaar         |
| TURNER   | Driving Licence |
| ADAMS    | Aadhaar         |
| ADAMS    | Driving Licence |
| ADAMS    | PAN             |
| ADAMS    | Voter ID        |
| JAMES    | Aadhaar         |
| JAMES    | Driving Licence |
| JAMES    | PAN             |
| JAMES    | Voter ID        |
| FORD     | Aadhaar         |
| FORD     | PAN             |
| FORD     | Passport        |
| FORD     | Voter ID        |
| HOFFMAN  | NULL            |
| GRASS    | NULL            |
| MILLER   | NULL            |
| AARUSH   | NULL            |
| ALEX     | NULL            |
| NATASHA  | NULL            |
| SANGITA  | NULL            |
| SUPRIYA  | NULL            |
+----------+-----------------+
69 rows in set (0.00 sec)

mysql> select ename, name from emp left outer join  emp_cards  on emp.empno=emp_cards.empid and name is null;
+----------+------+
| ename    | name |
+----------+------+
| GITA     | NULL |
| VRUSHALI | NULL |
| SHARMIN  | NULL |
| BANDISH  | NULL |
| SMITH    | NULL |
| AARAV    | NULL |
| THOMAS   | NULL |
| ALLEN    | NULL |
| WARD     | NULL |
| JONES    | NULL |
| MARTIN   | NULL |
| BLAKE    | NULL |
| CLARK    | NULL |
| SCOTT    | NULL |
| KING     | NULL |
| FRED     | NULL |
| TURNER   | NULL |
| ADAMS    | NULL |
| JAMES    | NULL |
| FORD     | NULL |
| HOFFMAN  | NULL |
| GRASS    | NULL |
| MILLER   | NULL |
| AARUSH   | NULL |
| ALEX     | NULL |
| NATASHA  | NULL |
| SANGITA  | NULL |
| SUPRIYA  | NULL |
+----------+------+
28 rows in set (0.00 sec)

mysql> select ename, name from emp left outer join  emp_cards  on emp.empno=emp_cards.empid and name is not null;
+----------+-----------------+
| ename    | name            |
+----------+-----------------+
| GITA     | NULL            |
| VRUSHALI | NULL            |
| SHARMIN  | NULL            |
| BANDISH  | NULL            |
| SMITH    | Aadhaar         |
| AARAV    | NULL            |
| THOMAS   | NULL            |
| ALLEN    | PAN             |
| ALLEN    | Driving Licence |
| WARD     | Driving Licence |
| WARD     | PAN             |
| WARD     | Debit           |
| WARD     | Credit          |
| JONES    | Aadhaar         |
| JONES    | Driving Licence |
| JONES    | PAN             |
| JONES    | Passport        |
| JONES    | Debit           |
| JONES    | Credit          |
| MARTIN   | Aadhaar         |
| MARTIN   | Driving Licence |
| MARTIN   | PAN             |
| MARTIN   | Voter ID        |
| MARTIN   | Passport        |
| MARTIN   | Debit           |
| MARTIN   | Credit          |
| BLAKE    | Aadhaar         |
| BLAKE    | Driving Licence |
| BLAKE    | PAN             |
| BLAKE    | Voter ID        |
| BLAKE    | Debit           |
| CLARK    | Aadhaar         |
| CLARK    | Driving Licence |
| CLARK    | PAN             |
| CLARK    | Passport        |
| CLARK    | Debit           |
| SCOTT    | Aadhaar         |
| SCOTT    | Driving Licence |
| SCOTT    | PAN             |
| KING     | Aadhaar         |
| KING     | Driving Licence |
| KING     | PAN             |
| KING     | Voter ID        |
| KING     | Passport        |
| KING     | Debit           |
| KING     | Credit          |
| FRED     | NULL            |
| TURNER   | Aadhaar         |
| TURNER   | Driving Licence |
| ADAMS    | Aadhaar         |
| ADAMS    | Driving Licence |
| ADAMS    | PAN             |
| ADAMS    | Voter ID        |
| JAMES    | Aadhaar         |
| JAMES    | Driving Licence |
| JAMES    | PAN             |
| JAMES    | Voter ID        |
| FORD     | Aadhaar         |
| FORD     | PAN             |
| FORD     | Passport        |
| FORD     | Voter ID        |
| HOFFMAN  | NULL            |
| GRASS    | NULL            |
| MILLER   | NULL            |
| AARUSH   | NULL            |
| ALEX     | NULL            |
| NATASHA  | NULL            |
| SANGITA  | NULL            |
| SUPRIYA  | NULL            |
+----------+-----------------+
69 rows in set (0.00 sec)

mysql> select ename, name from emp left outer join  emp_cards  on emp.empno=emp_cards.empid where name is null;
+----------+------+
| ename    | name |
+----------+------+
| GITA     | NULL |
| VRUSHALI | NULL |
| SHARMIN  | NULL |
| BANDISH  | NULL |
| AARAV    | NULL |
| THOMAS   | NULL |
| FRED     | NULL |
| HOFFMAN  | NULL |
| GRASS    | NULL |
| MILLER   | NULL |
| AARUSH   | NULL |
| ALEX     | NULL |
| NATASHA  | NULL |
| SANGITA  | NULL |
| SUPRIYA  | NULL |
+----------+------+
15 rows in set (0.01 sec)

mysql> select ename, name from emp left outer join  emp_cards  on emp.empno=emp_cards.empid and name is null;
+----------+------+
| ename    | name |
+----------+------+
| GITA     | NULL |
| VRUSHALI | NULL |
| SHARMIN  | NULL |
| BANDISH  | NULL |
| SMITH    | NULL |
| AARAV    | NULL |
| THOMAS   | NULL |
| ALLEN    | NULL |
| WARD     | NULL |
| JONES    | NULL |
| MARTIN   | NULL |
| BLAKE    | NULL |
| CLARK    | NULL |
| SCOTT    | NULL |
| KING     | NULL |
| FRED     | NULL |
| TURNER   | NULL |
| ADAMS    | NULL |
| JAMES    | NULL |
| FORD     | NULL |
| HOFFMAN  | NULL |
| GRASS    | NULL |
| MILLER   | NULL |
| AARUSH   | NULL |
| ALEX     | NULL |
| NATASHA  | NULL |
| SANGITA  | NULL |
| SUPRIYA  | NULL |
+----------+------+
28 rows in set (0.00 sec)

mysql> select ename, name from emp left outer join  emp_cards  on emp.empno=emp_cards.empid where  name is null;
+----------+------+
| ename    | name |
+----------+------+
| GITA     | NULL |
| VRUSHALI | NULL |
| SHARMIN  | NULL |
| BANDISH  | NULL |
| AARAV    | NULL |
| THOMAS   | NULL |
| FRED     | NULL |
| HOFFMAN  | NULL |
| GRASS    | NULL |
| MILLER   | NULL |
| AARUSH   | NULL |
| ALEX     | NULL |
| NATASHA  | NULL |
| SANGITA  | NULL |
| SUPRIYA  | NULL |
+----------+------+
15 rows in set (0.00 sec)

mysql> select ename, count(name) from emp  join  emp_cards  on emp.empno=emp_cards.empid; group by ename;
ERROR 1140 (42000): In aggregated query without GROUP BY, expression #1 of SELECT list contains nonaggregated column 'db1.emp.ENAME'; this is incompatible with sql_mode=only_full_group_by
ERROR 1064 (42000): You have an error in your SQL syntax; check the manual that corresponds to your MySQL server version for the right syntax to use near 'group by ename' at line 1
mysql>
mysql>
mysql> select ename, count(name) from emp  join  emp_cards  on emp.empno=emp_cards.empid group by ename;
+--------+-------------+
| ename  | count(name) |
+--------+-------------+
| KING   |           7 |
| BLAKE  |           5 |
| CLARK  |           5 |
| JONES  |           6 |
| MARTIN |           7 |
| ALLEN  |           2 |
| TURNER |           2 |
| JAMES  |           4 |
| WARD   |           4 |
| FORD   |           4 |
| SMITH  |           1 |
| SCOTT  |           3 |
| ADAMS  |           4 |
+--------+-------------+
13 rows in set (0.01 sec)

mysql> select ename, count(name) R1, 10 - R1 R2 from emp  join  emp_cards  on emp.empno=emp_cards.empid group by ename;
ERROR 1054 (42S22): Unknown column 'R1' in 'field list'
mysql> select ename, count(name) R1, 10 - count(name) R2 from emp  join  emp_cards  on emp.empno=emp_cards.empid group by ename;
+--------+----+----+
| ename  | R1 | R2 |
+--------+----+----+
| KING   |  7 |  3 |
| BLAKE  |  5 |  5 |
| CLARK  |  5 |  5 |
| JONES  |  6 |  4 |
| MARTIN |  7 |  3 |
| ALLEN  |  2 |  8 |
| TURNER |  2 |  8 |
| JAMES  |  4 |  6 |
| WARD   |  4 |  6 |
| FORD   |  4 |  6 |
| SMITH  |  1 |  9 |
| SCOTT  |  3 |  7 |
| ADAMS  |  4 |  6 |
+--------+----+----+
13 rows in set (0.01 sec)

mysql> select ename, count(name) R1, 10 - R1 R2 from emp  join  emp_cards  on emp.empno=emp_cards.empid group by ename;
ERROR 1054 (42S22): Unknown column 'R1' in 'field list'
mysql> select ename, count(name) from emp  join  emp_cards  on emp.empno=emp_cards.empid group by ename;
+--------+-------------+
| ename  | count(name) |
+--------+-------------+
| KING   |           7 |
| BLAKE  |           5 |
| CLARK  |           5 |
| JONES  |           6 |
| MARTIN |           7 |
| ALLEN  |           2 |
| TURNER |           2 |
| JAMES  |           4 |
| WARD   |           4 |
| FORD   |           4 |
| SMITH  |           1 |
| SCOTT  |           3 |
| ADAMS  |           4 |
+--------+-------------+
13 rows in set (0.00 sec)

mysql> select ename, count(name) R1 from emp  join  emp_cards  on emp.empno=emp_cards.empid group by ename;
+--------+----+
| ename  | R1 |
+--------+----+
| KING   |  7 |
| BLAKE  |  5 |
| CLARK  |  5 |
| JONES  |  6 |
| MARTIN |  7 |
| ALLEN  |  2 |
| TURNER |  2 |
| JAMES  |  4 |
| WARD   |  4 |
| FORD   |  4 |
| SMITH  |  1 |
| SCOTT  |  3 |
| ADAMS  |  4 |
+--------+----+
13 rows in set (0.00 sec)

mysql> select ename, count(name) R1 from emp  left join  emp_cards  on emp.empno=emp_cards.empid group by ename;
+----------+----+
| ename    | R1 |
+----------+----+
| GITA     |  0 |
| VRUSHALI |  0 |
| SHARMIN  |  0 |
| BANDISH  |  0 |
| SMITH    |  1 |
| AARAV    |  0 |
| THOMAS   |  0 |
| ALLEN    |  2 |
| WARD     |  4 |
| JONES    |  6 |
| MARTIN   |  7 |
| BLAKE    |  5 |
| CLARK    |  5 |
| SCOTT    |  3 |
| KING     |  7 |
| FRED     |  0 |
| TURNER   |  2 |
| ADAMS    |  4 |
| JAMES    |  4 |
| FORD     |  4 |
| HOFFMAN  |  0 |
| GRASS    |  0 |
| MILLER   |  0 |
| AARUSH   |  0 |
| ALEX     |  0 |
| NATASHA  |  0 |
| SANGITA  |  0 |
| SUPRIYA  |  0 |
+----------+----+
28 rows in set (0.00 sec)

mysql> select ename, case when count(name) = 0 then 'No Documents Submited' else count(*) end R1 from emp  left join  emp_cards  on emp.empno=emp_cards.empid group by ename;
+----------+-----------------------+
| ename    | R1                    |
+----------+-----------------------+
| GITA     | No Documents Submited |
| VRUSHALI | No Documents Submited |
| SHARMIN  | No Documents Submited |
| BANDISH  | No Documents Submited |
| SMITH    | 1                     |
| AARAV    | No Documents Submited |
| THOMAS   | No Documents Submited |
| ALLEN    | 2                     |
| WARD     | 4                     |
| JONES    | 6                     |
| MARTIN   | 7                     |
| BLAKE    | 5                     |
| CLARK    | 5                     |
| SCOTT    | 3                     |
| KING     | 7                     |
| FRED     | No Documents Submited |
| TURNER   | 2                     |
| ADAMS    | 4                     |
| JAMES    | 4                     |
| FORD     | 4                     |
| HOFFMAN  | No Documents Submited |
| GRASS    | No Documents Submited |
| MILLER   | No Documents Submited |
| AARUSH   | No Documents Submited |
| ALEX     | No Documents Submited |
| NATASHA  | No Documents Submited |
| SANGITA  | No Documents Submited |
| SUPRIYA  | No Documents Submited |
+----------+-----------------------+
28 rows in set (0.00 sec)

mysql> select ename, case when count(name) = 0 then 'No Documents Submited' else count(*) end R1 from emp  left join  emp_cards  on emp.empno=emp_cards.empid group by ename into outfile "c:/saleel/report.txt";
Query OK, 28 rows affected (0.01 sec)

mysql> select ename, case when count(name) = 0 then 'No Documents Submited' else count(*) end R1 from emp  left join  emp_cards  on emp.empno=emp_cards.empid group by ename into outfile "c:/saleel/report1.csv";
Query OK, 28 rows affected (0.00 sec)

mysql> select ename, case when count(name) = 0 then 'No Documents Submited' else count(*) end R1 from emp  left join  emp_cards  on emp.empno=emp_cards.empid group by ename into outfile "c:/saleel/report2.csv" fields terminated by "," ;
Query OK, 28 rows affected (0.00 sec)

mysql> select empno, ename,mgr from emp;
+-------+----------+------+
| empno | ename    | mgr  |
+-------+----------+------+
|  6001 | GITA     | 7920 |
|  6129 | VRUSHALI | 7920 |
|  6473 | SHARMIN  | 7920 |
|  6781 | BANDISH  | 7920 |
|  7369 | SMITH    | 7902 |
|  7415 | AARAV    | 7902 |
|  7421 | THOMAS   | 7920 |
|  7499 | ALLEN    | 7698 |
|  7521 | WARD     | 7698 |
|  7566 | JONES    | 7839 |
|  7654 | MARTIN   | 7698 |
|  7698 | BLAKE    | 7839 |
|  7782 | CLARK    | 7839 |
|  7788 | SCOTT    | 7566 |
|  7839 | KING     | NULL |
|  7840 | FRED     | 7839 |
|  7844 | TURNER   | 7698 |
|  7876 | ADAMS    | 7788 |
|  7900 | JAMES    | 7698 |
|  7902 | FORD     | 7566 |
|  7919 | HOFFMAN  | 7566 |
|  7920 | GRASS    | 7919 |
|  7934 | MILLER   | 7782 |
|  7945 | AARUSH   | 7902 |
|  7949 | ALEX     | 7698 |
|  8433 | NATASHA  | 7920 |
|  9400 | SANGITA  | 7920 |
|  9473 | SUPRIYA  | 7920 |
+-------+----------+------+
28 rows in set (0.00 sec)

mysql> select empno, ename from emp a where not exitst(select true from emp b  where a.empno = b.mgr);
ERROR 1064 (42000): You have an error in your SQL syntax; check the manual that corresponds to your MySQL server version for the right syntax to use near 'select true from emp b  where a.empno = b.mgr)' at line 1
mysql>
mysql>
mysql> select empno, ename from emp a where not exists(select true from emp b  where a.empno = b.mgr);
+-------+----------+
| empno | ename    |
+-------+----------+
|  6001 | GITA     |
|  6129 | VRUSHALI |
|  6473 | SHARMIN  |
|  6781 | BANDISH  |
|  7369 | SMITH    |
|  7415 | AARAV    |
|  7421 | THOMAS   |
|  7499 | ALLEN    |
|  7521 | WARD     |
|  7654 | MARTIN   |
|  7840 | FRED     |
|  7844 | TURNER   |
|  7876 | ADAMS    |
|  7900 | JAMES    |
|  7934 | MILLER   |
|  7945 | AARUSH   |
|  7949 | ALEX     |
|  8433 | NATASHA  |
|  9400 | SANGITA  |
|  9473 | SUPRIYA  |
+-------+----------+
20 rows in set (0.02 sec)

mysql> select empno, ename from emp a where exists(select true from emp b  where a.empno = b.mgr);
+-------+---------+
| empno | ename   |
+-------+---------+
|  7566 | JONES   |
|  7698 | BLAKE   |
|  7782 | CLARK   |
|  7788 | SCOTT   |
|  7839 | KING    |
|  7902 | FORD    |
|  7919 | HOFFMAN |
|  7920 | GRASS   |
+-------+---------+
8 rows in set (0.00 sec)

mysql> select e.ename Employees, m.ename Managers from emp e, emp m where e.mgr=m.empno;
+-----------+----------+
| Employees | Managers |
+-----------+----------+
| GITA      | GRASS    |
| VRUSHALI  | GRASS    |
| SHARMIN   | GRASS    |
| BANDISH   | GRASS    |
| SMITH     | FORD     |
| AARAV     | FORD     |
| THOMAS    | GRASS    |
| ALLEN     | BLAKE    |
| WARD      | BLAKE    |
| JONES     | KING     |
| MARTIN    | BLAKE    |
| BLAKE     | KING     |
| CLARK     | KING     |
| SCOTT     | JONES    |
| FRED      | KING     |
| TURNER    | BLAKE    |
| ADAMS     | SCOTT    |
| JAMES     | BLAKE    |
| FORD      | JONES    |
| HOFFMAN   | JONES    |
| GRASS     | HOFFMAN  |
| MILLER    | CLARK    |
| AARUSH    | FORD     |
| ALEX      | BLAKE    |
| NATASHA   | GRASS    |
| SANGITA   | GRASS    |
| SUPRIYA   | GRASS    |
+-----------+----------+
27 rows in set (0.00 sec)

mysql> select m.ename Managers, count(*) from emp e, emp m where e.mgr=m.empno group by m.ename;
+----------+----------+
| Managers | count(*) |
+----------+----------+
| JONES    |        3 |
| BLAKE    |        6 |
| CLARK    |        1 |
| SCOTT    |        1 |
| KING     |        4 |
| FORD     |        3 |
| HOFFMAN  |        1 |
| GRASS    |        8 |
+----------+----------+
8 rows in set (0.00 sec)

mysql> select min(R1) from (select  count(*) R1 from emp e, emp m where e.mgr=m.empno group by m.ename) T1;
+---------+
| min(R1) |
+---------+
|       1 |
+---------+
1 row in set (0.02 sec)

mysql> select m.ename from emp e, emp m where e.mgr=m.empno group by m.ename having count(*) = select min(R1) from (select  count(*) R1 from emp e, emp m where e.mgr=m.empno group by m.ename) T1;
ERROR 1064 (42000): You have an error in your SQL syntax; check the manual that corresponds to your MySQL server version for the right syntax to use near 'select min(R1) from (select  count(*) R1 from emp e, emp m where e.mgr=m.empno g' at line 1
mysql>
mysql>
mysql>
mysql>
mysql>
mysql>
mysql>
mysql>
mysql>
mysql> select m.ename from emp e, emp m where e.mgr=m.empno group by m.ename having count(*) = (select min(R1) from (select  count(*) R1 from emp e, emp m where e.mgr=m.empno group by m.ename) T1);
+---------+
| ename   |
+---------+
| CLARK   |
| SCOTT   |
| HOFFMAN |
+---------+
3 rows in set (0.00 sec)

mysql> select dname from emp, dept where emp.dpetno = dept.deptno;
ERROR 1054 (42S22): Unknown column 'emp.dpetno' in 'where clause'
mysql> select dname from emp, dept where emp.deptno = dept.deptno;
+------------+
| dname      |
+------------+
| ACCOUNTING |
| ACCOUNTING |
| ACCOUNTING |
| ACCOUNTING |
| ACCOUNTING |
| RESEARCH   |
| RESEARCH   |
| RESEARCH   |
| RESEARCH   |
| RESEARCH   |
| RESEARCH   |
| RESEARCH   |
| RESEARCH   |
| SALES      |
| SALES      |
| SALES      |
| SALES      |
| SALES      |
| SALES      |
| SALES      |
| SALES      |
| SALES      |
| SALES      |
| SALES      |
| SALES      |
| HR         |
| HR         |
| HR         |
+------------+
28 rows in set (0.00 sec)

mysql> select dname from emp, dept where emp.deptno = dept.deptno group by dname;
+------------+
| dname      |
+------------+
| ACCOUNTING |
| RESEARCH   |
| SALES      |
| HR         |
+------------+
4 rows in set (0.00 sec)

mysql> select dname, count(*) R1 from emp, dept where emp.deptno = dept.deptno group by dname;
+------------+----+
| dname      | R1 |
+------------+----+
| ACCOUNTING |  5 |
| RESEARCH   |  8 |
| SALES      | 12 |
| HR         |  3 |
+------------+----+
4 rows in set (0.00 sec)

mysql> select max(R1) from (select dname, count(*) R1 from emp, dept where emp.deptno = dept.deptno group by dname) T1;
+---------+
| max(R1) |
+---------+
|      12 |
+---------+
1 row in set (0.00 sec)

mysql>
mysql>
mysql> select dname from emp, dept where emp.deptno = dept.deptno group by dname having count(*) = (select max(R1) from (select dname, count(*) R1 from emp, dept where emp.deptno = dept.deptno group by dname) T1);
+-------+
| dname |
+-------+
| SALES |
+-------+
1 row in set (0.00 sec)

mysql> select deptno R1 from emp  union select deptno R2 from dept;
+----+
| R1 |
+----+
| 10 |
| 20 |
| 30 |
| 50 |
| 40 |
+----+
5 rows in set (0.01 sec)

mysql> select deptno R1 from emp  union all select deptno R2 from dept;
+----+
| R1 |
+----+
| 10 |
| 10 |
| 10 |
| 10 |
| 10 |
| 20 |
| 20 |
| 20 |
| 20 |
| 20 |
| 20 |
| 20 |
| 20 |
| 30 |
| 30 |
| 30 |
| 30 |
| 30 |
| 30 |
| 30 |
| 30 |
| 30 |
| 30 |
| 30 |
| 30 |
| 50 |
| 50 |
| 50 |
| 10 |
| 20 |
| 30 |
| 40 |
| 50 |
+----+
33 rows in set (0.00 sec)

mysql> select deptno R1 from emp  union select deptno R2 from dept;
+----+
| R1 |
+----+
| 10 |
| 20 |
| 30 |
| 50 |
| 40 |
+----+
5 rows in set (0.00 sec)

mysql> select deptno R1 from emp  intersect select deptno R2 from dept;
+----+
| R1 |
+----+
| 10 |
| 20 |
| 30 |
| 50 |
+----+
4 rows in set (0.00 sec)

mysql> select * from icc_world_cup;
+--------+--------+--------+
| Team_1 | Team_2 | Winner |
+--------+--------+--------+
| India  | SL     | India  |
| SL     | Aus    | Aus    |
| SA     | Eng    | Eng    |
| Eng    | NZ     | NZ     |
| Aus    | India  | India  |
+--------+--------+--------+
5 rows in set (0.02 sec)

mysql> select team_1, case team_1=winner then 1 else 0 end R1 from icc_world_cup;
ERROR 1064 (42000): You have an error in your SQL syntax; check the manual that corresponds to your MySQL server version for the right syntax to use near 'then 1 else 0 end R1 from icc_world_cup' at line 1
mysql>
 ysql> select team_1, case when team_1=winner then 1 else 0 end R1 from icc_world_cup;
+--------+----+
| team_1 | R1 |
+--------+----+
| India  |  1 |
| SL     |  0 |
| SA     |  0 |
| Eng    |  0 |
| Aus    |  0 |
+--------+----+
5 rows in set (0.00 sec)

mysql> select team_2, case when team_2=winner then 1 else 0 end R1 from icc_world_cup;
+--------+----+
| team_2 | R1 |
+--------+----+
| SL     |  0 |
| Aus    |  1 |
| Eng    |  1 |
| NZ     |  1 |
| India  |  1 |
+--------+----+
5 rows in set (0.00 sec)

mysql> select team_1, case when team_1=winner then 1 else 0 end R1 from icc_world_cup union all select team_2, case when team_2=winner then 1 else 0 end R1 from icc_world_cup;
+--------+----+
| team_1 | R1 |
+--------+----+
| India  |  1 |
| SL     |  0 |
| SA     |  0 |
| Eng    |  0 |
| Aus    |  0 |
| SL     |  0 |
| Aus    |  1 |
| Eng    |  1 |
| NZ     |  1 |
| India  |  1 |
+--------+----+
10 rows in set (0.00 sec)

mysql> select team_1 R0, case when team_1=winner then 1 else 0 end R1 from icc_world_cup union all select team_2, case when team_2=winner then 1 else 0 end R1 from icc_world_cup group by R0;
ERROR 1054 (42S22): Unknown column 'R0' in 'group statement'
mysql> select team_1 R0, case when team_1=winner then 1 else 0 end R1 from icc_world_cup union all select team_2, case when team_2=winner then 1 else 0 end R1 from icc_world_cup group by team_1
    -> ;
ERROR 1055 (42000): Expression #1 of SELECT list is not in GROUP BY clause and contains nonaggregated column 'db1.icc_world_cup.Team_2' which is not functionally dependent on columns in GROUP BY clause; this is incompatible with sql_mode=only_full_group_by
mysql> select team_1 R0, case when team_1=winner then 1 else 0 end R1 from icc_world_cup union all select team_2, case when team_2=winner then 1 else 0 end R1 from icc_world_cup group by team_1, R1
    -> ;
ERROR 1055 (42000): Expression #1 of SELECT list is not in GROUP BY clause and contains nonaggregated column 'db1.icc_world_cup.Team_2' which is not functionally dependent on columns in GROUP BY clause; this is incompatible with sql_mode=only_full_group_by
mysql>
mysql>
mysql>
mysql> select team_1, case when team_1=winner then 1 else 0 end R1 from icc_world_cup union all select team_2, case when team_2=winner then 1 else 0 end R1 from icc_world_cup;
+--------+----+
| team_1 | R1 |
+--------+----+
| India  |  1 |
| SL     |  0 |
| SA     |  0 |
| Eng    |  0 |
| Aus    |  0 |
| SL     |  0 |
| Aus    |  1 |
| Eng    |  1 |
| NZ     |  1 |
| India  |  1 |
+--------+----+
10 rows in set (0.00 sec)

mysql> select * from (select team_1, case when team_1=winner then 1 else 0 end R1 from icc_world_cup union all select team_2, case when team_2=winner then 1 else 0 end R1 from icc_world_cup) T1;
+--------+----+
| team_1 | R1 |
+--------+----+
| India  |  1 |
| SL     |  0 |
| SA     |  0 |
| Eng    |  0 |
| Aus    |  0 |
| SL     |  0 |
| Aus    |  1 |
| Eng    |  1 |
| NZ     |  1 |
| India  |  1 |
+--------+----+
10 rows in set (0.00 sec)

mysql> select * from (select team_1, case when team_1=winner then 1 else 0 end R1 from icc_world_cup union all select team_2, case when team_2=winner then 1 else 0 end R1 from icc_world_cup) T1 group by team_1;
ERROR 1055 (42000): Expression #2 of SELECT list is not in GROUP BY clause and contains nonaggregated column 'T1.R1' which is not functionally dependent on columns in GROUP BY clause; this is incompatible with sql_mode=only_full_group_by
mysql>
mysql>
mysql> select team_1, count(*) from (select team_1, case when team_1=winner then 1 else 0 end R1 from icc_world_cup union all select team_2, case when team_2=winner then 1 else 0 end R1 from icc_world_cup) T1 group by team_1;
+--------+----------+
| team_1 | count(*) |
+--------+----------+
| India  |        2 |
| SL     |        2 |
| SA     |        1 |
| Eng    |        2 |
| Aus    |        2 |
| NZ     |        1 |
+--------+----------+
6 rows in set (0.00 sec)

mysql>
mysql> select team_1, count(*) x from (select team_1, case when team_1=winner then 1 else 0 end R1 from icc_world_cup union all select team_2, case when team_2=winner then 1 else 0 end R1 from icc_world_cup) T1 group by x;
ERROR 1056 (42000): Can't group on 'x'
mysql>
mysql>
mysql> select team_1, count(*) x from (select team_1, case when team_1=winner then 1 else 0 end R1 from icc_world_cup union all select team_2, case when team_2=winner then 1 else 0 end R1 from icc_world_cup) T1 group by x;
ERROR 1056 (42000): Can't group on 'x'
mysql>
mysql>
mysql>
mysql>
mysql>
mysql>
mysql>
mysql> select * from (select team_1, case when team_1=winner then 1 else 0 end R1 from icc_world_cup union all select team_2, case when team_2=winner then 1 else 0 end R1 from icc_world_cup) T1;
+--------+----+
| team_1 | R1 |
+--------+----+
| India  |  1 |
| SL     |  0 |
| SA     |  0 |
| Eng    |  0 |
| Aus    |  0 |
| SL     |  0 |
| Aus    |  1 |
| Eng    |  1 |
| NZ     |  1 |
| India  |  1 |
+--------+----+
10 rows in set (0.00 sec)

mysql> select team_1, r1 from (select team_1, case when team_1=winner then 1 else 0 end R1 from icc_world_cup union all select team_2, case when team_2=winner then 1 else 0 end R1 from icc_world_cup) T1;
+--------+----+
| team_1 | r1 |
+--------+----+
| India  |  1 |
| SL     |  0 |
| SA     |  0 |
| Eng    |  0 |
| Aus    |  0 |
| SL     |  0 |
| Aus    |  1 |
| Eng    |  1 |
| NZ     |  1 |
| India  |  1 |
+--------+----+
10 rows in set (0.00 sec)

mysql> select team_1, r1 from (select team_1, case when team_1=winner then 1 else 0 end R1 from icc_world_cup union all select team_2, case when team_2=winner then 1 else 0 end R1 from icc_world_cup) T1 group by r1;
ERROR 1055 (42000): Expression #1 of SELECT list is not in GROUP BY clause and contains nonaggregated column 'T1.team_1' which is not functionally dependent on columns in GROUP BY clause; this is incompatible with sql_mode=only_full_group_by
mysql> select r1, count(*) from (select team_1, case when team_1=winner then 1 else 0 end R1 from icc_world_cup union all select team_2, case when team_2=winner then 1 else 0 end R1 from icc_world_cup) T1 group by r1;
+----+----------+
| r1 | count(*) |
+----+----------+
|  1 |        5 |
|  0 |        5 |
+----+----------+
2 rows in set (0.00 sec)

mysql> select team_1, r1 from (select team_1, case when team_1=winner then 1 else 0 end R1 from icc_world_cup union all select team_2, case when team_2=winner then 1 else 0 end R1 from icc_world_cup) T1;
+--------+----+
| team_1 | r1 |
+--------+----+
| India  |  1 |
| SL     |  0 |
| SA     |  0 |
| Eng    |  0 |
| Aus    |  0 |
| SL     |  0 |
| Aus    |  1 |
| Eng    |  1 |
| NZ     |  1 |
| India  |  1 |
+--------+----+
10 rows in set (0.00 sec)

mysql> select team_1, r1 from (select team_1, case when team_1=winner then 1 else 0 end R1 from icc_world_cup union all select team_2, case when team_2=winner then 1 else 0 end R1 from icc_world_cup) T1 group by r1;
ERROR 1055 (42000): Expression #1 of SELECT list is not in GROUP BY clause and contains nonaggregated column 'T1.team_1' which is not functionally dependent on columns in GROUP BY clause; this is incompatible with sql_mode=only_full_group_by
mysql> select r1, count(*) from (select team_1, case when team_1=winner then 1 else 0 end R1 from icc_world_cup union all select team_2, case when team_2=winner then 1 else 0 end R1 from icc_world_cup) T1 group by r1;
+----+----------+
| r1 | count(*) |
+----+----------+
|  1 |        5 |
|  0 |        5 |
+----+----------+
2 rows in set (0.00 sec)

mysql> select r1, count(*) from (select team_1, case when team_1=winner then 1 else 0 end R1 from icc_world_cup union all select team_2, case when team_2=winner then 1 else 0 end R1 from icc_world_cup) T1 group by r1, team_1;
+----+----------+
| r1 | count(*) |
+----+----------+
|  1 |        2 |
|  0 |        2 |
|  0 |        1 |
|  0 |        1 |
|  0 |        1 |
|  1 |        1 |
|  1 |        1 |
|  1 |        1 |
+----+----------+
8 rows in set (0.00 sec)

mysql> select r1, count(*) from (select team_1, case when team_1=winner then 1 else 0 end R1 from icc_world_cup union all select team_2, case when team_2=winner then 1 else 0 end R1 from icc_world_cup) T1 group by r1, team_1;
+----+----------+
| r1 | count(*) |
+----+----------+
|  1 |        2 |
|  0 |        2 |
|  0 |        1 |
|  0 |        1 |
|  0 |        1 |
|  1 |        1 |
|  1 |        1 |
|  1 |        1 |
+----+----------+
8 rows in set (0.00 sec)

mysql>
mysql>
mysql>
mysql> select team_1, r1 from (select team_1, case when team_1=winner then 1 else 0 end R1 from icc_world_cup union all select team_2, case when team_2=winner then 1 else 0 end R1 from icc_world_cup) T1;
+--------+----+
| team_1 | r1 |
+--------+----+
| India  |  1 |
| SL     |  0 |
| SA     |  0 |
| Eng    |  0 |
| Aus    |  0 |
| SL     |  0 |
| Aus    |  1 |
| Eng    |  1 |
| NZ     |  1 |
| India  |  1 |
+--------+----+
10 rows in set (0.00 sec)

mysql> select team_1, r1 from (select team_1, case when team_1=winner then 1 else 0 end R1 from icc_world_cup union all select team_2, case when team_2=winner then 1 else 0 end R1 from icc_world_cup) T1 group by team_1, r1;
+--------+----+
| team_1 | r1 |
+--------+----+
| India  |  1 |
| SL     |  0 |
| SA     |  0 |
| Eng    |  0 |
| Aus    |  0 |
| Aus    |  1 |
| Eng    |  1 |
| NZ     |  1 |
+--------+----+
8 rows in set (0.00 sec)

mysql> select team_1, r1, count(*) from (select team_1, case when team_1=winner then 1 else 0 end R1 from icc_world_cup union all select team_2, case when team_2=winner then 1 else 0 end R1 from icc_world_cup) T1 group by team_1, r1;
+--------+----+----------+
| team_1 | r1 | count(*) |
+--------+----+----------+
| India  |  1 |        2 |
| SL     |  0 |        2 |
| SA     |  0 |        1 |
| Eng    |  0 |        1 |
| Aus    |  0 |        1 |
| Aus    |  1 |        1 |
| Eng    |  1 |        1 |
| NZ     |  1 |        1 |
+--------+----+----------+
8 rows in set (0.00 sec)

mysql> select team_1, r1, count(*) from (select team_1, case when team_1=winner then 1 else 0 end R1 from icc_world_cup union all select team_2, case when team_2=winner then 1 else 0 end R1 from icc_world_cup) T1 where R1<>0 group by team_1, r1;
+--------+----+----------+
| team_1 | r1 | count(*) |
+--------+----+----------+
| India  |  1 |        2 |
| Aus    |  1 |        1 |
| Eng    |  1 |        1 |
| NZ     |  1 |        1 |
+--------+----+----------+
4 rows in set (0.00 sec)

mysql> select team_1, count(*) from (select team_1, case when team_1=winner then 1 else 0 end R1 from icc_world_cup union all select team_2, case when team_2=winner then 1 else 0 end R1 from icc_world_cup) T1 where R1<>0 group by team_1, r1;
+--------+----------+
| team_1 | count(*) |
+--------+----------+
| India  |        2 |
| Aus    |        1 |
| Eng    |        1 |
| NZ     |        1 |
+--------+----------+
4 rows in set (0.00 sec)

mysql> select team_1, r1 from (select team_1, case when team_1=winner then 1 else 0 end R1 from icc_world_cup union all select team_2, case when team_2=winner then 1 else 0 end R1 from icc_world_cup) T1;
+--------+----+
| team_1 | r1 |
+--------+----+
| India  |  1 |
| SL     |  0 |
| SA     |  0 |
| Eng    |  0 |
| Aus    |  0 |
| SL     |  0 |
| Aus    |  1 |
| Eng    |  1 |
| NZ     |  1 |
| India  |  1 |
+--------+----+
10 rows in set (0.00 sec)

mysql> select team_1, r1 from (select team_1, case when team_1=winner then 1 else 0 end R1 from icc_world_cup union all select team_2, case when team_2=winner then 1 else 0 end R2 from icc_world_cup) T1;
+--------+----+
| team_1 | r1 |
+--------+----+
| India  |  1 |
| SL     |  0 |
| SA     |  0 |
| Eng    |  0 |
| Aus    |  0 |
| SL     |  0 |
| Aus    |  1 |
| Eng    |  1 |
| NZ     |  1 |
| India  |  1 |
+--------+----+
10 rows in set (0.00 sec)

mysql> select team_1, r1 from (select team_1, case when team_1=winner then 1 else 0 end R1 from icc_world_cup union all select team_2, case when team_2=winner then 1 else 0 end R2 from icc_world_cup) T1 group by team_1, r1;
+--------+----+
| team_1 | r1 |
+--------+----+
| India  |  1 |
| SL     |  0 |
| SA     |  0 |
| Eng    |  0 |
| Aus    |  0 |
| Aus    |  1 |
| Eng    |  1 |
| NZ     |  1 |
+--------+----+
8 rows in set (0.00 sec)

mysql> select team_1, r1 from (select team_1, case when team_1=winner then 1 else 0 end R1 from icc_world_cup union all select team_2, case when team_2=winner then 1 else 0 end R2 from icc_world_cup) T1 where R1<> 0 group by team_1, r1;
+--------+----+
| team_1 | r1 |
+--------+----+
| India  |  1 |
| Aus    |  1 |
| Eng    |  1 |
| NZ     |  1 |
+--------+----+
4 rows in set (0.00 sec)

mysql> select team_1, r1, count(*) from (select team_1, case when team_1=winner then 1 else 0 end R1 from icc_world_cup union all select team_2, case when team_2=winner then 1 else 0 end R2 from icc_world_cup) T1 where R1<> 0 group by team_1, r1;
+--------+----+----------+
| team_1 | r1 | count(*) |
+--------+----+----------+
| India  |  1 |        2 |
| Aus    |  1 |        1 |
| Eng    |  1 |        1 |
| NZ     |  1 |        1 |
+--------+----+----------+
4 rows in set (0.00 sec)

mysql> select team_1, count(*) from (select team_1, case when team_1=winner then 1 else 0 end R1 from icc_world_cup union all select team_2, case when team_2=winner then 1 else 0 end R2 from icc_world_cup) T1 where R1<> 0 group by team_1, r1;
+--------+----------+
| team_1 | count(*) |
+--------+----------+
| India  |        2 |
| Aus    |        1 |
| Eng    |        1 |
| NZ     |        1 |
+--------+----------+
4 rows in set (0.00 sec)

mysql> select * from icc_world_cup;
+--------+--------+--------+
| Team_1 | Team_2 | Winner |
+--------+--------+--------+
| India  | SL     | India  |
| SL     | Aus    | Aus    |
| SA     | Eng    | Eng    |
| Eng    | NZ     | NZ     |
| Aus    | India  | India  |
+--------+--------+--------+
5 rows in set (0.00 sec)

mysql> select team_1, count(*) "Matchs Won" from (select team_1, case when team_1=winner then 1 else 0 end R1 from icc_world_cup union all select team_2, case when team_2=winner then 1 else 0 end R2 from icc_world_cup) T1 where R1<> 0 group by team_1, r1;
+--------+------------+
| team_1 | Matchs Won |
+--------+------------+
| India  |          2 |
| Aus    |          1 |
| Eng    |          1 |
| NZ     |          1 |
+--------+------------+
4 rows in set (0.00 sec)

mysql> select team_1, count(*) "Matchs Won" from (select team_1, case when team_1=winner then 1 else 0 end R1 from icc_world_cup union all select team_2, case when team_2=winner then 1 else 0 end R2 from icc_world_cup) T1 group by team_1, r1;
+--------+------------+
| team_1 | Matchs Won |
+--------+------------+
| India  |          2 |
| SL     |          2 |
| SA     |          1 |
| Eng    |          1 |
| Aus    |          1 |
| Aus    |          1 |
| Eng    |          1 |
| NZ     |          1 |
+--------+------------+
8 rows in set (0.00 sec)

mysql> select team_1, count(*) "Matchs Won" from (select team_1, case when team_1=winner then 1 else 0 end R1 from icc_world_cup union all select team_2, case when team_2=winner then 1 else 0 end R2 from icc_world_cup) T1 where R1<> 0 group by team_1, r1;
+--------+------------+
| team_1 | Matchs Won |
+--------+------------+
| India  |          2 |
| Aus    |          1 |
| Eng    |          1 |
| NZ     |          1 |
+--------+------------+
4 rows in set (0.00 sec)

mysql> select * from icc_world_cup;
+--------+--------+--------+
| Team_1 | Team_2 | Winner |
+--------+--------+--------+
| India  | SL     | India  |
| SL     | Aus    | Aus    |
| SA     | Eng    | Eng    |
| Eng    | NZ     | NZ     |
| Aus    | India  | India  |
+--------+--------+--------+
5 rows in set (0.00 sec)

mysql>








