The Prince and Me
Winnie the Pooh
Dumb and Dumberer: When Harry Met Lloyd
Bulworth
Get on Up
One True Thing
Virtuosity
My Super Ex-Girlfriend
Deliver Us from Evil
Sanctum
Little Black Book
The Five-Year Engagement
Mr 3000
Ultraviolet
The Next Three Days
Assault on Precinct 13
The Replacement Killers
Fled
Eight Legged Freaks
Love & Other Drugs
88 Minutes
North Country
The Whole Ten Yards
Splice
Howard the Duck
Pride and Glory
The Cave
Alex & Emma
Wicker Park
Fright Night
The New World
Wing Commander
In Dreams
Dragonball: Evolution
Godsend
The Last Stand
Chasing Liberty
Hoodwinked Too! Hood vs. Evil
An Unfinished Life
The Imaginarium of Doctor Parnassus
Barney's Version
Trapped
Runner Runner
Antitrust
Glory
Once Upon a Time in America
Dead Man Down
The Merchant of Venice
The Good Thief
Supercross
Miss Potter
The Promise
DOA: Dead or Alive
The Assassination of Jesse James by the Coward Robert Ford
1911
Little Nicholas
Wild Card
Machine Gun Preacher
Animals United
The Color of Freedom
United Passions
Grace of Monaco
A Warrior's Tail
Ripley's Game
Sausage Party
Pitch Perfect 2
Walk the Line
12 Monkeys
Keeping the Faith
The Borrowers
Frost/Nixon
Confessions of a Dangerous Mind
Serving Sara
Cry Freedom
The Boss
Mumford
Seed of Chucky
The Jacket
Aladdin
Straight Outta Compton
Indiana Jones and the Temple of Doom
The Rugrats Movie
Along Came a Spider
Florence Foster Jenkins
Once Upon a Time in Mexico
Die Hard
Role Models
The Big Short
Taking Woodstock
Miracle
Dawn of the Dead
The Wedding Planner
Harlock: Space Pirate
Identity
The Royal Tenenbaums
Last Vegas
For Your Eyes Only
Serendipity
Timecop
Zoolander
Hocus Pocus
Safe Haven
No Reservations
Kick-Ass
30 Minutes or Less
Dracula 2000
Alexander and the Terrible, Horrible, No Good, Very Bad Day
Pride & Prejudice
Blade Runner
Rob Roy
3 Days to Kill
We Own the Night
Lost Souls
Winged Migration
Just My Luck
Mystery, Alaska
The Spy Next Door
A Simple Wish
Our Brand Is Crisis
Ghosts of Mars
Pride and Prejudice and Zombies
Kundun
How to Lose Friends & Alienate People
Kick-Ass 2
Captain Alatriste: The Spanish Musketeer
Brick Mansions
Octopussy
Knocked Up
My Sister's Keeper
Welcome Home, Roscoe Jenkins
A Passage to India
Notes on a Scandal
Rendition
Limitless
Star Trek VI: The Undiscovered Country
Divine Secrets of the Ya-Ya Sisterhood
The Jungle Book
Kiss the Girls
The Blues Brothers
The Sisterhood of the Traveling Pants 2
Joyful Noise
About a Boy
Lake Placid
Lucky Number Slevin
Anonymous
The Right Stuff
The NeverEnding Story
Dark City
The Duchess
The Honeymooners
Return to Oz
The Newton Boys
Case 39
Suspect Zero
Spy Kids: All the Time in the World in 4D
Martian Child
Mindhunters
Formula 51
Flawless
Money Monster
What Just Happened
The Statement
The Magic Flute
Paul Blart: Mall Cop
Freaky Friday
The 40-Year-Old Virgin
Shakespeare in Love
A Walk Among the Tombstones
Kindergarten Cop
Pineapple Express
Ever After: A Cinderella Story
Open Range
Flatliners
It's Always Sunny in Philadelphia
A Bridge Too Far
Red Eye
Final Destination 2
O Brother, Where Art Thou?
Legion
Pain & Gain
In Good Company
Clockstoppers
Silverado
Brothers
Agent Cody Banks 2: Destination London
New Year's Eve
Original Sin
The Raven
Welcome to Mooseport
Highlander: The Final Dimension
Blood and Wine
Snow White: A Tale of Terror
The Curse of the Jade Scorpion
Accidental Love
Flipper
Self/less
The Constant Gardener
The Passion of the Christ
Mrs. Doubtfire
Rain Man
Gran Torino
W.
Taken
The Best of Me
The Bodyguard
Schindler's List
The Help
The Fifth Estate
Scooby-Doo 2: Monsters Unleashed
Viy
Freddy vs. Jason
The Face of an Angel
Jimmy Neutron: Boy Genius
Cloverfield
Teenage Mutant Ninja Turtles II: The Secret of the Ooze
The Untouchables
No Country for Old Men
Ride Along
Bridget Jones's Diary
Chocolat
Legally Blonde 2: Red, White & Blonde
Parental Guidance
No Strings Attached
Tombstone
Romeo Must Die
The Omen
Final Destination 3
The Lucky One
Bridge to Terabithia
Finding Neverland
A Madea Christmas
The Grey
Hide and Seek
Anchorman: The Legend of Ron Burgundy
Goodfellas
Agent Cody Banks
Nanny McPhee
Scarface
Nothing to Lose
The Last Emperor
Contraband
Money Talks
There Will Be Blood
The Wild Thornberrys Movie
Rugrats Go Wild
Undercover Brother
The Sisterhood of the Traveling Pants
Kiss of the Dragon
The House Bunny
Beauty Shop
Million Dollar Arm
The Giver
What a Girl Wants
Jeepers Creepers II
Good Luck Chuck
Cradle 2 the Grave
The Hours
She's the Man
Mr. Bean's Holiday
Anacondas: The Hunt for the Blood Orchid
Blood Ties
Elizabeth
August Rush
Bride of Chucky
Tora! Tora! Tora!
Spice World
The Sitter
Dance Flick
The Shawshank Redemption
Crocodile Dundee in Los Angeles
Kingpin
The Gambler
August: Osage County
Ice Princess
A Lot Like Love
Eddie the Eagle
He Got Game
Shaun the Sheep
Don Juan DeMarco
Dear John
The Losers
Don't Be Afraid of the Dark
War
Punch-Drunk Love
EuroTrip
Half Past Dead
Unaccompanied Minors
Bright Lights, Big City
The Adventures of Pinocchio
The Greatest Game Ever Played
The Box
The Ruins
The Next Best Thing
My Soul to Take
The Girl Next Door
Maximum Risk
Stealing Harvard
Legend
Hot Rod
Angela's Ashes
Shark Night 3D
Draft Day
Lifeforce
The Powerpuff Girls
The Conspirator
Lords of Dogtown
The 33
Big Trouble in Little China
A Perfect Plan
Warrior
Michael Collins
Gettysburg
Stop-Loss
Brokedown Palace
Abandon
The Possession
Straw Dogs
Mrs. Winterbourne
The Hoax
Stone Cold
The Road
Sheena
Underclassman
Say It Isn't So
Snakes on a Plane
The World's Fastest Indian
Tank Girl
King's Ransom
Blindness
BloodRayne
Carnage
Where the Truth Lies
Cirque du Soleil: Worlds Away
Without Limits
Me and Orson Welles
The Best Offer
Bad Lieutenant: Port of Call New Orleans
A Turtle's Tale: Sammy's Adventures
Little White Lies
Space Dogs
The True Story of Puss'N Boots
Love Ranch
The Counselor
Ironclad
Waterloo
Kung Fu Killer
Star Trek IV: The Voyage Home
Rocky Balboa
Point Break
Scream 2
Jane Got a Gun
Think Like a Man Too
The Whole Nine Yards
Footloose
Old School
The Fisher King
I Still Know What You Did Last Summer
Return to Me
Zack and Miri Make a Porno
Nurse Betty
Red Sky
Dangerous Liaisons
On the Road
The Men Who Stare at Goats
Double Take
Win a Date with Tad Hamilton!
Muppets from Space
Girl, Interrupted
Play It to the Bone
I Don't Know How She Does It
The Wiz
Ready to Rumble
Beyond the Sea
Meet the Deedles
Piranha 3D
The Bridge of San Luis Rey
Howl's Moving Castle
The Princess and the Cobbler
Faster
King Kong
Star Wars: Episode V - The Empire Strikes Back
Bad Boys
The Naked Gun 2½: The Smell of Fear
Final Destination
The Ides of March
Her
Eddie the Eagle
Joy Ride
The Adventurer: The Curse of the Midas Box
Chasing Liberty
The Crew
Haywire
Pitch Black
Marvin's Room
Anywhere But Here
Jaws: The Revenge
The Waterboy
Someone Like You...
Zombieland
The Longshots
Harley Davidson and the Marlboro Man
The End of the Affair
Coco Before Chanel
In the Valley of Elah
Forsaken
Chéri
Rogue
Vanity Fair
Bodyguards and Assassins
1408
Spaceballs
The Water Diviner
Ghost
The Santa Clause
There's Something About Mary
The Rookie
The Game Plan
The Bridges of Madison County
The Animal
Gandhi
The Hundred-Foot Journey
The Net
I Am Sam
Son of God
Underworld
Derailed
The Informant!
Shadowlands
Deuce Bigalow: European Gigolo
Delivery Man
Victor Frankenstein
Our Kind of Traitor
Saving Silverman
Diary of a Wimpy Kid: Dog Days
Summer of Sam
Jay and Silent Bob Strike Back
The Island
The Glass House
Hail, Caesar!
Josie and the Pussycats
Homefront
The Little Vampire
I Heart Huckabees
Megiddo: The Omega Code 2
RoboCop 3
Darling Lili
Dudley Do-Right
The Libertine
The Transporter Refueled
Black Book
Joyeux Noel
Mad Money
Hit and Run
Before I Go to Sleep
Sorcerer
Stone
Molière
Out of the Furnace
Michael Clayton
My Fellow Americans
Arlington Road
Underdogs
To Rome with Love
Firefox
Death at a Funeral
South Park: Bigger Longer & Uncut
Teenage Mutant Ninja Turtles III
Hardball
Freedom Writers
Silver Linings Playbook
For Colored Girls
The Transporter
Never Back Down
The Rage: Carrie 2
The Bachelor
Away We Go
Swing Vote
Moonlight Mile
Tinker Tailor Soldier Spy
Molly
The Beaver
The Best Little Whorehouse in Texas
eXistenZ
Raiders of the Lost Ark
Home Alone 2: Lost in New York
Close Encounters of the Third Kind
Pulse
Beverly Hills Cop II
Bringing Down the House
The Silence of the Lambs
Wayne's World
Jackass 3D
Jaws 2
Beverly Hills Chihuahua
The Conjuring
Are We There Yet?
Tammy
Disturbia
School of Rock
Mortal Kombat
Wicker Park
White Chicks
The Descendants
Holes
The Last Song
12 Years a Slave
Drumline
Why Did I Get Married Too?
Edward Scissorhands
Me Before You
Madea's Witness Protection
The French Connection
Bad Moms
Date Movie
Return to Never Land
Selma
The Jungle Book 2
Boogeyman
Premonition
The Tigger Movie
Orphan
Max
Meet the Browns
Epic Movie
Conan the Barbarian
Spotlight
Lakeview Terrace
The Grudge 2
How Stella Got Her Groove Back
Bill & Ted's Bogus Journey
Man of the Year
The Black Hole
The American
Selena
Vampires Suck
This Is Where I Leave You
Babel
Doubt
Team America: World Police
Texas Chainsaw 3D
Copycat
Scary Movie 5
Paint Your Wagon
Milk
Risen
A Very Harold & Kumar 3D Christmas
Ghost Ship
Wild Things
The Stepfather
High Fidelity
The Debt
One Missed Call
Eye for an Eye
The Bank Job
Eternal Sunshine of the Spotless Mind
You Again
The World's End
Street Kings
Nancy Drew
Daybreakers
She's Out of My League
Stay Alive
Monte Carlo
Quigley Down Under
Alpha and Omega
The Covenant
Stick It
Shorts
To Die For
Nerve
Appaloosa
Yu-Gi-Oh! Duel Monsters
Vampires
Psycho
My Best Friend's Girl
Endless Love
Georgia Rule
Under the Rainbow
Ladyhawke
Simon Birch
Into the Wild
Reign Over Me
School for Scoundrels
From Dusk Till Dawn
Silent Hill: Revelation 3D
Pooh's Heffalump Movie
Home for the Holidays
Fired Up
Kung Fu Hustle
The Country Bears
The Kite Runner
21 Grams
Paparazzi
Twilight
Capitalism: A Love Story
Armored
The Greatest Story Ever Told
Secret in Their Eyes
Disaster Movie
A Guy Thing
Loser
The Man Who Knew Too Little
What's Your Number?
Lockout
Envy
Crank: High Voltage
Bullets Over Broadway
One Night with the King
The Quiet American
The Weather Man
Undisputed
Ghost Town
12 Rounds
Let Me In
3 Ninjas Kick Back
Be Kind Rewind
Mrs Henderson Presents
Triple 9
Deconstructing Harry
Three to Tango
Burnt
We're No Angels
Everyone Says I Love You
Death at a Funeral
Death Sentence
Everybody's Fine
Superbabies: Baby Geniuses 2
The Man
Code Name: The Cleaner
Connie and Carla
Sweet Charity
Inherent Vice
Doogal
Perception
Battle of the Year
Machete Kills
Willard
An American Carol
Strange Wilderness
Topsy-Turvy
Little Boy
A Dangerous Method
A Scanner Darkly
Chasing Mavericks
Bandslam
Alone in the Dark
Birth
A Most Violent Year
Passchendaele
Flash of Genius
I'm Not There.
The Cold Light of Day
The Brothers Bloom
Synecdoche, New York
Princess Mononoke
Bon voyage
Can't Stop the Music
The Proposition
Courage
Equilibrium
Marci X
The Children of Huang Shi
The Yards
The Oogieloves in the Big Balloon Adventure
By the Sea
Steamboy
The Game of Their Lives
All Good Things
Rapa Nui
CJ7
Les couloirs du temps: Les visiteurs II
Dylan Dog: Dead of Night
People I Know
The Doombolt Chase
The Tempest
Regression
The Touch
Three Kingdoms: Resurrection of the Dragon
Shattered
Zambezia
Ramanujan
Dwegons and Leprechauns
Hands of Stone
Survivor
The Frozen Ground
The Painted Veil
The Baader Meinhof Complex
Dances with Wolves
Bad Teacher
Sea of Love
A Cinderella Story
Scream
Thir13en Ghosts
Back to the Future
The Shining
House on Haunted Hill
I Can Do Bad All by Myself
Fight Valley
The Switch
Just Married
The Devil's Double
Gone, Baby, Gone
Thomas and the Magic Railroad
The Crazies
Spirited Away
Firestorm
The Bounty
The Book Thief
Sex Drive
Leap Year
The Fall of the Roman Empire
Take Me Home Tonight
Won't Back Down
The Nutcracker
Kansas City
Indignation
The Amityville Horror
Adaptation.
Land of the Dead
Out of Inferno
Fear and Loathing in Las Vegas
The Invention of Lying
Neighbors
The Mask
Big
Legally Blonde
Borat: Cultural Learnings of America for Make Benefit Glorious Nation of Kazakhstan
Star Trek III: The Search for Spock
The Exorcism of Emily Rose
Deuce Bigalow: Male Gigolo
Left Behind
The Family Stone
Barbershop 2: Back in Business
Bad Santa
Austin Powers: International Man of Mystery
My Big Fat Greek Wedding 2
Diary of a Wimpy Kid: Rodrick Rules
Predator
Amadeus
Prom Night
Mean Girls
Under the Tuscan Sun
Gosford Park
The O.C.
Peggy Sue Got Married
Birdman or (The Unexpected Virtue of Ignorance)
Blue Jasmine
United 93
Honey
Glory
Spy Hard
The Fog
Soul Surfer
Catch-22
Observe and Report
Conan the Destroyer
Raging Bull
Love Happens
Young Sherlock Holmes
Fame
127 Hours
Small Time Crooks
Center Stage
Love the Coopers
Life as a House
Catch That Kid
Steve Jobs
I Love You, Beth Cooper
Youth in Revolt
The Legend of the Lone Ranger
The Tailor of Panama
Blow Out
Getaway
The Ice Storm
And So It Goes
Troop Beverly Hills
Being Julia
9½ Weeks
Dragonslayer
The Last Station
Ed Wood
Labor Day
Mongol: The Rise of Genghis Khan
RocknRolla
Hamlet
Megaforce
Mao's Last Dancer
Midnight Special
Anything Else
The Railway Man
Unforgettable
The White Ribbon
Restoration
The Wraith
The Salton Sea
Metallica Through the Never
The Informers
Carlos
I Come with the Rain
One Man's Hero
Day of the Dead
I Am Wrath
Renaissance
Forsaken
Red Sonja
Red Lights
Superbad
Madea Goes to Jail
Wolves
Hoodwinked!
Step Up 2: The Streets
Hotel Rwanda
Hitman
Black Nativity
City of Ghosts
The Prince
The Others
Aliens
My Fair Lady
I Know What You Did Last Summer
Let's Be Cops
Sideways
Beerfest
Hero
Halloween
The Best Man Holiday
Good Boy!
Smokin' Aces
Saw 3D: The Final Chapter
40 Days and 40 Nights
TRON: Legacy
A Night at the Roxbury
Beastly
The Hills Have Eyes
Dickie Roberts: Former Child Star
McFarland, USA
Lottery Ticket
Pitch Perfect
ATL
Summer Catch
A Simple Plan
They
Larry the Cable Guy: Health Inspector
The Adventures of Elmo in Grouchland
Brooklyn's Finest
55 Days at Peking
Evil Dead
My Life in Ruins
American Dreamz
Superman IV: The Quest for Peace
How She Move
Running Scared
Bobby Jones: Stroke of Genius
Shanghai Surprise
The Illusionist
Roar
Veronica Guerin
Escobar: Paradise Lost
Southland Tales
Dragon Hunters
Damnation Alley
The Apparition
My Girl
Fur: An Imaginary Portrait of Diane Arbus
Wall Street
Sense and Sensibility
The Illusionist
Becoming Jane
Sydney White
House of Sand and Fog
Dead Poets Society
Dumb & Dumber
When Harry Met Sally...
The Verdict
Varsity Blues
Road Trip
The Artist
The Unborn
Moonrise Kingdom
The Texas Chainsaw Massacre: The Beginning
The Young Messiah
Pan's Labyrinth
The Master of Disguise
The Messengers
See Spot Run
Baby Boy
Joe Dirt
The Roommate
Double Impact
Hot Fuzz
The Women
Vicky Cristina Barcelona
Arn: The Knight Templar
Bad Moms
Boys and Girls
White Oleander
Jennifer's Body
Drowning Mona
Radio Days
Left Behind
Remember Me
How to Deal
My Stepmother Is an Alien
Philadelphia
The Thirteenth Floor
The Cookout
Meteor
Duets
Hollywood Ending
Detroit Rock City
Highlander
Things We Lost in the Fire
Steel
The Immigrant
The White Countess
Trance
Welcome to the Sticks
Soul Plane
Good
Enter the Void
Hachi: A Dog's Tale
Vamps
Zulu
The Homesman
Juwanna Mann
Lilyhammer
Ararat
Madison
Slow Burn
Wasabi
Slither
Beverly Hills Cop
Home Alone
Tootsie
Top Gun
Crouching Tiger, Hidden Dragon
American Beauty
The King's Speech
Twins
Scream: The TV Series
3 Men and a Baby
The Yellow Handkerchief
Tidal Wave
The Color Purple
Ben-Hur
The Imitation Game
Halloween
Mama
National Lampoon's Vacation
Bad Grandpa
Private Benjamin
Diary of a Wimpy Kid
Coal Miner's Daughter
The Queen
Beetlejuice
Why Did I Get Married?
Little Women
The Woman in Black
When a Stranger Calls
Big Fat Liar
The Deer Hunter
Wag the Dog
The Lizzie McGuire Movie
Snitch
Krampus
The Faculty
What's Love Got to Do with It
Cop Land
Not Another Teen Movie
End of Watch
Aloha
The Skulls
The Theory of Everything
Malibu's Most Wanted
Where the Heart Is
Lawrence of Arabia
Halloween II
Wild
The Last House on the Left
The Wedding Date
Halloween: Resurrection
Clash of the Titans
The Princess Bride
The Great Debaters
Drive
The Object of My Affection
Confessions of a Teenage Drama Queen
28 Weeks Later
When the Game Stands Tall
Because of Winn-Dixie
Love & Basketball
Grosse Pointe Blank
All About Steve
Book of Shadows: Blair Witch 2
The Craft
Match Point
Ramona and Beezus
The Remains of the Day
Boogie Nights
Nowhere to Run
Flicka
The Hills Have Eyes II
Urban Legends: Final Cut
Tuck Everlasting
The Marine
Keanu
Country Strong
Disturbing Behavior
The Place Beyond the Pines
The November Man
Eye of the Beholder
The Hurt Locker
Firestarter
Killing Them Softly
A Most Wanted Man
Freddy Got Fingered
The Pirates Who Don't Do Anything: A VeggieTales Movie
U2 3D
Highlander: Endgame
Idlewild
One Day
Whip It
Knockaround Guys
Confidence
The Muse
De-Lovely
New York Stories
Barney's Great Adventure
The Man with the Iron Fists
Here on Earth
Home Fries
Brazil
Raise Your Voice
The Dead Zone
The Big Lebowski
Black Snake Moan
Dark Blue
A Mighty Heart
Whatever It Takes
Boat Trip
The Importance of Being Earnest
The Love Letter
Hoot
In Bruges
Peeples
Post Grad
The Rocker
Promised Land
Whatever Works
The In Crowd
Three Burials
Jakob the Liar
Kiss Kiss Bang Bang
Idle Hands
Blood and Chocolate
Mulholland Drive
You Will Meet a Tall Dark Stranger
Never Let Me Go
The Company
Transsiberian
The Clan of the Cave Bear
Crazy in Alabama
Funny Games
Listening
Felicia's Journey
Metropolis
District B13
Things to Do in Denver When You're Dead
The Assassin
Buffalo Soldiers
The Return
Ong-bak 2
Centurion
Silent Trigger
The Midnight Meat Train
Winnie Mandela
The Son of No One
All the Queen's Men
The Good Night
Bathory: Countess of Blood
Khumba
Automata
Dungeons & Dragons: Wrath of the Dragon God
Chiamatemi Francesco - Il Papa della gente
Shinjuku Incident
Pandaemonium
Groundhog Day
Magic Mike XXL
Romeo + Juliet
Sarah's Key
Freedom
Unforgiven
Manderlay
Slumdog Millionaire
Fatal Attraction
Pretty Woman
Towering Inferno
Crocodile Dundee II
Broken Horses
Born on the Fourth of July
Cool Runnings
My Bloody Valentine
The Possession
Stomp the Yard
First Blood
The Spy Who Loved Me
Ghost Hunters
Urban Legend
Dangerous Liaisons
Good Deeds
White Fang
Superstar
The Iron Lady
Jonah: A VeggieTales Movie
Poetic Justice
All About the Benjamins
Vampire in Brooklyn
Exorcist II: The Heretic
An American Haunting
My Boss's Daughter
A Perfect Getaway
Our Family Wedding
Dead Man on Campus
Tea with Mussolini
Thinner
New York, New York
Crooklyn
I Think I Love My Wife
Jason X
Big Fat Liar
Head Over Heels
Bobby
The Diving Bell and the Butterfly
Little Children
Gossip
Fun Size
A Walk on the Moon
Catch a Fire
Soul Survivors
Jefferson in Paris
Easy Virtue
Mr. Turner
Caravans
Wild Grass
Amen.
Reign of Assassins
The Lucky Ones
Margaret
Stan Helsing
Flipped
Brokeback Mountain
Teenage Mutant Ninja Turtles
Clueless
Far from Heaven
Hot Tub Time Machine 2
Dekalog
Quills
Seven Psychopaths
The Caveman's Valentine
The Border
Downfall
The Sea Inside
Under the Skin
Good Morning, Vietnam
The Last Godfather
Justin Bieber: Never Say Never
Black Swan
RoboCop
The Godfather: Part II
Save the Last Dance
A Nightmare on Elm Street 4: The Dream Master
Miracles from Heaven
Dude, Where's My Car?
Young Guns
St. Vincent
About Last Night
10 Things I Hate About You
The New Guy
Loaded Weapon 1
The Shallows
The Butterfly Effect
Snow Day
This Christmas
Baby Geniuses
The Big Hit
Harriet the Spy
Child's Play 2
No Good Deed
The Mist
Ex Machina
Being John Malkovich
Two Can Play That Game
Earth to Echo
Crazy/Beautiful
Letters from Iwo Jima
The Astronaut Farmer
Woo
Dirty Work
Room
Serial Mom
Dick
Del 1 - Män som hatar kvinnor
Light It Up
54
Bubble Boy
Birthday Girl
21 & Over
Paris, je t'aime
Resurrecting the Champ
Admission
The Widow of Saint-Pierre
Chloe
Faithful
Brothers
The Perks of Being a Wallflower
Find Me Guilty
Excessive Force
Infamous
The Claim
The Vatican Tapes
Attack the Block
In the Land of Blood and Honey
The Call
Operation Chromite
The Crocodile Hunter: Collision Course
I Love You Phillip Morris
Quest for Fire
Antwone Fisher
The Emperor's Club
True Romance
Womb
Glengarry Glen Ross
The Killer Inside Me
Cat People
Sorority Row
The Prisoner of Zenda
Lars and the Real Girl
The Boy in the Striped Pajamas
Dancer in the Dark
Oscar and Lucinda
The Funeral
Solitary Man
Machete
Casino Jack
The Land Before Time
Tae Guk Gi: The Brotherhood of War
The Perfect Game
The Exorcist
Jaws
American Pie
Ernest & Celestine
The Golden Child
Think Like a Man
Barbershop
Star Trek II: The Wrath of Khan
Ace Ventura: Pet Detective
Witness
WarGames
Act of Valor
Step Up
Beavis and Butt-Head Do America
Jackie Brown
Harold & Kumar Escape from Guantanamo Bay
Chronicle
Yentl
Crossroads
Time Bandits
Project X
Patton
One Hour Photo
Quarantine
The Eye
Johnson Family Vacation
How High
The Muppet Christmas Carol
Casino Royale
Frida
Katy Perry: Part of Me
The Fault in Our Stars
Rounders
Top Five
Prophecy
Stir of Echoes
Spartacus: War of the Damned
Philomena
The Upside of Anger
Aquamarine
The Boys from Brazil
Paper Towns
My Baby's Daddy
Nebraska
Tales from the Crypt: Demon Knight
Max Keeble's Big Move
Young Adult
Crank
How to Be a Player
Living Out Loud
Just Wright
Rachel Getting Married
The Postman Always Rings Twice
Girl with a Pearl Earring
Das Boot
The Alamo
Sorority Boys
About Time
House of Flying Daggers
Arbitrage
Project Almanac
Cadillac Records
Screwed
Fortress
For Your Consideration
Celebrity
Running with Scissors
From Justin to Kelly
Girl 6
In the Cut
Two Lovers
Last Orders
The Host
The Pursuit of D.B. Cooper
Charlie Bartlett
Ravenous
The Great Beauty
The Dangerous Lives of Altar Boys
Stoker
2046
Married Life
Duma
Ondine
Brother
Welcome to Collinwood
Critical Care
The Life Before Her Eyes
Darling Companion
Breakfast of Champions
Trade
A Woman, a Gun and a Noodle Shop
Fateless
Cypher
City of Life and Death
Home
Legend of Kung Fu Rabbit
Space Battleship Yamato
5 Days of War
Triangle
10 Days in a Madhouse
Heaven Is for Real
Snatch
Dancin' It's On
Pet Sematary
Madadayo
The Cry of the Owl
A Tale of Three Cities
Gremlins
Star Wars: Episode IV - A New Hope
Dirty Grandpa
Doctor Zhivago
Trash
High School Musical 3: Senior Year
The Fighter
Jackass Number Two
My Cousin Vinny
If I Stay
Drive Hard
Major League
St. Trinian's
A Walk to Remember
Phone Booth
Dead Man Walking
Saw VI
Cruel Intentions
History of the World: Part I
Corky Romano
The Secret Life of Bees
F.I.S.T.
Raising Cain
Invaders from Mars
Barry Lyndon
Brooklyn
Out Cold
The Ladies Man
Quartet
Tomcats
Frailty
Woman in Gold
Kinsey
Army of Darkness
Slackers
What's Eating Gilbert Grape
The Visual Bible: The Gospel of John
Vera Drake
The Guru
The Perez Family
Inside Llewyn Davis
O
Return to the Blue Lagoon
Romance & Cigarettes
The Molly Maguires
Copying Beethoven
Poltergeist
Brighton Rock
Saw V
Machine Gun McCain
LOL
Jindabyne
Kabhi Alvida Naa Kehna
An Ideal Husband
The Last Days on Mars
Darkness
2001: A Space Odyssey
E.T. the Extra-Terrestrial
In the Land of Women
The Blue Butterfly
There Goes My Baby
Lovesick
Housefull
September Dawn
For Greater Glory: The True Story of Cristiada
La Famille Bélier
Good Will Hunting
Misconduct
Saw III
Stripes
Bring It On
The Purge: Election Year
She's All That
Precious
Saw IV
White Noise
Madea's Family Reunion
The Color of Money
The Longest Day
The Mighty Ducks
The Grudge
Happy Gilmore
Jeepers Creepers
Bill & Ted's Excellent Adventure
Oliver!
The Best Exotic Marigold Hotel
Recess: School's Out
Mad Max Beyond Thunderdome
Commando
The Boy
Devil
Friday After Next
Insidious: Chapter 3
The Last Dragon
Snatch
The Lawnmower Man
Nick and Norah's Infinite Playlist
The Banger Sisters
Dogma
Twilight Zone: The Movie
Road House
A Low Down Dirty Shame
Swimfan
Employee of the Month
Can't Hardly Wait
The Outsiders
Pete's Dragon
The Dead Zone
Sinister 2
Sparkle
Valentine
The Fourth Kind
A Prairie Home Companion
Sugar Hill
Invasion U.S.A.
Roll Bounce
Rushmore
The Second Best Exotic Marigold Hotel
Skyline
Kit Kittredge: An American Girl
The Perfect Man
Mo' Better Blues
Kung Pow: Enter the Fist
Tremors
Wrong Turn
The Long Riders
The Corruptor
Mud
Reno 911!: Miami
One Direction: This Is Us
The Goods: Live Hard, Sell Hard
Hey Arnold! The Movie
My Week with Marilyn
The Matador
Love Jones
The Gift
End of the Spear
Get Over It
Office Space
Drop Dead Gorgeous
Very Bad Things
Big Eyes
Sleepover
Body Double
MacGruber
Dirty Pretty Things
Movie 43
The Tourist
Over Her Dead Body
Seeking a Friend for the End of the World
Cedar Rapids
Bones
American History X
The Collection
Teacher's Pet
The Red Violin
The Straight Story
Deuces Wild
Bad Words
Run, Fatboy, Run
Heartbeeps
Black or White
On the Line
Rescue Dawn
Danny Collins
Jeff, Who Lives at Home
I Am Love
Romeo Is Bleeding
Atlas Shrugged II: The Strike
The Limey
Crash
The House of Mirth
Malone
Peaceful Warrior
Bucky Larson: Born to Be a Star
Bamboozled
The Forest
Sphinx
While We're Young
A Better Life
Spider
Gun Shy
Nicholas Nickleby
The Iceman
Dekalog
Krrish
Cecil B. DeMented
Killer Joe
The Joneses
Owning Mahowny
The Brothers Solomon
My Blueberry Nights
Swept Away
Illuminata
War, Inc.
Shaolin Soccer
The Swindle
The Brown Bunny
Rosewater
The Chambermaid on the Titanic
Coriolanus
Imaginary Heroes
High Heels and Low Lifes
World's Greatest Dad
Severance
Edmond
Welcome to the Rileys
Police Academy: Mission to Moscow
Cinco de Mayo, La Batalla
Blood Done Sign My Name
Elsa & Fred
An Alan Smithee Film: Burn Hollywood Burn
The Good Guy
The Open Road
Motherhood
Free Style
Strangerland
The Janky Promoters
Blonde Ambition
The Oxford Murders
The Reef
Eulogy
White Noise 2: The Light
You Got Served: Beat the World
Fifty Dead Men Walking
Jungle Shuffle
Adam Resurrected
Of Horses and Men
It's a Wonderful Afterlife
The Devil's Tomb
Partition
Good Intentions
The Good, the Bad, the Weird
Nurse 3D
Gunless
Adventureland
The Lost City
Next Friday
American Heist
You Only Live Twice
Plastic
Amour
Poltergeist III
Re-Kill
It's a Mad, Mad, Mad, Mad World
Volver
Heavy Metal
Gentlemen Broncos
Richard III
Into the Grizzly Maze
Kites
Melancholia
Red Dog
Jab Tak Hai Jaan
Alien
The Texas Chain Saw Massacre
The Runaways
Fiddler on the Roof
Thunderball
Detention
Loose Cannons
Set It Off
The Best Man
Child's Play
Sicko
Down to You
The Purge: Anarchy
Harold & Kumar Go to White Castle
The Contender
Boiler Room
Trading Places
Black Christmas
Breakin' All the Rules
Henry V
The Savages
Chasing Papi
The Way of the Gun
Igby Goes Down
PCU
The Ultimate Gift
The Bold and the Beautiful
The Ice Pirates
Gracie
Trust the Man
Hamlet 2
Velvet Goldmine
The Wailing
Glee: The 3D Concert Movie
The Legend of Suriyothai
Two Evil Eyes
Barbecue
All or Nothing
Princess Kaiulani
Opal Dream
Heist
Flame and Citron
Undiscovered
Red Riding: In the Year of Our Lord 1974
The Girl on the Train
Veronika Decides to Die
Crocodile Dundee
Ultramarines: A Warhammer 40,000 Movie
The I Inside
Beneath Hill 60
Polisse
Awake
Star Wars: The Clone Wars
Skin Trade
The Lost Boys
Crazy Heart
The Rose
Baggage Claim
Barbarella
Shipwrecked
Election
The Namesake
The DUFF
Glitter
The Haunting in Connecticut 2: Ghosts of Georgia
Silmido
Bright Star
My Name Is Khan
Footloose
All Is Lost
Limbo
Namastey London
The Wind That Shakes the Barley
The Karate Kid
Yeh Jawaani Hai Deewani
Quo Vadis
Repo! The Genetic Opera
Valley of the Wolves: Iraq
Pulp Fiction
The Muppet Movie
Nightcrawler
Club Dread
The Sound of Music
Little Miss Sunshine
Splash
Stand by Me
28 Days Later...
You Got Served
Escape from Alcatraz
Brown Sugar
A Thin Line Between Love and Hate
50/50
Shutter
Creepshow
That Awkward Moment
Modern Problems
Kicks
Much Ado About Nothing
On Her Majesty's Secret Service
The Player
New Nightmare
Drive Me Crazy
Akeelah and the Bee
Half Baked
New in Town
Syriana
American Psycho
The Good Girl
Bon Cop Bad Cop
The Boondock Saints II: All Saints Day
The City of Your Final Destination
Enough Said
Easy A
The Inkwell
Brad Segal
Prom
The Pallbearer
Held Up
Woman on Top
Preacher
Howards End
Another Year
8 Women
Showdown in Little Tokyo
Clay Pigeons
Anomalisa
It's Kind of a Funny Story
Made in Dagenham
When Did You Last See Your Father?
Prefontaine
The Land Girls
Begin Again
The Secret of Kells
Brooklyn Rules
Restless
Down in the Valley
The Wicked Lady
The Singing Detective
Fido
The Wendell Baker Story
Wild Target
Pathology
Wuthering Heights
10th & Wolf
Dear Wendy
Aloft
Akira
The Death and Life of Bobby
The Rocket: The Legend of Rocket Richard
Swelter
My Lucky Star
Imagine Me & You
Mr. Church
Swimming Pool
The Blood of Heroes
Green Street 3: Never Back Down
Code of Honor
Driving Miss Daisy
Soul Food
Rumble in the Bronx
Far from Men
Thank You for Smoking
Hostel: Part II
An Education
Shopgirl
The Hotel New Hampshire
Narc
Men with Brooms
Witless Protection
The Work and the Glory
Extract
Masked and Anonymous
Alias Betty
Code 46
Outside Bet
Crash
Albert Nobbs
Black November
Ta Ra Rum Pum
Persepolis
The Hole
The Wave
The Neon Demon
Harry Brown
Spider-Man 3
The Omega Code
Juno
Pound of Flesh
Diamonds Are Forever
The Godfather
Flashdance
500 Days of Summer
The Piano
Magic Mike
Darkness Falls
Live and Let Die
My Dog Skip
Definitely, Maybe
Jumping the Broom
The Great Gatsby
Good Night, and Good Luck.
Capote
Desperado
The Claim
Fargo
Logan's Run
Action Jackson
The Man with the Golden Gun
The Descent
Michael Jordan to the Max
Devil's Due
Flirting with Disaster
The Devil's Rejects
Buffy the Vampire Slayer
Dope
In Too Deep
Skyfall
House of 1000 Corpses
Alien Zone
A Serious Man
Get Low
Warlock
Beyond the Lights
A Single Man
The Last Temptation of Christ
Outside Providence
Bride & Prejudice
Rabbit-Proof Fence
Who's Your Caddy?
Split Second
Nikita
The Other Side of Heaven
Dark Angel
Veer-Zaara
Redbelt
Cyrus
A Dog of Flanders
Auto Focus
Factory Girl
We Need to Talk About Kevin
The Christmas Candle
The Mighty Macs
Losin' It
Mother and Child
March or Die
Les visiteurs
Somewhere
I Hope They Serve Beer in Hell
Chairman of the Board
Hesher
Dom Hemingway
Gerry
The Heart of Me
Freeheld
The Extra Man
Hard to Be a God
Wah-Wah
Ca$h
The Boondock Saints
Z Storm
Twixt
Snow Queen
Alpha and Omega 4: The Legend of the Saw Toothed Cave
Pale Rider
Dazed and Confused
Stargate: The Ark of Truth
High School Musical 2
Two Lovers and a Bear
Criminal Activities
Aimee & Jaguar
The Chumscrubber
Shade
House at the End of the Street
Incendies
Remember Me, My Love
Perrier's Bounty
Elite Squad
Annabelle
Bran Nue Dae
Boyz n the Hood
La Bamba
The Four Seasons
Dressed to Kill
The Adventures of Huck Finn
Go
Friends with Money
The Andromeda Strain
Bats
Nowhere in Africa
Shame
Layer Cake
The Work and the Glory II: American Zion
The East
A Home at the End of the World
Aberdeen
The Messenger
Tracker
The Terminator
Control
Good Bye Lenin!
The Damned United
The Return of the Living Dead
Gomorrah
Mallrats
Grease
Platoon
Fahrenheit 9/11
Butch Cassidy and the Sundance Kid
Mary Poppins
Ordinary People
Around the World in 80 Days
West Side Story
Caddyshack
The Brothers
The Wood
The Usual Suspects
A Nightmare on Elm Street 5: The Dream Child
Van Wilder: Party Liaison
The Wrestler
Duel in the Sun
Best in Show
Escape from New York
School Daze
Mr. Nice Guy
Daddy Day Camp
Mystic Pizza
A Mighty Wind
War & Peace
Sliding Doors
The Last King of Scotland
Halloween 5
Tales from the Hood
Dolphins and Whales 3D: Tribes of the Ocean
Bernie
Pollock
200 Cigarettes
The Words
Casa de mi Padre
City Island
The Virgin Suicides
The Guard
College
Little Voice
Miss March
Wish I Was Here
Veronica Mars
Simply Irresistible
Hedwig and the Angry Inch
Only the Strong
Goddess of Love
Shattered Glass
Novocaine
The Business of Strangers
The Wild Bunch
The Wackness
The Great Train Robbery
Beastmaster 2: Through the Portal of Time
Morvern Callar
The 5th Quarter
The Flower of Evil
The Greatest
Snow Flower and the Secret Fan
Come Early Morning
Lucky Break
Julia
Surfer, Dude
Lake of Fire
11.14
Men of War
Don McKay
Deadfall
A Shine of Rainbows
The Hit List
Videodrome
Emma
L'auberge espagnole
Song One
Murder by Numbers
Winter in Wartime
Freaky Deaky
The Train
Trade of Innocents
The Protector
Stiff Upper Lips
The Inbetweeners
Sunshine State
Bend It Like Beckham
Crossover
Khiladi 786
[Rec] 2
Standing Ovation
The Sting
Chariots of Fire
Diary of a Mad Black Woman
Shine
Don Jon
High Plains Drifter
Ghost World
Iris
Galaxina
The Chorus
Mambo Italiano
Wonderland
Do the Right Thing
Harvard Man
Le Havre
Irreversible
R100
Animals
Rang De Basanti
Salvation Boulevard
The Ten
A Room for Romeo Brass
Headhunters
Grabbers
Saint Ralph
Miss Julie
Somewhere in Time
Dum Maaro Dum
Insidious: Chapter 2
Saw II
10 Cloverfield Lane
Jackass: The Movie
Lights Out
Paranormal Activity 3
Ouija
A Nightmare on Elm Street 3: Dream Warriors
The Gift
Paranormal Activity 4
Instructions Not Included
The Robe
The Return of the Pink Panther
Freddy's Dead: The Final Nightmare
Monster
20,000 Leagues Under the Sea
Paranormal Activity: The Marked Ones
Dallas Buyers Club
The Elephant Man
The Lazarus Effect
Memento
Oculus
Clerks II
Billy Elliot
The Way Way Back
House Party 2
The Man from Snowy River
Doug's 1st Movie
The Apostle
Mommie Dearest
Our Idiot Brother
Race
The Players Club
O
As Above, So Below
Addicted
Eve's Bayou
Still Alice
The Egyptian
Nighthawks
Friday the 13th Part VIII: Jason Takes Manhattan
My Big Fat Greek Wedding
Spring Breakers
Halloween: The Curse of Michael Myers
Shaun of the Dead
Y Tu Mamá También
The Haunting of Molly Hartley
Lone Star
Diner
Halloween 4: The Return of Michael Myers
April Fool's Day
Lone Wolf McQuade
Apollo 18
Sunshine Cleaning
No Escape
The Beastmaster
Solomon and Sheba
Fifty Shades of Black
Not Easily Broken
A Farewell to Arms
The Perfect Match
Digimon: The Movie
Saved!
The Barbarian Invasions
Robin and Marian
The Forsaken
Force 10 from Navarone
UHF
Grandma's Boy
Slums of Beverly Hills
Once Upon a Time in the West
Made
Moon
Keeping Up with the Steins
Sea Rex 3D: Journey to a Prehistoric World
The Sweet Hereafter
Of Gods and Men
Bottle Shock
Heavenly Creatures
Jekyll and Hyde... Together Again
90 Minutes in Heaven
Everything Must Go
Zero Effect
The Machinist
Light Sleeper
Kill the Messenger
Rabbit Hole
Party Monster
The Oh in Ohio
Green Room
Atlas Shrugged: Who Is John Galt?
Bottle Rocket
Albino Alligator
Gandhi, My Father
Standard Operating Procedure
Out of the Blue
Tucker and Dale vs Evil
Lovely, Still
Tycoon
Desert Blue
Decoys
The Visit
Redacted
Fascination
Saving Grace
Area 51
Sleep Tight
The Cottage
Dead Like Me: Life After Death
Farce of the Penguins
Flying By
Psych
Rudderless
Henry & Me
Christmas Eve
We Have Your Husband
Dying of the Light
Born of War
Capricorn One
Should've Been Romeo
Running Forever
Yoga Hosers
Navy Seals vs. Zombies
I Served the King of England
Soul Kitchen
Sling Blade
The Awakening
Hostel
Tristram Shandy: A Cock and Bull Story
Take Shelter
Lady in White
Driving Lessons
Let's Kill Ward's Wife
The Texas Chainsaw Massacre 2
Pat Garrett & Billy the Kid
Only God Forgives
Camping sauvage
Barfi
Without Men
All Hat
The Names of Love
Dear Frankie
Treading Water
Savage Grace
Out of the Blue
Police Academy
The Blue Lagoon
Four Weddings and a Funeral
Fast Times at Ridgemont High
Moby Dick
25th Hour
Secrets and Lies
Bound
Requiem for a Dream
State Fair
Tango
Salvador
Moms' Night Out
Donnie Darko
Saving Private Perez
Character
Spun
Life During Wartime
Lady Vengeance
Mozart's Sister
Mean Machine
Exiled
Blackthorn
Lilya 4-Ever
After.Life
Fugly
One Flew Over the Cuckoo's Nest
R.L. Stine's Monsterville: The Cabinet of Souls
Silent Movie
Airlift
Anne of Green Gables
Falcon Rising
The Sweeney
Sexy Beast
Easy Money
Whale Rider
Paa
Cargo
Pan
High School Musical
Animal Kingdom
Love and Death on Long Island
Night Watch
The Crying Game
Porky's
Survival of the Dead
Night of the Living Dead
Lost in Translation
Annie Hall
The Greatest Show on Earth
Exodus: Gods and Kings
Monster's Ball
Maggie
Leaving Las Vegas
Hansel & Gretel Get Baked
The Return of the Living Dead
The Front Page
The Boy Next Door
Trapeze
Saving Grace
The Kids Are All Right
They Live
The Great Escape
What the #$*! Do We (K)now!?
The Last Exorcism Part II
Boyhood
Scoop
Planet of the Apes
The Wash
3 Strikes
The Cooler
The Misfits
The Night Listener
The Jerky Boys
My Soul to Take
The Orphanage
A Haunted House 2
The Rules of Attraction
Topaz
Let's Go to Prison
Four Rooms
Secretary
The Real Cancun
Talk Radio
Waiting for Guffman
Love Stinks
You Kill Me
Thumbsucker
Red State
Mirrormask
Samsara
The Barbarians
The Art of Getting By
Zipper
Poolhall Junkies
The Loss of Sexual Innocence
Holy Motors
Joe
Shooting Fish
Prison
Psycho Beach Party
The Big Tease
Buen Día, Ramón
Trust
An Everlasting Piece
Among Giants
Adore
The Velocity of Gary
Mondays in the Sun
Sonny with a Chance
Stake Land
The Last Time I Committed Suicide
Futuro Beach
Another Happy Day
Nothing
A Lonely Place to Die
The Geographer Drank His Globe Away
1776
Inescapable
Hell's Angels
Purple Violets
The Veil
The Loved Ones
No Vacancy
How to Fall in Love
The Perfect Wave
Ben-Hur
A Man for All Seasons
Network
Gone with the Wind
Desert Dancer
Major Dundee
Down for Life
Annie Get Your Gun
Four Lions
House of Sand
Defendor
The Pirate
The Good Heart
The History Boys
Unknown
M*A*S*H
Midnight Cowboy
The Full Monty
Airplane!
Chain of Command
Friday
Menace II Society
Empire
Creepshow 2
The Ballad of Cable Hogue
In Cold Blood
The Nun's Story
Harper
Frenzy
The Witch
I Got the Hook Up
She's the One
Gods and Monsters
The Secret in Their Eyes
Day of the Dead
Train
Evil Dead II
Pootie Tang
Sharknado
La otra conquista
Trollhunter
Ira & Abby
The Watch
Winter Passing
D.E.B.S.
The Masked Saint
Taxman
The Secret
The Betrayed
2.13
Time to Choose
In the Name of the King: The Last Job
Batman: The Dark Knight Returns, Part 2
Wicked Blood
Dawn Patrol
Lords of London
March of the Penguins
High Anxiety
Margin Call
Choke
August
Whiplash
City of God
Human Traffic
Day One
The Dead Girl
The Hunt
Bella
A Christmas Story
The Opposite Sex
Class of 1984
The Class
Dreaming of Joseph Lees
Rosemary's Baby
The Man Who Shot Liberty Valance
Maria Full of Grace
Adam
Feast
Animal House
Goldfinger
Antiviral
It's a Wonderful Life
Trainspotting
Paranormal Activity 2
The Original Kings of Comedy
Bowling for Columbine
Waking Ned Devine
Coming Home
Beginners
The Purge
A Room with a View
A Nightmare on Elm Street 2: Freddy's Revenge
Sinister
Martin Lawrence Live: Runteldat
Cat on a Hot Tin Roof
Air Bud
Beneath the Planet of the Apes
Jason Lives: Friday the 13th Part VI
Pokémon 3: The Movie
The Bridge on the River Kwai
Spaced Invaders
Family Plot
The Apartment
Torn Curtain
Dave Chappelle's Block Party
Jason Goes to Hell: The Final Friday
Krush Groove
Slow West
Next Day Air
Elmer Gantry
Judgment at Nuremberg
Trippin'
Robot Chicken
Phat Girlz
Red River
Before Midnight
Teen Wolf Too
Phantasm II
Woman Thou Art Loosed
Real Women Have Curves
Deadline Gallipoli
Water
East Is East
Whipped
Kama Sutra: A Tale of Love
Please Give
Willy Wonka & the Chocolate Factory
Warlock: The Armageddon
8 Heads in a Duffel Bag
Days of Heaven
Jawbreaker
Thirteen Conversations About One Thing
Basquiat
Frances Ha
Tsotsi
Happiness
DysFunktional Family
Tusk
Oldboy
Letters to God
Hobo with a Shotgun
Compadres
Freeway
Love's Abiding Joy
Fish Tank
Damsels in Distress
Creature
Bachelorette
BrainDead
Brave New Girl
Tim and Eric's Billion Dollar Movie
The Gambler
The Grand
Summer Storm
Fort McCoy
Chain Letter
Just Looking
The Divide
The Eclipse
Demonic
My Big Fat Independent Movie
Alice in Wonderland
The Deported
Tanner Hall
Open Road
They Came Together
30 Nights of Paranormal Activity with the Devil Inside the Girl with the Dragon Tattoo
Never Back Down 2: The Beatdown
Point Blank
Four Single Fathers
Enter the Dangerous Mind
Something Wicked
AWOL-72
Iguana
Cinderella
Chicago Overcoat
Barry Munday
Central Station
Pocketful of Miracles
Close Range
Boynton Beach Club
Amnesiac
Freakonomics
The Omen
Griff the Invisible
High Tension
Unnatural
Hustle & Flow
Some Like It Hot
Friday the 13th Part VII: The New Blood
Young Frankenstein
The Wizard of Oz
Diary of the Dead
Lage Raho Munna Bhai
Ulee's Gold
The Black Stallion
Sardaar Ji
Journey to Saturn
Donovan's Reef
The Dress
A Guy Named Joe
Friday the 13th: The Final Chapter
Blazing Saddles
Ida
Maurice
Beer League
The Astronaut's Wife
Riding Giants
Timecrimes
Silver Medallist
Timber Falls
Singin' in the Rain
Fat, Sick & Nearly Dead
A Haunted House
2016: Obama's America
Halloween II
That Thing You Do!
Halloween III: Season of the Witch
Escape from the Planet of the Apes
Hud
Kevin Hart: Let Me Explain
My Own Private Idaho
Garden State
Before Sunrise
Sur le seuil
Jesus' Son
Saving Face
Brick Lane
Robot & Frank
The Spectacular Now
My Life Without Me
Marilyn Hotchkiss' Ballroom Dancing and Charm School
Religulous
Fuel
Valley of the Heart's Delight
Dodgeball: A True Underdog Story
Eye of the Dolphin
8: The Mormon Proposition
The Other End of the Line
Anatomy
Sleep Dealer
Super
Christmas Mail
Stung
Antibirth
Get on the Bus
Thr3e
Idiocracy
The Rise of the Krays
This Is England
Alien Uprising
Bathing Beauty
Go for It!
Dancer, Texas Pop. 81
Show Boat
Redemption Road
The Calling
The Brave Little Toaster
The French Connection
Fantasia
8 Days
Friday the 13th Part III
Friday the 13th: A New Beginning
The Last Sin Eater
Do You Believe?
The Valley of Decision
Impact Point
Eden
Chicken Tikka Masala
Always Woodstock
Jack Brooks: Monster Slayer
The Best Years of Our Lives
Bully
Elling
Mi America
[Rec]
Lies in Plain Sight
Sharkskin
Containment
The Timber
From Russia with Love
The Toxic Avenger Part II
In the Heat of the Night
Sleeper
It Follows
Everything You Always Wanted to Know About Sex * But Were Afraid to Ask
To Kill a Mockingbird
Mad Max 2: The Road Warrior
The Legend of Drunken Master
Lolita
Boys Don't Cry
Silent House
The Lives of Others
Courageous
The Hustler
Boom Town
The Triplets of Belleville
Smoke Signals
American Splendor
Amores Perros
Before Sunset
Gentleman's Agreement
Thirteen
Touching the Void
Winter's Bone
Alexander's Ragtime Band
Me and You and Everyone We Know
Inside Job
We Are Your Friends
Ghost Dog: The Way of the Samurai
Harsh Times
Witchboard
Captive
Full Frontal
Strangers with Candy
Hamlet
Shortbus
Waltz with Bashir
The Book of Mormon Movie, Volume 1: The Journey
No End in Sight
The Diary of a Teenage Girl
Get Real
In the Shadow of the Moon
Meek's Cutoff
Inside Deep Throat
Dinner Rush
Clockwatchers
The Virginity Hit
Subway
House of D
Teeth
Six-String Samurai
Hum To Mohabbat Karega
It's All Gone Pete Tong
Saint John of Las Vegas
24 7: Twenty Four Seven
Stonewall
Eureka
Roadside Romeo
This Thing of Ours
The Lost Medallion: The Adventures of Billy Stone
The Last Five Years
Return of the Living Dead III
London
The Missing Person
Sherrybaby
Stealing Harvard
Circle
Eden Lake
Plush
Vampire Killers
Gangster's Paradise: Jerusalema
Freeze Frame
Grave Encounters
Stitches
Nine Dead
To Be Frank, Sinatra at 100
Bananas
Supercapitalist
Rockaway
Wings
The Lady from Shanghai
No Man's Land: The Rise of Reeker
Highway
Small Apartments
Coffee Town
The Ghastly Love of Johnny X
All Is Bright
The Torture Chamber of Dr. Sadism
Straight A's
A Funny Thing Happened on the Way to the Forum
Slacker Uprising
The Legend of Hell's Gate: An American Conspiracy
The Walking Deceased
The Curse of Downers Grove
Shark Lake
River's Edge
Northfork
The Marine 4: Moving Target
Buried
Submarine
The Square
Carrie
One to Another
ABCD (Any Body Can Dance)
A Nightmare on Elm Street
Man on Wire
Abandoned
Brotherly Love
The Last Exorcism
Nowhere Boy
A Streetcar Named Desire
Dr. Strangelove or: How I Learned to Stop Worrying and Love the Bomb
El crimen del padre Amaro
Beasts of the Southern Wild
Battle for the Planet of the Apes
Songcatcher
Higher Ground
Vaalu
The Greatest Movie Ever Sold
Travelers and Magicians
Ed and His Dead Mother
Hang 'Em High
Deadline - U.S.A.
A Beginner's Guide to Snuff
Sublime
Independence Daysaster
Dysfunctional Friends
Run Lola Run
May
Against the Wild
Living Dark: The Story of Ted the Caver
Under the Same Moon
Conquest of the Planet of the Apes
In the Bedroom
I Spit on Your Grave
Happy, Texas
My Summer of Love
The Lunchbox
Yes
You Can't Take It with You
From Here to Eternity
She Wore a Yellow Ribbon
Grace Unplugged
Foolish
N-Secure
Caramel
Out of the Dark
The Bubble
The Conversation
Dil Jo Bhi Kahey...
Mississippi Mermaid
I Love Your Work
Cabin Fever
Dawn of the Dead
Waitress
Bloodsport
Mr. Smith Goes to Washington
Kids
The Squid and the Whale
Kissing Jessica Stein
A Woman, a Gun and a Noodle Shop
Kickboxer: Vengeance
Spellbound
Exotica
Buffalo '66
Insidious
Repo Man
Nine Queens
The Gatekeepers
The Ballad of Jack and Rose
The To Do List
Killing Zoe
The Believer
Snow Angels
Unsullied
Session 9
I Want Someone to Eat Cheese With
Mooz-Lum
Hatchet
Modern Times
Stolen Summer
My Name Is Bruce
The Salon
Road Hard
Forty Shades of Blue
Amigo
Pontypool
Trucker
Me You and Five Bucks
The Lords of Salem
Housebound
Wal-Mart: The High Cost of Low Price
Fetching Cody
Once Upon a Time in Queens
Closer to the Moon
Mutant World
Growing Up Smith
Checkmate
Jack Reacher
#Horror
Wind Walkers
Snow White and the Seven Dwarfs
The Holy Girl
Shalako
Incident at Loch Ness
The Dog Lover
Girl House
The Blue Room
Batman: The Movie
House at the End of the Drive
Lock, Stock and Two Smoking Barrels
The Ballad of Gregorio Cortez
The Streets of San Francisco
The Celebration
The Basket
Journey from the Fall
Trees Lounge
Eddie: The Sleepwalking Cannibal
Mercury Rising
Space: Above and Beyond
Queen of the Mountains
Def-Con 4
The 41-Year-Old Virgin Who Knocked Up Sarah Marshall and Felt Superbad About It
Neal 'N' Nikki
The Hebrew Hammer
Forget Me Not
Rebecca
Friday the 13th Part 2
The Lost Weekend
C.H.U.D.
Filly Brown
The Lion of Judah
Niagara
How Green Was My Valley
Da Sweet Blood of Jesus
The Girlfriend Experience
Sex, Lies, and Videotape
Saw
Super Troopers
The Algerian
The Amazing Catfish
The Day the Earth Stood Still
Monsoon Wedding
You Can Count on Me
The Trouble with Harry
Lucky Number Slevin
But I'm a Cheerleader
Home Run
Reservoir Dogs
The Blue Bird
The Good, the Bad and the Ugly
The Second Mother
Blue Like Jazz
Down and Out with the Dolls
Pink Ribbons, Inc.
Certifiably Jonathan
Q
The Knife of Don Juan
Grand Theft Parsons
Extreme Movie
The Charge of the Light Brigade
Below Zero
Crowsnest
Airborne
Cotton Comes to Harlem
The Wicked Within
Bleeding Hearts
Waiting...
Dead Man's Shoes
Wolf Creek
From a Whisper to a Scream
Sex with Strangers
Dracula: Pages from a Virgin's Diary
Faith Like Potatoes
Beyond the Black Rainbow
The Raid: Redemption
The Dead Undead
The Vatican Exorcisms
Casablanca
Lake Mungo
Rocket Singh: Salesman of the Year
Silent Running
Rocky
The Sleepwalker
The Fog
Tom Jones
Unfriended
Taxi Driver
The Howling
Dr. No
Chernobyl Diaries
Hellraiser
God's Not Dead 2
Cry_Wolf
Godzilla 2000
Blue Valentine
Transamerica
The Devil Inside
Beyond the Valley of the Dolls
Love Me Tender
An Inconvenient Truth
Sands of Iwo Jima
Shine a Light
The Green Inferno
Departure
The Sessions
Food, Inc.
October Baby
Next Stop Wonderland
Juno
The Skeleton Twins
Martha Marcy May Marlene
Obvious Child
Frozen River
20 Feet from Stardom
Two Girls and a Guy
Walking and Talking
The Full Monty
Who Killed the Electric Car?
The Broken Hearts Club: A Romantic Comedy
Bubba Ho-Tep
Goosebumps
Slam
Brigham City
Fiza
History of the World: Part I
Orgazmo
All the Real Girls
Dream with the Fishes
Blue Car
Luminarias
Palo Alto
Ajami
Wristcutters: A Love Story
I Origins
The Battle of Shaker Heights
The Lovely Bones
The Act of Killing
Taxi to the Dark Side
Once in a Lifetime: The Extraordinary Story of the New York Cosmos
Guiana 1838
Lisa Picard Is Famous
Antarctica: A Year on Ice
A Lego Brickumentary
Hardflip
Chocolate: Deep Dark Secrets
The House of the Devil
The Perfect Host
Safe Men
Speedway Junky
The Last Big Thing
The Specials
16 to Life
Alone with Her
Creative Control
Special
Sparkler
The Helix... Loaded
In Her Line of Fire
The Jimmy Show
Heli
Karachi se Lahore
Loving Annabelle
Hits
Jimmy and Judy
Frat Party
The Party's Over
Proud
The Poker House
Childless
ZMD: Zombies of Mass Destruction
Snow White: A Deadly Summer
Hidden Away
My Last Day Without You
Steppin: The Movie
Doc Holliday's Revenge
Black Rock
Truth or Die
The Pet
Bang Bang Baby
Fear Clinic
Zombie Hunter
A Fine Step
Trance
Charly
Banshee Chapter
Jesse
Ask Me Anything
And Then Came Love
Food Chains
On the Waterfront
L!fe Happens
4 Months, 3 Weeks and 2 Days
The Horror Network Vol. 1
Hard Candy
The Quiet
Fruitvale Station
Circumstance
Bambi
The Brass Teapot
The Hammer
Snitch
Latter Days
Elza
1982
For a Good Time, Call...
Celeste & Jesse Forever
London to Brighton
Time Changer
American Hero
Windsor Drive
A Separation
Crying with Laughter
Welcome to the Dollhouse
Ruby in Paradise
Raising Victor Vargas
Pandora's Box
Harrison Montgomery
Live-In Maid
Deterrence
The Mudge Boy
The Young Unknowns
Not Cool
Dead Snow
Saints and Soldiers
Vessel
American Graffiti
Iraq for Sale: The War Profiteers
Aqua Teen Hunger Force Colon Movie Film for Theaters
Safety Not Guaranteed
Kevin Hart: Laugh at My Pain
Kill List
The Innkeepers
The Conformist
The Unborn
Interview with the Assassin
Donkey Punch
All the Boys Love Mandy Lane
Bled
High Noon
Hoop Dreams
Rize
L.I.E.
Destiny
The Sisterhood of Night
B-Girl
King Kong
House of Wax
Half Nelson
Naturally Native
Hav Plenty
Adulterers
Escape from Tomorrow
Starsuckers
The Hadza: Last of the First
Treachery
After
Walter
Top Hat
The Blair Witch Project
Woodstock
The Kentucky Fried Movie
Mercy Streets
Arnolds Park
Broken Vessels
They Will Have to Kill Us First
Water & Power
Crop Circles: Quest for Truth
Light from the Darkroom
Irreplaceable
The Maid's Room
A Hard Day's Night
The Harvest/La Cosecha
Love Letters
Julija in alfa Romeo
Fireproof
Faith Connections
Benji
Open Water
High Road
Kingdom of the Spiders
Mad Hot Ballroom
The Station Agent
To Save a Life
Wordplay
Beyond the Mat
The Singles Ward
Osama
Sholem Aleichem: Laughing in the Darkness
Groove
The R.M.
Twin Falls Idaho
Mean Creek
Hurricane Streets
Civil Brand
Never Again
Lonesome Jim
Drinking Buddies
Deceptive Practice: The Mysteries and Mentors of Ricky Jay
Seven Samurai
The Other Dream Team
Johnny Suede
Finishing the Game: The Search for a New Bruce Lee
Rubber
Home
Kiss the Bride
The Slaughter Rule
Monsters
The Californians
The Living Wake
Detention of the Dead
Crazy Stone
Scott Walker: 30 Century Man
Everything Put Together
Good Kill
Insomnia Manica
The Outrageous Sophie Tucker
Now Is Good
Girls Gone Dead
Subconscious
America Is Still the Place
Crossroads
The King of Najayo
Enter Nowhere
Fight to the Finish
Alleluia! The Devil's Carnival
The Sound and the Shadow
Rodeo Girl
Born to Fly: Elizabeth Streb vs. Gravity
The Little Ponderosa Zoo
Oz the Great and Powerful
The Toxic Avenger
Straight Out of Brooklyn
Diamond Ruff
Bloody Sunday
Conversations with Other Women
Mutual Friends
Poultrygeist: Night of the Chicken Dead
Rise of the Entrepreneur: The Search for a Better Way
42nd Street
Metropolitan
As It Is in Heaven
Roadside
Napoleon Dynamite
Blue Ruin
Paranormal Activity
Dogtown and Z-Boys
Monty Python and the Holy Grail
Quinceañera
Gory Gory Hallelujah
Tarnation
Heroes
Love in the Time of Monsters
I Want Your Money
The Beyond
Home Movies
What Happens in Vegas
My Beautiful Laundrette
The Dark Hours
Fabled
Show Me
Cries & Whispers
Intolerance: Love's Struggle Throughout the Ages
Trekkies
The Broadway Melody
The Evil Dead
Maniac
Censored Voices
Murderball
American Ninja 2: The Confrontation
51 Birch Street
Revolution
Halloween
Rotor DR1
12 Angry Men
My Dog Tulip
It Happened One Night
Tupac: Resurrection
Dogtooth
Tumbleweeds
The Prophecy
When the Cat's Away
Pieces of April
The Big Swap
Old Joy
Wendy and Lucy
3 Backyards
Pierrot le Fou
Ayurveda: Art of Being
Sisters in Law
First Love, Last Rites
Nothing But a Man
Fighting Tommy Riley
Royal Kill
Across the Universe
The Looking Glass
Death Race 2000
Locker 13
Midnight Cabaret
Anderson's Cross
Bizarre
Some Guy Who Kills People
Graduation Day
Compliance
Chasing Amy
Lovely & Amazing
Death Calls
Better Luck Tomorrow
The Incredibly True Adventure of Two Girls in Love
Chuck & Buck
American Desi
Amidst the Devil's Wings
Cube
Love and Other Catastrophes
I Married a Strange Person!
November
Like Crazy
Teeth and Blood
Sugar Town
The Motel
The Canyons
Happy Valley
On the Outs
Exam
The Sticky Fingers of Time
Shotgun Stories
Sunday School Musical
Rust
Ink
The Christmas Bunny
Jesus People
Butterfly
UnDivided
The Frozen
The Love Letter
Horse Camp
Give Me Shelter
The Big Parade
Little Big Top
Along the Roadside
Bronson
Western Religion
Burn
Urbania
The Stewardesses
The Beast from 20,000 Fathoms
20,000 Leagues Under the Sea
Swingers
A Fistful of Dollars
Mad Max
She Done Him Wrong
The Grace Card
Short Cut to Nirvana: Kumbh Mela
Middle of Nowhere
3
The Business of Fancydancing
Call + Response
Side Effects
Malevolence
Shooting the Warwicks
Super Hybrid
Baghead
Solitude
The Case of the Grinning Cat
Ordet
Good Dick
The Man from Earth
The Trials of Darryl Hunt
An American Girl Holiday
Yesterday Was a Lie
Theresa Is a Mother
H.
Archaeology of a Woman
Children of Heaven
Weekend
She's Gotta Have It
Butterfly Girl
The World Is Mine
The Calling
Another Earth
Sweet Sweetback's Baadasssss Song
Perfect Cowboy
Tadpole
Once
The Woman Chaser
The Horse Boy
When the Lights Went Out
Heroes of Dirt
The Texas Chain Saw Massacre
A Charlie Brown Christmas
Antarctic Edge: 70° South
Aroused
Top Spin
Roger & Me
Cat People
An American in Hollywood
Sound of My Voice
The Brain That Sings
The Blood of My Brother
Your Sister's Sister
Romantic Schemer
A Dog's Breakfast
A Dog's Breakfast
Night of the Living Dead
Une Femme Mariée
The Work and the Story
The Birth of a Nation
Facing the Giants
The Gallows
Eraserhead
Over the Hill to the Poorhouse
Hollywood Shuffle
The Mighty
Penitentiary
The Lost Skeleton of Cadavra
Dude, Where's My Dog?!
Cheap Thrills
Indie Game: The Movie
Closure
Open Secret
Echo Dr.
The Night Visitor
The Past is a Grotesque Animal
The Last House on the Left
Peace, Propaganda & the Promised Land
Pi
I Love You, Don't Touch Me!
20 Dates
Queen Crab
Super Size Me
The FP
Happy Christmas
The Brain That Wouldn't Die
Tiger Orange
Supporting Characters
Absentia
The Brothers McMullen
The Dirties
Gabriela
Tiny Furniture
Hayride
The Naked Ape
Counting
Bending Steel
The Call of Cthulhu
The Signal
The Image Revolution
This Is Martin Bonner
A True Story
George Washington
Smiling Fish & Goat on Fire
Dawn of the Crescent Moon
Raymond Did It
The Last Waltz
Run, Hide, Die
The Exploding Girl
The Legend of God's Gun
Mutual Appreciation
Her Cry: La Llorona Investigation
Down Terrace
Clerks
Pink Narcissus
Funny Ha Ha
In the Company of Men
Sabotage
Manito
Rampage
Slacker
Dutch Kills
Dry Spell
Flywheel
Exeter
The Ridges
The Puffy Chair
Stories of Our Lives
Breaking Upwards
All Superheroes Must Die
Pink Flamingos
Clean
The Circle
Tin Can Man
The Cure
On the Downlow
Sanctuary; Quite a Conundrum
Bang
Primer
Cavite
El Mariachi
The Mongol King
Newlyweds
Signed Sealed Delivered
The Following
Shanghai Calling
A Plague So Pleasant
My Date with Drew
Zack and Miri Make a Porno
Youth in Revolt
You Will Meet a Tall Dark Stranger
When in Rome
What Happens in Vegas
Water For Elephants
WALL-E
Waiting For Forever
Valentine's Day
Waitress
Tyler Perry's Why Did I get Married
Twilight: Breaking Dawn
Twilight
The Ugly Truth
The Twilight Saga: New Moon
The Time Traveler's Wife
The Proposal
The Invention of Lying
The Heartbreak Kid
The Duchess
The Curious Case of Benjamin Button
The Back-up Plan
Tangled
She's Out of My League
Something Borrowed
Sex and the City 2
Sex and the City Two
Sex and the City
Remember Me
Rachel Getting Married
Penelope
P.S. I Love You
Over Her Dead Body
Our Family Wedding
One Day
Not Easily Broken
No Reservations
Nick and Norah's Infinite Playlist
New Year's Eve
My Week with Marilyn
Music and Lyrics
Monte Carlo
Midnight in Paris
Miss Pettigrew Lives for a Day
Marley and Me
Mamma Mia!
Mamma Mia!
Made of Honor
Love Happens
Love & Other Drugs
Life as We Know It
License to Wed
Letters to Juliet
Leap Year
Knocked Up
Killers
Just Wright
Jane Eyre
It's Complicated
I Love You Phillip Morris
High School Musical 3: Senior Year
He's Just Not That Into You
Good Luck Chuck
Going the Distance
Gnomeo and Juliet
Gnomeo and Juliet
Ghosts of Girlfriends Past
Four Christmases
Fireproof
Enchanted
Dear John
Beginners
Across the Universe
A Serious Man
A Dangerous Method
27 Dresses
(500) Days of Summer
Lagaan: Once Upon a Time in India
Albela
Meri Biwi Ka Jawab Nahin
Hum Tumhare Hain Sanam
One 2 Ka 4
Devdas
Aap Mujhe Achche Lagne Lage
Kabhi Khushi Kabhie Gham...
Na Tum Jaano Na Hum
Yaadein...
Zubeidaa
Chori Chori Chupke Chupke
Main Prem Ki Diwani Hoon
Officer
Chandni Bar
Kuch Khatti Kuch Meethi
Censor
Farz
Mujhe Meri Biwi Se Bachaao
Daman: A Victim of Marital Violence
Mujhse Dosti Karoge!
Aashiq
Dil Ne Phir Yaad Kiya
Pyaar Diwana Hota Hai
Grahan
Rahul
Ajnabee
Jodi No.1
Chhupa Rustam: A Musical Thriller
The Guru
Pyaar Tune Kya Kiya...
Bas Itna Sa Khwaab Hai...
Gadar: Ek Prem Katha
Mujhe Kucch Kehna Hai
Paagalpan
Love Ke Liye Kuch Bhi Karega
Uljhan
Aks
Tum Bin...: Love Will Find a Way
Nayak: The Real Hero
Dil Chahta Hai
Hum Ho Gaye Aap Ke
Yeh Raaste Hain Pyaar Ke
Lajja
Kaante
Shirdi Sai Baba
Bollywood Bound
Company
Ittefaq
Yeh Teraa Ghar Yeh Meraa Ghar
Yeh Zindagi Ka Safar
Rehnaa Hai Terre Dil Mein
Indian
Deewaanapan
Moksha: Salvation
Tera Mera Saath Rahen
Ehsaas: The Feeling
Veer Savarkar
Aamdani Atthanni Kharcha Rupaiya
Pitaah
Aankhen
Koi Mere Dil Se Poochhe
Style
Maa Tujhhe Salaam
Yeh Dil Aashiqanaa
Filhaal...
Haan Maine Bhi Pyaar Kiya
Yeh Mohabbat Hai
Kranti
Tumko Na Bhool Paayenge
Escape from Taliban
Kitne Door... Kitne Paas
Kya Yehi Pyaar Hai
Vadh
16-Dec
Dum
Durga
Humko Tumse Pyaar Hai
Road
Angaar: The Fire
Ansh: The Deadly Part
Lal Salaam
Yeh Kaisi Mohabbat
Kasam
Awara Paagal Deewana
The Legend of Bhagat Singh
Ab Ke Baras
Mere Yaar Ki Shaadi Hai
Lakshya
23rd March 1931: Shaheed
Badhaai Ho Badhaai
Humraaz
Maine Dil Tujhko Diya
Chori Chori
Jaani Dushman: Ek Anokhi Kahani
Kuch Tum Kaho Kuch Hum Kahein
Kyaa Dil Ne Kahaa
Om Jai Jagadish
Taj Mahal: An Eternal Love Story
Yeh Hai Jalwa
Dil Maange More!!!
Dil Hai Tumhaara
Soch
Boom
Dil Ka Rishta
Pran Jaaye Par Shaan Na Jaaye
Saathiya
Chor Machaaye Shor
Gunaah
Akhiyon Se Goli Maare
Chhal
Ek Chhotisi Love Story
Shakthi: The Power
Armaan
Sur: The Melody of Life
Dil Vil Pyar Vyar
Pyaasa
Baghban
Hathyar: Face to Face with Reality
Jeena Sirf Merre Liye
Deewangee
Ek Hindustani
Talaash: The Hunt Begins...
Yeh Kya Ho Raha Hai?
Annarth
Ek Se Badhkar Ek
Waah! Tera Kya Kehna
Jaal: The Trap
Zindagi Khoobsoorat Hai
Bhoot
Maseeha
Rishtey
Satta
Karz: The Burden of Truth
Chura Liyaa Hai Tumne
Danger
The Rising: Ballad of Mangal Pandey
Love at Times Square
Andaaz
The Hero: Love Story of a Spy
Chalte Chalte
Avgat
Jhankaar Beats
Kal Ho Naa Ho
Khakee
LOC: Kargil
Main Hoon Na
Pinjar
Tehzeeb
Tere Liye
Tujhe Meri Kasam
Aapko Pehle Bhi Kahin Dekha Hai
Khushi
Kucch To Hai
Chalo Ishq Ladaaye
88 Antop Hill
Jism
Baaz: A Bird in Danger
Darna Mana Hai
Inteqam: The Perfect Game
Kyun! Ho Gaya Na...
Khwahish
Ek Hasina Thi
Kash... Aap Hamare Hote
Sssshhh...
Dhund: The Fog
Ek Aur Ek Gyarah: By Hook or by Crook
Oops!
Paanch
Om
Stumped
Haasil
Supari
Ishq Vishk
Nayee Padosan
Aan: Men at Work
Bewafaa
Joggers' Park
Mumbai Se Aaya Mera Dost
Dev
Plan
Qayamat: City Under Threat
Calcutta Mail
Janasheen
Kaise Kahoon Ke... Pyaar Hai
Meenaxi: Tale of 3 Cities
Rudraksh
Parwana
Swades
Desh
Asambhav
Hawa
Jajantaram Mamantaram
Kuch Naa Kaho
Hungama
Khel
Saaya
Gangaajal
Khanjar
Khullam Khulla Pyaar Karen
Tere Naam
Footpath
Main Madhuri Dixit Banna Chahti Hoon!
Munnabhai M.B.B.S.
Black
Encounter: The Killing
Basti
Raghu Romeo
Aetbaar
Hawayein
Hum Tum
Kagaar: Life on the Edge
I Proud to Be an Indian
Ek Din 24 Ghante
Market
Chupke Se
Master
Mumbai Matinee
Yuva
Zameen
Xcuse Me
Samay: When Time Strikes
Yeh Lamhe Judaai Ke
Border Hindustan Ka
Inteha
Raja Bhaiya
Woh Tera Naam Tha
Dhoop
Patth
Jodi Kya Banayi Wah Wah Ramji
Waisa Bhi Hota Hai Part II
Deewaar: Let's Bring Our Heroes Home
Out of Control
Aanch
Taj Mahal: A Monument of Love
Waqt: The Race Against Time
Dil Pardesi Ho Gayaa
Duplicate Sholay
Fun2shh... Dudes in the 10th Century
Ghaav: The Wound
Pratha
Kismat
Ishq Hai Tumse
Mudda: The Issue
Hum Pyar Tumhi Se Kar Baithe
Hadh: Life on the Edge of Death
Kisna: The Warrior Poet
Paisa Vasool
Jaago
Ab Tumhare Hawale Watan Saathiyo
Ab Tak Chhappan
Suno Sasurjee
Tum: A Dangerous Obsession
Action Jackson
Hum Kaun Hai?
Insaaf: The Justice
Raincoat
Murder
Rang De Basanti
Masti
Hawas
Krishna Cottage
Muskaan
Shabd
Bardaasht
Shart: The Challenge
Run
Gayab
Shaadi Ka Laddoo
Girlfriend
Amu
Garv: Pride and Honour
WOH
Dus
Kaal
Police Force: An Inside Story
Vaastu Shastra
Elaan
Rakht
Mujhse Shaadi Karogi
Aitraaz
Chot [Aaj Isko, Kal Tereko]
Mere Jeevan Saathi
Phir Hera Pheri
Baabul
Hyderabad Blues 2
Morning Raga
Revati
Veer-Zaara
Viruddh... Family Comes First
Julie
Dhoom
Fida
Phir Milenge
Rok Sako To Rok Lo
Lakeer - Forbidden Lines
Aakhri Inteqam
Tauba Tauba
Dobara
Madhoshi
Musafir
Popcorn Khao! Mast Ho Jao
Shaadi Karke Phas Gaya Yaar
Tumsa Nahin Dekha
Sarkar
AK 47
Krrish
Hatya: The Murder
Naach
Padmashree Laloo Prasad Yadav
Shukriya: Till Death Do Us Apart
Taarzan: The Wonder Car
Jo Bole So Nihaal
Family: Ties of Blood
Hulchul
Khamoshh... Khauff Ki Raat
Parineeta
Let's Enjoy
Insan
Silsiilay
Kisse Pyaar Karo?n
Fanaa
Pyaar Mein Twist
Wajahh: A Reason to Kill
Dhoom:2
Mulaqaat
Dil Jo Bhi Kahey...
Kis Kis Ki Kismat
Vaada
Rog
Milenge Milenge
Naina
Page 3
A Sublime Love Story: Barsaat
Blackmail
Deewane Huye Paagal
Humko Deewana Kar Gaye
Fareb
Main Aisa Hi Hoon
Karam
Tango Charlie
Tathastu
Jurm
Sheesha
Kiss Kis Ko
Sins
Bunty Aur Babli
Banaras
Chaahat Ek Nasha...
Dosti: Friends Forever
Lucky: No Time for Love
Shaadi No. 1
Hum Dum
Chehraa
Jodhaa Akbar
Kabhi Alvida Naa Kehna
Apaharan
Kyon Ki...
Bachke Rehna Re Baba
My Wife's Murder
Maine Pyaar Kyun Kiya
No Entry
Paheli
Socha Na Tha
Zeher
7 1/2 Phere: More Than a Wedding
Garam Masala
Iqbal
Kuchh Meetha Ho Jaye
Aryan: Unbreakable
Lage Raho Munna Bhai
Chingaari
Salaam Namaste
Fight Club: Members Only
Jaan-E-Mann: Let's Fall in Love... Again
Kyaa Kool Hai Hum
Nazar
Mr Ya Miss
Ek Ajnabee
Home Delivery: Aapko... Ghar Tak
Mumbai Godfather
Mixed Doubles
Shabnam Mausi
Gandhi, My Father
Kahaani Gudiya Ki...: True Story of a Woman
Naam Gum Jaayega
Eklavya: The Royal Guard
Ek Khiladi Ek Haseena
Kal: Yesterday and Tomorrow
Pyare Mohan
Don
02-Oct
Chup Chup Ke
Bhairav
Chand Sa Roshan Chehra
Ssukh
The Film
Khosla's Nest
Kasak
Siskiyaan
Saawan... The Love Season
Yun Hota Toh Kya Hota: What If...?
Neal 'N' Nikki
Ram Gopal Varma's Indian Flames
Jaane Tu... Ya Jaane Na
Darwaza Bandh Rakho
...Yahaan
Shikhar
Vaah! Life Ho Toh Aisi!
God Tussi Great Ho
Bluffmaster!
Aksar
Big Brother
Nehlle Pe Dehlla
Malamaal Weekly
Ramji Londonwaley
Taxi No. 9 2 11: Nau Do Gyarah
Tom, Dick, and Harry
36 China Town
Aashiq Banaya Aapne: Love Takes Over
Bengal Tiger
Sehar
Koi Mere Dil Mein Hai
Gumnam Qatil
Pyaar Ke Side Effects
Ek Aur Visphot
Kyon?
Bullet: Ek Dhamaka
Marshal
Miss India: The Mystery
Salaam-E-Ishq
Jawani Diwani: A Youthful Joyride
Main, Meri Patni... Aur Woh!
Umrao Jaan
Time Pass
London Dreams
Chand Bujh Gaya
Darwaza
Chetna: The Excitement
Mazaa Mazaa
Corporate
Omkara
Welcome
Koi Aap Sa: But Lovers Have to Be Friends
Hanuman
Zinda
C U at 9
Double Cross: Ek Dhoka
Good Boy, Bad Boy
Shaadi Se Pehle
Love Story 2050
Sarkar Raj
Gangobai
Kaaboo
Meri Aashiqui
Raghu More: Bachelor of Hearts
Prarambh
Fool N Final
Apna Sapna Money Money
Vivah
Ankahee
Golmaal: Fun Unlimited
Gangster
Dansh
Bhola in Bollywood
Kalyug
Guru
Saawariya
Kabul Express
Teesri Aankh: The Hidden Camera
Namastey London
Life in a Metro
Anthony Kaun Hai?
Bhagam Bhag
Heyy Babyy
Partner
Honeymoon Travels Pvt. Ltd.
Aap Ki Khatir
Shootout at Lokhandwala
Mr Prime Minister
Naksha
Apne
Dil Diya Hai
Ishq Qayamat
Rocky
Speed
Traffic Signal
Zindaggi Rocks
Dus Kahaniyaan
Dor
Nishabd
Raja Bhai Lagey Raho...
Humein Tumse Pyar Ho Gaya Chupke Chupke
Shiva
Ahista Ahista
Stop!
Jhoom Barabar Jhoom
The Killer
Mashooka
Souten: The Other Woman
Ta Ra Rum Pum
Woh Lamhe
Bhopal: A Prayer for Rain
Dhamaal
My Name Is Anthony Gonsalves
Nanhe Jaisalmer: A Dream Come True
Nigehbaan: The Third Eye
Risk
Loot
Pyaar Zindagi Hai
I See You
MP3: Mera Pehla Pehla Pyaar
Cash
Anjaane: The Unkown
Aggar: Passion Betrayal Terror
The Golden Boys
Kaafila
Anamika: The Untold Story
Luck by Chance
Kya Love Story Hai
Halla Bol
Detective Naani
Red: The Dark Side
Raqeeb
Manorama Six Feet Under
99.9 FM
Arjun Devaa
Fashion
Cheeni Kum
Hattrick
Gauri: The Unborn
Laaga Chunari Mein Daag: Journey of a Woman
Aaja Nachle
Taare Zameen Par
A Flat
Delhii Heights
30 Days
Bhoothnath
Bhool Bhulaiyaa
Dhol
Ek Chalis Ki Last Local
No Smoking
Tashan
Khoya Khoya Chand
The Train: Some Lines Shoulder Never Be Crossed...
Bheja Fry
Aap Kaa Surroor: The Moviee - The Real Luv Story
Chain Kulii Ki Main Kulii
Awarapan
Yehi Hai Zindagi
Race
De Taali
Kidnap
Naqaab
Krrish 3
Meerabai Not Out
Om Shanti Om
Sunday
U Me Aur Hum
Delhi-6
Woodstock Villa
Red Swastik
Roadside Romeo
Drona
Chanchal
My Friend Ganesha
Johnny Gaddaar
Hastey Hastey Follow Your Heart
Buddha Mar Gaya
Journey Bombay to Goa: Laughter Unlimited
Wanted
Hello
Dhokha
Chandni Chowk to China
Golmaal Returns
Jab We Met
Victoria No. 203: Diamonds Are Forever
Sab Kuch Hai Kuch Bhi Nahin
Dil Dosti Etc
Shaurya: It Takes Courage to Make Right... Right
8 x 10 Tasveer
Yuvvraaj
Kismat Konnection
Heroes
Bobby: Love and Lust
Aseema: Beyond Boundaries
Dhan Dhana Dhan Goal
Pankh
Money Hai Toh Honey Hai
Mumbai Salsa
Hijack
Maan Gaye Mughall-E-Azam
Ugly Aur Pagli
Aabra Ka Daabra
Rama Rama Kya Hai Dramaaa
Yeh Hai Pyar Ka Mausam
Kambakkht Ishq
Singh Is Kinng
Bombay to Bangkok
Karzzzz
Return of Hanuman
Ghajini
C Kkompany
Mere Baap Pehle Aap
Victory
Delhi Safari
Main Aurr Mrs Khanna
Zahreela
Jai Ganesh Deva
Quick Gun Murugun: Misadventures of an Indian Cowboy
One Two Three
Paying Guests
Mission Istaanbul: Darr Ke Aagey Jeet Hai!
Superstar
Mithya
Dulha Mil Gaya
Krazzy 4
Rab Ne Bana Di Jodi
Bachna Ae Haseeno
Teen Patti
Sadiyaan: Boundaries Divide... Love Unites
The Stoneman Murders
Veer
Dostana
Kurbaan
3 Idiots
Jai Ho
My Name Is Khan
Hello Darling
Toonpur Ka Superrhero
Jaane Kahan Se Aayi Hai
Thoda Pyaar Thoda Magic
Ek Vivaah... Aisa Bhi
Get Educated: Paathshaala
Kites
Bad Luck Govind
Tulsi: Mathrudevobhava
Acid Factory
Ab... Bas!
Barah Aana
Dil Bole Hadippa!
Bhram: An Illusion
26th July at Barista
Jannat: In Search of Heaven...
Yaar Meri Zindagi
The President Is Coming
Dil Kabaddi
Via Darjeeling
EMI: Liya Hai To Chukana Padega
Welcome to Sajjanpur
Mumbai Cutting
Blue
Aashayein
Sirf....: Life Looks Greener on the Other Side
Jimmy
Aladin
Mr. White Mr. Black
Pranali: The Tradition
Billu
Rock On!!
Mehbooba
Phir Kabhi
Alibaba Aur 40 Chor
Aamir
Dhoom Dadakka
Saas Bahu Aur Sensex
What's Your Raashee?
Luck
Contract
Hisss
Jail
Haal-e-Dil
Khushboo: The Fragraance of Love
Aasma: The Sky Is the Limit
Ajab Prem Ki Ghazab Kahani
Hari Puttar: A Comedy of Terrors
Sankat City
De Dana Dan
Boond
Summer 2007
Gulaal
Mirchi: It's Hot
Chamku
Mumbai Meri Jaan
Thodi Life Thoda Magic
Phoonk
Kaminey: The Scoundrels
Love Aaj Kal
Sikandar
Ramaa: The Saviour
A Wednesday
My Friend Ganesha 2
Don 2
Lahore
Mukhbiir
Dasvidaniya
Mere Khwabon Mein Jo Aaye
Raajneeti
Allah Ke Banday
Oye Lucky! Lucky Oye!
1920
Aloo Chaat
Lamhaa: The Untold Story of Kashmir
Hulla
Ru-Ba-Ru
Rafoo Chakkar: Fun on the Run
Wake Up Sid
Fox
Kal Kissne Dekha
Dev D
Sorry Bhai!
New York
Maharathi
Jumbo
Blue Oranges
Raavan
Jalwa: Fun in Love
Raaz: The Mystery Continues
Do Knot Disturb
Ishqiya
Pyaar Impossible!
Naughty @ 40
Chatur Singh Two Star
99
Jai Veeru: Friends Forever
Wafaa
Kisaan
Aa Dekhen Zara
Chargesheet
Gumnaam: The Mystery
Karthik Calling Karthik
Race 2
13B: Fear Has a New Address
Three: Love Lies Betrayal
Mirch
Dhoondte Reh Jaoge
Siddharth: The Prisoner
Chance Pe Dance
Agent Vinod
Once Upon a Time in Mumbai
Action Replayy
Straight
Daddy Cool: Join the Fun
Krantiveer: The Revolution
Agyaat: The Unknown
Ek Se Bure Do
Apartment: Rent at Your Own Risk
We Are Family
No Problem
Mohandas
Mumbai Diaries
All the Best: Fun Begins
Rocket Singh: Salesman of the Year
Guzaarish
Chal Chala Chal
Fast Forward
Tum Milo Toh Sahi
Don Muthu Swami
Peepli (Live)
Rann
Ek: The Power of One
Team: The Force
Khatta Meetha
Prince
Anubhav: An Actor's Tale
Happy Husbands
Hum Tum Aur Ghost
Road to Sangam
Love Khichdi
Aagey Se Right
Zor Lagaa Ke... Haiya!
Teree Sang: A Kidult Love Story
Anjaana Anjaani
Morning Walk
I Am Singh
Damadamm!
Dhara
Baabarr
Aisha
My Friend Pinto
Vaada Raha... I Promise
Tum Mile
Paa
Patiala House
Aao Wish Karein
Knock Out
Let's Dance
Golmaal 3
Ra.One
Zindagi Na Milegi Dobara
U, Bomsi n Me
Accident on Hill Road
Housefull
Tees Maar Khan
Striker
Atithi Tum Kab Jaoge?
Break Ke Baad
Yeh Hai Malegaon Ka Superman
World Cupp 2011
Chase
Shola: Fire of Love
Click
Shaapit: The Cursed
Badmaa$h Company
Jashnn: The Music Within
Toh Baat Pakki!
Zokkomon
Aakhari Decision
Lafangey Parindey
Lava Kusa: The Warrior Twins
Muskurake Dekh Zara
Mittal v/s Mittal
City of Gold - Mumbai 1982: Ek Ankahee Kahani
LSD: Love, Sex Aur Dhokha
Prem Kaa Game
Wedding Planners
Rokkk
Sanam Hum Aapke Hain...
Phoonk 2
Idiot Box
Dum Maaro Dum
The Japanese Wife
Bhavnao Ko Samjho
Dabangg
Na Ghar Ke Na Ghaat Ke
Hello Zindagi
Mausam
Bumm Bumm Bole
Ek Second... Jo Zindagi Badal De...
7 Khoon Maaf
Tere Bin Laden
Trump Card
Sahi Dhandhe Galat Bande
Kya Yahi Sach Hai
Soch Lo
Bird Idol
Kajraare
Musaa: The Most Wanted
Swaha: Life Beyond Superstition
Khelein Hum Jee Jaan Sey
Udaan
Trapped in Tradition: Rivaaz
Mr. Singh/Mrs. Mehta
The Film Emotional Atyachar
Help
F.A.L.T.U
Turning 30!!!
Bhindi Baazaar
I Hate Luv Storys
Daayen Ya Baayen
Hello Hum Lallann Bol Rahe Hain
Kushti
I Am
Tanu Weds Manu
Tere Mere Phere
Aakrosh
Ek Main Aur Ekk Tu
Tezz
Ready
Do Dooni Chaar
Thank You
Dil Toh Baccha Hai Ji
Bol Bachchan
No One Killed Jessica
Bodyguard
Payback
Khichdi: The Movie
Chitkabrey
Benny and Babloo
Dus Tola
Mere Brother Ki Dulhan
Dunno Y Na Jaane Kyun...
Ramayana: The Epic
Life Express
Crook: It's Good to Be Bad
Yeh Saali Zindagi
Bachao - Inside Bhoot Hai...
Game
Phas Gaye Re Obama
Shahrukh Bola 'Khoobsurat Hai Tu'... And She Believed in It
Yamla Pagla Deewana
Love You to Death
Isi Life Mein...!
Players
Talaash
Chittagong
Yeh Faasley
Khap
9 Eleven
My Friend Ganesha 3
Kaalo
Utt Pataang
Bhoot and Friends
Diary of a Butterfly
Angel
Hostel
Rascals
Dhoom: 3
Kaccha Limboo
Shaitan
RockStar
United Six
Aashiqui.in
Kahaani
Shagird
Chillar Party
U R My Jaan
Aarakshan
Agneepath
Qasam Se Qasam Se
Teen Thay Bhai
Bbuddah Hoga Terra Baap
Love Breakups Zindagi
404: Error Not Found
Haunted - 3D
Satrangee Parachute
Chalo Dilli
Monica
Ragini MMS
Once Upon a Time in Mumbai Dobaara!
Ye Stupid Pyar
Vikalp
Masti Express
Tum Hi To Ho...
Mumbai Mast Kallander
Men Will Be Men
Bengaloored
The Camp
Shor in the City
5ters: Castle of Dark Master
A Strange Love Story
Joker
Murder 2
Luv Ka the End
Khuda Kasam
Queens! Destiny of Dance
Pyaar Ka Punchnama
Delhi Belly
Mallika
Nakshatra
Always Kabhi Kabhi
Vroom
Bheja Fry 2
Soundtrack
Kucch Luv Jaisaa
Bin Bulaye Baraati
Impatient Vivek
Singham
The Waiting Room
Heroine
The Dirty Picture
Gangs of Wasseypur
Ladies vs. Ricky Bahl
Ata Pata Lapatta
Good Luck!
Tell Me O Kkhuda
Love Express
Suno Na.. Ek Nanhi Aawaz
Chala Mussaddi - Office Office
Gandhi to Hitler
Housefull 2
Dekh Bhai Dekh: Laughter Behind Darkness
Desi Boyz
Ishkq in Paris
Chal Chalein
Force
Toss: A Flip of Destiny
Aamras: The Sweet Taste of Friendship
Bachelor Party
Cycle Kick
Not a Love Story
Ashok Chakra: Tribute to Real Heroes
Bubble Gum
Aagaah: The Warning
Ek Tha Tiger
Phhir
Kyaa Super Kool Hain Hum
Stand By
Shabri
Hair is Falling: A Serious Comedy Film
Aazaan
Hum Tum Shabana
Hum Do Anjaane
Mod
Jaana Pehchana
Mujhse Fraaandship Karoge
Kya Dilli Kya Lahore
Maruti Mera Dosst
I, Me aur Main
London Paris New York
Lottery
Shortcut Romeo
Jugaad
Mummy Punjabi: Superman Ki Bhi Maa!!
Shanghai
Saheb Biwi Aur Gangster
Rowdy Rathore
Barfi!
Jo Dooba So Paar: It's Love in Bihar!
Inkaar
Hum Hai Raahi CAR Ke
Miley - Naa Miley - Hum
Matru ki Bijlee ka Mandola
Shakal Pe Mat Ja
Chennai Express
Dabangg 2
Jo Hum Chahein
Ferrari Ki Sawaari
Ekk Deewana Tha
Tere Naal Love Ho Gaya
Lanka
3 Nights 4 Days
Raaz 3: The Third Dimension
Koi Hai
Yeh Jo Mohabbat Hai
Zindagi Tere Naam
Khiladi 786
Cocktail
Student of the Year
Ghost
Jab Tak Hai Jaan
Yeh Jawaani Hai Deewani
Son of Sardaar
English Vinglish
Hansa
Chaalis Chauraasi
From Sydney with Love
Department
Luv Shuv Tey Chicken Khurana
Unforgettable
Shirin Farhad Ki Toh Nikal Padi
Gali Gali Chor Hai
Login
Staying Alive
Daal Mein kuch kaala hai
Station
Chaar Din Ki Chandni
Jodi Breakers
Maharana Pratap: The First Freedom Fighter
Aashiqui 2
Chakradhaar
Machhli Jal Ki Rani Hai
Myoho
Kai po che!
Issaq
Goliyon Ki Rasleela Ram-Leela
Main Aur Mr. Riight
Identity Card
1920: Evil Returns
Baat Bann Gayi
3 Bachelors
Listen... Amaya
Lootera
Tutiya Dil
Jism 2
Table No. 21
Mere Dost Picture Abhi Baaki Hai
Siyaah..
Shudra the Rising
Cheenti Cheenti Bang Bang
Aalaap
2 Nights in Soul Valley
Blood Money
Ghanchakkar
Challo Driver
Future to Bright Hai Ji
Aiyyaa
Rush
Bumboo
Gori Tere Pyaar Mein
Satyagraha
Kamaal Dhamaal Malamaal
Riyasat
Chakravyuh
Jeena Hai Toh Thok Daal
Shootout at Wadala
Second Marriage Dot Com
Born to Hate... Destined to Love
Milta Hai Chance by Chance
Singham Returns
Hate Story
Tamanchey
Sons of Ram
Vicky Donor
Bandook
Jannat 2
Krishna Aur Kans
ABCD (Any Body Can Dance)
Life Ki Toh Lag Gayi
Mere Dad Ki Maruti
Chor chor super chor
PK
Love Recipe
Maximum
Nautanki Saala!
Chhodo Kal Ki Baatein
Cigarette Ki Tarah
Himmatwala
Bittoo Boss
The Lunchbox
Janleva 555
Mumbai's King
Teri Meri Kahaani
Bhaag Milkha Bhaag
Ajab Gazabb Love
Zanjeer
Ramaiya Vastavaiya
David
Raanjhanaa
Club 60
Saheb Biwi Aur Gangster Returns
Chal Pichchur Banate Hain
R... Rajkumar
Kick
Special 26
2 States
?: A Question Mark
Jalpari: The Desert Mermaid
Mai
Aatma
Prague
Kismet Love Paisa Dilli
Saari Raat
Arjun: The Warrior Prince
Bloody Isshq
3G - A Killer Connection
Overtime
Bhoot Returns
Ek Thi Daayan
Rabba Main Kya Karoon
Akaash Vani
Murder 3
Khwaabb
Go Goa Gone
Singh Saab the Great
Rajjo
Happy New Year
Grand Masti
Yamla Pagla Deewana 2
Maazii
Rajdhani Express
Holiday
Boss
Gulaab Gang
Gunday
Besharam
Mere Haule Dost
Ragini MMS 2
Sona Spa
Lucky Kabootar
Pehli Nazar Ka Pyaar
Dehraadun Diary
Phata Poster Nikhla Hero
Jolly LLB
Jayantabhai Ki Luv Story
Gangoobai
Super Nani
Rise of the Zombie
The Attacks of 26/11
Dedh Ishqiya
Sulemani Keeda
Mumbai 125 KM 3D
John Day
Rangrezz
Total Chaos
Main Tera Hero
Badlapur Boys
Bombay Talkies
Mickey Virus
Chhota Bheem and the Curse of Damyaan
Aurangzeb
Gippi
Fukrey
Shree
Bajatey Raho
Madras Cafe
Saare Jahaan Se Mehnga...
Policegiri
Sonali Cable
Mr Joe B. Carvalho
Bang Bang
Paranthe Wali Gali
Ankur Arora Murder Case
Zindagi 50 50
Enemmy
It's Rocking: Dard-E-Disco
One by Two
Sixteen
Lakshmi
Entertainment
Highway
Shuddh Desi Romance
Kuku Mathur Ki Jhand Ho Gayi
Mary Kom
Sooper Se Ooper
Happy Ending
Chaarfutiya Chhokare
Lakeer ka Fakeer
Humshakals
Kaanchi
Nasha
Tara: The Journey of Love and Passion
Manjunath
Satya 2
Warning
Heropanti
Finding Fanny
Ooops a Desi
Meinu Ek Ladki Chaahiye
Raqt
Hasee Toh Phasee
Horror Story
Le Gaya Saddam
Say Yes to Love
Shorts
Bin Phere Free Me Tere
Revolver Rani
Shaadi Ke Side Effects
Ya Rab
Jackpot
Titoo MBA
Queen
Chhota Bheem and the Throne of Bali
Heartless
What the Fish
Bobby Jasoos
Ungli
Children of War
Kill Dil
Yaariyan
Daawat-e-Ishq
Haider
Mahabharat
Babloo Happy Hai
Darr @ the Mall
Karle Pyaar Karle
O Teri
Bewakoofiyaan
Raja Natwarlal
Mardaani
Mokssh
Ebn-e-Batuta
Hawaa Hawaai
Youngistaan
Yeh Hai Bakrapur
The Dirty Relation
Gang of Ghosts
Bhoothnath Returns
Chal Bhaag
Dishkiyaoon
Khoobsurat
Karar: The Deal
Kahin Hai Mera Pyar
Neighbours
Creature
Hate Story 2
Samrat & Co.
Koyelaanchal
The Xpose
Humpty Sharma Ki Dulhania
Dekh Tamasha Dekh
Purani Jeans
Angry Young Man
Fugly
CityLights
3 AM: A Paranormal Experience
Lekar Hum Deewana Dil
M.A.D: Mad About Dance
Amit Sahni Ki List
Ekkees Toppon Ki Salaami
The Shaukeens
Bollywood Villa
Pizza
Desi Kattey
Life Is Beautiful
Spark
Jigariyaa
Mumbai Delhi Mumbai
Love U Crazy Girl
Shuruaat Ka Interval
Trip to Bhangarh
Zed Plus
Gollu aur Pappu
Zid
Coco
Snow White and the Seven Dwarfs
Toy Story 2
Finding Nemo
Toy Story 3
Zack and Miri Make a Porno
Youth in Revolt
You Will Meet a Tall Dark Stranger
When in Rome
What Happens in Vegas
Water For Elephants
WALL-E
Waitress
Waiting For Forever
Valentine's Day
Tyler Perry's Why Did I get Married
Twilight: Breaking Dawn
Twilight
The Ugly Truth
The Twilight Saga: New Moon
The Time Traveler's Wife
The Proposal
The Invention of Lying
The Heartbreak Kid
The Duchess
The Curious Case of Benjamin Button
The Back-up Plan
Tangled
Something Borrowed
She's Out of My League
Sex and the City Two
Sex and the City 2
Sex and the City
Remember Me
Rachel Getting Married
Penelope
P.S. I Love You
Over Her Dead Body
Our Family Wedding
One Day
Not Easily Broken
No Reservations
Nick and Norah's Infinite Playlist
New Year's Eve
My Week with Marilyn
Music and Lyrics
Monte Carlo
Miss Pettigrew Lives for a Day
Midnight in Paris
Marley and Me
Mamma Mia!
Mamma Mia!
Made of Honor
Love Happens
Love & Other Drugs
Life as We Know It
License to Wed
Letters to Juliet
Leap Year
Knocked Up
Killers
Just Wright
Jane Eyre
It's Complicated
I Love You Phillip Morris
High School Musical 3: Senior Year
He's Just Not That Into You
Good Luck Chuck
Going the Distance
Gnomeo and Juliet
Gnomeo and Juliet
Four Christmases
Ghosts of Girlfriends Past
Fireproof
Enchanted
Dear John
Beginners
Across the Universe
A Serious Man
A Dangerous Method
27 Dresses
(500) Days of Summer
Albela
Lagaan: Once Upon a Time in India
Meri Biwi Ka Jawab Nahin
Hum Tumhare Hain Sanam
One 2 Ka 4
Devdas
Aap Mujhe Achche Lagne Lage
Kabhi Khushi Kabhie Gham...
Na Tum Jaano Na Hum
Yaadein...
Zubeidaa
Chori Chori Chupke Chupke
Main Prem Ki Diwani Hoon
Officer
Chandni Bar
Kuch Khatti Kuch Meethi
Censor
Farz
Mujhe Meri Biwi Se Bachaao
Mujhse Dosti Karoge!
Daman: A Victim of Marital Violence
Aashiq
Dil Ne Phir Yaad Kiya
Pyaar Diwana Hota Hai
Grahan
Rahul
Ajnabee
Jodi No.1
Chhupa Rustam: A Musical Thriller
The Guru
Pyaar Tune Kya Kiya...
Bas Itna Sa Khwaab Hai...
Gadar: Ek Prem Katha
Mujhe Kucch Kehna Hai
Paagalpan
Love Ke Liye Kuch Bhi Karega
Uljhan
Aks
Tum Bin...: Love Will Find a Way
Nayak: The Real Hero
Dil Chahta Hai
Hum Ho Gaye Aap Ke
Yeh Raaste Hain Pyaar Ke
Lajja
Kaante
Shirdi Sai Baba
Bollywood Bound
Company
Ittefaq
Yeh Teraa Ghar Yeh Meraa Ghar
Yeh Zindagi Ka Safar
Rehnaa Hai Terre Dil Mein
Indian
Deewaanapan
Moksha: Salvation
Tera Mera Saath Rahen
Ehsaas: The Feeling
Veer Savarkar
Aamdani Atthanni Kharcha Rupaiya
Pitaah
Aankhen
Koi Mere Dil Se Poochhe
Style
Maa Tujhhe Salaam
Yeh Dil Aashiqanaa
Filhaal...
Haan Maine Bhi Pyaar Kiya
Yeh Mohabbat Hai
Tumko Na Bhool Paayenge
Kranti
Kya Yehi Pyaar Hai
Escape from Taliban
Kitne Door... Kitne Paas
Vadh
16-Dec
Dum
Durga
Humko Tumse Pyaar Hai
Road
Angaar: The Fire
Ansh: The Deadly Part
Lal Salaam
Yeh Kaisi Mohabbat
Kasam
Awara Paagal Deewana
The Legend of Bhagat Singh
Ab Ke Baras
Mere Yaar Ki Shaadi Hai
23rd March 1931: Shaheed
Lakshya
Humraaz
Maine Dil Tujhko Diya
Chori Chori
Jaani Dushman: Ek Anokhi Kahani
Kuch Tum Kaho Kuch Hum Kahein
Kyaa Dil Ne Kahaa
Om Jai Jagadish
Badhaai Ho Badhaai
Taj Mahal: An Eternal Love Story
Yeh Hai Jalwa
Dil Maange More!!!
Dil Hai Tumhaara
Soch
Boom
Dil Ka Rishta
Pran Jaaye Par Shaan Na Jaaye
Saathiya
Gunaah
Chor Machaaye Shor
Akhiyon Se Goli Maare
Chhal
Ek Chhotisi Love Story
Shakthi: The Power
Armaan
Dil Vil Pyar Vyar
Sur: The Melody of Life
Pyaasa
Baghban
Hathyar: Face to Face with Reality
Jeena Sirf Merre Liye
Deewangee
Ek Hindustani
Talaash: The Hunt Begins...
Yeh Kya Ho Raha Hai?
Annarth
Ek Se Badhkar Ek
Waah! Tera Kya Kehna
Jaal: The Trap
Zindagi Khoobsoorat Hai
Bhoot
Maseeha
Rishtey
Satta
Karz: The Burden of Truth
Chura Liyaa Hai Tumne
Danger
Love at Times Square
The Rising: Ballad of Mangal Pandey
Andaaz
Avgat
Chalte Chalte
The Hero: Love Story of a Spy
Jhankaar Beats
Kal Ho Naa Ho
Khakee
LOC: Kargil
Main Hoon Na
Tehzeeb
Pinjar
Tere Liye
Tujhe Meri Kasam
Aapko Pehle Bhi Kahin Dekha Hai
Khushi
Chalo Ishq Ladaaye
Kucch To Hai
Jism
88 Antop Hill
Baaz: A Bird in Danger
Darna Mana Hai
Inteqam: The Perfect Game
Khwahish
Kyun! Ho Gaya Na...
Ek Hasina Thi
Kash... Aap Hamare Hote
Sssshhh...
Dhund: The Fog
Ek Aur Ek Gyarah: By Hook or by Crook
Oops!
Paanch
Stumped
Om
Supari
Haasil
Ishq Vishk
Nayee Padosan
Aan: Men at Work
Bewafaa
Joggers' Park
Mumbai Se Aaya Mera Dost
Dev
Plan
Qayamat: City Under Threat
Calcutta Mail
Janasheen
Kaise Kahoon Ke... Pyaar Hai
Meenaxi: Tale of 3 Cities
Parwana
Rudraksh
Swades
Asambhav
Desh
Jajantaram Mamantaram
Hawa
Kuch Naa Kaho
Hungama
Khel
Saaya
Gangaajal
Khanjar
Khullam Khulla Pyaar Karen
Tere Naam
Footpath
Main Madhuri Dixit Banna Chahti Hoon!
Munnabhai M.B.B.S.
Black
Encounter: The Killing
Basti
Raghu Romeo
Aetbaar
Hawayein
Hum Tum
Kagaar: Life on the Edge
I Proud to Be an Indian
Ek Din 24 Ghante
Chupke Se
Market
Master
Mumbai Matinee
Yuva
Zameen
Xcuse Me
Samay: When Time Strikes
Yeh Lamhe Judaai Ke
Border Hindustan Ka
Inteha
Raja Bhaiya
Woh Tera Naam Tha
Dhoop
Jodi Kya Banayi Wah Wah Ramji
Patth
Waisa Bhi Hota Hai Part II
Deewaar: Let's Bring Our Heroes Home
Out of Control
Aanch
Taj Mahal: A Monument of Love
Waqt: The Race Against Time
Dil Pardesi Ho Gayaa
Duplicate Sholay
Fun2shh... Dudes in the 10th Century
Ghaav: The Wound
Kismat
Pratha
Ishq Hai Tumse
Mudda: The Issue
Hadh: Life on the Edge of Death
Hum Pyar Tumhi Se Kar Baithe
Kisna: The Warrior Poet
Paisa Vasool
Ab Tumhare Hawale Watan Saathiyo
Jaago
Ab Tak Chhappan
Suno Sasurjee
Tum: A Dangerous Obsession
Action Jackson
Hum Kaun Hai?
Insaaf: The Justice
Raincoat
Murder
Rang De Basanti
Masti
Hawas
Krishna Cottage
Muskaan
Bardaasht
Shart: The Challenge
Run
Shabd
Gayab
Shaadi Ka Laddoo
Amu
Girlfriend
Garv: Pride and Honour
WOH
Dus
Police Force: An Inside Story
Kaal
Elaan
Vaastu Shastra
Rakht
Mujhse Shaadi Karogi
Aitraaz
Chot [Aaj Isko, Kal Tereko]
Mere Jeevan Saathi
Phir Hera Pheri
Baabul
Hyderabad Blues 2
Morning Raga
Revati
Viruddh... Family Comes First
Veer-Zaara
Julie
Dhoom
Phir Milenge
Fida
Rok Sako To Rok Lo
Lakeer - Forbidden Lines
Aakhri Inteqam
Tauba Tauba
Dobara
Madhoshi
Musafir
Popcorn Khao! Mast Ho Jao
Shaadi Karke Phas Gaya Yaar
Tumsa Nahin Dekha
Sarkar
AK 47
Hatya: The Murder
Krrish
Naach
Padmashree Laloo Prasad Yadav
Shukriya: Till Death Do Us Apart
Taarzan: The Wonder Car
Jo Bole So Nihaal
Family: Ties of Blood
Hulchul
Parineeta
Khamoshh... Khauff Ki Raat
Let's Enjoy
Insan
Kisse Pyaar Karo?n
Silsiilay
Fanaa
Pyaar Mein Twist
Wajahh: A Reason to Kill
Dhoom:2
Mulaqaat
Dil Jo Bhi Kahey...
Kis Kis Ki Kismat
Vaada
Rog
Milenge Milenge
Naina
Page 3
A Sublime Love Story: Barsaat
Blackmail
Deewane Huye Paagal
Fareb
Humko Deewana Kar Gaye
Main Aisa Hi Hoon
Karam
Tango Charlie
Tathastu
Jurm
Sheesha
Chaahat Ek Nasha...
Kiss Kis Ko
Sins
Bunty Aur Babli
Banaras
Dosti: Friends Forever
Lucky: No Time for Love
Shaadi No. 1
Chehraa
Hum Dum
Jodhaa Akbar
Apaharan
Kabhi Alvida Naa Kehna
Bachke Rehna Re Baba
Kyon Ki...
Maine Pyaar Kyun Kiya
My Wife's Murder
No Entry
Paheli
Socha Na Tha
Zeher
7 1/2 Phere: More Than a Wedding
Garam Masala
Iqbal
Kuchh Meetha Ho Jaye
Aryan: Unbreakable
Chingaari
Lage Raho Munna Bhai
Salaam Namaste
Fight Club: Members Only
Jaan-E-Mann: Let's Fall in Love... Again
Kyaa Kool Hai Hum
Mr Ya Miss
Nazar
Ek Ajnabee
Home Delivery: Aapko... Ghar Tak
Mixed Doubles
Mumbai Godfather
Shabnam Mausi
Gandhi, My Father
Kahaani Gudiya Ki...: True Story of a Woman
Naam Gum Jaayega
Eklavya: The Royal Guard
Ek Khiladi Ek Haseena
Kal: Yesterday and Tomorrow
Pyare Mohan
Don
02-Oct
Chup Chup Ke
Bhairav
Chand Sa Roshan Chehra
Ssukh
Khosla's Nest
The Film
Siskiyaan
Kasak
Saawan... The Love Season
Yun Hota Toh Kya Hota: What If...?
Neal 'N' Nikki
Darwaza Bandh Rakho
Ram Gopal Varma's Indian Flames
Jaane Tu... Ya Jaane Na
Shikhar
...Yahaan
Vaah! Life Ho Toh Aisi!
Bluffmaster!
God Tussi Great Ho
Aksar
Big Brother
Malamaal Weekly
Nehlle Pe Dehlla
Ramji Londonwaley
Taxi No. 9 2 11: Nau Do Gyarah
36 China Town
Tom, Dick, and Harry
Aashiq Banaya Aapne: Love Takes Over
Bengal Tiger
Sehar
Koi Mere Dil Mein Hai
Gumnam Qatil
Pyaar Ke Side Effects
Ek Aur Visphot
Kyon?
Bullet: Ek Dhamaka
Marshal
Miss India: The Mystery
Salaam-E-Ishq
Jawani Diwani: A Youthful Joyride
Main, Meri Patni... Aur Woh!
Umrao Jaan
Time Pass
London Dreams
Chand Bujh Gaya
Chetna: The Excitement
Darwaza
Mazaa Mazaa
Corporate
Omkara
Welcome
Hanuman
Koi Aap Sa: But Lovers Have to Be Friends
Zinda
C U at 9
Double Cross: Ek Dhoka
Good Boy, Bad Boy
Shaadi Se Pehle
Love Story 2050
Sarkar Raj
Gangobai
Kaaboo
Meri Aashiqui
Raghu More: Bachelor of Hearts
Prarambh
Fool N Final
Apna Sapna Money Money
Vivah
Ankahee
Gangster
Golmaal: Fun Unlimited
Dansh
Bhola in Bollywood
Kalyug
Guru
Saawariya
Namastey London
Kabul Express
Teesri Aankh: The Hidden Camera
Life in a Metro
Anthony Kaun Hai?
Bhagam Bhag
Heyy Babyy
Partner
Honeymoon Travels Pvt. Ltd.
Aap Ki Khatir
Shootout at Lokhandwala
Mr Prime Minister
Naksha
Apne
Dil Diya Hai
Ishq Qayamat
Rocky
Speed
Traffic Signal
Zindaggi Rocks
Dor
Dus Kahaniyaan
Nishabd
Raja Bhai Lagey Raho...
Humein Tumse Pyar Ho Gaya Chupke Chupke
Shiva
Ahista Ahista
Stop!
Jhoom Barabar Jhoom
The Killer
Mashooka
Souten: The Other Woman
Ta Ra Rum Pum
Woh Lamhe
Bhopal: A Prayer for Rain
Dhamaal
My Name Is Anthony Gonsalves
Nanhe Jaisalmer: A Dream Come True
Nigehbaan: The Third Eye
Risk
Pyaar Zindagi Hai
Loot
I See You
MP3: Mera Pehla Pehla Pyaar
Cash
Anjaane: The Unkown
Aggar: Passion Betrayal Terror
The Golden Boys
Anamika: The Untold Story
Kaafila
Luck by Chance
Halla Bol
Kya Love Story Hai
Detective Naani
Red: The Dark Side
Raqeeb
Manorama Six Feet Under
99.9 FM
Arjun Devaa
Fashion
Cheeni Kum
Hattrick
Gauri: The Unborn
Laaga Chunari Mein Daag: Journey of a Woman
Aaja Nachle
Taare Zameen Par
A Flat
Delhii Heights
30 Days
Bhoothnath
Dhol
Bhool Bhulaiyaa
Ek Chalis Ki Last Local
No Smoking
Tashan
Khoya Khoya Chand
The Train: Some Lines Shoulder Never Be Crossed...
Aap Kaa Surroor: The Moviee - The Real Luv Story
Bheja Fry
Yehi Hai Zindagi
Chain Kulii Ki Main Kulii
Race
Awarapan
Naqaab
De Taali
Meerabai Not Out
Om Shanti Om
Krrish 3
Kidnap
Sunday
U Me Aur Hum
Delhi-6
Woodstock Villa
Red Swastik
Roadside Romeo
Chanchal
My Friend Ganesha
Drona
Johnny Gaddaar
Hastey Hastey Follow Your Heart
Journey Bombay to Goa: Laughter Unlimited
Buddha Mar Gaya
Wanted
Hello
Dhokha
Chandni Chowk to China
Golmaal Returns
Jab We Met
Sab Kuch Hai Kuch Bhi Nahin
Victoria No. 203: Diamonds Are Forever
Shaurya: It Takes Courage to Make Right... Right
8 x 10 Tasveer
Kismat Konnection
Dil Dosti Etc
Yuvvraaj
Heroes
Bobby: Love and Lust
Aseema: Beyond Boundaries
Pankh
Dhan Dhana Dhan Goal
Money Hai Toh Honey Hai
Mumbai Salsa
Hijack
Maan Gaye Mughall-E-Azam
Ugly Aur Pagli
Aabra Ka Daabra
Rama Rama Kya Hai Dramaaa
Yeh Hai Pyar Ka Mausam
Kambakkht Ishq
Singh Is Kinng
Karzzzz
Bombay to Bangkok
Ghajini
Return of Hanuman
C Kkompany
Mere Baap Pehle Aap
Victory
Delhi Safari
Main Aurr Mrs Khanna
Zahreela
Jai Ganesh Deva
Quick Gun Murugun: Misadventures of an Indian Cowboy
One Two Three
Paying Guests
Superstar
Mission Istaanbul: Darr Ke Aagey Jeet Hai!
Mithya
Dulha Mil Gaya
Krazzy 4
Rab Ne Bana Di Jodi
Bachna Ae Haseeno
Teen Patti
Sadiyaan: Boundaries Divide... Love Unites
The Stoneman Murders
Veer
Dostana
Kurbaan
3 Idiots
Jai Ho
My Name Is Khan
Toonpur Ka Superrhero
Hello Darling
Thoda Pyaar Thoda Magic
Get Educated: Paathshaala
Jaane Kahan Se Aayi Hai
Ek Vivaah... Aisa Bhi
Kites
Tulsi: Mathrudevobhava
Bad Luck Govind
Acid Factory
Ab... Bas!
Barah Aana
Dil Bole Hadippa!
Bhram: An Illusion
26th July at Barista
Jannat: In Search of Heaven...
Yaar Meri Zindagi
The President Is Coming
Dil Kabaddi
Via Darjeeling
EMI: Liya Hai To Chukana Padega
Welcome to Sajjanpur
Mumbai Cutting
Blue
Sirf....: Life Looks Greener on the Other Side
Aashayein
Aladin
Jimmy
Mr. White Mr. Black
Pranali: The Tradition
Rock On!!
Billu
Mehbooba
Phir Kabhi
Alibaba Aur 40 Chor
Aamir
Saas Bahu Aur Sensex
What's Your Raashee?
Dhoom Dadakka
Luck
Contract
Hisss
Haal-e-Dil
Khushboo: The Fragraance of Love
Jail
Aasma: The Sky Is the Limit
Ajab Prem Ki Ghazab Kahani
Sankat City
Hari Puttar: A Comedy of Terrors
De Dana Dan
Boond
Summer 2007
Gulaal
Mirchi: It's Hot
Mumbai Meri Jaan
Chamku
Thodi Life Thoda Magic
Phoonk
Kaminey: The Scoundrels
Love Aaj Kal
Sikandar
Ramaa: The Saviour
A Wednesday
My Friend Ganesha 2
Don 2
Lahore
Mukhbiir
Dasvidaniya
Mere Khwabon Mein Jo Aaye
Raajneeti
Allah Ke Banday
Oye Lucky! Lucky Oye!
1920
Aloo Chaat
Lamhaa: The Untold Story of Kashmir
Hulla
Ru-Ba-Ru
Rafoo Chakkar: Fun on the Run
Wake Up Sid
Fox
Kal Kissne Dekha
Dev D
Sorry Bhai!
New York
Maharathi
Jumbo
Blue Oranges
Raavan
Jalwa: Fun in Love
Raaz: The Mystery Continues
Do Knot Disturb
Ishqiya
Pyaar Impossible!
Naughty @ 40
Chatur Singh Two Star
Chargesheet
Jai Veeru: Friends Forever
99
Kisaan
Wafaa
Aa Dekhen Zara
Gumnaam: The Mystery
Karthik Calling Karthik
Race 2
13B: Fear Has a New Address
Three: Love Lies Betrayal
Mirch
Dhoondte Reh Jaoge
Siddharth: The Prisoner
Chance Pe Dance
Agent Vinod
Once Upon a Time in Mumbai
Action Replayy
Straight
Daddy Cool: Join the Fun
Krantiveer: The Revolution
Agyaat: The Unknown
Ek Se Bure Do
We Are Family
Apartment: Rent at Your Own Risk
No Problem
Mohandas
Mumbai Diaries
All the Best: Fun Begins
Rocket Singh: Salesman of the Year
Guzaarish
Chal Chala Chal
Fast Forward
Tum Milo Toh Sahi
Don Muthu Swami
Peepli (Live)
Rann
Ek: The Power of One
Team: The Force
Khatta Meetha
Prince
Happy Husbands
Anubhav: An Actor's Tale
Hum Tum Aur Ghost
Road to Sangam
Love Khichdi
Aagey Se Right
Zor Lagaa Ke... Haiya!
Anjaana Anjaani
Teree Sang: A Kidult Love Story
Morning Walk
I Am Singh
Dhara
Damadamm!
Baabarr
Aisha
My Friend Pinto
Vaada Raha... I Promise
Tum Mile
Patiala House
Aao Wish Karein
Paa
Knock Out
Let's Dance
Golmaal 3
Ra.One
Zindagi Na Milegi Dobara
U, Bomsi n Me
Tees Maar Khan
Accident on Hill Road
Housefull
Striker
Atithi Tum Kab Jaoge?
Break Ke Baad
Yeh Hai Malegaon Ka Superman
World Cupp 2011
Chase
Shola: Fire of Love
Click
Shaapit: The Cursed
Badmaa$h Company
Jashnn: The Music Within
Toh Baat Pakki!
Zokkomon
Aakhari Decision
Lafangey Parindey
Muskurake Dekh Zara
Lava Kusa: The Warrior Twins
Mittal v/s Mittal
City of Gold - Mumbai 1982: Ek Ankahee Kahani
LSD: Love, Sex Aur Dhokha
Wedding Planners
Prem Kaa Game
Rokkk
Sanam Hum Aapke Hain...
Phoonk 2
Idiot Box
Dum Maaro Dum
The Japanese Wife
Dabangg
Bhavnao Ko Samjho
Na Ghar Ke Na Ghaat Ke
Hello Zindagi
Mausam
Bumm Bumm Bole
Ek Second... Jo Zindagi Badal De...
7 Khoon Maaf
Tere Bin Laden
Sahi Dhandhe Galat Bande
Trump Card
Kya Yahi Sach Hai
Soch Lo
Bird Idol
Kajraare
Musaa: The Most Wanted
Swaha: Life Beyond Superstition
Khelein Hum Jee Jaan Sey
Udaan
Trapped in Tradition: Rivaaz
Mr. Singh/Mrs. Mehta
The Film Emotional Atyachar
Help
Turning 30!!!
F.A.L.T.U
Bhindi Baazaar
Daayen Ya Baayen
I Hate Luv Storys
Hello Hum Lallann Bol Rahe Hain
I Am
Kushti
Tanu Weds Manu
Tere Mere Phere
Ek Main Aur Ekk Tu
Tezz
Aakrosh
Ready
Do Dooni Chaar
Thank You
Bol Bachchan
Bodyguard
Dil Toh Baccha Hai Ji
No One Killed Jessica
Khichdi: The Movie
Payback
Chitkabrey
Benny and Babloo
Dus Tola
Mere Brother Ki Dulhan
Dunno Y Na Jaane Kyun...
Yeh Saali Zindagi
Bachao - Inside Bhoot Hai...
Ramayana: The Epic
Life Express
Crook: It's Good to Be Bad
Game
Phas Gaye Re Obama
Shahrukh Bola 'Khoobsurat Hai Tu'... And She Believed in It
Yamla Pagla Deewana
Love You to Death
Players
Isi Life Mein...!
Chittagong
Talaash
My Friend Ganesha 3
Yeh Faasley
Khap
9 Eleven
Bhoot and Friends
Kaalo
Utt Pataang
Aashiqui.in
Diary of a Butterfly
Kahaani
United Six
Angel
Hostel
Shagird
Rascals
Dhoom: 3
Kaccha Limboo
Shaitan
RockStar
Chillar Party
U R My Jaan
Aarakshan
Agneepath
Qasam Se Qasam Se
Teen Thay Bhai
Bbuddah Hoga Terra Baap
Love Breakups Zindagi
Chalo Dilli
404: Error Not Found
Satrangee Parachute
Haunted - 3D
Monica
Ragini MMS
Once Upon a Time in Mumbai Dobaara!
Ye Stupid Pyar
Masti Express
Vikalp
Mumbai Mast Kallander
Tum Hi To Ho...
Men Will Be Men
Bengaloored
The Camp
Shor in the City
5ters: Castle of Dark Master
A Strange Love Story
Joker
Luv Ka the End
Murder 2
Khuda Kasam
Queens! Destiny of Dance
Pyaar Ka Punchnama
Mallika
Delhi Belly
Nakshatra
Always Kabhi Kabhi
Vroom
Bheja Fry 2
Soundtrack
Kucch Luv Jaisaa
Bin Bulaye Baraati
Impatient Vivek
Singham
The Waiting Room
Heroine
Gangs of Wasseypur
The Dirty Picture
Ladies vs. Ricky Bahl
Ata Pata Lapatta
Good Luck!
Tell Me O Kkhuda
Love Express
Suno Na.. Ek Nanhi Aawaz
Chala Mussaddi - Office Office
Gandhi to Hitler
Housefull 2
Dekh Bhai Dekh: Laughter Behind Darkness
Desi Boyz
Ishkq in Paris
Chal Chalein
Force
Toss: A Flip of Destiny
Aamras: The Sweet Taste of Friendship
Bachelor Party
Cycle Kick
Not a Love Story
Ashok Chakra: Tribute to Real Heroes
Bubble Gum
Ek Tha Tiger
Aagaah: The Warning
Phhir
Kyaa Super Kool Hain Hum
Stand By
Shabri
Hair is Falling: A Serious Comedy Film
Aazaan
Hum Tum Shabana
Hum Do Anjaane
Mod
Jaana Pehchana
Mujhse Fraaandship Karoge
Maruti Mera Dosst
Kya Dilli Kya Lahore
I, Me aur Main
London Paris New York
Lottery
Shortcut Romeo
Jugaad
Mummy Punjabi: Superman Ki Bhi Maa!!
Shanghai
Saheb Biwi Aur Gangster
Rowdy Rathore
Barfi!
Jo Dooba So Paar: It's Love in Bihar!
Inkaar
Hum Hai Raahi CAR Ke
Miley - Naa Miley - Hum
Matru ki Bijlee ka Mandola
Shakal Pe Mat Ja
Chennai Express
Dabangg 2
Jo Hum Chahein
Ferrari Ki Sawaari
Ekk Deewana Tha
Tere Naal Love Ho Gaya
Lanka
3 Nights 4 Days
Raaz 3: The Third Dimension
Koi Hai
Yeh Jo Mohabbat Hai
Zindagi Tere Naam
Khiladi 786
Cocktail
Student of the Year
Ghost
Jab Tak Hai Jaan
Yeh Jawaani Hai Deewani
Son of Sardaar
English Vinglish
Hansa
From Sydney with Love
Chaalis Chauraasi
Department
Luv Shuv Tey Chicken Khurana
Unforgettable
Shirin Farhad Ki Toh Nikal Padi
Gali Gali Chor Hai
Login
Staying Alive
Daal Mein kuch kaala hai
Station
Chaar Din Ki Chandni
Maharana Pratap: The First Freedom Fighter
Aashiqui 2
Jodi Breakers
Machhli Jal Ki Rani Hai
Chakradhaar
Myoho
Issaq
Goliyon Ki Rasleela Ram-Leela
Kai po che!
Main Aur Mr. Riight
Identity Card
1920: Evil Returns
Baat Bann Gayi
3 Bachelors
Listen... Amaya
Lootera
Tutiya Dil
Jism 2
Table No. 21
Mere Dost Picture Abhi Baaki Hai
Siyaah..
Shudra the Rising
Cheenti Cheenti Bang Bang
Aalaap
2 Nights in Soul Valley
Blood Money
Ghanchakkar
Challo Driver
Future to Bright Hai Ji
Aiyyaa
Rush
Bumboo
Gori Tere Pyaar Mein
Satyagraha
Kamaal Dhamaal Malamaal
Riyasat
Chakravyuh
Jeena Hai Toh Thok Daal
Shootout at Wadala
Second Marriage Dot Com
Born to Hate... Destined to Love
Milta Hai Chance by Chance
Singham Returns
Sons of Ram
Hate Story
Tamanchey
Vicky Donor
Bandook
Jannat 2
ABCD (Any Body Can Dance)
Krishna Aur Kans
Mere Dad Ki Maruti
Life Ki Toh Lag Gayi
Love Recipe
Chor chor super chor
PK
Maximum
Nautanki Saala!
Chhodo Kal Ki Baatein
Himmatwala
Cigarette Ki Tarah
Bittoo Boss
The Lunchbox
Janleva 555
Mumbai's King
Teri Meri Kahaani
Bhaag Milkha Bhaag
Ajab Gazabb Love
Zanjeer
Ramaiya Vastavaiya
David
Raanjhanaa
Club 60
Saheb Biwi Aur Gangster Returns
Chal Pichchur Banate Hain
R... Rajkumar
Kick
2 States
Special 26
Jalpari: The Desert Mermaid
?: A Question Mark
Mai
Prague
Aatma
Kismet Love Paisa Dilli
Saari Raat
Arjun: The Warrior Prince
Bloody Isshq
3G - A Killer Connection
Overtime
Bhoot Returns
Ek Thi Daayan
Rabba Main Kya Karoon
Akaash Vani
Murder 3
Khwaabb
Go Goa Gone
Singh Saab the Great
Rajjo
Happy New Year
Grand Masti
Yamla Pagla Deewana 2
Maazii
Holiday
Rajdhani Express
Boss
Gulaab Gang
Gunday
Besharam
Mere Haule Dost
Ragini MMS 2
Sona Spa
Lucky Kabootar
Pehli Nazar Ka Pyaar
Dehraadun Diary
Phata Poster Nikhla Hero
Jolly LLB
Jayantabhai Ki Luv Story
Gangoobai
Super Nani
Rise of the Zombie
The Attacks of 26/11
Dedh Ishqiya
Sulemani Keeda
Mumbai 125 KM 3D
John Day
Rangrezz
Total Chaos
Main Tera Hero
Badlapur Boys
Mickey Virus
Bombay Talkies
Chhota Bheem and the Curse of Damyaan
Aurangzeb
Gippi
Fukrey
Shree
Bajatey Raho
Madras Cafe
Saare Jahaan Se Mehnga...
Policegiri
Sonali Cable
Mr Joe B. Carvalho
Bang Bang
Paranthe Wali Gali
Ankur Arora Murder Case
Zindagi 50 50
Enemmy
It's Rocking: Dard-E-Disco
One by Two
Lakshmi
Sixteen
Entertainment
Highway
Shuddh Desi Romance
Kuku Mathur Ki Jhand Ho Gayi
Mary Kom
Sooper Se Ooper
Happy Ending
Chaarfutiya Chhokare
Lakeer ka Fakeer
Humshakals
Kaanchi
Nasha
Tara: The Journey of Love and Passion
Manjunath
Satya 2
Warning
Heropanti
Finding Fanny
Ooops a Desi
Meinu Ek Ladki Chaahiye
Raqt
Hasee Toh Phasee
Le Gaya Saddam
Say Yes to Love
Bin Phere Free Me Tere
Shaadi Ke Side Effects
Horror Story
Ya Rab
Titoo MBA
Queen
Chhota Bheem and the Throne of Bali
Heartless
What the Fish
Bobby Jasoos
Ungli
Kill Dil
Yaariyan
Haider
Daawat-e-Ishq
Babloo Happy Hai
Mahabharat
Darr @ the Mall
Karle Pyaar Karle
O Teri
Bewakoofiyaan
Raja Natwarlal
Mardaani
Mokssh
Ebn-e-Batuta
Youngistaan
Hawaa Hawaai
Yeh Hai Bakrapur
The Dirty Relation
Jackpot
Gang of Ghosts
Bhoothnath Returns
Chal Bhaag
Dishkiyaoon
Karar: The Deal
Khoobsurat
Neighbours
Kahin Hai Mera Pyar
Creature
Angry Young Man
Hate Story 2
Koyelaanchal
Humpty Sharma Ki Dulhania
Samrat & Co.
The Xpose
Dekh Tamasha Dekh
Revolver Rani
Shorts
Children of War
Purani Jeans
Fugly
CityLights
Lekar Hum Deewana Dil
3 AM: A Paranormal Experience
Bollywood Villa
Pizza
M.A.D: Mad About Dance
Amit Sahni Ki List
Ekkees Toppon Ki Salaami
The Shaukeens
Desi Kattey
Life Is Beautiful
Spark
Jigariyaa
Mumbai Delhi Mumbai
Love U Crazy Girl
Shuruaat Ka Interval
Trip to Bhangarh
Zed Plus
Gollu aur Pappu
Zid
Sholay
Om Dar-B-Dar
Action Jackson
Milenge Milenge
Bhopal: A Prayer for Rain
Gone Kesh
A Flat
Ramprasad Ki Tehrvi
Article 15
Yeh Saali Aashiqui
Dee Saturday Night
P Se Pyaar F Se Faraar
#Yaaram
Ujda Chaman
Pankh
Mr Bhatti on Chutti
Delhi Safari
Dulha Mil Gaya
Teen Patti
Sadiyaan: Boundaries Divide... Love Unites
Veer
Jai Ho
My Name Is Khan
Toonpur Ka Superrhero
Hello Darling
Right Yaaa Wrong
Jaane Kahan Se Aayi Hai
Paathshaala
Kites
Tera Kya Hoga Johnny
Aashayein
Colours of Passion
Hisss
Red Alert: The War Within
Ramaa: The Saviour
Don 2
Lahore
Fatso!
People of Allah
Lamhaa: The Untold Story of Kashmir
It's a Wonderful Afterlife
Jhootha Hi Sahi
Raavan
Ishqiya
Pyaar Impossible!
Naughty @ 40
Chatur Singh Two Star
Chargesheet
Karthik Calling Karthik
Race 2
Mirch
Chance Pe Dance
Agent Vinod
Once Upon a Time in Mumbai
Action Replay
Well Done Abba!
Apartment: Rent at Your Own Risk
No Problem
Dhobi Ghat
Thanks Maa
Tum Milo Toh Sahi
Guzaarish
Peepli (Live)
Rann
Khatta Meetha
Prince
Happy Husbands
Hum Tum Aur Ghost
Road to Sangam
Anjaana Anjaani
Damadamm!
My Friend Pinto
Patiala House
Knock Out
Ra.One
Zindagi Na Milegi Dobara
5 Ghantey Mien 5 Crore
Tees Maar Khan
Housefull
Striker
Break Ke Baad
Chase
Click
Shaapit: The Cursed
Toh Baat Pakki!
Zokkomon
Aakhari Decision
Lafangey Parindey
Mittal v/s Mittal
City of Gold - Mumbai 1982: Ek Ankahee Kahani
LSD: Love Sex Aur Dhokha
Malik Ek
Prem Kaa Game
Band Baaja Baaraat
Rokkk
Phoonk 2
Dum Maaro Dum
The Japanese Wife
Fearless
Na Ghar Ke Na Ghaat Ke
Sukhmani
Paan Singh Tomar
Mausam
Bumm Bumm Bole
Ek Second... Jo Zindagi Badal De...
I Am
Seven Sins Forgiven
Tere Bin Laden
Trump Card
Miss Lovely
Soch Lo
Udaan
Sahi Dhandhe Galat Bande
Mr. Singh/Mrs. Mehta
The Film Emotional Atyachar
Help
Turning 30!!!
F.A.L.T.U
I Hate Luv Storys
Kushti
Will You Marry Me
Tanu Weds Manu
Love U... Mr. Kalakaar!
Tere Mere Phere
Ek Main Aur Ekk Tu
A Decent Arrangement
Tezz
Aakrosh
Do Dooni Chaar
Thank You
Antardwand
Dil Toh Baccha Hai Ji
Double Dhamaal
Bol Bachchan
Bodyguard
No One Killed Jessica
Breakaway
Khichdi: The Movie
Mere Brother Ki Dulhan
Dunno Y Na Jaane Kyun...
Ramayana: The Epic
Life Express
Crook: It's Good to Be Bad
Game
Phas Gaye Re Obama
Yamla Pagla Deewana
Ship of Theseus
Isi Life Mein...!
Players
Chittagong
Talaash
Khap
I Am Kalam
Golmaal Again
Kaalo
Utt Pataang
Aashiqui.in
Kahaani
United Six
Angel
Hostel
Yeh Dooriyan
Mumbhai Connection
Rascals
Shagird
Dhoom 3
Shaitan
Rockstar
Chillar Party
U R My Jaan
Aarakshan
Agneepath
Main Krishna Hoon
Strings of Passion
Teen Thay Bhai
Bbuddah... Hoga Terra Baap
Love Breakups Zindagi
404: Error Not Found
Chalo Dilli
Satrangee Parachute
Haunted - 3D
Monica
Buddha in a Traffic Jam
Ragini MMS
Once Upon a Time in Mumbai Dobaara!
Memories in March
Mumbai Mast Kallander
Stanley Ka Dabba
Shor in the City
Joker
Murder 2
Khuda Kasam
Pyaar Ka Punchnama
Delhi Belly
Always Kabhi Kabhi
Bheja Fry 2
Sadda Adda
Kucch Luv Jaisaa
Impatient Vivek
Bin Bulaye Baraati
Singham
Desi Boyz
Bubble Gum
Dangerous Ishq
Gandhi to Hitler
Housefull 2
Not a Love Story
Ishkq in Paris
Force
Gangs of Wasseypur
Heroine
The Dirty Picture
Gangs of Wasseypur
Shabri
The Blueberry Hunt
Ek Tha Tiger
Phhir
Hum Hai Raahi CAR Ke
Kyaa Super Kool Hain Hum
Matru ki Bijlee ka Mandola
Chennai Express
Dabangg 2
Mummy Punjabi: Superman Ki Bhi Maa!!
Ferrari Ki Sawaari
Ekk Deewana Tha
Tere Naal Love Ho Gaya
Rock On 2
Tanu Weds Manu Returns
Tanu Weds Manu Returns
Brother Superhit!
Gattu
5 Weddings
Zindagi Tere Naam
Cocktail
Zila Ghaziabad
Student of the Year
Ghost
Jab Tak Hai Jaan
Yeh Jawaani Hai Deewani
Son of Sardaar
Shahid
English Vinglish
Chaalis Chauraasi
From Sydney with Love
Department
Shirin Farhad Ki Toh Nikal Padi
Login
Ladies vs. Ricky Bahl
Ata Pata Lapatta
Tell Me O Kkhuda
Mujhse Fraaandship Karoge
Aazaan
Hum Tum Shabana
Barfi!
Shanghai
Married 2 America
Miley - Naa Miley - Hum
Jo Hum Chahein
Inkaar
Saheb Biwi Aur Gangster
Kya Dilli Kya Lahore
Shortcut Romeo
Luv U Soniyo
Charlie Kay Chakkar Mein
Station
Staying Alive
Jodi Breakers
Monsoon Shootout
Chaar Din Ki Chandni
Gulabi Gang
Vishwaroopam
Ab Tak Chhappan 2
Aashiqui 2
Valentine's Night
Machhli Jal Ki Rani Hai
Kai po che!
Issaq
Goliyon Ki Rasleela Ram-Leela
Main Aur Mr. Riight
1920: Evil Returns
Baat Bann Gayi
Lootera
Listen... Amaya
Chashme Baddoor
Table No. 21
Mere Dost Picture Abhi Baaki Hai
Aalaap
Blood Money
Ghanchakkar
Challo Driver
Rush
Aiyyaa
Bumboo
Gori Tere Pyaar Mein!
Satyagraha
OMG: Oh My God!
Riyasat
Chakravyuh
In the Shadows
Jeena Hai Toh Thok Daal
101 Dalmatians
Love in Bombay
102 Dalmatians
20000 Leagues Under the Sea
A Bug's Life
A Goofy Movie
A Far Off Place
A Kid in King Arthur's Court
A Tale of Two Critters
A Tiger Walks
ABCD 2
A Wrinkle in Time
Air Bud
African Cats
Air Bud: Golden Receiver
Aladdin
Alice in Wonderland
Alice Through the Looking Glass
Alexander and the Terrible Horrible No Good Very Bad Day
Aliens of the Deep
Almost Angels
America's Heart and Soul
Amy
Anaganaga O Dheerudu
Arjun: The Warrior Prince
Angels in the Outfield
Around the World in 80 Days
Artemis Fowl
Atlantis: The Lost Empire
Babes in Toyland
Bambi
Bears
Bedknobs and Broomsticks
Beauty and the Beast
Beverly Hills Chihuahua
Benji the Hunted
Bedtime Stories
Big Red
Big Hero 6
Blackbeard's Ghost
Blank Check
Blue
Bolt
Born in China
Bon Voyage!
Bridge to Terabithia
Brave
Brother Bear
Candleshoe
Cars
Cars 2
Cars 3
Charley and the Angel
Charlie the Lonesome Cougar
Cheetah
Chicken Little
Chimpanzee
Christopher Robin
Cinderella
Coco
College Road Trip
Condorman
Cool Runnings
Confessions of a Teenage Drama Queen
D2: The Mighty Ducks
D3: The Mighty Ducks
Dangal
Darby O'Gill and the Little People
Davy Crockett and the River Pirates
Dasavathaaram
Davy Crockett King of the Wild Frontier
Dinosaur
Disney's The Kid
Disney's A Christmas Carol
Do Dooni Chaar
Dolphin Reef
DuckTales the Movie: Treasure of the Lost Lamp
Doug's 1st Movie
Dragonslayer
Dumbo
Earth
Eight Below
Emil and the Detectives
Endurance
Enchanted
Expedition China
Fantasia
Fantasia 2000
Escape to Witch Mountain
Finding Dory
Finding Nemo
First Kid
Flight of the Navigator
Flubber
Frank and Ollie
Follow Me Boys!
Frankenweenie
Freaky Friday
Fun and Fancy Free
Frozen
Frozen II
G-Force
George of the Jungle
Ghost in the Shell 2: Innocence GITS2
Ghost of the Mountains
Ghosts of the Abyss
Glory Road
Growing Up Wild
Greyfriars Bobby
Hannah Montana and Miley Cyrus: Best of Both Worlds Concert
Hannah Montana: The Movie
Heavyweights
Herbie Goes Bananas
Herbie Goes to Monte Carlo
Herbie Rides Again
Hercules
High School Musical 3: Senior Year
Hocus Pocus
Herbie: Fully Loaded
Holes
Home on the Range
Homeward Bound II: Lost in San Francisco
Homeward Bound: The Incredible Journey
Honey I Blew Up the Kid
Honey I Shrunk the Kids
Hot Lead and Cold Feet
I'll Be Home for Christmas
Ice Princess
In Search of the Castaways
Incredibles 2
Inside Out
Inspector Gadget
Into the Woods
Invincible
Iron Will
Jagga Jasoos
James and the Giant Peach
John Carter
Johnny Tremain
Jonas Brothers: The 3D Concert Experience
Jungle 2 Jungle
Jungle Cat
Kidnapped
Khoobsurat
King of the Grizzlies
Lady and the Tramp
Lady and the Tramp
Lilly the Witch: The Dragon and the Magic Book
L'Empereur - March of the Penguins 2: The Next Step[a]
Lilly the Witch: The Journey to Mandolan
Lilo & Stitch
Make Mine Music
Lt. Robin Crusoe U.S.N.
Maleficent
Maleficent: Mistress of Evil
Man of the House
Mars Needs Moms
Mary Poppins
Mary Poppins Returns
Max Keeble's Big Move
Meet the Deedles
McFarland USA
Meet the Robinsons
Melody Time
Midnight Madness
Mighty Joe Young
Million Dollar Arm
Miracle
Miracle of the White Stallions
Moana
Monkey Kingdom
Monkeys Go Home!
Monsters Inc.
Morning Light
Moon Pilot
Mr. Magoo
Monsters University
National Treasure
National Treasure: Book of Secrets
Never Cry Wolf
Never a Dull Moment
Night Crossing
Nikki Wild Dog of the North
Mulan
Now You See Him Now You Don't
Oceans
Newsies
No Deposit No Return
My Favorite Martian
Muppets Most Wanted
Napoleon and Samantha
Old Dogs
Old Yeller
Oliver & Company
One Hundred and One Dalmatians
Muppet Treasure Island
One Magic Christmas
One Little Indian
One of Our Dinosaurs Is Missing
Operation Dumbo Drop
Oz the Great and Powerful
Penguins
Perri
Pete's Dragon
Pete's Dragon
Peter Pan
Piglet's Big Movie
Pinocchio
Pirates of the Caribbean: At World's End
Pirates of the Caribbean: Dead Man's Chest
Pirates of the Caribbean: Dead Men Tell No Tales
Pirates of the Caribbean: The Curse of the Black Pearl
Pirates of the Caribbean: On Stranger Tides
Planes: Fire & Rescue
Planes
Pocahontas
Pollyanna
Pooh's Heffalump Movie
Prince of Persia: The Sands of Time
Popeye
Race to Witch Mountain
Queen of Katwe
Prom
Rascal
Ralph Breaks the Internet
Ratatouille
Recess: School's Out
Remember the Titans
Return from Witch Mountain
Return to Never Land
Return to Snowy River
Return to Oz
Ride a Wild Pony
Roadside Romeo
Rob Roy the Highland Rogue
Robin Hood
RocketMan
Sacred Planet
Roving Mars
Run Cougar Run
Savage Sam
Saludos Amigos
Saving Mr. Banks
Scandalous John
Secretariat
Secrets of Life
Shipwrecked
Sleeping Beauty
Sky High
Snow Dogs
Snowball Express
So Dear to My Heart
Something Wicked This Way Comes
Son of Flubber
Squanto: A Warrior's Tale
Song of the South
Summer Magic
Swiss Family Robinson
Superdad
Tall Tale
Tangled
Tarzan
Ten Who Dared
Teacher's Pet
Tex
That Darn Cat
The Absent-Minded Professor
The Adventures of Bullwhip Griffin
The Adventures of Huck Finn
The Adventures of Ichabod and Mr. Toad
The African Lion
The Apple Dumpling Gang
The Apple Dumpling Gang Rides Again
The Aristocats
The BFG
The Barefoot Executive
The Bears and I
The Best of Walt Disney's True-Life Adventures
The Big Green
The Biscuit Eater
The Black Hole
The Black Cauldron
The Book of Masters
The Boatniks
The Boys: The Sherman Brothers' Story
The Castaway Cowboy
The Cat from Outer Space
The Chronicles of Narnia: The Lion the Witch and the Wardrobe
The Chronicles of Narnia: Prince Caspian
The Computer Wore Tennis Shoes
The Country Bears
The Crimson Wing: Mystery of the Flamingos
The Devil and Max Devlin
The Emperor's New Groove
The Finest Hours
The Fighting Prince of Donegal
The Fox and the Hound
The Game Plan
The Good Dinosaur
The Gnome-Mobile
The Great Locomotive Chase
The Great Mouse Detective
The Greatest Game Ever Played
The Happiest Millionaire
The Haunted Mansion
The Horse in the Gray Flannel Suit
The Hunchback of Notre Dame
The Incredible Journey
The Incredibles
The Island at the Top of the World
The Journey of Natty Gann
The Jungle Book
The Jungle Book
The Last Flight of Noah's Ark
The Jungle Book 2
The Jungle Book
The Legend of Lobo
The Light in the Forest
The Lion King
The Lion King
The Little Mermaid
The Littlest Horse Thieves
The Littlest Outlaw
The Living Desert
The Lizzie McGuire Movie
The London Connection
The Lone Ranger
The Love Bug
The Many Adventures of Winnie the Pooh
The Million Dollar Duck
The Misadventures of Merlin Jones
The Mighty Ducks
The Monkey's Uncle
The Moon-Spinners
The Muppet Christmas Carol
The Muppets
The Nightmare Before Christmas 3D TNBC
The Nutcracker and the Four Realms
The North Avenue Irregulars
The Odd Life of Timothy Green
The One and Only Genuine Original Family Band
The Pacifier
The Parent Trap
The Pixar Story
The Princess Diaries
The Princess Diaries 2: Royal Engagement
The Princess and the Frog
The Rescuers
The Reluctant Dragon
The Rescuers Down Under
The Rocketeer TR
The Rookie
The Santa Clause 2
The Santa Clause TSC
The Santa Clause 3: The Escape Clause
The Shaggy D.A.
The Shaggy Dog
The Sign of Zorro
The Sorcerer's Apprentice
The Straight Story
The Story of Robin Hood and His Merrie Men
The Strongest Man in the World
The Sword and the Rose
The Sword in the Stone
The Three Caballeros
The Three Lives of Thomasina
The Three Musketeers
The Tigger Movie
The Ugly Dachshund
The Vanishing Prairie
The Watcher in the Woods
The Wild
The World's Greatest Athlete
The Wild Country
The Young Black Stallion
Third Man on the Mountain
Toby Tyler
Tom and Huck
Those Calloways
Tomorrowland
Tonka
Toy Story 2
Toy Story
Toy Story 3
Toy Story 4
Treasure Island
Trail of the Panda
Treasure Planet
Treasure of Matecumbe
Trenchcoat
Tron: Legacy
Tuck Everlasting
Underdog
Unidentified Flying Oddball
Up
Valiant
Victory Through Air Power
WALL-E
Waking Sleeping Beauty
Walt & El Grupo
Westward Ho the Wagons!
White Fang
White Fang 2: Myth of the White Wolf
White Wilderness
Wings of Life
Wild Hearts Can't Be Broken
Winnie the Pooh
Zokkomon
Zorro the Avenger
Zootopia
Wreck-It Ralph

Enterprise db1> load("c:\abc\app.js");
Error: ENOENT: no such file or directory, open 'c:\Users\SALEEL\abcapp.js'
Enterprise db1> load("c:/abc/app.js");
true
Enterprise db1> fn();
NaN
Enterprise db1> fn(1,2,3);
6
Enterprise db1> db.books.find();

Enterprise db1> show collections;
emp
movies
posts
x
y
Enterprise db1> load("c:/abc/app.js");
true
Enterprise db1> db.getCollectionNames();
[ 'movies', 'y', 'x', 'posts', 'emp' ]
Enterprise db1> fn();

Enterprise db1> load("c:/abc/app.js");
true
Enterprise db1> fn();
Document Inserted....

Enterprise db1> show collecations;
MongoshInvalidInputError: [COMMON-10001] 'collecations' is not a valid argument for "show".
Enterprise db1> show collections;
books
emp
movies
posts
x
y
Enterprise db1> db.books.find();
[
  { _id: 1, BookName: 'redis', rate: 2000 },
  { _id: 2, BookName: 'mongoDB', rate: 3000 }
]
Enterprise db1> load("c:/abc/app.js");
true
Enterprise db1> fn();

Enterprise db1> load("c:/abc/app.js");
true
Enterprise db1> fn();
[
  { _id: 1, BookName: 'redis', rate: 2000 },
  { _id: 2, BookName: 'mongoDB', rate: 3000 }
]

Enterprise db1> load("c:/abc/app.js");
true
Enterprise db1> fn();
[
  { _id: 1, BookName: 'redis', rate: 2000 },
  { _id: 2, BookName: 'mongoDB', rate: 3000 }
]
Enterprise db1> load("c:/abc/app.js");
Enterprise db1> db.books.insertOne(_Enterprise db1> db.books.insertOne(_Uncaught:kName:'hBase', rate:1200)
SyntaxError: Unexpected token, expected "," (1:22)

> 1 | db.books.insertOne(_id:3, bookName:'hBase', rate:1200)
    |                       ^
  2 |

Enterprise db1>

Enterprise db1>

Enterprise db1>

Enterprise db1> load("c:/abc/app.js");
true
Enterprise db1> fn();

Enterprise db1> db.books.find();
[
  { _id: 1, BookName: 'redis', rate: 2000 },
  { _id: 2, BookName: 'mongoDB', rate: 3000 },
  { _id: 3, bookName: 'hBase', rate: 1200 }
]
Enterprise db1> load("c:/abc/app.js");
true
Enterprise db1> fn(4,'oracle',666)

Enterprise db1> db.books.find();
[
  { _id: 1, BookName: 'redis', rate: 2000 },
  { _id: 2, BookName: 'mongoDB', rate: 3000 },
  { _id: 3, bookName: 'hBase', rate: 1200 },
  { _id: 4, bookName: 'oracle', rate: 666 }
]
Enterprise db1> load("c:/abc/app.js");
true
Enterprise db1> fn(5,'JS',666)
Low Rate

Enterprise db1> fn(5,'JS',1666)

Enterprise db1> db.books.find();
[
  { _id: 1, BookName: 'redis', rate: 2000 },
  { _id: 2, BookName: 'mongoDB', rate: 3000 },
  { _id: 3, bookName: 'hBase', rate: 1200 },
  { _id: 4, bookName: 'oracle', rate: 666 },
  { _id: 5, bookName: 'JS', rate: 1666 }
]
Enterprise db1> load("c:/abc/app.js");
true
Enterprise db1> fn(6,'c++',1666)

Enterprise db1> db.books.find();
[
  { _id: 1, BookName: 'redis', rate: 2000 },
  { _id: 2, BookName: 'mongoDB', rate: 3000 },
  { _id: 3, bookName: 'hBase', rate: 1200 },
  { _id: 4, bookName: 'oracle', rate: 666 },
  { _id: 5, bookName: 'JS', rate: 1666 },
  { _id: 6, bookName: 'C++', rate: 1666 }
]
Enterprise db1> load("c:/abc/app.js");
true
Enterprise db1> fn(1)
[ { _id: 1, BookName: 'redis', rate: 2000 } ]
Enterprise db1>

Enterprise db1>

Enterprise db1> db.movies.aggregate({$project: {_id:false, movie_tile:true}})
[
  {}, {}, {}, {}, {}, {}, {},
  {}, {}, {}, {}, {}, {}, {},
  {}, {}, {}, {}, {}, {}
]
Type "it" for more
Enterprise db1> db.movies.aggregate({$project:{_id:false, movie_tile:true}})
[
  {}, {}, {}, {}, {}, {}, {},
  {}, {}, {}, {}, {}, {}, {},
  {}, {}, {}, {}, {}, {}
]
Type "it" for more
Enterprise db1> db.movies.aggregate({$project:{_id:false, movie_tile:true}})
[
  {}, {}, {}, {}, {}, {}, {},
  {}, {}, {}, {}, {}, {}, {},
  {}, {}, {}, {}, {}, {}
]
Type "it" for more
Enterprise db1> db.movies.aggregate({$project:{_id:false, movie_title:true}})
[
  { movie_title: 'Avatar' },
  { movie_title: "Pirates of the Caribbean: At World's End" },
  { movie_title: 'Spectre' },
  { movie_title: 'The Dark Knight Rises' },
  { movie_title: 'Star Wars: Episode VII - The Force Awakens' },
  { movie_title: 'John Carter' },
  { movie_title: 'Spider-Man 3' },
  { movie_title: 'Tangled' },
  { movie_title: 'Avengers: Age of Ultron' },
  { movie_title: 'Harry Potter and the Half-Blood Prince' },
  { movie_title: 'Batman v Superman: Dawn of Justice' },
  { movie_title: 'Superman Returns' },
  { movie_title: 'Quantum of Solace' },
  { movie_title: "Pirates of the Caribbean: Dead Man's Chest" },
  { movie_title: 'The Lone Ranger' },
  { movie_title: 'Man of Steel' },
  { movie_title: 'The Avengers' },
  { movie_title: 'Men in Black 3' },
  { movie_title: 'Pirates of the Caribbean: On Stranger Tides' },
  { movie_title: 'The Amazing Spider-Man' }
]
Type "it" for more
Enterprise db1> edit db.movies.aggregate({$project:{_id:false, movie_title:true, x: {}}})
Opening an editor...

Enterprise db1> db.movies.aggregate({ $project: { _id: false, movie_title: true, x: { $se$setWindowFields: { sortBy: { movie_title: 1 }, output: { $documentNumber: {} } } } } })
MongoServerError: Invalid $project :: caused by :: Unknown expression $setWindowFields
Enterprise db1> edit
Opening an editor...

Enterprise db1> db.movies.aggregate({ $project: { _id: false, movie_title: true, x: { $seEnterprise db1> db.movies.aggregate({ $project: { _id: false, movie_title: true, x: { $setWindowFields: { sortBy: { movie_title: 1 }, output: { cnt: { $documentNumber: {} } } } } } })
MongoServerError: Invalid $project :: caused by :: Unknown expression $setWindowFields
Enterprise db1> edit
Opening an editor...

Enterprise db1> db.movies.aggregate({ $project: { _id: false, movie_title: true, x: { $seEnterprise db1> db.movies.aggregate({ $project: { _id: false, movie_title: true, x: { $setWindowField: { sortBy: { movie_title: 1 }, output: { cnt: { $documentNumber: {} } } } } } });
MongoServerError: Invalid $project :: caused by :: Unknown expression $setWindowField
Enterprise db1> edit
Opening an editor...

Enterprise db1> db.movies.aggregate({ $project: { _id: false, movie_title: true, x: { $se$setWindowField: { sortBy: { movie_title: 1 }, output: { $documentNumber: {} } } } } })
MongoServerError: Invalid $project :: caused by :: Unknown expression $setWindowField
Enterprise db1> edit
Opening an editor...

Enterprise db1> db.movies.aggregate({ $project: { _id: false, movie_title: true, x: { $seEnterprise db1> db.movies.aggregate({ $project: { _id: false, movie_title: true, x: { $setWindowField: { sortBy: { movie_title: 1 }, output: { x: { $documentNumber: {} } } } } } MongoServerError: Invalid $project :: caused by :: Unknown expression $setWindowField
Enterprise db1> db.movies.aggregate({ $project: { _id: false, movie_title: true, x: { $setWindowField: { sortBy: { movie_title: 1 }, output: { x: { $documentNumber: {} } } } } } });
MongoServerError: Invalid $project :: caused by :: Unknown expression $setWindowField
Enterprise db1>

Enterprise db1>

Enterprise db1> edit
Opening an editor...

Enterprise db1> db.movies.aggregate({ $project: { _id: false, movie_title: true, x: { $seEnterprise db1> db.movies.aggregate({ $project: { _id: false, movie_title: true, x: { $setWindowFields: { sortBy: { movie_title: 1 }, output: { x: { $documentNumber: {} } } } } } })
MongoServerError: Invalid $project :: caused by :: Unknown expression $setWindowFields
Enterprise db1> edit
Opening an editor...

Enterprise db1> db.movies.aggregate({ $setWindowFields: { sortBy: { movie_title: 1 }, output: { x: { $documentNumber: {} } } } })
[
  {
    _id: 4017,
    relese: '27-03-1989',
    color: 'Color',
    director: 'Charles Adelman',
    critic: 4,
    duration: 96,
    director_facebook: 0,
    actor_3_facebook: 460,
    actor_2_name: 'Kevin Pollak',
    actor_1_facebook_likes: 708,
    gross: '',
    genres: 'Horror|Thriller',
    actor_1_name: 'Teri Polo',
    movie_title: 2.13,
    num_voted_users: 961,
    cast_total_facebook_likes: 2307,
    actor_3_name: 'Jere Burns',
    facenumber_in_poster: 0,
    plot_keywords: 'death|forensic|murder|profiler|serial killer',
    movie_imdb_link: 'http://www.imdb.com/title/tt1002561/?ref_=fn_tt_tt_1',
    num_user_for_reviews: 12,
    language: 'English',
    country: 'USA',
    content_rating: '',
    budget: 3500000,
    title_year: 1989,
    actor_2_facebook_likes: 574,
    imdb_score: 4.8,
    aspect_ratio: 2.433673283,
    movie_facebook_likes: 211,
    'production houses': 'Summit',
    week1: 109.968,
    week2: 15.014,
    week3: 32.077,
    week4: 8.612,
    isActive: 1,
    music: '',
    stars: { '0': 0, '1': 0, '2': 1, '3': 1, '4': 1 },
    x: 1
  },
  {
    _id: 4903,
    relese: '08-12-1988',
    color: 'Color',
    director: 'Tom Tykwer',
    critic: 76,
    duration: 119,
    director_facebook: 670,
    actor_3_facebook: 9,
    actor_2_name: 'Sebastian Schipper',
    actor_1_facebook_likes: 24,
    gross: 59774,
    genres: 'Comedy|Drama|Romance',
    actor_1_name: 'Devid Striesow',
    movie_title: 3,
    num_voted_users: 4212,
    cast_total_facebook_likes: 69,
    actor_3_name: 'Sophie Rois',
    facenumber_in_poster: 0,
    plot_keywords: 'female nudity|full frontal female nudity|male frontal nudity|menage a trois|pubic hair',
    movie_imdb_link: 'http://www.imdb.com/title/tt1517177/?ref_=fn_tt_tt_1',
    num_user_for_reviews: 18,
    language: 'German',
    country: 'Germany',
    content_rating: 'Unrated',
    budget: '',
    title_year: 1988,
    actor_2_facebook_likes: 20,
    imdb_score: 6.8,
    aspect_ratio: 1.8449006,
    movie_facebook_likes: 2000,
    'production houses': 'Warner Bros.',
    week1: 67.771,
    week2: 97.252,
    week3: 0.421,
    week4: 7.676,
    isActive: 1,
    music: '',
    stars: { '0': 0, '1': 0, '2': 1, '3': 1, '4': 0 },
    x: 2
  },
  {
    _id: 1668,
    relese: '27-04-1976',
    color: 'Color',
    director: 'Shane Acker',
    critic: 263,
    duration: 79,
    director_facebook: 30,
    actor_3_facebook: 265,
    actor_2_name: 'Alan Oppenheimer',
    actor_1_facebook_likes: 940,
    gross: 31743332,
    genres: 'Action|Adventure|Animation|Drama|Mystery|Sci-Fi|Thriller',
    actor_1_name: 'Martin Landau',
    movie_title: 9,
    num_voted_users: 111117,
    cast_total_facebook_likes: 1594,
    actor_3_name: 'Tom Kane',
    facenumber_in_poster: 0,
    plot_keywords: 'hope|key|machine|number|rag doll',
    movie_imdb_link: 'http://www.imdb.com/title/tt0472033/?ref_=fn_tt_tt_1',
    num_user_for_reviews: 245,
    language: 'English',
    country: 'USA',
    content_rating: 'PG-13',
    budget: 30000000,
    title_year: 1976,
    actor_2_facebook_likes: 271,
    imdb_score: 7.1,
    aspect_ratio: 1.140938687,
    movie_facebook_likes: 13000,
    'production houses': 'Independent',
    week1: 3.376,
    week2: 57.054,
    week3: 28.055,
    week4: 24.175,
    isActive: 0,
    music: '',
    stars: { '0': 0, '1': 0, '2': 1, '3': 0, '4': 0 },
    x: 3
  },
  {
    _id: 3645,
    relese: '08-10-1992',
    color: 'Color',
    director: 'Greg Marcks',
    critic: 68,
    duration: 85,
    director_facebook: 9,
    actor_3_facebook: 407,
    actor_2_name: 'Barbara Hershey',
    actor_1_facebook_likes: 861,
    gross: '',
    genres: 'Comedy|Crime|Drama',
    actor_1_name: 'Henry Thomas',
    movie_title: 11.14,
    num_voted_users: 38273,
    cast_total_facebook_likes: 2200,
    actor_3_name: 'Shawn Hatosy',
    facenumber_in_poster: 1,
    plot_keywords: 'convenience store|multiple perspectives|murder|paramedic|van',
    movie_imdb_link: 'http://www.imdb.com/title/tt0331811/?ref_=fn_tt_tt_1',
    num_user_for_reviews: 133,
    language: 'English',
    country: 'USA',
    content_rating: 'R',
    budget: 6000000,
    title_year: 1992,
    actor_2_facebook_likes: 618,
    imdb_score: 7.2,
    aspect_ratio: 2.033370284,
    movie_facebook_likes: 0,
    'production houses': 'Warner Bros.',
    week1: 109.217,
    week2: 52.227,
    week3: 68.902,
    week4: 45.073,
    isActive: 0,
    music: '',
    stars: { '0': 1, '1': 1, '2': 1, '3': 0, '4': 1 },
    x: 4
  },
  {
    _id: 1413,
    relese: '21-12-2003',
    color: 'Color',
    director: 'Robert Luketic',
    critic: 144,
    duration: 123,
    director_facebook: 126,
    actor_3_facebook: 1000,
    actor_2_name: 'Jim Sturgess',
    actor_1_facebook_likes: 18000,
    gross: 81159365,
    genres: 'Crime|Drama|Thriller',
    actor_1_name: 'Kevin Spacey',
    movie_title: 21,
    num_voted_users: 191470,
    cast_total_facebook_likes: 25661,
    actor_3_name: 'Josh Gad',
    facenumber_in_poster: 2,
    plot_keywords: 'based on true story|blackjack|card counting|gambling|massachusetts institute of technology',
    movie_imdb_link: 'http://www.imdb.com/title/tt0478087/?ref_=fn_tt_tt_1',
    num_user_for_reviews: 278,
    language: 'English',
    country: 'USA',
    content_rating: 'PG-13',
    budget: 35000000,
    title_year: 2003,
    actor_2_facebook_likes: 5000,
    imdb_score: 6.8,
    aspect_ratio: 2.635928861,
    movie_facebook_likes: 0,
    'production houses': 'Warner Bros.',
    week1: 16.405,
    week2: 92.797,
    week3: 40.763,
    week4: 29.334,
    isActive: 0,
    music: '',
    stars: { '0': 1, '1': 1, '2': 0, '3': 1, '4': 0 },
    x: 5
  },
  {
    _id: 1206,
    relese: '05-08-1962',
    color: 'Color',
    director: 'Brian Helgeland',
    critic: 216,
    duration: 128,
    director_facebook: 241,
    actor_3_facebook: 898,
    actor_2_name: 'Christopher Meloni',
    actor_1_facebook_likes: 11000,
    gross: 95001343,
    genres: 'Biography|Drama|Sport',
    actor_1_name: 'Harrison Ford',
    movie_title: 42,
    num_voted_users: 66511,
    cast_total_facebook_likes: 16911,
    actor_3_name: 'Nicole Beharie',
    facenumber_in_poster: 0,
    plot_keywords: 'baseball|baseball player|brooklyn dodgers|major league baseball|racism',
    movie_imdb_link: 'http://www.imdb.com/title/tt0453562/?ref_=fn_tt_tt_1',
    num_user_for_reviews: 200,
    language: 'English',
    country: 'USA',
    content_rating: 'PG-13',
    budget: 40000000,
    title_year: 1962,
    actor_2_facebook_likes: 3000,
    imdb_score: 7.5,
    aspect_ratio: 1.585896071,
    movie_facebook_likes: 28000,
    'production houses': 'Independent',
    week1: 121.909,
    week2: 58.727,
    week3: 69.508,
    week4: 14.742,
    isActive: 0,
    music: '',
    stars: { '0': 0, '1': 0, '2': 1, '3': 1, '4': 0 },
    x: 6
  },
  {
    _id: 2873,
    relese: '15-11-1986',
    color: 'Color',
    director: 'Mark Christopher',
    critic: 63,
    duration: 121,
    director_facebook: 15,
    actor_3_facebook: 812,
    actor_2_name: 'Ellen Albertini Dow',
    actor_1_facebook_likes: 4000,
    gross: 16574731,
    genres: 'Drama|Music',
    actor_1_name: 'Salma Hayek',
    movie_title: 54,
    num_voted_users: 27675,
    cast_total_facebook_likes: 6910,
    actor_3_name: 'Sela Ward',
    facenumber_in_poster: 4,
    plot_keywords: 'angel dust the drug|disco|new york city|quaalude|reference to princess grace of monaco',
    movie_imdb_link: 'http://www.imdb.com/title/tt0120577/?ref_=fn_tt_tt_1',
    num_user_for_reviews: 181,
    language: 'English',
    country: 'USA',
    content_rating: 'R',
    budget: 13000000,
    title_year: 1986,
    actor_2_facebook_likes: 957,
    imdb_score: 5.8,
    aspect_ratio: 1.197702467,
    movie_facebook_likes: 0,
    'production houses': 'Independent',
    week1: 68.384,
    week2: 71.936,
    week3: 11.852,
    week4: 40.113,
    isActive: 0,
    music: '',
    stars: { '0': 1, '1': 0, '2': 1, '3': 0, '4': 1 },
    x: 7
  },
  {
    _id: 5846,
    relese: '09-07-1979',
    color: 'Color',
    director: 'Krishna D.K. | Raj Nidimoru',
    critic: 57,
    duration: 71,
    director_facebook: 36,
    actor_3_facebook: 44,
    actor_2_name: 'Kunal Khemu',
    actor_1_facebook_likes: 230,
    gross: 3462880.73,
    genres: 'Comedy | Crime | Drama',
    actor_1_name: 'Boman Irani',
    movie_title: 99,
    num_voted_users: 3423,
    cast_total_facebook_likes: 1271,
    actor_3_name: 'Soha Ali Khan',
    facenumber_in_poster: 6,
    plot_keywords: '',
    movie_imdb_link: 'http://www.imdb.com/title/tt0436689/?ref_=fn_tt_tt_317',
    num_user_for_reviews: 783,
    language: 'Hindi',
    country: 'India',
    content_rating: 'U/A',
    budget: 347201.85,
    title_year: 1979,
    actor_2_facebook_likes: 569,
    imdb_score: 4.8,
    aspect_ratio: 1.022834223,
    movie_facebook_likes: 42,
    'production houses': 'Sony',
    week1: 31.799,
    week2: 87,
    week3: 26.038,
    week4: 0.845,
    isActive: 1,
    music: '',
    stars: { '0': 1, '1': 1, '2': 0, '3': 0, '4': 0 },
    x: 8
  },
  {
    _id: 7212,
    relese: '21-01-1978',
    color: 'Color',
    director: 'Saket Chaudhary',
    critic: 80,
    duration: 175,
    director_facebook: 153,
    actor_3_facebook: 293,
    actor_2_name: 'Cyrus Broacha',
    actor_1_facebook_likes: 26000,
    gross: 30028592,
    genres: 'Comedy | Crime | Drama',
    actor_1_name: 'Rahul Bose',
    movie_title: 99,
    num_voted_users: 85673,
    cast_total_facebook_likes: 2636,
    actor_3_name: 'Soha Ali Khan',
    facenumber_in_poster: '',
    plot_keywords: 'based on comic book|critically bashed|father daughter relationship|reference to superman|super villain',
    movie_imdb_link: 'https://upload.wikimedia.org/wikipedia/en/thumb/8/84/Bumboo_-_Poster.jpg/220px-Bumboo_-_Poster.jpg',
    num_user_for_reviews: '',
    language: 'Hindi',
    country: 'India',
    content_rating: 'U/A',
    budget: 347693.3679,
    title_year: 1978,
    actor_2_facebook_likes: 13000,
    imdb_score: 6.6,
    aspect_ratio: 2.577684113,
    movie_facebook_likes: 975,
    'production houses': 'Independent',
    week1: 22.554,
    week2: 51.846,
    week3: 57.652,
    week4: 18.496,
    isActive: 0,
    music: '',
    stars: { '0': 0, '1': 0, '2': 1, '3': 1, '4': 1 },
    x: 9
  },
  {
    _id: 710,
    relese: '31-03-1966',
    color: 'Color',
    director: 'Zack Snyder',
    critic: 460,
    duration: 117,
    director_facebook: 0,
    actor_3_facebook: 447,
    actor_2_name: 'Michael Fassbender',
    actor_1_facebook_likes: 18000,
    gross: 210592590,
    genres: 'Action|Drama|Fantasy|War',
    actor_1_name: 'Gerard Butler',
    movie_title: 300,
    num_voted_users: 607235,
    cast_total_facebook_likes: 32360,
    actor_3_name: 'Vincent Regan',
    facenumber_in_poster: 0,
    plot_keywords: 'battle|epic|greece|spartan|warrior',
    movie_imdb_link: 'http://www.imdb.com/title/tt0416449/?ref_=fn_tt_tt_1',
    num_user_for_reviews: 2073,
    language: 'English',
    country: 'USA',
    content_rating: 'R',
    budget: 65000000,
    title_year: 1966,
    actor_2_facebook_likes: 13000,
    imdb_score: 7.7,
    aspect_ratio: 1.364044313,
    movie_facebook_likes: 13000,
    'production houses': 'Disney',
    week1: 30.839,
    week2: 69.54,
    week3: 20.653,
    week4: 6.966,
    isActive: 0,
    music: '',
    stars: { '0': 1, '1': 0, '2': 0, '3': 0, '4': 0 },
    x: 10
  },
  {
    _id: 2079,
    relese: '02-04-1995',
    color: 'Color',
    director: 'Mikael Håfström',
    critic: 314,
    duration: 114,
    director_facebook: 101,
    actor_3_facebook: 23,
    actor_2_name: 'Kim Thomson',
    actor_1_facebook_likes: 129,
    gross: 71975611,
    genres: 'Fantasy|Horror',
    actor_1_name: 'Drew Powell',
    movie_title: 1408,
    num_voted_users: 209396,
    cast_total_facebook_likes: 214,
    actor_3_name: 'Alexandra Silber',
    facenumber_in_poster: 0,
    plot_keywords: 'book|debunking|evil|hotel|paranormal phenomena',
    movie_imdb_link: 'http://www.imdb.com/title/tt0450385/?ref_=fn_tt_tt_1',
    num_user_for_reviews: 580,
    language: 'English',
    country: 'USA',
    content_rating: 'PG-13',
    budget: 25000000,
    title_year: 1995,
    actor_2_facebook_likes: 25,
    imdb_score: 6.8,
    aspect_ratio: 2.008250896,
    movie_facebook_likes: 11000,
    'production houses': 'Fox',
    week1: 100.017,
    week2: 39.3,
    week3: 37.967,
    week4: 38.859,
    isActive: 0,
    music: '',
    stars: { '0': 0, '1': 1, '2': 0, '3': 0, '4': 0 },
    x: 11
  },
  {
    _id: 3959,
    relese: '03-05-1996',
    color: 'Color',
    director: 'Peter H. Hunt',
    critic: 34,
    duration: 168,
    director_facebook: 0,
    actor_3_facebook: 69,
    actor_2_name: 'Ken Howard',
    actor_1_facebook_likes: 713,
    gross: '',
    genres: 'Drama|Family|History|Musical',
    actor_1_name: 'Blythe Danner',
    movie_title: 1776,
    num_voted_users: 6303,
    cast_total_facebook_likes: 1541,
    actor_3_name: 'Howard Caine',
    facenumber_in_poster: 0,
    plot_keywords: 'continental congress|debate|declaration of independence|massachusetts|pennsylvania',
    movie_imdb_link: 'http://www.imdb.com/title/tt0068156/?ref_=fn_tt_tt_1',
    num_user_for_reviews: 129,
    language: 'English',
    country: 'USA',
    content_rating: 'PG',
    budget: 4000000,
    title_year: 1996,
    actor_2_facebook_likes: 649,
    imdb_score: 7.6,
    aspect_ratio: 1.040758719,
    movie_facebook_likes: 0,
    'production houses': 'Independent',
    week1: 64.156,
    week2: 13.826,
    week3: 40.374,
    week4: 11.766,
    isActive: 1,
    music: '',
    stars: { '0': 0, '1': 0, '2': 1, '3': 1, '4': 1 },
    x: 12
  },
  {
    _id: 1724,
    relese: '13-11-1977',
    color: 'Color',
    director: 'Li Zhang',
    critic: 63,
    duration: 121,
    director_facebook: 0,
    actor_3_facebook: 187,
    actor_2_name: 'Joan Chen',
    actor_1_facebook_likes: 974,
    gross: 127437,
    genres: 'Action|Adventure|Drama|History|War',
    actor_1_name: 'Bingbing Li',
    movie_title: 1911,
    num_voted_users: 4670,
    cast_total_facebook_likes: 1887,
    actor_3_name: 'Jaycee Chan',
    facenumber_in_poster: 0,
    plot_keywords: 'china|disarming someone|qing dynasty|stabbed with a bayonet|war violence',
    movie_imdb_link: 'http://www.imdb.com/title/tt1772230/?ref_=fn_tt_tt_1',
    num_user_for_reviews: 27,
    language: 'Mandarin',
    country: 'China',
    content_rating: 'R',
    budget: 18000000,
    title_year: 1977,
    actor_2_facebook_likes: 643,
    imdb_score: 6,
    aspect_ratio: 1.307821402,
    movie_facebook_likes: 0,
    'production houses': 'Independent',
    week1: 142.69,
    week2: 59.548,
    week3: 31.174,
    week4: 9.657,
    isActive: 0,
    music: '',
    stars: { '0': 0, '1': 0, '2': 0, '3': 1, '4': 1 },
    x: 13
  },
  {
    _id: 5821,
    relese: '26-08-1981',
    color: 'Color',
    director: 'Vikram Bhatt',
    critic: 76,
    duration: 158,
    director_facebook: 44,
    actor_3_facebook: 11,
    actor_2_name: 'Rajneesh Duggal',
    actor_1_facebook_likes: 367,
    gross: 3464039.39,
    genres: 'Drama | Horror | Mystery',
    actor_1_name: 'Adah Sharma',
    movie_title: 1920,
    num_voted_users: 3440,
    cast_total_facebook_likes: 1346,
    actor_3_name: 'Anjori Alagh',
    facenumber_in_poster: 6,
    plot_keywords: 'actress name in title|crush|date|four word title|video camera',
    movie_imdb_link: 'http://www.imdb.com/title/tt0436689/?ref_=fn_tt_tt_292',
    num_user_for_reviews: 733,
    language: 'Hindi',
    country: 'India',
    content_rating: 'U/A',
    budget: 347717.525,
    title_year: 1981,
    actor_2_facebook_likes: 490,
    imdb_score: 5.8,
    aspect_ratio: 1.957372713,
    movie_facebook_likes: 903,
    'production houses': 'Universal',
    week1: 28.62,
    week2: 42.719,
    week3: 3.268,
    week4: 48.72,
    isActive: 1,
    music: '',
    stars: { '0': 1, '1': 0, '2': 0, '3': 0, '4': 1 },
    x: 14
  },
  {
    _id: 7187,
    relese: '18-03-2006',
    color: 'Color',
    director: 'Rajiv Babbar',
    critic: 96,
    duration: 187,
    director_facebook: 93,
    actor_3_facebook: 117,
    actor_2_name: 'Rajendranath Zutshi',
    actor_1_facebook_likes: 508,
    gross: 37672350,
    genres: 'Drama | Horror | Mystery',
    actor_1_name: 'Lucky Ali',
    movie_title: 1920,
    num_voted_users: 11584,
    cast_total_facebook_likes: 58,
    actor_3_name: 'Anjori Alagh',
    facenumber_in_poster: '',
    plot_keywords: 'admiral|captain|manhunt|mission|space',
    movie_imdb_link: 'https://upload.wikimedia.org/wikipedia/en/thumb/b/ba/Jackpot_2013%2C_official_poster.jpg/220px-Jackpot_2013%2C_official_poster.jpg',
    num_user_for_reviews: '',
    language: 'Hindi',
    country: 'India',
    content_rating: 'R',
    budget: 346996.8022,
    title_year: 2006,
    actor_2_facebook_likes: 555,
    imdb_score: 4.6,
    aspect_ratio: 1.484727662,
    movie_facebook_likes: 352,
    'production houses': 'Sony',
    week1: 14.343,
    week2: 15.356,
    week3: 19.114,
    week4: 0.149,
    isActive: 1,
    music: '',
    stars: { '0': 0, '1': 0, '2': 1, '3': 1, '4': 0 },
    x: 15
  },
  {
    _id: 1557,
    relese: '20-06-1995',
    color: 'Color',
    director: 'Steven Spielberg',
    critic: 56,
    duration: 142,
    director_facebook: 14000,
    actor_3_facebook: 642,
    actor_2_name: 'John Belushi',
    actor_1_facebook_likes: 16000,
    gross: '',
    genres: 'Action|Comedy|War',
    actor_1_name: 'Christopher Lee',
    movie_title: 1941,
    num_voted_users: 25193,
    cast_total_facebook_likes: 20201,
    actor_3_name: 'Treat Williams',
    facenumber_in_poster: 5,
    plot_keywords: 'california|captain|cult film|pearl harbor|submarine',
    movie_imdb_link: 'http://www.imdb.com/title/tt0078723/?ref_=fn_tt_tt_1',
    num_user_for_reviews: 217,
    language: 'English',
    country: 'USA',
    content_rating: 'PG',
    budget: 35000000,
    title_year: 1995,
    actor_2_facebook_likes: 1000,
    imdb_score: 5.9,
    aspect_ratio: 1.244414076,
    movie_facebook_likes: 2000,
    'production houses': 'Disney',
    week1: 82.343,
    week2: 77.787,
    week3: 12.802,
    week4: 25.03,
    isActive: 0,
    music: '',
    stars: { '0': 0, '1': 1, '2': 1, '3': 1, '4': 1 },
    x: 16
  },
  {
    _id: 4653,
    relese: '30-09-1978',
    color: 'Color',
    director: 'Tommy Oliver',
    critic: 6,
    duration: 90,
    director_facebook: 66,
    actor_3_facebook: 734,
    actor_2_name: 'Ruby Dee',
    actor_1_facebook_likes: 904,
    gross: '',
    genres: 'Drama',
    actor_1_name: 'Bokeem Woodbine',
    movie_title: 1982,
    num_voted_users: 122,
    cast_total_facebook_likes: 5435,
    actor_3_name: 'Quinton Aaron',
    facenumber_in_poster: 4,
    plot_keywords: 'number in title|semi autobiographical',
    movie_imdb_link: 'http://www.imdb.com/title/tt2388621/?ref_=fn_tt_tt_1',
    num_user_for_reviews: 3,
    language: 'English',
    country: 'USA',
    content_rating: 'R',
    budget: 1000000,
    title_year: 1978,
    actor_2_facebook_likes: 782,
    imdb_score: 7.1,
    aspect_ratio: 2.900224533,
    movie_facebook_likes: 181,
    'production houses': 'New Line',
    week1: 112.763,
    week2: 73.95,
    week3: 8.357,
    week4: 17.943,
    isActive: 1,
    music: '',
    stars: { '0': 0, '1': 0, '2': 0, '3': 1, '4': 0 },
    x: 17
  },
  {
    _id: 61,
    relese: '27-01-1979',
    color: 'Color',
    director: 'Roland Emmerich',
    critic: 367,
    duration: 158,
    director_facebook: 776,
    actor_3_facebook: 310,
    actor_2_name: 'Liam James',
    actor_1_facebook_likes: 1000,
    gross: 166112167,
    genres: 'Action|Adventure|Sci-Fi',
    actor_1_name: 'Oliver Platt',
    movie_title: 2012,
    num_voted_users: 283418,
    cast_total_facebook_likes: 2144,
    actor_3_name: 'Tom McCarthy',
    facenumber_in_poster: 0,
    plot_keywords: 'ark|catastrophe|geologist|president|writer',
    movie_imdb_link: 'http://www.imdb.com/title/tt1190080/?ref_=fn_tt_tt_1',
    num_user_for_reviews: 1055,
    language: 'English',
    country: 'USA',
    content_rating: 'PG-13',
    budget: 200000000,
    title_year: 1979,
    actor_2_facebook_likes: 468,
    imdb_score: 5.8,
    aspect_ratio: 1.319763177,
    movie_facebook_likes: 13000,
    'production houses': 'Disney',
    week1: 18.654,
    week2: 54.312,
    week3: 62.872,
    week4: 45.845,
    isActive: 1,
    music: 'Harald Kloser; ?Thomas Wander',
    stars: { '0': 1, '1': 1, '2': 1, '3': 1, '4': 1 },
    x: 18
  },
  {
    _id: 2996,
    relese: '01-05-1965',
    color: 'Black and White',
    director: 'Kar-Wai Wong',
    critic: 194,
    duration: 129,
    director_facebook: 0,
    actor_3_facebook: 576,
    actor_2_name: 'Tony Chiu Wai Leung',
    actor_1_facebook_likes: 878,
    gross: 261481,
    genres: 'Drama|Romance|Sci-Fi',
    actor_1_name: 'Li Gong',
    movie_title: 2046,
    num_voted_users: 41496,
    cast_total_facebook_likes: 2378,
    actor_3_name: 'Maggie Cheung',
    facenumber_in_poster: 0,
    plot_keywords: 'number in title|train|woman slaps a man|woman slaps man|written by director',
    movie_imdb_link: 'http://www.imdb.com/title/tt0212712/?ref_=fn_tt_tt_1',
    num_user_for_reviews: 210,
    language: 'Cantonese',
    country: 'Hong Kong',
    content_rating: 'R',
    budget: 12000000,
    title_year: 1965,
    actor_2_facebook_likes: 643,
    imdb_score: 7.5,
    aspect_ratio: 1.485867658,
    movie_facebook_likes: 0,
    'production houses': 'Disney',
    week1: 62.633,
    week2: 87.03,
    week3: 32.319,
    week4: 0.858,
    isActive: 1,
    music: '',
    stars: { '0': 1, '1': 0, '2': 0, '3': 1, '4': 1 },
    x: 19
  },
  {
    _id: 4448,
    relese: '18-07-1969',
    color: 'Color',
    director: 'Tara Subkoff',
    critic: 35,
    duration: 101,
    director_facebook: 37,
    actor_3_facebook: 56,
    actor_2_name: 'Balthazar Getty',
    actor_1_facebook_likes: 501,
    gross: '',
    genres: 'Drama|Horror|Mystery|Thriller',
    actor_1_name: 'Timothy Hutton',
    movie_title: '#Horror',
    num_voted_users: 1547,
    cast_total_facebook_likes: 1044,
    actor_3_name: 'Lydia Hearst',
    facenumber_in_poster: 1,
    plot_keywords: 'bullying|cyberbullying|girl|internet|throat slitting',
    movie_imdb_link: 'http://www.imdb.com/title/tt3526286/?ref_=fn_tt_tt_1',
    num_user_for_reviews: 42,
    language: 'English',
    country: 'USA',
    content_rating: 'Not Rated',
    budget: 1500000,
    title_year: 1969,
    actor_2_facebook_likes: 418,
    imdb_score: 3.3,
    aspect_ratio: 1.567084488,
    movie_facebook_likes: 750,
    'production houses': 'Universal',
    week1: 5.003,
    week2: 21.531,
    week3: 31.666,
    week4: 34.212,
    isActive: 0,
    music: '',
    stars: { '0': 1, '1': 0, '2': 0, '3': 1, '4': 1 },
    x: 20
  }
]
Type "it" for more
Enterprise db1> edit
Opening an editor...

Enterprise db1> db.movies.aggregate({ $setWindowFields: { sortBy: { movie_title: 1 }, output: { x: { $documentNumber: {} } } } }, { $project: { _id: false, movie_title: true, x: true } })
[
  { movie_title: 2.13, x: 1 },
  { movie_title: 3, x: 2 },
  { movie_title: 9, x: 3 },
  { movie_title: 11.14, x: 4 },
  { movie_title: 21, x: 5 },
  { movie_title: 42, x: 6 },
  { movie_title: 54, x: 7 },
  { movie_title: 99, x: 8 },
  { movie_title: 99, x: 9 },
  { movie_title: 300, x: 10 },
  { movie_title: 1408, x: 11 },
  { movie_title: 1776, x: 12 },
  { movie_title: 1911, x: 13 },
  { movie_title: 1920, x: 14 },
  { movie_title: 1920, x: 15 },
  { movie_title: 1941, x: 16 },
  { movie_title: 1982, x: 17 },
  { movie_title: 2012, x: 18 },
  { movie_title: 2046, x: 19 },
  { movie_title: '#Horror', x: 20 }
]
Type "it" for more
Enterprise db1> edit
Opening an editor...

Enterprise db1> db.movies.aggregate({ $setWindowFields: { sortBy: { movie_title: 1 }, output: { x: { $documentNumber: {} } } } }, { $project: { _id: false, movie_title: true, x: true } })
[
  { movie_title: 2.13, x: 1 },
  { movie_title: 3, x: 2 },
  { movie_title: 9, x: 3 },
  { movie_title: 11.14, x: 4 },
  { movie_title: 21, x: 5 },
  { movie_title: 42, x: 6 },
  { movie_title: 54, x: 7 },
  { movie_title: 99, x: 8 },
  { movie_title: 99, x: 9 },
  { movie_title: 300, x: 10 },
  { movie_title: 1408, x: 11 },
  { movie_title: 1776, x: 12 },
  { movie_title: 1911, x: 13 },
  { movie_title: 1920, x: 14 },
  { movie_title: 1920, x: 15 },
  { movie_title: 1941, x: 16 },
  { movie_title: 1982, x: 17 },
  { movie_title: 2012, x: 18 },
  { movie_title: 2046, x: 19 },
  { movie_title: '#Horror', x: 20 }
Enterprise db1> db.getCollectionNames();
[ 'movies', 'y', 'x', 'books', 'posts', 'emp' ]
Enterprise db1> db.movies.find();
[
  {
    _id: 1,
    relese: '13-06-1998',
    color: '',
    director: 'James Cameron',
    critic: 723,
    duration: 178,
    director_facebook: 0,
    actor_3_facebook: 855,
    actor_2_name: 'Joel David Moore',
    actor_1_facebook_likes: 1000,
    gross: 760505847,
    genres: 'Action|Adventure|Fantasy|Sci-Fi',
    actor_1_name: 'CCH Pounder',
    movie_title: 'Avatar',
    num_voted_users: 886204,
    cast_total_facebook_likes: 4834,
    actor_3_name: 'Wes Studi',
    facenumber_in_poster: 0,
    plot_keywords: 'avatar|future|marine|native|paraplegic',
    movie_imdb_link: 'http://www.imdb.com/title/tt0499549/?ref_=fn_tt_tt_1',
    num_user_for_reviews: 3054,
    language: 'English',
    country: 'USA',
    content_rating: 'PG-13',
    budget: 237000001,
    title_year: 1998,
    actor_2_facebook_likes: 936,
    imdb_score: 7.9,
    aspect_ratio: 1.120835,
    movie_facebook_likes: 33000,
    'production houses': 'The Weinstein Company',
    week1: 28.103,
    week2: 67.888,
    week3: 37.319,
    week4: 48.732,
    isActive: 1,
    music: 'James Horner',
    stars: { '0': 0, '1': 0, '2': 1, '3': 1, '4': 1 }
  },
  {
    _id: 2,
    relese: '14-11-1968',
    color: 'Color',
    director: 'Gore Verbinski',
    critic: 302,
    duration: 169,
    director_facebook: 563,
    actor_3_facebook: 1000,
    actor_2_name: 'Orlando Bloom',
    actor_1_facebook_likes: 40000,
    gross: 309404152,
    genres: 'Action|Adventure|Fantasy',
    actor_1_name: 'Johnny Depp',
    movie_title: "Pirates of the Caribbean: At World's End",
    num_voted_users: 471220,
    cast_total_facebook_likes: 48350,
    actor_3_name: 'Jack Davenport',
    facenumber_in_poster: 0,
    plot_keywords: 'goddess|marriage ceremony|marriage proposal|pirate|singapore',
    movie_imdb_link: 'http://www.imdb.com/title/tt0449088/?ref_=fn_tt_tt_1',
    num_user_for_reviews: 1238,
    language: 'English',
    country: 'USA',
    content_rating: 'PG-13',
    budget: 300000000,
    title_year: 1968,
    actor_2_facebook_likes: 5000,
    imdb_score: 7.1,
    aspect_ratio: 2.370591809,
    movie_facebook_likes: 0,
    'production houses': 'The Weinstein Company',
    week1: 0.323,
    week2: 4.543,
    week3: 69.805,
    week4: 2.022,
    isActive: 0,
    music: 'Lorne Balfe',
    stars: { '0': 1, '1': 1, '2': 1, '3': 1, '4': 1 }
  },
  {
    _id: 3,
    relese: '01-11-1969',
    color: 'Color',
    director: 'Sam Mendes',
    critic: 602,
    duration: 148,
    director_facebook: 0,
    actor_3_facebook: 161,
    actor_2_name: 'Rory Kinnear',
    actor_1_facebook_likes: 11000,
    gross: 200074175,
    genres: 'Action|Adventure|Thriller',
    actor_1_name: 'Christoph Waltz',
    movie_title: 'Spectre',
    num_voted_users: 275868,
    cast_total_facebook_likes: 11700,
    actor_3_name: 'Stephanie Sigman',
    facenumber_in_poster: 1,
    plot_keywords: 'bomb|espionage|sequel|spy|terrorist',
    movie_imdb_link: 'http://www.imdb.com/title/tt2379713/?ref_=fn_tt_tt_1',
    num_user_for_reviews: 994,
    language: 'English',
    country: 'UK',
    content_rating: 'PG-13',
    budget: 245000000,
    title_year: 1969,
    actor_2_facebook_likes: 393,
    imdb_score: 6.8,
    aspect_ratio: 2.022457101,
    movie_facebook_likes: 85000,
    'production houses': 'Independent',
    week1: 29.811,
    week2: 97.568,
    week3: 12.883,
    week4: 0.502,
    isActive: 0,
    music: 'Thomas Newman',
    stars: { '0': 0, '1': 0, '2': 0, '3': 1, '4': 0 }
  },
  {
    _id: 4,
    relese: '13-03-1977',
    color: 'Color',
    director: 'Christopher Nolan',
    critic: 813,
    duration: 164,
    director_facebook: 22000,
    actor_3_facebook: 23000,
    actor_2_name: 'Christian Bale',
    actor_1_facebook_likes: 27000,
    gross: 448130642,
    genres: 'Action|Thriller',
    actor_1_name: 'Tom Hardy',
    movie_title: 'The Dark Knight Rises',
    num_voted_users: 1144337,
    cast_total_facebook_likes: 106759,
    actor_3_name: 'Joseph Gordon-Levitt',
    facenumber_in_poster: 0,
    plot_keywords: 'deception|imprisonment|lawlessness|police officer|terrorist plot',
    movie_imdb_link: 'http://www.imdb.com/title/tt1345836/?ref_=fn_tt_tt_1',
    num_user_for_reviews: 2701,
    language: 'English',
    country: 'USA',
    content_rating: 'PG-13',
    budget: 250000000,
    title_year: 1977,
    actor_2_facebook_likes: 23000,
    imdb_score: 8.5,
    aspect_ratio: 1.178821504,
    movie_facebook_likes: 164000,
    'production houses': 'Disney',
    week1: 74.391,
    week2: 76.182,
    week3: 62.271,
    week4: 0.362,
    isActive: 1,
    music: '',
    stars: { '0': 1, '1': 1, '2': 0, '3': 0, '4': 0 }
  },
  {
    _id: 5,
    relese: '28-02-2001',
    color: '',
    director: 'Doug Walker',
    critic: '',
    duration: '',
    director_facebook: 131,
    actor_3_facebook: '',
    actor_2_name: 'Rob Walker',
    actor_1_facebook_likes: 131,
    gross: '',
    genres: 'Documentary',
    actor_1_name: 'Doug Walker',
    movie_title: 'Star Wars: Episode VII - The Force Awakens',
    num_voted_users: 8,
    cast_total_facebook_likes: 143,
    actor_3_name: '',
    facenumber_in_poster: 0,
    plot_keywords: '',
    movie_imdb_link: 'http://www.imdb.com/title/tt5289954/?ref_=fn_tt_tt_1',
    num_user_for_reviews: '',
    language: '',
    country: 'Canada',
    content_rating: '',
    budget: '',
    title_year: 2001,
    actor_2_facebook_likes: 12,
    imdb_score: 7.1,
    aspect_ratio: 1.323596068,
    movie_facebook_likes: 0,
    'production houses': 'Fox',
    week1: 50.864,
    week2: 79.767,
    week3: 25.178,
    week4: 39.018,
    isActive: 1,
    music: 'John Williams',
    stars: { '0': 1, '1': 1, '2': 0, '3': 0, '4': 1 }
  },
  {
    _id: 6,
    relese: '21-07-1965',
    color: 'Color',
    director: 'Andrew Stanton',
    critic: 462,
    duration: 132,
    director_facebook: 475,
    actor_3_facebook: 530,
    actor_2_name: 'Samantha Morton',
    actor_1_facebook_likes: 640,
    gross: 73058679,
    genres: 'Action|Adventure|Sci-Fi',
    actor_1_name: 'Daryl Sabara',
    movie_title: 'John Carter',
    num_voted_users: 212204,
    cast_total_facebook_likes: 1873,
    actor_3_name: 'Polly Walker',
    facenumber_in_poster: 1,
    plot_keywords: 'alien|american civil war|male nipple|mars|princess',
    movie_imdb_link: 'http://www.imdb.com/title/tt0401729/?ref_=fn_tt_tt_1',
    num_user_for_reviews: 738,
    language: 'English',
    country: 'USA',
    content_rating: 'PG-13',
    budget: 263700000,
    title_year: 1965,
    actor_2_facebook_likes: 632,
    imdb_score: 6.6,
    aspect_ratio: 2.103939087,
    movie_facebook_likes: 24000,
    'production houses': '20th Century Fox',
    week1: 94.885,
    week2: 61.663,
    week3: 64.056,
    week4: 16.328,
    isActive: 1,
    music: 'Michael Giacchino',
    stars: { '0': 1, '1': 1, '2': 1, '3': 1, '4': 1 }
  },
  {
    _id: 7,
    relese: '16-05-1990',
    color: 'Color',
    director: 'Sam Raimi',
    critic: 392,
    duration: 156,
    director_facebook: 0,
    actor_3_facebook: 4000,
    actor_2_name: 'James Franco',
    actor_1_facebook_likes: 24000,
    gross: 336530303,
    genres: 'Action|Adventure|Romance',
    actor_1_name: 'J.K. Simmons',
    movie_title: 'Spider-Man 3',
    num_voted_users: 383056,
    cast_total_facebook_likes: 46055,
    actor_3_name: 'Kirsten Dunst',
    facenumber_in_poster: 0,
    plot_keywords: 'sandman|spider man|symbiote|venom|villain',
    movie_imdb_link: 'http://www.imdb.com/title/tt0413300/?ref_=fn_tt_tt_1',
    num_user_for_reviews: 1902,
    language: 'English',
    country: 'USA',
    content_rating: 'PG-13',
    budget: 258000000,
    title_year: 1990,
    actor_2_facebook_likes: 11000,
    imdb_score: 6.2,
    aspect_ratio: 2.305530641,
    movie_facebook_likes: 0,
    'production houses': 'Disney',
    week1: 49.352,
    week2: 88.384,
    week3: 43.782,
    week4: 8.155,
    isActive: 0,
    music: 'Christopher Young',
    stars: { '0': 1, '1': 0, '2': 1, '3': 1, '4': 0 }
  },
  {
    _id: 8,
    relese: '18-07-1971',
    color: 'Color',
    director: 'Nathan Greno',
    critic: 324,
    duration: 100,
    director_facebook: 15,
    actor_3_facebook: 284,
    actor_2_name: 'Donna Murphy',
    actor_1_facebook_likes: 799,
    gross: 200807262,
    genres: 'Adventure|Animation|Comedy|Family|Fantasy|Musical|Romance',
    actor_1_name: 'Brad Garrett',
    movie_title: 'Tangled',
    num_voted_users: 294810,
    cast_total_facebook_likes: 2036,
    actor_3_name: 'M.C. Gainey',
    facenumber_in_poster: 1,
    plot_keywords: '17th century|based on fairy tale|disney|flower|tower',
    movie_imdb_link: 'http://www.imdb.com/title/tt0398286/?ref_=fn_tt_tt_1',
    num_user_for_reviews: 387,
    language: 'English',
    country: 'USA',
    content_rating: 'PG',
    budget: 260000000,
    title_year: 1971,
    actor_2_facebook_likes: 553,
    imdb_score: 7.8,
    aspect_ratio: 2.133924229,
    movie_facebook_likes: 29000,
    'production houses': 'Independent',
    week1: 47.766,
    week2: 68.111,
    week3: 32.725,
    week4: 6.232,
    isActive: 1,
    music: 'Alan Menken',
    stars: { '0': 0, '1': 1, '2': 0, '3': 0, '4': 1 }
  },
  {
    _id: 9,
    relese: '15-05-1976',
    color: 'Color',
    director: 'Joss Whedon',
    critic: 635,
    duration: 141,
    director_facebook: 0,
    actor_3_facebook: 19000,
    actor_2_name: 'Robert Downey Jr.',
    actor_1_facebook_likes: 26000,
    gross: 458991599,
    genres: 'Action|Adventure|Sci-Fi',
    actor_1_name: 'Chris Hemsworth',
    movie_title: 'Avengers: Age of Ultron',
    num_voted_users: 462669,
    cast_total_facebook_likes: 92000,
    actor_3_name: 'Scarlett Johansson',
    facenumber_in_poster: 4,
    plot_keywords: 'artificial intelligence|based on comic book|captain america|marvel cinematic universe|superhero',
    movie_imdb_link: 'http://www.imdb.com/title/tt2395427/?ref_=fn_tt_tt_1',
    num_user_for_reviews: 1117,
    language: 'English',
    country: 'USA',
    content_rating: 'PG-13',
    budget: 250000000,
    title_year: 1976,
    actor_2_facebook_likes: 21000,
    imdb_score: 7.5,
    aspect_ratio: 1.877056704,
    movie_facebook_likes: 118000,
    'production houses': 'Independent',
    week1: 61.289,
    week2: 33.403,
    week3: 38.954,
    week4: 22.222,
    isActive: 1,
    music: 'Brian Tyler',
    stars: { '0': 1, '1': 0, '2': 0, '3': 1, '4': 1 }
  },
  {
    _id: 10,
    relese: '05-06-1964',
    color: 'Color',
    director: 'David Yates',
    critic: 375,
    duration: 153,
    director_facebook: 282,
    actor_3_facebook: 10000,
    actor_2_name: 'Daniel Radcliffe',
    actor_1_facebook_likes: 25000,
    gross: 301956980,
    genres: 'Adventure|Family|Fantasy|Mystery',
    actor_1_name: 'Alan Rickman',
    movie_title: 'Harry Potter and the Half-Blood Prince',
    num_voted_users: 321795,
    cast_total_facebook_likes: 58753,
    actor_3_name: 'Rupert Grint',
    facenumber_in_poster: 3,
    plot_keywords: 'blood|book|love|potion|professor',
    movie_imdb_link: 'http://www.imdb.com/title/tt0417741/?ref_=fn_tt_tt_1',
    num_user_for_reviews: 973,
    language: 'English',
    country: 'UK',
    content_rating: 'PG',
    budget: 250000000,
    title_year: 1964,
    actor_2_facebook_likes: 11000,
    imdb_score: 7.5,
    aspect_ratio: 1.206639454,
    movie_facebook_likes: 10000,
    'production houses': 'Warner Bros.',
    week1: 0.062,
    week2: 89.447,
    week3: 53.728,
    week4: 21.924,
    isActive: 1,
    music: 'Nicholas Hooper',
    stars: { '0': 0, '1': 0, '2': 1, '3': 0, '4': 1 }
  },
  {
    _id: 11,
    relese: '23-09-1982',
    color: 'Color',
    director: 'Zack Snyder',
    critic: 673,
    duration: 183,
    director_facebook: 0,
    actor_3_facebook: 2000,
    actor_2_name: 'Lauren Cohan',
    actor_1_facebook_likes: 15000,
    gross: 330249062,
    genres: 'Action|Adventure|Sci-Fi',
    actor_1_name: 'Henry Cavill',
    movie_title: 'Batman v Superman: Dawn of Justice',
    num_voted_users: 371639,
    cast_total_facebook_likes: 24450,
    actor_3_name: 'Alan D. Purwin',
    facenumber_in_poster: 0,
    plot_keywords: 'based on comic book|batman|sequel to a reboot|superhero|superman',
    movie_imdb_link: 'http://www.imdb.com/title/tt2975590/?ref_=fn_tt_tt_1',
    num_user_for_reviews: 3018,
    language: 'English',
    country: 'USA',
    content_rating: 'PG-13',
    budget: 250000000,
    title_year: 1982,
    actor_2_facebook_likes: 4000,
    imdb_score: 6.9,
    aspect_ratio: 2.40581849,
    movie_facebook_likes: 197000,
    'production houses': 'Independent',
    week1: 30.245,
    week2: 8.061,
    week3: 51.964,
    week4: 3.523,
    isActive: 0,
    music: 'WaterTower',
    stars: { '0': 0, '1': 1, '2': 1, '3': 0, '4': 1 }
  },
  {
    _id: 12,
    relese: '01-09-2005',
    color: 'Color',
    director: 'Bryan Singer',
    critic: 434,
    duration: 169,
    director_facebook: 0,
    actor_3_facebook: 903,
    actor_2_name: 'Marlon Brando',
    actor_1_facebook_likes: 18000,
    gross: 200069408,
    genres: 'Action|Adventure|Sci-Fi',
    actor_1_name: 'Kevin Spacey',
    movie_title: 'Superman Returns',
    num_voted_users: 240396,
    cast_total_facebook_likes: 29991,
    actor_3_name: 'Frank Langella',
    facenumber_in_poster: 0,
    plot_keywords: 'crystal|epic|lex luthor|lois lane|return to earth',
    movie_imdb_link: 'http://www.imdb.com/title/tt0348150/?ref_=fn_tt_tt_1',
    num_user_for_reviews: 2367,
    language: 'English',
    country: 'USA',
    content_rating: 'PG-13',
    budget: 209000000,
    title_year: 2005,
    actor_2_facebook_likes: 10000,
    imdb_score: 6.1,
    aspect_ratio: 2.50176606,
    movie_facebook_likes: 0,
    'production houses': 'Independent',
    week1: 83.261,
    week2: 0.707,
    week3: 3.825,
    week4: 5.379,
    isActive: 1,
    music: 'John Williams',
    stars: { '0': 0, '1': 0, '2': 1, '3': 1, '4': 1 }
  },
  {
    _id: 13,
    relese: '25-05-1984',
    color: 'Color',
    director: 'Marc Forster',
    critic: 403,
    duration: 106,
    director_facebook: 395,
    actor_3_facebook: 393,
    actor_2_name: 'Mathieu Amalric',
    actor_1_facebook_likes: 451,
    gross: 168368427,
    genres: 'Action|Adventure',
    actor_1_name: 'Giancarlo Giannini',
    movie_title: 'Quantum of Solace',
    num_voted_users: 330784,
    cast_total_facebook_likes: 2023,
    actor_3_name: 'Rory Kinnear',
    facenumber_in_poster: 1,
    plot_keywords: 'action hero|attempted rape|bond girl|official james bond series|revenge',
    movie_imdb_link: 'http://www.imdb.com/title/tt0830515/?ref_=fn_tt_tt_1',
    num_user_for_reviews: 1243,
    language: 'English',
    country: 'UK',
    content_rating: 'PG-13',
    budget: 200000000,
    title_year: 1984,
    actor_2_facebook_likes: 412,
    imdb_score: 6.7,
    aspect_ratio: 2.921944859,
    movie_facebook_likes: 0,
    'production houses': 'Summit',
    week1: 65.496,
    week2: 81.995,
    week3: 45.36,
    week4: 36.368,
    isActive: 1,
    music: 'David Arnold',
    stars: { '0': 0, '1': 1, '2': 0, '3': 1, '4': 0 }
  },
  {
    _id: 14,
    relese: '14-02-1988',
    color: 'Color',
    director: 'Gore Verbinski',
    critic: 313,
    duration: 151,
    director_facebook: 563,
    actor_3_facebook: 1000,
    actor_2_name: 'Orlando Bloom',
    actor_1_facebook_likes: 40000,
    gross: 423032628,
    genres: 'Action|Adventure|Fantasy',
    actor_1_name: 'Johnny Depp',
    movie_title: "Pirates of the Caribbean: Dead Man's Chest",
    num_voted_users: 522040,
    cast_total_facebook_likes: 48486,
    actor_3_name: 'Jack Davenport',
    facenumber_in_poster: 2,
    plot_keywords: "box office hit|giant squid|heart|liar's dice|monster",
    movie_imdb_link: 'http://www.imdb.com/title/tt0383574/?ref_=fn_tt_tt_1',
    num_user_for_reviews: 1832,
    language: 'English',
    country: 'USA',
    content_rating: 'PG-13',
    budget: 225000000,
    title_year: 1988,
    actor_2_facebook_likes: 5000,
    imdb_score: 7.3,
    aspect_ratio: 2.516786459,
    movie_facebook_likes: 5000,
    'production houses': 'Independent',
    week1: 58.51,
    week2: 87.556,
    week3: 0.803,
    week4: 2.497,
    isActive: 1,
    music: 'Hans Zimmer',
    stars: { '0': 1, '1': 0, '2': 0, '3': 0, '4': 1 }
  },
  {
    _id: 15,
    relese: '07-06-1980',
    color: '',
    director: 'Gore Verbinski',
    critic: '',
    duration: 150,
    director_facebook: 563,
    actor_3_facebook: 1000,
    actor_2_name: 'Ruth Wilson',
    actor_1_facebook_likes: 40000,
    gross: 89289910,
    genres: 'Action|Adventure|Western',
    actor_1_name: 'Johnny Depp',
    movie_title: 'The Lone Ranger',
    num_voted_users: 181792,
    cast_total_facebook_likes: 45757,
    actor_3_name: 'Tom Wilkinson',
    facenumber_in_poster: 1,
    plot_keywords: 'horse|outlaw|texas|texas ranger|train',
    movie_imdb_link: 'http://www.imdb.com/title/tt1210819/?ref_=fn_tt_tt_1',
    num_user_for_reviews: 711,
    language: 'English',
    country: 'USA',
    content_rating: 'PG-13',
    budget: 215000000,
    title_year: 1980,
    actor_2_facebook_likes: 2000,
    imdb_score: 6.5,
    aspect_ratio: 2.049508332,
    movie_facebook_likes: 48000,
    'production houses': 'Summit',
    week1: 105.768,
    week2: 44.445,
    week3: 74.777,
    week4: 38.381,
    isActive: 0,
    music: 'Hans Zimmer',
    stars: { '0': 0, '1': 0, '2': 0, '3': 1, '4': 1 }
  },
  {
    _id: 16,
    relese: '04-08-1998',
    color: 'Color',
    director: 'Zack Snyder',
    critic: 733,
    duration: 143,
    director_facebook: 0,
    actor_3_facebook: 748,
    actor_2_name: 'Christopher Meloni',
    actor_1_facebook_likes: 15000,
    gross: 291021565,
    genres: 'Action|Adventure|Fantasy|Sci-Fi',
    actor_1_name: 'Henry Cavill',
    movie_title: 'Man of Steel',
    num_voted_users: 548573,
    cast_total_facebook_likes: 20495,
    actor_3_name: 'Harry Lennix',
    facenumber_in_poster: 0,
    plot_keywords: 'based on comic book|british actor playing american character|final battle|origin of hero|reboot',
    movie_imdb_link: 'http://www.imdb.com/title/tt0770828/?ref_=fn_tt_tt_1',
    num_user_for_reviews: 2536,
    language: 'English',
    country: 'USA',
    content_rating: 'PG-13',
    budget: 225000000,
    title_year: 1998,
    actor_2_facebook_likes: 3000,
    imdb_score: 7.2,
    aspect_ratio: 2.269864721,
    movie_facebook_likes: 118000,
    'production houses': 'Paramount',
    week1: 88.024,
    week2: 15.52,
    week3: 19.095,
    week4: 36.016,
    isActive: 0,
    music: 'Hans Zimmer',
    stars: { '0': 1, '1': 1, '2': 1, '3': 1, '4': 1 }
  },
  {
    _id: 18,
    relese: '01-06-1991',
    color: 'Color',
    director: 'Joss Whedon',
    critic: 703,
    duration: 173,
    director_facebook: 0,
    actor_3_facebook: 19000,
    actor_2_name: 'Robert Downey Jr.',
    actor_1_facebook_likes: 26000,
    gross: 623279547,
    genres: 'Action|Adventure|Sci-Fi',
    actor_1_name: 'Chris Hemsworth',
    movie_title: 'The Avengers',
    num_voted_users: 995415,
    cast_total_facebook_likes: 87697,
    actor_3_name: 'Scarlett Johansson',
    facenumber_in_poster: 3,
    plot_keywords: 'alien invasion|assassin|battle|iron man|soldier',
    movie_imdb_link: 'http://www.imdb.com/title/tt0848228/?ref_=fn_tt_tt_1',
    num_user_for_reviews: 1722,
    language: 'English',
    country: 'USA',
    content_rating: 'PG-13',
    budget: 220000000,
    title_year: 1991,
    actor_2_facebook_likes: 21000,
    imdb_score: 8.1,
    aspect_ratio: 1.014251209,
    movie_facebook_likes: 123000,
    'production houses': 'Warner Bros.',
    week1: 90.384,
    week2: 55.017,
    week3: 72.602,
    week4: 31.011,
    isActive: 1,
    music: 'Alan Silvestri',
    stars: { '0': 0, '1': 0, '2': 1, '3': 1, '4': 1 }
  },
  {
    _id: 20,
    relese: '01-01-1966',
    color: 'Color',
    director: 'Barry Sonnenfeld',
    critic: 451,
    duration: 106,
    director_facebook: 188,
    actor_3_facebook: 718,
    actor_2_name: 'Michael Stuhlbarg',
    actor_1_facebook_likes: 10000,
    gross: 179020854,
    genres: 'Action|Adventure|Comedy|Family|Fantasy|Sci-Fi',
    actor_1_name: 'Will Smith',
    movie_title: 'Men in Black 3',
    num_voted_users: 268154,
    cast_total_facebook_likes: 12572,
    actor_3_name: 'Nicole Scherzinger',
    facenumber_in_poster: 1,
    plot_keywords: 'alien|criminal|m.i.b.|maximum security prison|prison',
    movie_imdb_link: 'http://www.imdb.com/title/tt1409024/?ref_=fn_tt_tt_1',
    num_user_for_reviews: 341,
    language: 'English',
    country: 'USA',
    content_rating: 'PG-13',
    budget: 225000000,
    title_year: 1966,
    actor_2_facebook_likes: 816,
    imdb_score: 6.8,
    aspect_ratio: 2.022072222,
    movie_facebook_likes: 40000,
    'production houses': 'Paramount',
    week1: 32.77,
    week2: 76.435,
    week3: 71.695,
    week4: 4.399,
    isActive: 0,
    music: 'Danny Elfman',
    stars: { '0': 1, '1': 1, '2': 1, '3': 0, '4': 1 }
  },
  {
    _id: 19,
    relese: '11-12-1987',
    color: 'Color',
    director: 'Rob Marshall',
    critic: 448,
    duration: 136,
    director_facebook: 252,
    actor_3_facebook: 1000,
    actor_2_name: 'Sam Claflin',
    actor_1_facebook_likes: 40000,
    gross: 241063875,
    genres: 'Action|Adventure|Fantasy',
    actor_1_name: 'Johnny Depp',
    movie_title: 'Pirates of the Caribbean: On Stranger Tides',
    num_voted_users: 370704,
    cast_total_facebook_likes: 54083,
    actor_3_name: 'Stephen Graham',
    facenumber_in_poster: 4,
    plot_keywords: 'blackbeard|captain|pirate|revenge|soldier',
    movie_imdb_link: 'http://www.imdb.com/title/tt1298650/?ref_=fn_tt_tt_1',
    num_user_for_reviews: 484,
    language: 'English',
    country: 'USA',
    content_rating: 'PG-13',
    budget: 250000000,
    title_year: 1987,
    actor_2_facebook_likes: 11000,
    imdb_score: 6.7,
    aspect_ratio: 1.829249773,
    movie_facebook_likes: 58000,
    'production houses': 'Paramount',
    week1: 74.747,
    week2: 53.769,
    week3: 10.221,
    week4: 37.365,
    isActive: 1,
    music: 'Hans Zimmer',
    stars: { '0': 1, '1': 0, '2': 0, '3': 1, '4': 0 }
  },
  {
    _id: 22,
    relese: '26-07-1988',
    color: 'Color',
    director: 'Marc Webb',
    critic: 599,
    duration: 153,
    director_facebook: 464,
    actor_3_facebook: 963,
    actor_2_name: 'Andrew Garfield',
    actor_1_facebook_likes: 15000,
    gross: 262030663,
    genres: 'Action|Adventure|Fantasy',
    actor_1_name: 'Emma Stone',
    movie_title: 'The Amazing Spider-Man',
    num_voted_users: 451803,
    cast_total_facebook_likes: 28489,
    actor_3_name: 'Chris Zylka',
    facenumber_in_poster: 0,
    plot_keywords: 'lizard|outcast|spider|spider man|teenager',
    movie_imdb_link: 'http://www.imdb.com/title/tt0948470/?ref_=fn_tt_tt_1',
    num_user_for_reviews: 1225,
    language: 'English',
    country: 'USA',
    content_rating: 'PG-13',
    budget: 230000000,
    title_year: 1988,
    actor_2_facebook_likes: 10000,
    imdb_score: 7,
    aspect_ratio: 2.533509628,
    movie_facebook_likes: 56000,
    'production houses': 'CBS',
    week1: 56.418,
    week2: 50.842,
    week3: 55.458,
    week4: 24.347,
    isActive: 0,
    music: 'James Horner',
    stars: { '0': 1, '1': 1, '2': 1, '3': 0, '4': 0 }
  }
]
Type "it" for more
Enterprise db1> db.books.find();
[
  { _id: 1, BookName: 'redis', rate: 2000 },
  { _id: 2, BookName: 'mongoDB', rate: 3000 },
  { _id: 3, bookName: 'hBase', rate: 1200 },
  { _id: 4, bookName: 'oracle', rate: 666 },
  { _id: 5, bookName: 'JS', rate: 1666 },
  { _id: 6, bookName: 'C++', rate: 1666 }
]
Enterprise db1>